[spinore-corretto] MASTER: orologio proprio de Broglie + spinore primario complesso _psi_spinor (evaluate-then-commit, |psi|=1)
[sync] aggiornamento sincrono attivo: dph legge la fase dallo snapshot t-1 (Jacobi)
[batch] condensazione: seed=2 passi=2000 ogni=10 sep=6.0 nmasse=2
[batch] leggi attive: GRAV_BIFASE=True SPIN_ORBITA(via SPINORE)=True COPPIA_MIT=1.0 lambda=0.800

passo | dens_centr | dist_masse | ANTIGUSCIO(r,c,n) | PICCHI(tot,NUOVI)
[batch] LOG DIAGNOSTICO COMPLETO  -> out_sync_spinore\off_s2.csv
      0 |    0.0000 |    12.029 | r=8.2 c=0.121 n=6      | tot=2 NUOVI=2 | TRACK accr=744 coppie=0 nuova=80
     10 |    0.0000 |    12.029 | r=7.8 c=0.356 n=10     | tot=2 NUOVI=0 | TRACK accr=777 coppie=13 nuova=82
     20 |    0.0000 |    12.029 | r=7.8 c=0.201 n=10     | tot=2 NUOVI=0 | TRACK accr=983 coppie=72 nuova=82
     30 |    0.0000 |    12.029 | r=12.8 c=0.277 n=52    | tot=1 NUOVI=0 | TRACK accr=1085 coppie=104 nuova=82
     40 |    0.0000 |    12.029 | r=12.8 c=0.275 n=58    | tot=1 NUOVI=0 | TRACK accr=1185 coppie=143 nuova=82
     50 |    0.0000 |    12.029 | r=0.8 c=0.265 n=424    | tot=1 NUOVI=0 | TRACK accr=1239 coppie=166 nuova=82
     60 |    0.0000 |    12.029 | r=0.8 c=0.298 n=440    | tot=1 NUOVI=0 | TRACK accr=1291 coppie=184 nuova=82
     70 |    0.0000 |    12.029 | r=7.2 c=0.203 n=14     | tot=1 NUOVI=0 | TRACK accr=1342 coppie=198 nuova=82
     80 |    0.0000 |    12.029 | r=6.2 c=0.226 n=4      | tot=2 NUOVI=2 | TRACK accr=1379 coppie=206 nuova=82
     90 |    0.0000 |    12.029 | r=5.2 c=0.157 n=7      | tot=2 NUOVI=2 | TRACK accr=1397 coppie=211 nuova=82
    100 |    0.0000 |    12.029 | r=11.2 c=0.199 n=58    | tot=2 NUOVI=2 | TRACK accr=1406 coppie=217 nuova=82
    110 |    0.0000 |    12.029 | r=7.2 c=0.026 n=10     | tot=2 NUOVI=2 | TRACK accr=1419 coppie=223 nuova=82
    120 |    0.0000 |    12.029 | r=0.8 c=0.224 n=410    | tot=2 NUOVI=2 | TRACK accr=1419 coppie=223 nuova=82
    130 |    0.0000 |    12.028 | r=11.2 c=0.200 n=60    | tot=2 NUOVI=2 | TRACK accr=1424 coppie=224 nuova=82
    140 |    0.0000 |    12.028 | r=8.8 c=0.163 n=5      | tot=2 NUOVI=2 | TRACK accr=1429 coppie=225 nuova=82
    150 |    0.0000 |    12.028 | r=0.8 c=0.211 n=394    | tot=2 NUOVI=2 | TRACK accr=1432 coppie=226 nuova=82
    160 |    0.0000 |    12.028 | r=11.2 c=0.202 n=59    | tot=2 NUOVI=2 | TRACK accr=1435 coppie=226 nuova=82
    170 |    0.0000 |    12.028 | r=6.8 c=0.382 n=8      | tot=2 NUOVI=2 | TRACK accr=1439 coppie=227 nuova=82
    180 |    0.0000 |    12.027 | r=0.8 c=0.182 n=391    | tot=2 NUOVI=2 | TRACK accr=1446 coppie=229 nuova=82
    190 |    0.0000 |    12.027 | r=11.8 c=0.173 n=411   | tot=2 NUOVI=2 | TRACK accr=1450 coppie=230 nuova=82
    200 |    0.0000 |    12.027 | r=0.8 c=0.181 n=396    | tot=2 NUOVI=2 | TRACK accr=1454 coppie=232 nuova=82
    210 |    0.0000 |    12.027 | r=5.2 c=0.250 n=4      | tot=1 NUOVI=1 | TRACK accr=1460 coppie=236 nuova=82
    220 |    0.0000 |    12.027 | r=11.8 c=0.175 n=390   | tot=1 NUOVI=1 | TRACK accr=1467 coppie=238 nuova=82
    230 |    0.0000 |    12.027 | r=11.8 c=0.163 n=386   | tot=1 NUOVI=1 | TRACK accr=1473 coppie=241 nuova=82
    240 |    0.0000 |    12.026 | r=5.2 c=0.378 n=4      | tot=1 NUOVI=0 | TRACK accr=1478 coppie=245 nuova=82
    250 |    0.0000 |    12.026 | r=5.2 c=0.250 n=5      | tot=1 NUOVI=0 | TRACK accr=1480 coppie=246 nuova=82
    260 |    0.0000 |    12.026 | r=5.2 c=0.194 n=5      | tot=1 NUOVI=0 | TRACK accr=1483 coppie=246 nuova=82
    270 |    0.0000 |    12.026 | r=11.8 c=0.091 n=393   | tot=1 NUOVI=1 | TRACK accr=1494 coppie=250 nuova=82
    280 |    0.0000 |    12.026 | r=0.8 c=0.110 n=444    | tot=1 NUOVI=1 | TRACK accr=1498 coppie=250 nuova=82
    290 |    0.0000 |    12.026 | r=11.8 c=0.104 n=393   | tot=1 NUOVI=0 | TRACK accr=1501 coppie=251 nuova=82
    300 |    0.0000 |    12.025 | r=6.8 c=0.245 n=7      | tot=1 NUOVI=0 | TRACK accr=1504 coppie=253 nuova=82
    310 |    0.0000 |    12.025 | r=5.2 c=0.265 n=6      | tot=1 NUOVI=0 | TRACK accr=1511 coppie=258 nuova=82
    320 |    0.0000 |    12.025 | r=11.2 c=0.132 n=62    | tot=1 NUOVI=0 | TRACK accr=1517 coppie=260 nuova=82
    330 |    0.0000 |    12.025 | r=5.2 c=0.117 n=6      | tot=2 NUOVI=1 | TRACK accr=1523 coppie=263 nuova=82
    340 |    0.0000 |    12.025 | r=11.2 c=0.196 n=63    | tot=2 NUOVI=1 | TRACK accr=1525 coppie=263 nuova=82
    350 |    0.0000 |    12.025 | r=0.8 c=0.239 n=538    | tot=2 NUOVI=1 | TRACK accr=1529 coppie=264 nuova=82
    360 |    0.0000 |    12.025 | r=0.8 c=0.274 n=547    | tot=2 NUOVI=1 | TRACK accr=1534 coppie=266 nuova=82
    370 |    0.0000 |    12.024 | r=8.2 c=0.113 n=9      | tot=2 NUOVI=1 | TRACK accr=1536 coppie=267 nuova=82
    380 |    0.0000 |    12.024 | r=5.2 c=0.354 n=6      | tot=2 NUOVI=1 | TRACK accr=1542 coppie=271 nuova=82
    390 |    0.0000 |    12.024 | r=8.2 c=0.183 n=9      | tot=1 NUOVI=1 | TRACK accr=1547 coppie=273 nuova=82
    400 |    0.0000 |    12.024 | r=5.2 c=0.256 n=6      | tot=1 NUOVI=1 | TRACK accr=1549 coppie=274 nuova=82
    410 |    0.0000 |    12.024 | r=8.2 c=0.359 n=9      | tot=1 NUOVI=1 | TRACK accr=1549 coppie=274 nuova=82
    420 |    0.0000 |    12.024 | r=8.2 c=0.294 n=9      | tot=1 NUOVI=1 | TRACK accr=1555 coppie=276 nuova=82
    430 |    0.0000 |    12.024 | r=8.2 c=0.215 n=9      | tot=1 NUOVI=0 | TRACK accr=1558 coppie=279 nuova=82
    440 |    0.0000 |    12.024 | r=12.8 c=0.239 n=84    | tot=1 NUOVI=0 | TRACK accr=1561 coppie=279 nuova=82
    450 |    0.0000 |    12.023 | r=12.8 c=0.223 n=85    | tot=1 NUOVI=0 | TRACK accr=1570 coppie=283 nuova=82
    460 |    0.0001 |    12.023 | r=12.8 c=0.238 n=88    | tot=1 NUOVI=0 | TRACK accr=1582 coppie=288 nuova=82
    470 |    0.0000 |    12.023 | r=6.2 c=0.302 n=9      | tot=1 NUOVI=0 | TRACK accr=1590 coppie=291 nuova=82
    480 |    0.0001 |    12.023 | r=12.8 c=0.248 n=91    | tot=1 NUOVI=0 | TRACK accr=1597 coppie=294 nuova=82
    490 |    0.0000 |    12.023 | r=6.2 c=0.255 n=8      | tot=1 NUOVI=0 | TRACK accr=1605 coppie=295 nuova=82
    500 |    0.0000 |    12.023 | r=12.8 c=0.239 n=92    | tot=1 NUOVI=0 | TRACK accr=1612 coppie=297 nuova=82
    510 |    0.0000 |    12.023 | r=12.8 c=0.229 n=92    | tot=1 NUOVI=0 | TRACK accr=1624 coppie=305 nuova=82
    520 |    0.0000 |    12.023 | r=6.2 c=0.152 n=8      | tot=2 NUOVI=0 | TRACK accr=1638 coppie=309 nuova=82
    530 |    0.0000 |    12.022 | r=4.2 c=0.075 n=5      | tot=2 NUOVI=0 | TRACK accr=1647 coppie=311 nuova=82
    540 |    0.0001 |    12.022 | r=7.2 c=0.062 n=12     | tot=2 NUOVI=0 | TRACK accr=1652 coppie=312 nuova=82
    550 |    0.0001 |    12.022 | r=12.8 c=0.217 n=94    | tot=2 NUOVI=0 | TRACK accr=1657 coppie=314 nuova=82
    560 |    0.0001 |    12.022 | r=7.2 c=0.256 n=8      | tot=2 NUOVI=0 | TRACK accr=1664 coppie=319 nuova=82
    570 |    0.0001 |    12.022 | r=5.2 c=0.206 n=7      | tot=2 NUOVI=0 | TRACK accr=1671 coppie=324 nuova=82
    580 |    0.0002 |    12.022 | r=12.8 c=0.211 n=98    | tot=2 NUOVI=0 | TRACK accr=1675 coppie=326 nuova=82
    590 |    0.0001 |    12.022 | r=5.2 c=0.186 n=7      | tot=2 NUOVI=0 | TRACK accr=1682 coppie=329 nuova=82
    600 |    0.0001 |    12.022 | r=4.2 c=0.198 n=4      | tot=2 NUOVI=0 | TRACK accr=1694 coppie=331 nuova=82
    610 |    0.0002 |    12.021 | r=12.8 c=0.242 n=101   | tot=2 NUOVI=0 | TRACK accr=1695 coppie=332 nuova=82
    620 |    0.0002 |    12.021 | r=12.8 c=0.235 n=103   | tot=2 NUOVI=0 | TRACK accr=1700 coppie=333 nuova=82
    630 |    0.0001 |    12.021 | r=8.2 c=0.192 n=7      | tot=2 NUOVI=0 | TRACK accr=1707 coppie=337 nuova=82
    640 |    0.0003 |    12.021 | r=8.2 c=0.122 n=5      | tot=2 NUOVI=0 | TRACK accr=1718 coppie=341 nuova=82
    650 |    0.0002 |    12.021 | r=6.2 c=0.215 n=6      | tot=2 NUOVI=0 | TRACK accr=1723 coppie=343 nuova=82
    660 |    0.0002 |    12.021 | r=12.8 c=0.236 n=110   | tot=2 NUOVI=0 | TRACK accr=1727 coppie=343 nuova=82
    670 |    0.0002 |    12.021 | r=5.8 c=0.164 n=6      | tot=2 NUOVI=0 | TRACK accr=1732 coppie=348 nuova=82
    680 |    0.0003 |    12.021 | r=12.8 c=0.245 n=112   | tot=2 NUOVI=0 | TRACK accr=1741 coppie=358 nuova=82
    690 |    0.0001 |    12.020 | r=6.8 c=0.169 n=5      | tot=2 NUOVI=0 | TRACK accr=1751 coppie=363 nuova=82
    700 |    0.0004 |    12.020 | r=8.2 c=0.206 n=11     | tot=2 NUOVI=0 | TRACK accr=1755 coppie=365 nuova=82
    710 |    0.0002 |    12.020 | r=11.2 c=0.237 n=87    | tot=2 NUOVI=0 | TRACK accr=1768 coppie=370 nuova=82
    720 |    0.0003 |    12.020 | r=8.2 c=0.205 n=12     | tot=2 NUOVI=0 | TRACK accr=1773 coppie=380 nuova=82
    730 |    0.0002 |    12.020 | r=8.2 c=0.115 n=12     | tot=2 NUOVI=0 | TRACK accr=1778 coppie=382 nuova=82
    740 |    0.0003 |    12.020 | r=7.2 c=0.041 n=10     | tot=2 NUOVI=0 | TRACK accr=1783 coppie=386 nuova=82
    750 |    0.0002 |    12.020 | r=5.8 c=0.119 n=5      | tot=2 NUOVI=0 | TRACK accr=1789 coppie=388 nuova=82
    760 |    0.0005 |    12.020 | r=10.8 c=0.185 n=11    | tot=2 NUOVI=0 | TRACK accr=1796 coppie=393 nuova=82
    770 |    0.0002 |    12.019 | r=7.8 c=0.143 n=7      | tot=2 NUOVI=0 | TRACK accr=1801 coppie=393 nuova=82
    780 |    0.0004 |    12.019 | r=13.2 c=0.179 n=7     | tot=2 NUOVI=0 | TRACK accr=1806 coppie=394 nuova=82
    790 |    0.0002 |    12.019 | r=13.2 c=0.158 n=7     | tot=2 NUOVI=0 | TRACK accr=1810 coppie=397 nuova=82
    800 |    0.0003 |    12.019 | r=13.2 c=0.169 n=7     | tot=2 NUOVI=0 | TRACK accr=1816 coppie=402 nuova=82
    810 |    0.0003 |    12.019 | r=5.2 c=0.102 n=7      | tot=2 NUOVI=0 | TRACK accr=1824 coppie=407 nuova=82
    820 |    0.0012 |    12.019 | r=13.2 c=0.130 n=7     | tot=2 NUOVI=0 | TRACK accr=1828 coppie=412 nuova=82
    830 |    0.0003 |    12.019 | r=5.2 c=0.129 n=7      | tot=2 NUOVI=0 | TRACK accr=1830 coppie=415 nuova=82
    840 |    0.0004 |    12.019 | r=13.2 c=0.166 n=8     | tot=2 NUOVI=0 | TRACK accr=1839 coppie=420 nuova=82
    850 |    0.0005 |    12.018 | r=1.8 c=0.229 n=17     | tot=2 NUOVI=0 | TRACK accr=1852 coppie=425 nuova=82
    860 |    0.0006 |    12.018 | r=12.8 c=0.190 n=126   | tot=2 NUOVI=0 | TRACK accr=1857 coppie=428 nuova=82
    870 |    0.0006 |    12.018 | r=13.2 c=0.196 n=9     | tot=2 NUOVI=0 | TRACK accr=1864 coppie=431 nuova=82
    880 |    0.0007 |    12.018 | r=12.8 c=0.191 n=129   | tot=2 NUOVI=0 | TRACK accr=1873 coppie=432 nuova=82
    890 |    0.0006 |    12.018 | r=12.8 c=0.188 n=133   | tot=2 NUOVI=0 | TRACK accr=1882 coppie=436 nuova=82
    900 |    0.0005 |    12.018 | r=1.8 c=0.263 n=17     | tot=2 NUOVI=0 | TRACK accr=1889 coppie=440 nuova=82
    910 |    0.0005 |    12.018 | r=5.2 c=0.133 n=9      | tot=2 NUOVI=0 | TRACK accr=1894 coppie=442 nuova=82
    920 |    0.0004 |    12.018 | r=8.2 c=0.166 n=11     | tot=2 NUOVI=0 | TRACK accr=1901 coppie=445 nuova=82
    930 |    0.0009 |    12.017 | r=8.2 c=0.085 n=11     | tot=2 NUOVI=0 | TRACK accr=1911 coppie=452 nuova=82
    940 |    0.0006 |    12.017 | r=12.8 c=0.212 n=145   | tot=2 NUOVI=0 | TRACK accr=1920 coppie=456 nuova=82
    950 |    0.0013 |    12.017 | r=12.8 c=0.218 n=145   | tot=2 NUOVI=0 | TRACK accr=1930 coppie=463 nuova=82
    960 |    0.0009 |    12.017 | r=6.8 c=0.181 n=8      | tot=2 NUOVI=0 | TRACK accr=1941 coppie=471 nuova=82
    970 |    0.0014 |    12.017 | r=13.2 c=0.214 n=4     | tot=2 NUOVI=0 | TRACK accr=1946 coppie=474 nuova=82
    980 |    0.0012 |    12.017 | r=13.2 c=0.238 n=4     | tot=2 NUOVI=0 | TRACK accr=1953 coppie=482 nuova=82
    990 |    0.0011 |    12.017 | r=12.8 c=0.234 n=155   | tot=2 NUOVI=0 | TRACK accr=1965 coppie=489 nuova=82
   1000 |    0.0009 |    12.016 | r=13.2 c=0.249 n=11    | tot=2 NUOVI=0 | TRACK accr=1971 coppie=490 nuova=82
   1010 |    0.0012 |    12.016 | r=12.8 c=0.255 n=168   | tot=2 NUOVI=0 | TRACK accr=1982 coppie=495 nuova=82
   1020 |    0.0009 |    12.016 | r=5.2 c=0.242 n=9      | tot=2 NUOVI=0 | TRACK accr=1994 coppie=497 nuova=82
   1030 |    0.0015 |    12.016 | r=13.2 c=0.246 n=12    | tot=2 NUOVI=0 | TRACK accr=2008 coppie=508 nuova=82
   1040 |    0.0010 |    12.016 | r=7.8 c=0.216 n=10     | tot=2 NUOVI=0 | TRACK accr=2020 coppie=514 nuova=82
   1050 |    0.0014 |    12.016 | r=8.2 c=0.143 n=9      | tot=2 NUOVI=0 | TRACK accr=2032 coppie=523 nuova=82
   1060 |    0.0008 |    12.016 | r=13.2 c=0.256 n=16    | tot=2 NUOVI=0 | TRACK accr=2043 coppie=529 nuova=82
   1070 |    0.0032 |    12.015 | r=6.2 c=0.229 n=10     | tot=2 NUOVI=0 | TRACK accr=2054 coppie=541 nuova=82
   1080 |    0.0064 |    12.015 | r=13.2 c=0.263 n=20    | tot=2 NUOVI=0 | TRACK accr=2062 coppie=547 nuova=82
   1090 |    0.0025 |    12.015 | r=13.2 c=0.259 n=20    | tot=2 NUOVI=0 | TRACK accr=2071 coppie=552 nuova=82
   1100 |    0.0009 |    12.015 | r=13.2 c=0.261 n=24    | tot=2 NUOVI=0 | TRACK accr=2088 coppie=563 nuova=82
   1110 |    0.0014 |    12.015 | r=4.2 c=0.225 n=8      | tot=2 NUOVI=0 | TRACK accr=2098 coppie=569 nuova=82
   1120 |    0.0017 |    12.015 | r=4.2 c=0.092 n=8      | tot=2 NUOVI=0 | TRACK accr=2116 coppie=574 nuova=82
   1130 |    0.0019 |    12.015 | r=4.8 c=0.186 n=4      | tot=2 NUOVI=0 | TRACK accr=2130 coppie=581 nuova=82
   1140 |    0.0038 |    12.014 | r=7.2 c=0.048 n=8      | tot=2 NUOVI=0 | TRACK accr=2144 coppie=594 nuova=82
   1150 |    0.0026 |    12.014 | r=10.2 c=0.271 n=8     | tot=2 NUOVI=0 | TRACK accr=2163 coppie=605 nuova=82
   1160 |    0.0023 |    12.014 | r=13.8 c=0.228 n=5     | tot=2 NUOVI=0 | TRACK accr=2176 coppie=610 nuova=82
   1170 |    0.0026 |    12.014 | r=4.2 c=0.259 n=9      | tot=2 NUOVI=0 | TRACK accr=2189 coppie=619 nuova=82
   1180 |    0.0032 |    12.014 | r=6.8 c=0.220 n=9      | tot=2 NUOVI=0 | TRACK accr=2202 coppie=622 nuova=82
   1190 |    0.0029 |    12.014 | r=13.2 c=0.249 n=84    | tot=2 NUOVI=0 | TRACK accr=2220 coppie=626 nuova=82
   1200 |    0.0033 |    12.013 | r=13.8 c=0.237 n=7     | tot=2 NUOVI=0 | TRACK accr=2227 coppie=629 nuova=82
   1210 |    0.0029 |    12.013 | r=13.8 c=0.223 n=7     | tot=2 NUOVI=0 | TRACK accr=2239 coppie=639 nuova=82
   1220 |    0.0053 |    12.013 | r=6.8 c=0.158 n=7      | tot=2 NUOVI=0 | TRACK accr=2245 coppie=641 nuova=82
   1230 |    0.0029 |    12.013 | r=13.8 c=0.236 n=11    | tot=2 NUOVI=0 | TRACK accr=2257 coppie=647 nuova=82
   1240 |    0.0035 |    12.013 | r=10.2 c=0.223 n=14    | tot=2 NUOVI=0 | TRACK accr=2263 coppie=650 nuova=82
   1250 |    0.0040 |    12.013 | r=10.2 c=0.230 n=14    | tot=2 NUOVI=0 | TRACK accr=2275 coppie=660 nuova=82
   1260 |    0.0026 |    12.012 | r=5.2 c=0.227 n=10     | tot=2 NUOVI=0 | TRACK accr=2295 coppie=667 nuova=82
   1270 |    0.0058 |    12.012 | r=2.2 c=0.200 n=16     | tot=2 NUOVI=0 | TRACK accr=2311 coppie=677 nuova=82
   1280 |    0.0038 |    12.012 | r=10.2 c=0.182 n=30    | tot=2 NUOVI=0 | TRACK accr=2323 coppie=680 nuova=82
   1290 |    0.0054 |    12.012 | r=10.2 c=0.193 n=28    | tot=2 NUOVI=0 | TRACK accr=2333 coppie=681 nuova=82
   1300 |    0.0045 |    12.012 | r=13.8 c=0.232 n=14    | tot=2 NUOVI=0 | TRACK accr=2347 coppie=689 nuova=82
   1310 |    0.0057 |    12.011 | r=13.8 c=0.208 n=14    | tot=2 NUOVI=0 | TRACK accr=2358 coppie=692 nuova=82
   1320 |    0.0062 |    12.011 | r=2.2 c=0.220 n=31     | tot=2 NUOVI=0 | TRACK accr=2377 coppie=700 nuova=82
   1330 |    0.0055 |    12.011 | r=10.2 c=0.215 n=15    | tot=2 NUOVI=0 | TRACK accr=2392 coppie=708 nuova=82
   1340 |    0.0086 |    12.011 | r=4.8 c=0.203 n=5      | tot=2 NUOVI=0 | TRACK accr=2411 coppie=720 nuova=82
   1350 |    0.0083 |    12.011 | r=10.2 c=0.233 n=12    | tot=2 NUOVI=0 | TRACK accr=2423 coppie=730 nuova=82
   1360 |    0.0082 |    12.010 | r=13.8 c=0.158 n=21    | tot=2 NUOVI=0 | TRACK accr=2435 coppie=732 nuova=82
   1370 |    0.0082 |    12.010 | r=2.2 c=0.227 n=43     | tot=2 NUOVI=0 | TRACK accr=2447 coppie=742 nuova=82
   1380 |    0.0062 |    12.010 | r=13.8 c=0.116 n=22    | tot=2 NUOVI=0 | TRACK accr=2460 coppie=749 nuova=82
   1390 |    0.0112 |    12.010 | r=8.0 c=0.102 n=12     | tot=2 NUOVI=0 | TRACK accr=2476 coppie=755 nuova=82
   1400 |    0.0075 |    12.010 | r=8.0 c=0.148 n=12     | tot=2 NUOVI=0 | TRACK accr=2499 coppie=763 nuova=82
   1410 |    0.0061 |    12.009 | r=8.0 c=0.173 n=18     | tot=2 NUOVI=0 | TRACK accr=2510 coppie=770 nuova=82
   1420 |    0.0071 |    12.009 | r=8.0 c=0.205 n=20     | tot=2 NUOVI=0 | TRACK accr=2522 coppie=776 nuova=82
   1430 |    0.0105 |    12.009 | r=8.0 c=0.208 n=25     | tot=2 NUOVI=0 | TRACK accr=2533 coppie=788 nuova=82
   1440 |    0.0099 |    12.009 | r=8.0 c=0.237 n=28     | tot=2 NUOVI=0 | TRACK accr=2553 coppie=798 nuova=82
   1450 |    0.0113 |    12.009 | r=7.5 c=0.276 n=257    | tot=2 NUOVI=0 | TRACK accr=2557 coppie=800 nuova=82
   1460 |    0.0056 |    12.009 | r=7.5 c=0.243 n=261    | tot=2 NUOVI=0 | TRACK accr=2565 coppie=804 nuova=82
   1470 |    0.0112 |    12.009 | r=7.5 c=0.225 n=270    | tot=2 NUOVI=0 | TRACK accr=2575 coppie=809 nuova=82
   1480 |    0.0147 |    12.009 | r=7.5 c=0.240 n=273    | tot=2 NUOVI=0 | TRACK accr=2587 coppie=818 nuova=82
   1490 |    0.0170 |    12.008 | r=7.5 c=0.247 n=279    | tot=2 NUOVI=0 | TRACK accr=2598 coppie=827 nuova=82
   1500 |    0.0185 |    12.008 | r=7.5 c=0.234 n=287    | tot=2 NUOVI=0 | TRACK accr=2609 coppie=831 nuova=82
   1510 |    0.0215 |    12.008 | r=7.5 c=0.267 n=297    | tot=2 NUOVI=0 | TRACK accr=2616 coppie=836 nuova=82
   1520 |    0.0188 |    12.008 | r=7.5 c=0.247 n=306    | tot=2 NUOVI=0 | TRACK accr=2630 coppie=839 nuova=82
   1530 |    0.0172 |    12.008 | r=7.5 c=0.267 n=310    | tot=2 NUOVI=0 | TRACK accr=2638 coppie=843 nuova=82
   1540 |    0.0156 |    12.008 | r=7.5 c=0.276 n=318    | tot=2 NUOVI=0 | TRACK accr=2650 coppie=848 nuova=82
   1550 |    0.0136 |    12.008 | r=7.5 c=0.270 n=319    | tot=2 NUOVI=0 | TRACK accr=2659 coppie=856 nuova=82
   1560 |    0.0126 |    12.008 | r=7.5 c=0.249 n=326    | tot=2 NUOVI=0 | TRACK accr=2670 coppie=862 nuova=82
   1570 |    0.0124 |    12.008 | r=7.5 c=0.269 n=324    | tot=2 NUOVI=0 | TRACK accr=2677 coppie=868 nuova=82
   1580 |    0.0217 |    12.008 | r=7.5 c=0.272 n=335    | tot=2 NUOVI=0 | TRACK accr=2686 coppie=874 nuova=82
   1590 |    0.0163 |    12.008 | r=7.5 c=0.262 n=339    | tot=2 NUOVI=0 | TRACK accr=2697 coppie=879 nuova=82
   1600 |    0.0101 |    12.008 | r=7.5 c=0.280 n=338    | tot=2 NUOVI=0 | TRACK accr=2710 coppie=887 nuova=82
   1610 |    0.0106 |    12.008 | r=7.5 c=0.266 n=352    | tot=2 NUOVI=0 | TRACK accr=2720 coppie=893 nuova=82
   1620 |    0.0111 |    12.008 | r=7.5 c=0.256 n=363    | tot=2 NUOVI=0 | TRACK accr=2730 coppie=898 nuova=82
   1630 |    0.0151 |    12.008 | r=7.5 c=0.229 n=372    | tot=2 NUOVI=0 | TRACK accr=2736 coppie=903 nuova=82
   1640 |    0.0242 |    12.008 | r=8.0 c=0.250 n=112    | tot=2 NUOVI=0 | TRACK accr=2750 coppie=911 nuova=82
   1650 |    0.0262 |    12.008 | r=8.0 c=0.251 n=113    | tot=2 NUOVI=0 | TRACK accr=2761 coppie=919 nuova=82
   1660 |    0.0208 |    12.009 | r=7.5 c=0.252 n=394    | tot=2 NUOVI=0 | TRACK accr=2774 coppie=924 nuova=82
   1670 |    0.0103 |    12.009 | r=8.0 c=0.218 n=122    | tot=2 NUOVI=0 | TRACK accr=2784 coppie=931 nuova=82
   1680 |    0.0129 |    12.009 | r=8.0 c=0.224 n=127    | tot=2 NUOVI=0 | TRACK accr=2793 coppie=938 nuova=82
   1690 |    0.0268 |    12.009 | r=8.0 c=0.208 n=127    | tot=2 NUOVI=0 | TRACK accr=2808 coppie=950 nuova=82
   1700 |    0.0203 |    12.009 | r=8.0 c=0.202 n=128    | tot=2 NUOVI=0 | TRACK accr=2816 coppie=952 nuova=82
   1710 |    0.0248 |    12.009 | r=9.0 c=0.158 n=5      | tot=2 NUOVI=0 | TRACK accr=2826 coppie=957 nuova=82
   1720 |    0.0111 |    12.009 | r=7.5 c=0.189 n=438    | tot=2 NUOVI=0 | TRACK accr=2833 coppie=959 nuova=82
   1730 |    0.0200 |    12.009 | r=7.5 c=0.205 n=444    | tot=2 NUOVI=0 | TRACK accr=2842 coppie=960 nuova=82
   1740 |    0.0297 |    12.010 | r=8.0 c=0.210 n=167    | tot=2 NUOVI=0 | TRACK accr=2853 coppie=964 nuova=82
   1750 |    0.0292 |    12.010 | r=7.5 c=0.195 n=446    | tot=2 NUOVI=0 | TRACK accr=2868 coppie=967 nuova=82
   1760 |    0.0180 |    12.010 | r=7.5 c=0.239 n=458    | tot=2 NUOVI=0 | TRACK accr=2881 coppie=971 nuova=82
   1770 |    0.0228 |    12.010 | r=7.5 c=0.221 n=452    | tot=2 NUOVI=0 | TRACK accr=2892 coppie=978 nuova=82
   1780 |    0.0227 |    12.010 | r=7.5 c=0.223 n=455    | tot=2 NUOVI=0 | TRACK accr=2902 coppie=985 nuova=82
   1790 |    0.0421 |    12.010 | r=8.0 c=0.216 n=216    | tot=2 NUOVI=0 | TRACK accr=2908 coppie=990 nuova=82
   1800 |    0.0498 |    12.010 | r=7.5 c=0.197 n=460    | tot=2 NUOVI=1 | TRACK accr=2914 coppie=992 nuova=82
   1810 |    0.0300 |    12.011 | r=7.5 c=0.184 n=456    | tot=2 NUOVI=1 | TRACK accr=2922 coppie=999 nuova=82
   1820 |    0.0312 |    12.011 | r=7.5 c=0.192 n=451    | tot=2 NUOVI=1 | TRACK accr=2936 coppie=1005 nuova=82
   1830 |    0.0298 |    12.011 | r=7.5 c=0.170 n=445    | tot=2 NUOVI=1 | TRACK accr=2955 coppie=1016 nuova=82
   1840 |    0.0181 |    12.011 | r=7.5 c=0.172 n=438    | tot=2 NUOVI=1 | TRACK accr=2966 coppie=1019 nuova=82
   1850 |    0.0226 |    12.011 | r=7.5 c=0.169 n=436    | tot=2 NUOVI=1 | TRACK accr=2978 coppie=1027 nuova=82
   1860 |    0.0296 |    12.010 | r=7.5 c=0.165 n=440    | tot=2 NUOVI=1 | TRACK accr=2987 coppie=1032 nuova=82
   1870 |    0.0306 |    12.010 | r=7.5 c=0.179 n=428    | tot=2 NUOVI=1 | TRACK accr=2991 coppie=1034 nuova=82
   1880 |    0.0237 |    12.010 | r=7.5 c=0.169 n=420    | tot=2 NUOVI=1 | TRACK accr=3004 coppie=1040 nuova=82
   1890 |    0.0213 |    12.010 | r=7.5 c=0.185 n=414    | tot=2 NUOVI=1 | TRACK accr=3014 coppie=1053 nuova=82
   1900 |    0.0191 |    12.009 | r=7.5 c=0.167 n=404    | tot=2 NUOVI=1 | TRACK accr=3024 coppie=1056 nuova=82
   1910 |    0.0295 |    12.009 | r=7.5 c=0.155 n=401    | tot=2 NUOVI=1 | TRACK accr=3035 coppie=1063 nuova=82
   1920 |    0.0523 |    12.009 | r=7.5 c=0.159 n=389    | tot=2 NUOVI=0 | TRACK accr=3041 coppie=1064 nuova=82
   1930 |    0.0389 |    12.008 | r=10.5 c=0.168 n=4     | tot=2 NUOVI=0 | TRACK accr=3055 coppie=1070 nuova=82
   1940 |    0.0361 |    12.008 | r=10.5 c=0.193 n=5     | tot=2 NUOVI=0 | TRACK accr=3066 coppie=1075 nuova=82
   1950 |    0.0351 |    12.007 | r=7.5 c=0.169 n=380    | tot=2 NUOVI=0 | TRACK accr=3084 coppie=1081 nuova=82
   1960 |    0.0226 |    12.007 | r=7.5 c=0.167 n=382    | tot=2 NUOVI=0 | TRACK accr=3091 coppie=1084 nuova=82
   1970 |    0.0609 |    12.006 | r=7.5 c=0.157 n=386    | tot=2 NUOVI=0 | TRACK accr=3102 coppie=1087 nuova=82
   1980 |    0.0455 |    12.006 | r=7.5 c=0.164 n=395    | tot=2 NUOVI=0 | TRACK accr=3119 coppie=1096 nuova=82
   1990 |    0.0736 |    12.006 | r=7.5 c=0.163 n=389    | tot=2 NUOVI=0 | TRACK accr=3133 coppie=1103 nuova=82
   2000 |    0.0478 |    12.005 | r=9.0 c=0.140 n=87     | tot=2 NUOVI=0 | TRACK accr=3148 coppie=1113 nuova=82
[batch] log diagnostico completo salvato in out_sync_spinore\off_s2.csv

[batch] completato in 2891.4s, 2000 passi. CSV salvato in out_sync_spinore\cond_off_s2.csv
[batch] LETTURA condensazione: se dens_centrale e n_centrali CRESCONO e frac_nati resta
        ALTA mentre dist_masse NON crolla -> NUOVA massa dal vuoto (non accrescimento).
[batch] LETTURA picchi_nuovi: se picchi_nuovi passa da 0 a >=1 a un certo passo, quello e'
        il momento in cui una MASSA NUOVA si stacca dal vuoto (materia isolata che si crea).
[batch] LETTURA antiguscio: se compare un anello a coerenza_min BASSA (antifase) e raggio
        stabile oltre le masse, con nodi presenti -> GUSCIO DI ANTIFASE che avvolge i nuclei
        = massa di scala superiore (il guscio del sistema e antifase, non materia).
