[calore] calcio termico VETTORIALE+chirale attivo: omega_s 3D eccitato, phivel firmato da perc_chi
[elast] nucleo elastico C = 100.0
[verlet] integratore metrico Velocity-Verlet (2 ordine) attivo
[olon-part] la partizione tangenziale usa curl + twist coerente (verso -> conversione)
[polo-maturo] al twist partecipa la chiralita del polo che matura (twn maggiore)
[sync] aggiornamento sincrono attivo: dph legge la fase dallo snapshot t-1 (Jacobi)
[pav-com] pavimento comovente attivo: d0 >= median(d0)-MAD(d0) invece di 0.05 assoluto
[zeta-vir] freno anisotropo attivo: beta *= cos2 della viriale (dissipa radiale, libera tangenziale)
[chi-basc] basculamento chirale attivo: perc_chi vira secondo la torsione locale vs PHI_CRIT (2pi)
[batch] condensazione: seed=2 passi=700 ogni=5 sep=10.0 nmasse=3
[batch] leggi attive: GRAV_BIFASE=True SPIN_ORBITA(via SPINORE)=True COPPIA_MIT=1.0 lambda=0.800

passo | dens_centr | dist_masse | ANTIGUSCIO(r,c,n) | PICCHI(tot,NUOVI)
[batch] LOG DIAGNOSTICO COMPLETO  -> out_elast\on_700_sep10_s2.csv
      0 |    0.0000 |    20.018 | r=8.8 c=0.307 n=5      | tot=2 NUOVI=2 | TRACK accr=1116 coppie=0 nuova=80
      5 |    0.0000 |    20.018 | r=17.8 c=0.130 n=247   | tot=1 NUOVI=0 | TRACK accr=1116 coppie=0 nuova=80
     10 |    0.0000 |    20.018 | r=11.8 c=0.022 n=7     | tot=2 NUOVI=0 | TRACK accr=1116 coppie=0 nuova=80
     15 |    0.0000 |    20.018 | r=10.8 c=0.252 n=7     | tot=1 NUOVI=0 | TRACK accr=1116 coppie=0 nuova=80
     20 |    0.0000 |    20.018 | r=11.2 c=0.026 n=9     | tot=1 NUOVI=0 | TRACK accr=1116 coppie=0 nuova=80
     25 |    0.0000 |    20.018 | r=11.8 c=0.058 n=7     | tot=1 NUOVI=0 | TRACK accr=1116 coppie=0 nuova=80
     30 |    0.0000 |    20.018 | r=11.2 c=0.036 n=9     | tot=1 NUOVI=0 | TRACK accr=1116 coppie=0 nuova=80
     35 |    0.0000 |    20.018 | r=11.8 c=0.103 n=9     | tot=1 NUOVI=0 | TRACK accr=1116 coppie=0 nuova=80
     40 |    0.0000 |    20.018 | r=8.2 c=0.278 n=6      | tot=1 NUOVI=0 | TRACK accr=1116 coppie=0 nuova=80
     45 |    0.0000 |    20.018 | r=8.2 c=0.065 n=6      | tot=2 NUOVI=0 | TRACK accr=1116 coppie=0 nuova=80
     50 |    0.0000 |    20.018 | r=0.8 c=0.206 n=314    | tot=1 NUOVI=0 | TRACK accr=1116 coppie=0 nuova=80
     55 |    0.0000 |    20.018 | r=18.2 c=0.203 n=38    | tot=2 NUOVI=0 | TRACK accr=1116 coppie=0 nuova=80
     60 |    0.0000 |    20.018 | r=16.2 c=0.245 n=7     | tot=3 NUOVI=0 | TRACK accr=1116 coppie=0 nuova=80
     65 |    0.0000 |    20.018 | r=9.8 c=0.207 n=11     | tot=3 NUOVI=0 | TRACK accr=1116 coppie=0 nuova=80
     70 |    0.0000 |    20.018 | r=18.2 c=0.191 n=42    | tot=3 NUOVI=0 | TRACK accr=1116 coppie=0 nuova=80
     75 |    0.0000 |    20.018 | r=1.2 c=0.187 n=15     | tot=2 NUOVI=0 | TRACK accr=1116 coppie=0 nuova=80
     80 |    0.0000 |    20.018 | r=9.8 c=0.268 n=9      | tot=1 NUOVI=0 | TRACK accr=1116 coppie=0 nuova=80
     85 |    0.0000 |    20.018 | r=17.2 c=0.113 n=258   | tot=2 NUOVI=0 | TRACK accr=1116 coppie=0 nuova=80
     90 |    0.0000 |    20.018 | r=17.2 c=0.069 n=253   | tot=2 NUOVI=0 | TRACK accr=1116 coppie=0 nuova=80
     95 |    0.0000 |    20.018 | r=16.8 c=0.103 n=176   | tot=2 NUOVI=0 | TRACK accr=1116 coppie=0 nuova=80
    100 |    0.0000 |    20.018 | r=16.8 c=0.106 n=177   | tot=1 NUOVI=0 | TRACK accr=1116 coppie=0 nuova=80
    105 |    0.0000 |    20.018 | r=17.8 c=0.134 n=240   | tot=2 NUOVI=0 | TRACK accr=1116 coppie=0 nuova=80
    110 |    0.0000 |    20.018 | r=17.8 c=0.119 n=217   | tot=1 NUOVI=0 | TRACK accr=1116 coppie=0 nuova=80
    115 |    0.0000 |    20.018 | r=17.2 c=0.126 n=223   | tot=1 NUOVI=0 | TRACK accr=1116 coppie=0 nuova=80
    120 |    0.0000 |    20.018 | r=16.8 c=0.110 n=184   | tot=1 NUOVI=0 | TRACK accr=1116 coppie=0 nuova=80
    125 |    0.0000 |    20.018 | r=16.2 c=0.159 n=34    | tot=1 NUOVI=0 | TRACK accr=1117 coppie=1 nuova=80
    130 |    0.0000 |    20.018 | r=10.2 c=0.663 n=5     | tot=1 NUOVI=0 | TRACK accr=1118 coppie=1 nuova=80
    135 |    0.0000 |    20.018 | r=16.8 c=0.079 n=172   | tot=1 NUOVI=0 | TRACK accr=1118 coppie=1 nuova=80
    140 |    0.0000 |    20.018 | r=16.8 c=0.055 n=164   | tot=1 NUOVI=0 | TRACK accr=1118 coppie=1 nuova=80
    145 |    0.0000 |    20.018 | r=16.8 c=0.067 n=185   | tot=1 NUOVI=0 | TRACK accr=1121 coppie=2 nuova=80
    150 |    0.0000 |    20.018 | r=16.8 c=0.055 n=166   | tot=1 NUOVI=0 | TRACK accr=1122 coppie=2 nuova=80
    155 |    0.0000 |    20.018 | r=16.2 c=0.075 n=33    | tot=1 NUOVI=0 | TRACK accr=1126 coppie=4 nuova=80
    160 |    0.0000 |    20.018 | r=8.8 c=0.073 n=8      | tot=1 NUOVI=0 | TRACK accr=1129 coppie=5 nuova=80
    165 |    0.0000 |    20.018 | r=18.8 c=0.089 n=5     | tot=1 NUOVI=0 | TRACK accr=1134 coppie=9 nuova=81
    170 |    0.0000 |    20.018 | r=17.2 c=0.092 n=223   | tot=1 NUOVI=0 | TRACK accr=1135 coppie=10 nuova=81
    175 |    0.0000 |    20.018 | r=17.2 c=0.109 n=208   | tot=2 NUOVI=0 | TRACK accr=1138 coppie=12 nuova=81
    180 |    0.0000 |    20.018 | r=17.2 c=0.086 n=253   | tot=1 NUOVI=0 | TRACK accr=1140 coppie=12 nuova=81
    185 |    0.0000 |    20.018 | r=8.8 c=0.071 n=6      | tot=1 NUOVI=0 | TRACK accr=1143 coppie=14 nuova=81
    190 |    0.0000 |    20.018 | r=17.2 c=0.055 n=218   | tot=1 NUOVI=0 | TRACK accr=1146 coppie=16 nuova=81
    195 |    0.0000 |    20.018 | r=0.8 c=0.118 n=179    | tot=1 NUOVI=0 | TRACK accr=1157 coppie=22 nuova=81
    200 |    0.0000 |    20.018 | r=16.8 c=0.076 n=166   | tot=1 NUOVI=0 | TRACK accr=1161 coppie=25 nuova=81
    205 |    0.0000 |    20.018 | r=17.8 c=0.099 n=221   | tot=1 NUOVI=0 | TRACK accr=1174 coppie=28 nuova=81
    210 |    0.0000 |    20.018 | r=16.8 c=0.049 n=170   | tot=1 NUOVI=0 | TRACK accr=1184 coppie=35 nuova=81
    215 |    0.0000 |    20.018 | r=17.8 c=0.072 n=238   | tot=1 NUOVI=0 | TRACK accr=1199 coppie=38 nuova=81
    220 |    0.0000 |    20.018 | r=17.2 c=0.093 n=268   | tot=2 NUOVI=0 | TRACK accr=1209 coppie=43 nuova=81
    225 |    0.0000 |    20.018 | r=17.2 c=0.068 n=271   | tot=1 NUOVI=0 | TRACK accr=1216 coppie=45 nuova=81
    230 |    0.0000 |    20.018 | r=17.8 c=0.079 n=244   | tot=1 NUOVI=0 | TRACK accr=1236 coppie=54 nuova=81
    235 |    0.0000 |    20.018 | r=16.2 c=0.075 n=53    | tot=1 NUOVI=0 | TRACK accr=1251 coppie=62 nuova=81
    240 |    0.0000 |    20.018 | r=16.8 c=0.080 n=176   | tot=1 NUOVI=0 | TRACK accr=1264 coppie=67 nuova=81
    245 |    0.0000 |    20.018 | r=16.8 c=0.058 n=177   | tot=1 NUOVI=0 | TRACK accr=1279 coppie=71 nuova=81
    250 |    0.0000 |    20.018 | r=17.8 c=0.078 n=237   | tot=1 NUOVI=0 | TRACK accr=1300 coppie=81 nuova=81
    255 |    0.0000 |    20.018 | r=18.8 c=0.086 n=5     | tot=1 NUOVI=0 | TRACK accr=1318 coppie=88 nuova=81
    260 |    0.0000 |    20.018 | r=17.2 c=0.069 n=241   | tot=1 NUOVI=0 | TRACK accr=1339 coppie=93 nuova=81
    265 |    0.0000 |    20.018 | r=16.8 c=0.097 n=193   | tot=3 NUOVI=0 | TRACK accr=1356 coppie=99 nuova=81
    270 |    0.0000 |    20.018 | r=17.2 c=0.075 n=258   | tot=1 NUOVI=0 | TRACK accr=1372 coppie=108 nuova=81
    275 |    0.0000 |    20.018 | r=8.2 c=0.049 n=6      | tot=1 NUOVI=0 | TRACK accr=1402 coppie=124 nuova=81
    280 |    0.0000 |    20.018 | r=0.8 c=0.073 n=237    | tot=3 NUOVI=0 | TRACK accr=1417 coppie=130 nuova=81
    285 |    0.0000 |    20.018 | r=17.2 c=0.116 n=407   | tot=1 NUOVI=0 | TRACK accr=1439 coppie=141 nuova=81
    290 |    0.0000 |    20.018 | r=0.8 c=0.126 n=194    | tot=1 NUOVI=0 | TRACK accr=1470 coppie=152 nuova=81
    295 |    0.0000 |    20.018 | r=8.2 c=0.025 n=7      | tot=1 NUOVI=0 | TRACK accr=1494 coppie=162 nuova=81
    300 |    0.0000 |    20.018 | r=0.8 c=0.113 n=197    | tot=1 NUOVI=0 | TRACK accr=1520 coppie=169 nuova=81
    305 |    0.0000 |    20.018 | r=18.2 c=0.074 n=176   | tot=1 NUOVI=1 | TRACK accr=1545 coppie=183 nuova=81
    310 |    0.0000 |    20.018 | r=17.2 c=0.070 n=478   | tot=1 NUOVI=1 | TRACK accr=1562 coppie=189 nuova=81
    315 |    0.0000 |    20.018 | r=0.8 c=0.051 n=204    | tot=1 NUOVI=1 | TRACK accr=1584 coppie=198 nuova=81
    320 |    0.0000 |    20.018 | r=17.2 c=0.057 n=508   | tot=2 NUOVI=2 | TRACK accr=1607 coppie=212 nuova=81
    325 |    0.0000 |    20.018 | r=17.8 c=0.073 n=275   | tot=1 NUOVI=1 | TRACK accr=1631 coppie=220 nuova=81
    330 |    0.0000 |    20.018 | r=0.8 c=0.074 n=207    | tot=1 NUOVI=1 | TRACK accr=1659 coppie=231 nuova=81
    335 |    0.0000 |    20.018 | r=17.2 c=0.082 n=550   | tot=1 NUOVI=1 | TRACK accr=1690 coppie=246 nuova=81
    340 |    0.0000 |    20.018 | r=16.8 c=0.064 n=300   | tot=1 NUOVI=1 | TRACK accr=1716 coppie=260 nuova=81
    345 |    0.0000 |    20.018 | r=0.8 c=0.046 n=214    | tot=3 NUOVI=1 | TRACK accr=1737 coppie=268 nuova=81
    350 |    0.0000 |    20.018 | r=0.8 c=0.051 n=224    | tot=2 NUOVI=1 | TRACK accr=1766 coppie=283 nuova=81
    355 |    0.0000 |    20.018 | r=16.8 c=0.055 n=319   | tot=3 NUOVI=2 | TRACK accr=1791 coppie=289 nuova=81
    360 |    0.0000 |    20.018 | r=16.2 c=0.046 n=108   | tot=3 NUOVI=2 | TRACK accr=1818 coppie=305 nuova=81
    365 |    0.0000 |    20.019 | r=16.2 c=0.048 n=111   | tot=2 NUOVI=2 | TRACK accr=1840 coppie=314 nuova=81
    370 |    0.0000 |    20.019 | r=15.8 c=0.056 n=4     | tot=2 NUOVI=1 | TRACK accr=1865 coppie=328 nuova=81
    375 |    0.0000 |    20.019 | r=15.8 c=0.060 n=5     | tot=2 NUOVI=1 | TRACK accr=1884 coppie=338 nuova=81
    380 |    0.0000 |    20.019 | r=0.8 c=0.051 n=238    | tot=2 NUOVI=2 | TRACK accr=1923 coppie=360 nuova=81
    385 |    0.0000 |    20.019 | r=0.8 c=0.057 n=430    | tot=1 NUOVI=1 | TRACK accr=1951 coppie=377 nuova=81
    390 |    0.0000 |    20.019 | r=0.8 c=0.072 n=238    | tot=2 NUOVI=1 | TRACK accr=1977 coppie=393 nuova=81
    395 |    0.0000 |    20.019 | r=8.2 c=0.009 n=5      | tot=2 NUOVI=1 | TRACK accr=1995 coppie=404 nuova=81
    400 |    0.0000 |    20.019 | r=0.8 c=0.088 n=235    | tot=2 NUOVI=2 | TRACK accr=2024 coppie=421 nuova=81
    405 |    0.0000 |    20.019 | r=0.8 c=0.078 n=234    | tot=2 NUOVI=2 | TRACK accr=2055 coppie=436 nuova=81
    410 |    0.0000 |    20.019 | r=0.8 c=0.068 n=236    | tot=1 NUOVI=1 | TRACK accr=2080 coppie=446 nuova=81
    415 |    0.0000 |    20.019 | r=16.2 c=0.098 n=141   | tot=1 NUOVI=1 | TRACK accr=2108 coppie=456 nuova=81
    420 |    0.0000 |    20.019 | r=0.8 c=0.044 n=157    | tot=2 NUOVI=2 | TRACK accr=2134 coppie=470 nuova=81
    425 |    0.0000 |    20.019 | r=0.8 c=0.058 n=160    | tot=2 NUOVI=2 | TRACK accr=2157 coppie=476 nuova=81
    430 |    0.0000 |    20.019 | r=18.8 c=0.086 n=27    | tot=2 NUOVI=2 | TRACK accr=2179 coppie=482 nuova=81
    435 |    0.0000 |    20.019 | r=18.8 c=0.071 n=30    | tot=1 NUOVI=1 | TRACK accr=2203 coppie=494 nuova=81
    440 |    0.0000 |    20.019 | r=18.2 c=0.078 n=194   | tot=1 NUOVI=1 | TRACK accr=2226 coppie=506 nuova=81
    445 |    0.0000 |    20.019 | r=8.2 c=0.007 n=4      | tot=1 NUOVI=1 | TRACK accr=2264 coppie=516 nuova=81
    450 |    0.0000 |    20.019 | r=18.2 c=0.066 n=204   | tot=1 NUOVI=1 | TRACK accr=2309 coppie=540 nuova=81
    455 |    0.0000 |    20.019 | r=18.2 c=0.065 n=291   | tot=1 NUOVI=1 | TRACK accr=2347 coppie=556 nuova=81
    460 |    0.0000 |    20.019 | r=18.2 c=0.085 n=299   | tot=1 NUOVI=1 | TRACK accr=2376 coppie=565 nuova=81
