[calore] calcio termico VETTORIALE+chirale attivo: omega_s 3D eccitato, phivel firmato da perc_chi
[elast] nucleo elastico C = 100.0
[verlet] integratore metrico Velocity-Verlet (2 ordine) attivo
[olon-part] la partizione tangenziale usa curl + twist coerente (verso -> conversione)
[polo-maturo] al twist partecipa la chiralita del polo che matura (twn maggiore)
[sync] aggiornamento sincrono attivo: dph legge la fase dallo snapshot t-1 (Jacobi)
[pav-com] pavimento comovente attivo: d0 >= median(d0)-MAD(d0) invece di 0.05 assoluto
[zeta-vir] freno anisotropo attivo: beta *= cos2 della viriale (dissipa radiale, libera tangenziale)
[chi-basc] basculamento chirale attivo: perc_chi vira secondo la torsione locale vs PHI_CRIT (2pi)
[batch] condensazione: seed=3 passi=300 ogni=5 sep=4.0 nmasse=3
[batch] leggi attive: GRAV_BIFASE=True SPIN_ORBITA(via SPINORE)=True COPPIA_MIT=1.0 lambda=0.800

passo | dens_centr | dist_masse | ANTIGUSCIO(r,c,n) | PICCHI(tot,NUOVI)
[batch] LOG DIAGNOSTICO COMPLETO  -> out_elast\on_300_s3.csv
      0 |    0.0000 |     7.991 | r=5.2 c=0.030 n=10     | tot=3 NUOVI=3 | TRACK accr=1116 coppie=0 nuova=80
      5 |    0.0000 |     7.991 | r=5.2 c=0.021 n=10     | tot=3 NUOVI=0 | TRACK accr=1123 coppie=1 nuova=80
     10 |    0.0000 |     7.991 | r=5.2 c=0.022 n=10     | tot=2 NUOVI=0 | TRACK accr=1126 coppie=2 nuova=80
     15 |    0.0000 |     7.991 | r=3.2 c=0.346 n=7      | tot=2 NUOVI=0 | TRACK accr=1127 coppie=2 nuova=80
     20 |    0.0000 |     7.991 | r=5.2 c=0.096 n=10     | tot=2 NUOVI=0 | TRACK accr=1128 coppie=2 nuova=81
     25 |    0.0000 |     7.991 | r=4.2 c=0.032 n=7      | tot=2 NUOVI=0 | TRACK accr=1129 coppie=2 nuova=81
     30 |    0.0000 |     7.991 | r=5.2 c=0.088 n=10     | tot=2 NUOVI=0 | TRACK accr=1131 coppie=2 nuova=81
     35 |    0.0000 |     7.991 | r=5.2 c=0.113 n=10     | tot=1 NUOVI=0 | TRACK accr=1134 coppie=2 nuova=81
     40 |    0.0000 |     7.991 | r=5.8 c=0.056 n=9      | tot=1 NUOVI=0 | TRACK accr=1135 coppie=2 nuova=81
     45 |    0.0000 |     7.992 | r=5.8 c=0.072 n=9      | tot=1 NUOVI=0 | TRACK accr=1136 coppie=2 nuova=81
     50 |    0.0000 |     7.992 | r=4.8 c=0.243 n=4      | tot=1 NUOVI=0 | TRACK accr=1138 coppie=3 nuova=81
     55 |    0.0000 |     7.992 | r=1.8 c=0.310 n=4      | tot=2 NUOVI=0 | TRACK accr=1138 coppie=3 nuova=81
     60 |    0.0000 |     7.992 | r=5.2 c=0.062 n=10     | tot=2 NUOVI=0 | TRACK accr=1143 coppie=3 nuova=81
     65 |    0.0000 |     7.992 | r=5.8 c=0.276 n=14     | tot=1 NUOVI=0 | TRACK accr=1145 coppie=3 nuova=81
     70 |    0.0000 |     7.992 | r=3.2 c=0.263 n=4      | tot=1 NUOVI=0 | TRACK accr=1145 coppie=3 nuova=81
     75 |    0.0000 |     7.992 | r=3.8 c=0.063 n=9      | tot=1 NUOVI=0 | TRACK accr=1147 coppie=5 nuova=81
     80 |    0.0000 |     7.992 | r=5.2 c=0.080 n=7      | tot=2 NUOVI=0 | TRACK accr=1149 coppie=5 nuova=82
     85 |    0.0000 |     7.992 | r=5.2 c=0.100 n=10     | tot=2 NUOVI=0 | TRACK accr=1151 coppie=5 nuova=82
     90 |    0.0000 |     7.991 | r=5.8 c=0.406 n=21     | tot=2 NUOVI=0 | TRACK accr=1153 coppie=5 nuova=82
     95 |    0.0000 |     7.991 | r=3.2 c=0.286 n=7      | tot=2 NUOVI=0 | TRACK accr=1156 coppie=5 nuova=82
    100 |    0.0000 |     7.991 | r=3.8 c=0.305 n=10     | tot=2 NUOVI=0 | TRACK accr=1156 coppie=5 nuova=82
    105 |    0.0000 |     7.991 | r=3.8 c=0.315 n=10     | tot=1 NUOVI=0 | TRACK accr=1157 coppie=6 nuova=82
    110 |    0.0000 |     7.990 | r=3.8 c=0.328 n=8      | tot=2 NUOVI=0 | TRACK accr=1157 coppie=6 nuova=82
    115 |    0.0000 |     7.990 | r=5.2 c=0.187 n=5      | tot=2 NUOVI=0 | TRACK accr=1159 coppie=6 nuova=82
    120 |    0.0000 |     7.990 | r=7.2 c=0.271 n=241    | tot=2 NUOVI=0 | TRACK accr=1160 coppie=6 nuova=82
    125 |    0.0000 |     7.990 | r=7.2 c=0.210 n=239    | tot=1 NUOVI=0 | TRACK accr=1160 coppie=6 nuova=82
    130 |    0.0000 |     7.989 | r=4.8 c=0.191 n=7      | tot=2 NUOVI=0 | TRACK accr=1160 coppie=6 nuova=82
    135 |    0.0000 |     7.989 | r=5.2 c=0.204 n=7      | tot=2 NUOVI=0 | TRACK accr=1161 coppie=6 nuova=82
    140 |    0.0000 |     7.988 | r=7.2 c=0.193 n=231    | tot=2 NUOVI=0 | TRACK accr=1162 coppie=7 nuova=82
    145 |    0.0000 |     7.988 | r=7.2 c=0.092 n=235    | tot=1 NUOVI=0 | TRACK accr=1163 coppie=7 nuova=82
    150 |    0.0000 |     7.988 | r=7.8 c=0.110 n=142    | tot=1 NUOVI=0 | TRACK accr=1163 coppie=7 nuova=82
    155 |    0.0000 |     7.987 | r=4.2 c=0.103 n=7      | tot=1 NUOVI=0 | TRACK accr=1163 coppie=7 nuova=82
    160 |    0.0000 |     7.987 | r=7.2 c=0.163 n=222    | tot=1 NUOVI=0 | TRACK accr=1164 coppie=7 nuova=82
    165 |    0.0000 |     7.986 | r=0.8 c=0.090 n=189    | tot=1 NUOVI=0 | TRACK accr=1164 coppie=7 nuova=82
    170 |    0.0000 |     7.986 | r=6.8 c=0.106 n=236    | tot=1 NUOVI=0 | TRACK accr=1166 coppie=7 nuova=82
    175 |    0.0000 |     7.985 | r=7.2 c=0.064 n=228    | tot=1 NUOVI=0 | TRACK accr=1167 coppie=8 nuova=82
    180 |    0.0000 |     7.985 | r=7.2 c=0.092 n=213    | tot=1 NUOVI=0 | TRACK accr=1168 coppie=8 nuova=82
    185 |    0.0000 |     7.984 | r=0.8 c=0.142 n=148    | tot=2 NUOVI=0 | TRACK accr=1171 coppie=9 nuova=83
    190 |    0.0000 |     7.984 | r=6.8 c=0.095 n=221    | tot=2 NUOVI=0 | TRACK accr=1173 coppie=10 nuova=83
    195 |    0.0000 |     7.983 | r=5.8 c=0.071 n=48     | tot=2 NUOVI=0 | TRACK accr=1174 coppie=11 nuova=83
    200 |    0.0000 |     7.983 | r=0.8 c=0.071 n=140    | tot=1 NUOVI=0 | TRACK accr=1176 coppie=12 nuova=83
    205 |    0.0000 |     7.982 | r=6.2 c=0.109 n=164    | tot=1 NUOVI=0 | TRACK accr=1176 coppie=12 nuova=83
    210 |    0.0000 |     7.982 | r=7.2 c=0.091 n=202    | tot=1 NUOVI=0 | TRACK accr=1177 coppie=13 nuova=83
    215 |    0.0000 |     7.981 | r=0.8 c=0.089 n=201    | tot=1 NUOVI=0 | TRACK accr=1179 coppie=14 nuova=83
    220 |    0.0000 |     7.981 | r=0.8 c=0.083 n=199    | tot=1 NUOVI=0 | TRACK accr=1181 coppie=16 nuova=83
    225 |    0.0000 |     7.980 | r=6.2 c=0.096 n=167    | tot=1 NUOVI=0 | TRACK accr=1181 coppie=16 nuova=83
    230 |    0.0000 |     7.980 | r=6.2 c=0.120 n=167    | tot=1 NUOVI=0 | TRACK accr=1186 coppie=17 nuova=83
    235 |    0.0000 |     7.979 | r=6.2 c=0.111 n=171    | tot=1 NUOVI=0 | TRACK accr=1188 coppie=18 nuova=84
    240 |    0.0000 |     7.979 | r=6.2 c=0.116 n=171    | tot=1 NUOVI=0 | TRACK accr=1197 coppie=20 nuova=84
    245 |    0.0000 |     7.978 | r=6.2 c=0.140 n=169    | tot=1 NUOVI=0 | TRACK accr=1210 coppie=23 nuova=84
    250 |    0.0000 |     7.978 | r=6.8 c=0.123 n=220    | tot=1 NUOVI=0 | TRACK accr=1218 coppie=26 nuova=84
    255 |    0.0000 |     7.978 | r=6.8 c=0.098 n=223    | tot=1 NUOVI=0 | TRACK accr=1228 coppie=28 nuova=84
    260 |    0.0000 |     7.977 | r=3.8 c=0.081 n=7      | tot=1 NUOVI=0 | TRACK accr=1241 coppie=32 nuova=84
    265 |    0.0000 |     7.977 | r=0.8 c=0.109 n=185    | tot=1 NUOVI=0 | TRACK accr=1253 coppie=41 nuova=86
    270 |    0.0000 |     7.977 | r=6.8 c=0.087 n=238    | tot=1 NUOVI=0 | TRACK accr=1261 coppie=45 nuova=86
    275 |    0.0000 |     7.977 | r=6.2 c=0.082 n=176    | tot=1 NUOVI=0 | TRACK accr=1271 coppie=50 nuova=86
    280 |    0.0000 |     7.976 | r=3.8 c=0.144 n=9      | tot=1 NUOVI=0 | TRACK accr=1277 coppie=50 nuova=86
    285 |    0.0000 |     7.976 | r=6.2 c=0.078 n=176    | tot=1 NUOVI=0 | TRACK accr=1293 coppie=56 nuova=86
    290 |    0.0000 |     7.976 | r=6.2 c=0.080 n=176    | tot=1 NUOVI=0 | TRACK accr=1303 coppie=60 nuova=86
    295 |    0.0000 |     7.976 | r=6.2 c=0.087 n=180    | tot=1 NUOVI=0 | TRACK accr=1314 coppie=62 nuova=86
    300 |    0.0000 |     7.976 | r=0.8 c=0.086 n=158    | tot=1 NUOVI=0 | TRACK accr=1333 coppie=69 nuova=87
[batch] log diagnostico completo salvato in out_elast\on_300_s3.csv

[batch] completato in 1375.3s, 300 passi. CSV salvato in out_elast\cond_on_300_s3.csv
[batch] LETTURA condensazione: se dens_centrale e n_centrali CRESCONO e frac_nati resta
        ALTA mentre dist_masse NON crolla -> NUOVA massa dal vuoto (non accrescimento).
[batch] LETTURA picchi_nuovi: se picchi_nuovi passa da 0 a >=1 a un certo passo, quello e'
        il momento in cui una MASSA NUOVA si stacca dal vuoto (materia isolata che si crea).
[batch] LETTURA antiguscio: se compare un anello a coerenza_min BASSA (antifase) e raggio
        stabile oltre le masse, con nodi presenti -> GUSCIO DI ANTIFASE che avvolge i nuclei
        = massa di scala superiore (il guscio del sistema e antifase, non materia).
