[calore] calcio termico VETTORIALE+chirale attivo: omega_s 3D eccitato, phivel firmato da perc_chi
[elast] nucleo elastico C = 100.0
[verlet] integratore metrico Velocity-Verlet (2 ordine) attivo
[olon-part] la partizione tangenziale usa curl + twist coerente (verso -> conversione)
[polo-maturo] al twist partecipa la chiralita del polo che matura (twn maggiore)
[sync] aggiornamento sincrono attivo: dph legge la fase dallo snapshot t-1 (Jacobi)
[pav-com] pavimento comovente attivo: d0 >= median(d0)-MAD(d0) invece di 0.05 assoluto
[zeta-vir] freno anisotropo attivo: beta *= cos2 della viriale (dissipa radiale, libera tangenziale)
[chi-basc] basculamento chirale attivo: perc_chi vira secondo la torsione locale vs PHI_CRIT (2pi)
[batch] condensazione: seed=1 passi=700 ogni=5 sep=10.0 nmasse=3
[batch] leggi attive: GRAV_BIFASE=True SPIN_ORBITA(via SPINORE)=True COPPIA_MIT=1.0 lambda=0.800

passo | dens_centr | dist_masse | ANTIGUSCIO(r,c,n) | PICCHI(tot,NUOVI)
[batch] LOG DIAGNOSTICO COMPLETO  -> out_elast\on_700_sep10_s1.csv
      0 |    0.0000 |    19.988 | r=8.8 c=0.313 n=5      | tot=1 NUOVI=1 | TRACK accr=1116 coppie=0 nuova=80
      5 |    0.0000 |    19.988 | r=16.8 c=0.065 n=171   | tot=1 NUOVI=0 | TRACK accr=1116 coppie=0 nuova=80
     10 |    0.0000 |    19.988 | r=8.8 c=0.047 n=7      | tot=1 NUOVI=0 | TRACK accr=1116 coppie=0 nuova=80
     15 |    0.0000 |    19.988 | r=17.8 c=0.151 n=217   | tot=1 NUOVI=0 | TRACK accr=1116 coppie=0 nuova=80
     20 |    0.0000 |    19.988 | r=8.2 c=0.042 n=5      | tot=1 NUOVI=0 | TRACK accr=1116 coppie=0 nuova=80
     25 |    0.0000 |    19.988 | r=7.2 c=0.077 n=5      | tot=3 NUOVI=0 | TRACK accr=1116 coppie=0 nuova=80
     30 |    0.0000 |    19.988 | r=8.8 c=0.155 n=7      | tot=3 NUOVI=0 | TRACK accr=1116 coppie=0 nuova=80
     35 |    0.0000 |    19.988 | r=8.8 c=0.261 n=8      | tot=3 NUOVI=0 | TRACK accr=1116 coppie=0 nuova=80
     40 |    0.0000 |    19.988 | r=16.8 c=0.257 n=161   | tot=3 NUOVI=0 | TRACK accr=1116 coppie=0 nuova=80
     45 |    0.0000 |    19.988 | r=7.2 c=0.153 n=4      | tot=3 NUOVI=0 | TRACK accr=1116 coppie=0 nuova=80
     50 |    0.0000 |    19.988 | r=12.8 c=0.208 n=7     | tot=3 NUOVI=0 | TRACK accr=1116 coppie=0 nuova=80
     55 |    0.0000 |    19.988 | r=16.2 c=0.304 n=4     | tot=3 NUOVI=0 | TRACK accr=1116 coppie=0 nuova=80
     60 |    0.0000 |    19.988 | r=9.2 c=0.102 n=7      | tot=2 NUOVI=0 | TRACK accr=1116 coppie=0 nuova=80
     65 |    0.0000 |    19.988 | r=16.8 c=0.364 n=190   | tot=2 NUOVI=0 | TRACK accr=1116 coppie=0 nuova=80
     70 |    0.0000 |    19.988 | r=12.2 c=0.216 n=10    | tot=2 NUOVI=0 | TRACK accr=1116 coppie=0 nuova=80
     75 |    0.0000 |    19.988 | r=12.2 c=0.223 n=9     | tot=2 NUOVI=0 | TRACK accr=1116 coppie=0 nuova=80
     80 |    0.0000 |    19.988 | r=12.8 c=0.203 n=6     | tot=2 NUOVI=0 | TRACK accr=1117 coppie=0 nuova=80
     85 |    0.0000 |    19.988 | r=7.8 c=0.272 n=5      | tot=2 NUOVI=0 | TRACK accr=1117 coppie=0 nuova=80
     90 |    0.0000 |    19.988 | r=7.8 c=0.267 n=5      | tot=2 NUOVI=0 | TRACK accr=1118 coppie=0 nuova=80
     95 |    0.0000 |    19.988 | r=17.2 c=0.268 n=234   | tot=2 NUOVI=0 | TRACK accr=1118 coppie=0 nuova=80
    100 |    0.0000 |    19.988 | r=17.2 c=0.248 n=233   | tot=1 NUOVI=0 | TRACK accr=1118 coppie=0 nuova=80
    105 |    0.0000 |    19.988 | r=11.2 c=0.106 n=8     | tot=1 NUOVI=0 | TRACK accr=1118 coppie=0 nuova=80
    110 |    0.0000 |    19.988 | r=11.2 c=0.246 n=10    | tot=1 NUOVI=0 | TRACK accr=1118 coppie=0 nuova=80
    115 |    0.0000 |    19.988 | r=17.2 c=0.214 n=215   | tot=1 NUOVI=0 | TRACK accr=1118 coppie=0 nuova=80
    120 |    0.0000 |    19.988 | r=17.2 c=0.169 n=211   | tot=2 NUOVI=0 | TRACK accr=1118 coppie=0 nuova=80
    125 |    0.0000 |    19.988 | r=7.8 c=0.241 n=4      | tot=2 NUOVI=0 | TRACK accr=1118 coppie=0 nuova=80
    130 |    0.0000 |    19.988 | r=10.2 c=0.217 n=9     | tot=2 NUOVI=0 | TRACK accr=1118 coppie=0 nuova=80
    135 |    0.0000 |    19.988 | r=17.2 c=0.159 n=201   | tot=2 NUOVI=0 | TRACK accr=1119 coppie=0 nuova=80
    140 |    0.0000 |    19.988 | r=11.2 c=0.052 n=10    | tot=2 NUOVI=0 | TRACK accr=1119 coppie=0 nuova=80
    145 |    0.0000 |    19.988 | r=11.8 c=0.297 n=4     | tot=1 NUOVI=0 | TRACK accr=1119 coppie=0 nuova=80
    150 |    0.0000 |    19.988 | r=11.8 c=0.195 n=4     | tot=2 NUOVI=0 | TRACK accr=1120 coppie=0 nuova=80
    155 |    0.0000 |    19.988 | r=0.8 c=0.255 n=203    | tot=2 NUOVI=0 | TRACK accr=1121 coppie=1 nuova=82
    160 |    0.0000 |    19.988 | r=9.8 c=0.313 n=10     | tot=3 NUOVI=0 | TRACK accr=1123 coppie=2 nuova=82
    165 |    0.0000 |    19.988 | r=9.8 c=0.315 n=5      | tot=3 NUOVI=0 | TRACK accr=1125 coppie=4 nuova=82
    170 |    0.0000 |    19.988 | r=11.8 c=0.325 n=7     | tot=3 NUOVI=0 | TRACK accr=1127 coppie=5 nuova=82
    175 |    0.0000 |    19.988 | r=18.8 c=0.388 n=11    | tot=3 NUOVI=0 | TRACK accr=1131 coppie=5 nuova=82
    180 |    0.0000 |    19.988 | r=11.8 c=0.295 n=7     | tot=3 NUOVI=0 | TRACK accr=1134 coppie=6 nuova=82
    185 |    0.0000 |    19.988 | r=10.2 c=0.137 n=11    | tot=3 NUOVI=0 | TRACK accr=1141 coppie=11 nuova=82
    190 |    0.0000 |    19.988 | r=18.8 c=0.248 n=4     | tot=3 NUOVI=0 | TRACK accr=1146 coppie=12 nuova=82
    195 |    0.0000 |    19.988 | r=11.2 c=0.210 n=8     | tot=3 NUOVI=0 | TRACK accr=1152 coppie=14 nuova=82
    200 |    0.0000 |    19.988 | r=10.2 c=0.235 n=11    | tot=3 NUOVI=0 | TRACK accr=1157 coppie=17 nuova=82
    205 |    0.0000 |    19.988 | r=8.2 c=0.256 n=10     | tot=3 NUOVI=0 | TRACK accr=1159 coppie=17 nuova=82
    210 |    0.0000 |    19.988 | r=10.8 c=0.316 n=10    | tot=3 NUOVI=0 | TRACK accr=1164 coppie=21 nuova=82
    215 |    0.0000 |    19.988 | r=12.8 c=0.046 n=4     | tot=3 NUOVI=0 | TRACK accr=1174 coppie=26 nuova=84
    220 |    0.0000 |    19.988 | r=10.8 c=0.264 n=11    | tot=3 NUOVI=0 | TRACK accr=1186 coppie=32 nuova=84
    225 |    0.0000 |    19.988 | r=16.8 c=0.379 n=177   | tot=3 NUOVI=0 | TRACK accr=1192 coppie=34 nuova=84
    230 |    0.0000 |    19.988 | r=11.8 c=0.181 n=9     | tot=2 NUOVI=2 | TRACK accr=1204 coppie=39 nuova=84
    235 |    0.0000 |    19.988 | r=10.8 c=0.098 n=10    | tot=2 NUOVI=2 | TRACK accr=1214 coppie=42 nuova=84
    240 |    0.0000 |    19.988 | r=1.8 c=0.196 n=5      | tot=2 NUOVI=2 | TRACK accr=1231 coppie=47 nuova=84
    245 |    0.0000 |    19.988 | r=11.2 c=0.191 n=8     | tot=2 NUOVI=1 | TRACK accr=1249 coppie=55 nuova=84
    250 |    0.0000 |    19.988 | r=10.8 c=0.091 n=9     | tot=2 NUOVI=1 | TRACK accr=1266 coppie=68 nuova=84
    255 |    0.0000 |    19.988 | r=9.2 c=0.190 n=7      | tot=2 NUOVI=1 | TRACK accr=1281 coppie=75 nuova=84
    260 |    0.0000 |    19.988 | r=10.2 c=0.100 n=8     | tot=2 NUOVI=2 | TRACK accr=1305 coppie=86 nuova=84
    265 |    0.0000 |    19.988 | r=10.2 c=0.215 n=8     | tot=2 NUOVI=2 | TRACK accr=1329 coppie=97 nuova=84
    270 |    0.0000 |    19.988 | r=10.8 c=0.088 n=9     | tot=2 NUOVI=2 | TRACK accr=1345 coppie=104 nuova=84
    275 |    0.0000 |    19.988 | r=8.8 c=0.190 n=8      | tot=2 NUOVI=2 | TRACK accr=1367 coppie=116 nuova=84
    280 |    0.0000 |    19.988 | r=1.8 c=0.239 n=4      | tot=2 NUOVI=2 | TRACK accr=1382 coppie=126 nuova=84
    285 |    0.0000 |    19.988 | r=17.2 c=0.228 n=355   | tot=2 NUOVI=2 | TRACK accr=1399 coppie=135 nuova=84
    290 |    0.0000 |    19.988 | r=8.8 c=0.244 n=7      | tot=2 NUOVI=2 | TRACK accr=1423 coppie=144 nuova=85
    295 |    0.0000 |    19.988 | r=16.8 c=0.177 n=222   | tot=2 NUOVI=2 | TRACK accr=1441 coppie=152 nuova=85
    300 |    0.0000 |    19.988 | r=16.8 c=0.133 n=224   | tot=2 NUOVI=2 | TRACK accr=1458 coppie=161 nuova=85
    305 |    0.0000 |    19.988 | r=16.8 c=0.093 n=228   | tot=1 NUOVI=1 | TRACK accr=1476 coppie=168 nuova=85
    310 |    0.0000 |    19.988 | r=16.8 c=0.101 n=227   | tot=2 NUOVI=2 | TRACK accr=1494 coppie=175 nuova=85
    315 |    0.0000 |    19.988 | r=0.8 c=0.061 n=262    | tot=2 NUOVI=2 | TRACK accr=1507 coppie=179 nuova=85
    320 |    0.0000 |    19.988 | r=0.8 c=0.068 n=265    | tot=3 NUOVI=3 | TRACK accr=1522 coppie=188 nuova=85
    325 |    0.0000 |    19.988 | r=0.8 c=0.083 n=267    | tot=3 NUOVI=3 | TRACK accr=1538 coppie=194 nuova=85
    330 |    0.0000 |    19.988 | r=0.8 c=0.092 n=269    | tot=3 NUOVI=3 | TRACK accr=1555 coppie=199 nuova=85
    335 |    0.0000 |    19.988 | r=18.2 c=0.080 n=171   | tot=3 NUOVI=3 | TRACK accr=1573 coppie=205 nuova=85
    340 |    0.0000 |    19.988 | r=0.8 c=0.115 n=271    | tot=3 NUOVI=3 | TRACK accr=1601 coppie=217 nuova=85
    345 |    0.0000 |    19.988 | r=0.8 c=0.097 n=274    | tot=3 NUOVI=3 | TRACK accr=1617 coppie=224 nuova=85
    350 |    0.0000 |    19.988 | r=0.8 c=0.091 n=280    | tot=3 NUOVI=3 | TRACK accr=1632 coppie=228 nuova=85
    355 |    0.0000 |    19.988 | r=18.2 c=0.087 n=176   | tot=3 NUOVI=3 | TRACK accr=1655 coppie=236 nuova=85
    360 |    0.0000 |    19.988 | r=18.2 c=0.089 n=177   | tot=3 NUOVI=3 | TRACK accr=1670 coppie=238 nuova=87
    365 |    0.0000 |    19.988 | r=18.2 c=0.095 n=179   | tot=3 NUOVI=3 | TRACK accr=1692 coppie=249 nuova=87
    370 |    0.0000 |    19.988 | r=18.2 c=0.096 n=182   | tot=1 NUOVI=1 | TRACK accr=1710 coppie=255 nuova=87
    375 |    0.0000 |    19.988 | r=18.2 c=0.089 n=184   | tot=1 NUOVI=1 | TRACK accr=1727 coppie=264 nuova=87
    380 |    0.0000 |    19.988 | r=18.2 c=0.107 n=190   | tot=1 NUOVI=1 | TRACK accr=1753 coppie=278 nuova=87
    385 |    0.0000 |    19.988 | r=18.2 c=0.087 n=197   | tot=1 NUOVI=1 | TRACK accr=1769 coppie=285 nuova=87
    390 |    0.0000 |    19.988 | r=18.2 c=0.128 n=203   | tot=2 NUOVI=2 | TRACK accr=1792 coppie=293 nuova=87
    395 |    0.0000 |    19.988 | r=18.2 c=0.136 n=214   | tot=2 NUOVI=2 | TRACK accr=1808 coppie=299 nuova=87
    400 |    0.0000 |    19.988 | r=0.8 c=0.113 n=299    | tot=2 NUOVI=2 | TRACK accr=1831 coppie=313 nuova=87
    405 |    0.0000 |    19.988 | r=16.8 c=0.137 n=288   | tot=2 NUOVI=2 | TRACK accr=1859 coppie=330 nuova=87
    410 |    0.0000 |    19.988 | r=11.2 c=0.126 n=9     | tot=2 NUOVI=2 | TRACK accr=1881 coppie=341 nuova=87
    415 |    0.0000 |    19.988 | r=16.8 c=0.132 n=291   | tot=2 NUOVI=2 | TRACK accr=1898 coppie=357 nuova=87
    420 |    0.0000 |    19.988 | r=2.8 c=0.132 n=5      | tot=2 NUOVI=2 | TRACK accr=1917 coppie=365 nuova=87
    425 |    0.0000 |    19.988 | r=16.8 c=0.153 n=294   | tot=2 NUOVI=2 | TRACK accr=1943 coppie=375 nuova=87
    430 |    0.0000 |    19.988 | r=15.8 c=0.135 n=17    | tot=2 NUOVI=2 | TRACK accr=1961 coppie=381 nuova=87
    435 |    0.0000 |    19.988 | r=0.8 c=0.192 n=288    | tot=2 NUOVI=2 | TRACK accr=1977 coppie=387 nuova=88
    440 |    0.0000 |    19.988 | r=16.8 c=0.139 n=302   | tot=2 NUOVI=2 | TRACK accr=2003 coppie=400 nuova=88
    445 |    0.0000 |    19.988 | r=16.8 c=0.153 n=303   | tot=2 NUOVI=2 | TRACK accr=2024 coppie=407 nuova=88
    450 |    0.0000 |    19.988 | r=16.2 c=0.134 n=194   | tot=2 NUOVI=2 | TRACK accr=2041 coppie=412 nuova=88
    455 |    0.0000 |    19.988 | r=15.8 c=0.163 n=18    | tot=2 NUOVI=2 | TRACK accr=2069 coppie=425 nuova=89
    460 |    0.0000 |    19.988 | r=15.8 c=0.164 n=20    | tot=2 NUOVI=2 | TRACK accr=2091 coppie=437 nuova=89
    465 |    0.0000 |    19.988 | r=19.2 c=0.157 n=13    | tot=2 NUOVI=2 | TRACK accr=2115 coppie=451 nuova=89
    470 |    0.0000 |    19.988 | r=16.2 c=0.149 n=133   | tot=1 NUOVI=1 | TRACK accr=2139 coppie=462 nuova=89
    475 |    0.0000 |    19.988 | r=15.8 c=0.122 n=11    | tot=2 NUOVI=2 | TRACK accr=2159 coppie=472 nuova=89
    480 |    0.0000 |    19.988 | r=18.8 c=0.150 n=81    | tot=1 NUOVI=1 | TRACK accr=2181 coppie=484 nuova=91
    485 |    0.0000 |    19.988 | r=16.8 c=0.156 n=335   | tot=1 NUOVI=1 | TRACK accr=2209 coppie=493 nuova=91
    490 |    0.0000 |    19.988 | r=0.8 c=0.138 n=166    | tot=2 NUOVI=2 | TRACK accr=2229 coppie=501 nuova=91
    495 |    0.0000 |    19.988 | r=19.8 c=0.133 n=5     | tot=1 NUOVI=1 | TRACK accr=2254 coppie=508 nuova=91
    500 |    0.0000 |    19.988 | r=19.2 c=0.091 n=4     | tot=1 NUOVI=1 | TRACK accr=2274 coppie=519 nuova=91
    505 |    0.0000 |    19.988 | r=18.2 c=0.082 n=273   | tot=2 NUOVI=2 | TRACK accr=2308 coppie=531 nuova=91
    510 |    0.0000 |    19.988 | r=18.2 c=0.087 n=275   | tot=2 NUOVI=2 | TRACK accr=2336 coppie=543 nuova=91
    515 |    0.0000 |    19.988 | r=16.2 c=0.084 n=204   | tot=2 NUOVI=2 | TRACK accr=2361 coppie=555 nuova=91
    520 |    0.0000 |    19.988 | r=18.2 c=0.090 n=270   | tot=2 NUOVI=2 | TRACK accr=2386 coppie=567 nuova=91
    525 |    0.0000 |    19.988 | r=11.5 c=0.173 n=105   | tot=1 NUOVI=1 | TRACK accr=2402 coppie=577 nuova=92
    530 |    0.0000 |    19.988 | r=11.5 c=0.175 n=107   | tot=1 NUOVI=1 | TRACK accr=2425 coppie=587 nuova=93
    535 |    0.0000 |    19.988 | r=11.5 c=0.203 n=106   | tot=1 NUOVI=1 | TRACK accr=2446 coppie=597 nuova=93
    540 |    0.0000 |    19.988 | r=11.5 c=0.168 n=109   | tot=1 NUOVI=1 | TRACK accr=2465 coppie=606 nuova=93
    545 |    0.0000 |    19.988 | r=11.5 c=0.189 n=110   | tot=1 NUOVI=1 | TRACK accr=2489 coppie=613 nuova=93
    550 |    0.0000 |    19.988 | r=12.0 c=0.176 n=36    | tot=1 NUOVI=1 | TRACK accr=2513 coppie=625 nuova=93
    555 |    0.0000 |    19.988 | r=11.5 c=0.164 n=113   | tot=1 NUOVI=1 | TRACK accr=2535 coppie=629 nuova=93
    560 |    0.0000 |    19.988 | r=11.5 c=0.154 n=117   | tot=1 NUOVI=1 | TRACK accr=2558 coppie=637 nuova=93
    565 |    0.0000 |    19.988 | r=11.5 c=0.174 n=123   | tot=1 NUOVI=1 | TRACK accr=2584 coppie=651 nuova=93
    570 |    0.0000 |    19.988 | r=11.5 c=0.178 n=131   | tot=1 NUOVI=1 | TRACK accr=2601 coppie=657 nuova=93
    575 |    0.0000 |    19.988 | r=11.5 c=0.192 n=138   | tot=1 NUOVI=1 | TRACK accr=2622 coppie=665 nuova=93
    580 |    0.0000 |    19.988 | r=11.5 c=0.179 n=141   | tot=1 NUOVI=1 | TRACK accr=2644 coppie=674 nuova=93
    585 |    0.0000 |    19.988 | r=11.5 c=0.174 n=148   | tot=1 NUOVI=1 | TRACK accr=2670 coppie=689 nuova=93
    590 |    0.0000 |    19.988 | r=11.5 c=0.230 n=148   | tot=1 NUOVI=1 | TRACK accr=2689 coppie=695 nuova=93
    595 |    0.0000 |    19.988 | r=11.5 c=0.193 n=152   | tot=1 NUOVI=1 | TRACK accr=2715 coppie=708 nuova=93
    600 |    0.0000 |    19.988 | r=11.5 c=0.198 n=154   | tot=1 NUOVI=1 | TRACK accr=2740 coppie=720 nuova=93
    605 |    0.0000 |    19.988 | r=11.5 c=0.183 n=161   | tot=1 NUOVI=1 | TRACK accr=2763 coppie=731 nuova=93
    610 |    0.0000 |    19.988 | r=11.5 c=0.158 n=162   | tot=1 NUOVI=1 | TRACK accr=2782 coppie=737 nuova=94
    615 |    0.0000 |    19.988 | r=11.5 c=0.193 n=166   | tot=1 NUOVI=1 | TRACK accr=2822 coppie=751 nuova=94
    620 |    0.0000 |    19.988 | r=11.5 c=0.181 n=172   | tot=1 NUOVI=1 | TRACK accr=2852 coppie=767 nuova=94
    625 |    0.0000 |    19.988 | r=11.5 c=0.165 n=179   | tot=1 NUOVI=1 | TRACK accr=2880 coppie=783 nuova=96
    630 |    0.0000 |    19.988 | r=11.5 c=0.152 n=179   | tot=1 NUOVI=1 | TRACK accr=2898 coppie=799 nuova=96
    635 |    0.0000 |    19.988 | r=11.5 c=0.156 n=188   | tot=1 NUOVI=1 | TRACK accr=2928 coppie=811 nuova=96
    640 |    0.0000 |    19.988 | r=11.5 c=0.154 n=188   | tot=1 NUOVI=1 | TRACK accr=2954 coppie=822 nuova=96
    645 |    0.0000 |    19.988 | r=11.5 c=0.147 n=192   | tot=1 NUOVI=1 | TRACK accr=2978 coppie=836 nuova=96
    650 |    0.0000 |    19.988 | r=11.5 c=0.166 n=184   | tot=1 NUOVI=1 | TRACK accr=2999 coppie=846 nuova=96
    655 |    0.0000 |    19.988 | r=11.5 c=0.142 n=188   | tot=1 NUOVI=1 | TRACK accr=3031 coppie=864 nuova=96
    660 |    0.0000 |    19.988 | r=11.5 c=0.217 n=194   | tot=1 NUOVI=1 | TRACK accr=3062 coppie=879 nuova=97
    665 |    0.0000 |    19.988 | r=11.5 c=0.178 n=201   | tot=1 NUOVI=1 | TRACK accr=3093 coppie=895 nuova=97
    670 |    0.0000 |    19.988 | r=12.0 c=0.209 n=78    | tot=1 NUOVI=1 | TRACK accr=3116 coppie=908 nuova=97
    675 |    0.0000 |    19.988 | r=11.5 c=0.180 n=199   | tot=1 NUOVI=1 | TRACK accr=3142 coppie=925 nuova=97
    680 |    0.0000 |    19.988 | r=11.5 c=0.165 n=207   | tot=1 NUOVI=1 | TRACK accr=3170 coppie=937 nuova=98
    685 |    0.0000 |    19.988 | r=11.5 c=0.179 n=217   | tot=1 NUOVI=1 | TRACK accr=3200 coppie=954 nuova=98
    690 |    0.0000 |    19.988 | r=11.5 c=0.191 n=221   | tot=1 NUOVI=1 | TRACK accr=3225 coppie=965 nuova=98
    695 |    0.0000 |    19.988 | r=11.5 c=0.196 n=226   | tot=1 NUOVI=1 | TRACK accr=3255 coppie=979 nuova=98
    700 |    0.0000 |    19.988 | r=11.5 c=0.174 n=232   | tot=1 NUOVI=1 | TRACK accr=3290 coppie=993 nuova=99
[batch] log diagnostico completo salvato in out_elast\on_700_sep10_s1.csv

[batch] completato in 3982.3s, 700 passi. CSV salvato in out_elast\cond_on_700_sep10_s1.csv
[batch] LETTURA condensazione: se dens_centrale e n_centrali CRESCONO e frac_nati resta
        ALTA mentre dist_masse NON crolla -> NUOVA massa dal vuoto (non accrescimento).
[batch] LETTURA picchi_nuovi: se picchi_nuovi passa da 0 a >=1 a un certo passo, quello e'
        il momento in cui una MASSA NUOVA si stacca dal vuoto (materia isolata che si crea).
[batch] LETTURA antiguscio: se compare un anello a coerenza_min BASSA (antifase) e raggio
        stabile oltre le masse, con nodi presenti -> GUSCIO DI ANTIFASE che avvolge i nuclei
        = massa di scala superiore (il guscio del sistema e antifase, non materia).
