[calore] calcio termico VETTORIALE+chirale attivo: omega_s 3D eccitato, phivel firmato da perc_chi
[elast] nucleo elastico C = 100.0
[verlet] integratore metrico Velocity-Verlet (2 ordine) attivo
[olon-part] la partizione tangenziale usa curl + twist coerente (verso -> conversione)
[polo-maturo] al twist partecipa la chiralita del polo che matura (twn maggiore)
[sync] aggiornamento sincrono attivo: dph legge la fase dallo snapshot t-1 (Jacobi)
[pav-com] pavimento comovente attivo: d0 >= median(d0)-MAD(d0) invece di 0.05 assoluto
[zeta-vir] freno anisotropo attivo: beta *= cos2 della viriale (dissipa radiale, libera tangenziale)
[chi-basc] basculamento chirale attivo: perc_chi vira secondo la torsione locale vs PHI_CRIT (2pi)
[batch] condensazione: seed=2 passi=300 ogni=5 sep=4.0 nmasse=3
[batch] leggi attive: GRAV_BIFASE=True SPIN_ORBITA(via SPINORE)=True COPPIA_MIT=1.0 lambda=0.800

passo | dens_centr | dist_masse | ANTIGUSCIO(r,c,n) | PICCHI(tot,NUOVI)
[batch] LOG DIAGNOSTICO COMPLETO  -> out_elast\on_300_s2.csv
      0 |    0.0000 |     8.018 | r=3.2 c=0.307 n=5      | tot=2 NUOVI=2 | TRACK accr=1116 coppie=0 nuova=80
      5 |    0.0000 |     8.018 | r=3.2 c=0.300 n=5      | tot=2 NUOVI=0 | TRACK accr=1116 coppie=0 nuova=80
     10 |    0.0000 |     8.018 | r=4.8 c=0.166 n=7      | tot=2 NUOVI=0 | TRACK accr=1117 coppie=1 nuova=80
     15 |    0.0000 |     8.018 | r=4.8 c=0.350 n=7      | tot=2 NUOVI=0 | TRACK accr=1118 coppie=1 nuova=80
     20 |    0.0000 |     8.018 | r=3.2 c=0.377 n=5      | tot=2 NUOVI=0 | TRACK accr=1121 coppie=1 nuova=80
     25 |    0.0000 |     8.019 | r=5.2 c=0.320 n=12     | tot=2 NUOVI=0 | TRACK accr=1124 coppie=1 nuova=80
     30 |    0.0000 |     8.019 | r=4.8 c=0.312 n=7      | tot=2 NUOVI=0 | TRACK accr=1128 coppie=1 nuova=80
     35 |    0.0000 |     8.019 | r=4.8 c=0.305 n=7      | tot=3 NUOVI=0 | TRACK accr=1130 coppie=1 nuova=80
     40 |    0.0000 |     8.019 | r=4.8 c=0.394 n=7      | tot=3 NUOVI=0 | TRACK accr=1132 coppie=3 nuova=80
     45 |    0.0000 |     8.019 | r=6.2 c=0.329 n=117    | tot=3 NUOVI=0 | TRACK accr=1133 coppie=4 nuova=80
     50 |    0.0000 |     8.019 | r=6.2 c=0.210 n=122    | tot=3 NUOVI=0 | TRACK accr=1134 coppie=4 nuova=80
     55 |    0.0000 |     8.019 | r=6.2 c=0.157 n=122    | tot=1 NUOVI=0 | TRACK accr=1135 coppie=4 nuova=80
     60 |    0.0000 |     8.019 | r=6.2 c=0.186 n=127    | tot=2 NUOVI=0 | TRACK accr=1135 coppie=4 nuova=80
     65 |    0.0000 |     8.019 | r=6.8 c=0.260 n=291    | tot=2 NUOVI=0 | TRACK accr=1136 coppie=4 nuova=80
     70 |    0.0000 |     8.019 | r=4.2 c=0.389 n=9      | tot=3 NUOVI=0 | TRACK accr=1137 coppie=4 nuova=80
     75 |    0.0000 |     8.019 | r=5.8 c=0.123 n=16     | tot=2 NUOVI=0 | TRACK accr=1138 coppie=4 nuova=80
     80 |    0.0000 |     8.019 | r=0.8 c=0.321 n=306    | tot=1 NUOVI=0 | TRACK accr=1139 coppie=4 nuova=80
     85 |    0.0000 |     8.018 | r=6.2 c=0.185 n=137    | tot=1 NUOVI=0 | TRACK accr=1142 coppie=6 nuova=80
     90 |    0.0000 |     8.018 | r=6.8 c=0.132 n=269    | tot=1 NUOVI=0 | TRACK accr=1142 coppie=6 nuova=80
     95 |    0.0000 |     8.017 | r=6.8 c=0.178 n=264    | tot=1 NUOVI=0 | TRACK accr=1142 coppie=6 nuova=80
    100 |    0.0000 |     8.017 | r=5.2 c=0.215 n=6      | tot=2 NUOVI=0 | TRACK accr=1142 coppie=6 nuova=80
    105 |    0.0000 |     8.016 | r=5.2 c=0.070 n=9      | tot=1 NUOVI=0 | TRACK accr=1143 coppie=6 nuova=80
    110 |    0.0000 |     8.016 | r=5.8 c=0.218 n=25     | tot=2 NUOVI=0 | TRACK accr=1143 coppie=6 nuova=80
    115 |    0.0000 |     8.015 | r=2.2 c=0.126 n=5      | tot=2 NUOVI=0 | TRACK accr=1145 coppie=7 nuova=80
    120 |    0.0000 |     8.014 | r=4.8 c=0.153 n=6      | tot=2 NUOVI=0 | TRACK accr=1147 coppie=7 nuova=80
    125 |    0.0000 |     8.014 | r=5.2 c=0.146 n=8      | tot=3 NUOVI=0 | TRACK accr=1148 coppie=7 nuova=80
    130 |    0.0000 |     8.013 | r=5.2 c=0.091 n=8      | tot=3 NUOVI=0 | TRACK accr=1150 coppie=8 nuova=80
    135 |    0.0000 |     8.012 | r=5.2 c=0.107 n=8      | tot=3 NUOVI=0 | TRACK accr=1151 coppie=9 nuova=80
    140 |    0.0000 |     8.011 | r=5.2 c=0.088 n=11     | tot=2 NUOVI=0 | TRACK accr=1152 coppie=9 nuova=80
    145 |    0.0000 |     8.011 | r=6.8 c=0.213 n=240    | tot=2 NUOVI=0 | TRACK accr=1154 coppie=9 nuova=80
    150 |    0.0000 |     8.010 | r=6.2 c=0.160 n=139    | tot=2 NUOVI=0 | TRACK accr=1157 coppie=9 nuova=80
    155 |    0.0000 |     8.009 | r=5.2 c=0.115 n=7      | tot=2 NUOVI=0 | TRACK accr=1162 coppie=9 nuova=80
    160 |    0.0000 |     8.008 | r=6.8 c=0.188 n=221    | tot=2 NUOVI=0 | TRACK accr=1164 coppie=9 nuova=80
    165 |    0.0000 |     8.008 | r=6.2 c=0.246 n=164    | tot=2 NUOVI=0 | TRACK accr=1166 coppie=10 nuova=80
    170 |    0.0000 |     8.007 | r=5.2 c=0.248 n=6      | tot=3 NUOVI=0 | TRACK accr=1169 coppie=11 nuova=80
    175 |    0.0000 |     8.006 | r=6.2 c=0.252 n=157    | tot=3 NUOVI=0 | TRACK accr=1170 coppie=11 nuova=80
    180 |    0.0000 |     8.005 | r=5.2 c=0.207 n=6      | tot=3 NUOVI=0 | TRACK accr=1171 coppie=11 nuova=80
    185 |    0.0000 |     8.005 | r=5.8 c=0.298 n=43     | tot=3 NUOVI=0 | TRACK accr=1175 coppie=11 nuova=80
    190 |    0.0000 |     8.004 | r=5.2 c=0.254 n=6      | tot=2 NUOVI=0 | TRACK accr=1178 coppie=11 nuova=80
    195 |    0.0000 |     8.003 | r=5.2 c=0.107 n=6      | tot=3 NUOVI=0 | TRACK accr=1185 coppie=15 nuova=80
    200 |    0.0000 |     8.003 | r=4.8 c=0.191 n=10     | tot=3 NUOVI=0 | TRACK accr=1188 coppie=15 nuova=80
    205 |    0.0000 |     8.002 | r=5.2 c=0.131 n=7      | tot=2 NUOVI=0 | TRACK accr=1192 coppie=17 nuova=80
    210 |    0.0000 |     8.001 | r=4.8 c=0.256 n=7      | tot=2 NUOVI=0 | TRACK accr=1198 coppie=18 nuova=80
    215 |    0.0000 |     8.001 | r=5.2 c=0.237 n=7      | tot=2 NUOVI=0 | TRACK accr=1207 coppie=23 nuova=80
    220 |    0.0000 |     8.000 | r=5.2 c=0.230 n=7      | tot=2 NUOVI=0 | TRACK accr=1214 coppie=24 nuova=80
    225 |    0.0000 |     7.999 | r=4.2 c=0.199 n=8      | tot=2 NUOVI=0 | TRACK accr=1225 coppie=29 nuova=80
    230 |    0.0000 |     7.999 | r=5.8 c=0.208 n=46     | tot=2 NUOVI=0 | TRACK accr=1233 coppie=32 nuova=80
    235 |    0.0000 |     7.998 | r=4.8 c=0.197 n=6      | tot=2 NUOVI=0 | TRACK accr=1238 coppie=34 nuova=80
    240 |    0.0000 |     7.998 | r=5.8 c=0.164 n=48     | tot=1 NUOVI=0 | TRACK accr=1255 coppie=37 nuova=80
    245 |    0.0000 |     7.997 | r=5.8 c=0.146 n=49     | tot=1 NUOVI=0 | TRACK accr=1267 coppie=42 nuova=80
    250 |    0.0000 |     7.997 | r=6.2 c=0.152 n=193    | tot=1 NUOVI=0 | TRACK accr=1280 coppie=47 nuova=80
    255 |    0.0000 |     7.996 | r=5.8 c=0.172 n=54     | tot=1 NUOVI=0 | TRACK accr=1290 coppie=51 nuova=80
    260 |    0.0000 |     7.996 | r=5.2 c=0.190 n=9      | tot=1 NUOVI=0 | TRACK accr=1299 coppie=54 nuova=80
    265 |    0.0000 |     7.995 | r=2.2 c=0.168 n=5      | tot=1 NUOVI=0 | TRACK accr=1315 coppie=59 nuova=80
    270 |    0.0000 |     7.995 | r=5.2 c=0.139 n=7      | tot=1 NUOVI=0 | TRACK accr=1325 coppie=63 nuova=80
    275 |    0.0000 |     7.995 | r=7.8 c=0.215 n=169    | tot=1 NUOVI=0 | TRACK accr=1344 coppie=66 nuova=80
    280 |    0.0000 |     7.994 | r=2.8 c=0.242 n=6      | tot=1 NUOVI=0 | TRACK accr=1357 coppie=68 nuova=80
    285 |    0.0000 |     7.994 | r=2.2 c=0.188 n=7      | tot=2 NUOVI=0 | TRACK accr=1379 coppie=77 nuova=80
    290 |    0.0000 |     7.994 | r=7.8 c=0.234 n=167    | tot=2 NUOVI=0 | TRACK accr=1406 coppie=86 nuova=80
    295 |    0.0000 |     7.994 | r=5.2 c=0.040 n=4      | tot=2 NUOVI=0 | TRACK accr=1428 coppie=95 nuova=80
    300 |    0.0000 |     7.993 | r=2.8 c=0.206 n=5      | tot=2 NUOVI=0 | TRACK accr=1450 coppie=107 nuova=80
[batch] log diagnostico completo salvato in out_elast\on_300_s2.csv

[batch] completato in 1374.2s, 300 passi. CSV salvato in out_elast\cond_on_300_s2.csv
[batch] LETTURA condensazione: se dens_centrale e n_centrali CRESCONO e frac_nati resta
        ALTA mentre dist_masse NON crolla -> NUOVA massa dal vuoto (non accrescimento).
[batch] LETTURA picchi_nuovi: se picchi_nuovi passa da 0 a >=1 a un certo passo, quello e'
        il momento in cui una MASSA NUOVA si stacca dal vuoto (materia isolata che si crea).
[batch] LETTURA antiguscio: se compare un anello a coerenza_min BASSA (antifase) e raggio
        stabile oltre le masse, con nodi presenti -> GUSCIO DI ANTIFASE che avvolge i nuclei
        = massa di scala superiore (il guscio del sistema e antifase, non materia).
