[calore] calcio termico VETTORIALE+chirale attivo: omega_s 3D eccitato, phivel firmato da perc_chi
[elast] nucleo elastico C = 0.0
[verlet] integratore metrico Velocity-Verlet (2 ordine) attivo
[olon-part] la partizione tangenziale usa curl + twist coerente (verso -> conversione)
[polo-maturo] al twist partecipa la chiralita del polo che matura (twn maggiore)
[sync] aggiornamento sincrono attivo: dph legge la fase dallo snapshot t-1 (Jacobi)
[pav-com] pavimento comovente attivo: d0 >= median(d0)-MAD(d0) invece di 0.05 assoluto
[zeta-vir] freno anisotropo attivo: beta *= cos2 della viriale (dissipa radiale, libera tangenziale)
[chi-basc] basculamento chirale attivo: perc_chi vira secondo la torsione locale vs PHI_CRIT (2pi)
[batch] condensazione: seed=3 passi=700 ogni=5 sep=10.0 nmasse=3
[batch] leggi attive: GRAV_BIFASE=True SPIN_ORBITA(via SPINORE)=True COPPIA_MIT=1.0 lambda=0.800

passo | dens_centr | dist_masse | ANTIGUSCIO(r,c,n) | PICCHI(tot,NUOVI)
[batch] LOG DIAGNOSTICO COMPLETO  -> out_elast\off_700_sep10_s3.csv
      0 |    0.0000 |    19.991 | r=10.8 c=0.199 n=7     | tot=3 NUOVI=3 | TRACK accr=1116 coppie=0 nuova=80
      5 |    0.0000 |    19.991 | r=17.8 c=0.043 n=240   | tot=1 NUOVI=0 | TRACK accr=1116 coppie=0 nuova=80
     10 |    0.0000 |    19.991 | r=17.8 c=0.156 n=240   | tot=3 NUOVI=0 | TRACK accr=1116 coppie=0 nuova=80
     15 |    0.0000 |    19.991 | r=9.2 c=0.256 n=9      | tot=2 NUOVI=0 | TRACK accr=1117 coppie=0 nuova=80
     20 |    0.0000 |    19.991 | r=8.8 c=0.297 n=5      | tot=2 NUOVI=0 | TRACK accr=1117 coppie=0 nuova=80
     25 |    0.0000 |    19.991 | r=9.8 c=0.323 n=7      | tot=3 NUOVI=0 | TRACK accr=1117 coppie=0 nuova=80
     30 |    0.0000 |    19.991 | r=12.2 c=0.183 n=9     | tot=3 NUOVI=0 | TRACK accr=1117 coppie=0 nuova=80
     35 |    0.0000 |    19.991 | r=17.2 c=0.238 n=329   | tot=3 NUOVI=0 | TRACK accr=1117 coppie=0 nuova=80
     40 |    0.0000 |    19.991 | r=17.2 c=0.295 n=298   | tot=3 NUOVI=0 | TRACK accr=1117 coppie=0 nuova=80
     45 |    0.0000 |    19.991 | r=12.2 c=0.216 n=10    | tot=3 NUOVI=0 | TRACK accr=1117 coppie=0 nuova=80
     50 |    0.0000 |    19.991 | r=9.8 c=0.266 n=7      | tot=3 NUOVI=0 | TRACK accr=1117 coppie=0 nuova=80
     55 |    0.0000 |    19.991 | r=8.8 c=0.197 n=6      | tot=3 NUOVI=0 | TRACK accr=1117 coppie=0 nuova=80
     60 |    0.0000 |    19.991 | r=8.8 c=0.113 n=7      | tot=3 NUOVI=0 | TRACK accr=1117 coppie=0 nuova=80
     65 |    0.0000 |    19.991 | r=1.2 c=0.539 n=8      | tot=3 NUOVI=0 | TRACK accr=1117 coppie=0 nuova=80
     70 |    0.0000 |    19.991 | r=9.2 c=0.403 n=7      | tot=3 NUOVI=0 | TRACK accr=1117 coppie=0 nuova=80
     75 |    0.0000 |    19.991 | r=16.8 c=0.497 n=174   | tot=3 NUOVI=0 | TRACK accr=1117 coppie=0 nuova=80
     80 |    0.0000 |    19.991 | r=11.2 c=0.586 n=9     | tot=3 NUOVI=0 | TRACK accr=1117 coppie=0 nuova=80
     85 |    0.0000 |    19.991 | r=11.2 c=0.523 n=8     | tot=3 NUOVI=0 | TRACK accr=1117 coppie=0 nuova=80
     90 |    0.0000 |    19.991 | r=8.8 c=0.657 n=9      | tot=3 NUOVI=0 | TRACK accr=1117 coppie=0 nuova=80
     95 |    0.0000 |    19.991 | r=11.8 c=0.262 n=7     | tot=2 NUOVI=0 | TRACK accr=1117 coppie=0 nuova=80
    100 |    0.0000 |    19.991 | r=1.2 c=0.594 n=81     | tot=2 NUOVI=0 | TRACK accr=1118 coppie=0 nuova=80
    105 |    0.0000 |    19.991 | r=9.8 c=0.340 n=13     | tot=2 NUOVI=0 | TRACK accr=1118 coppie=0 nuova=80
    110 |    0.0000 |    19.991 | r=9.8 c=0.169 n=12     | tot=2 NUOVI=0 | TRACK accr=1118 coppie=0 nuova=80
    115 |    0.0000 |    19.991 | r=9.8 c=0.531 n=12     | tot=2 NUOVI=0 | TRACK accr=1120 coppie=2 nuova=80
    120 |    0.0000 |    19.991 | r=9.8 c=0.498 n=11     | tot=1 NUOVI=0 | TRACK accr=1120 coppie=2 nuova=80
    125 |    0.0000 |    19.991 | r=10.8 c=0.140 n=6     | tot=1 NUOVI=0 | TRACK accr=1120 coppie=4 nuova=80
    130 |    0.0000 |    19.991 | r=10.8 c=0.143 n=7     | tot=2 NUOVI=0 | TRACK accr=1121 coppie=5 nuova=81
    135 |    0.0000 |    19.991 | r=8.8 c=0.174 n=11     | tot=1 NUOVI=0 | TRACK accr=1121 coppie=5 nuova=81
    140 |    0.0000 |    19.991 | r=11.2 c=0.248 n=10    | tot=2 NUOVI=0 | TRACK accr=1121 coppie=5 nuova=81
    145 |    0.0000 |    19.991 | r=9.8 c=0.287 n=10     | tot=1 NUOVI=0 | TRACK accr=1121 coppie=5 nuova=81
    150 |    0.0000 |    19.991 | r=10.8 c=0.107 n=6     | tot=1 NUOVI=0 | TRACK accr=1121 coppie=5 nuova=81
    155 |    0.0000 |    19.991 | r=0.8 c=0.138 n=159    | tot=1 NUOVI=0 | TRACK accr=1123 coppie=5 nuova=81
    160 |    0.0000 |    19.991 | r=9.2 c=0.223 n=10     | tot=1 NUOVI=0 | TRACK accr=1124 coppie=5 nuova=81
    165 |    0.0000 |    19.991 | r=15.8 c=0.272 n=4     | tot=2 NUOVI=0 | TRACK accr=1126 coppie=5 nuova=81
    170 |    0.0000 |    19.991 | r=9.2 c=0.123 n=11     | tot=2 NUOVI=0 | TRACK accr=1127 coppie=5 nuova=81
    175 |    0.0000 |    19.991 | r=0.8 c=0.143 n=130    | tot=2 NUOVI=0 | TRACK accr=1131 coppie=8 nuova=81
    180 |    0.0000 |    19.991 | r=15.8 c=0.214 n=5     | tot=2 NUOVI=0 | TRACK accr=1137 coppie=10 nuova=81
    185 |    0.0000 |    19.991 | r=18.8 c=0.164 n=26    | tot=2 NUOVI=0 | TRACK accr=1140 coppie=10 nuova=81
    190 |    0.0000 |    19.991 | r=1.8 c=0.140 n=32     | tot=1 NUOVI=0 | TRACK accr=1145 coppie=12 nuova=81
    195 |    0.0000 |    19.991 | r=0.8 c=0.059 n=153    | tot=1 NUOVI=0 | TRACK accr=1151 coppie=15 nuova=81
    200 |    0.0000 |    19.991 | r=10.2 c=0.110 n=6     | tot=1 NUOVI=0 | TRACK accr=1157 coppie=16 nuova=81
    205 |    0.0000 |    19.991 | r=9.8 c=0.106 n=7      | tot=1 NUOVI=0 | TRACK accr=1165 coppie=18 nuova=81
    210 |    0.0000 |    19.991 | r=17.8 c=0.078 n=179   | tot=1 NUOVI=0 | TRACK accr=1167 coppie=19 nuova=83
    215 |    0.0000 |    19.991 | r=0.8 c=0.095 n=146    | tot=1 NUOVI=0 | TRACK accr=1173 coppie=23 nuova=83
    220 |    0.0000 |    19.991 | r=0.8 c=0.114 n=76     | tot=1 NUOVI=0 | TRACK accr=1183 coppie=28 nuova=84
    225 |    0.0000 |    19.991 | r=15.8 c=0.137 n=9     | tot=1 NUOVI=0 | TRACK accr=1192 coppie=31 nuova=84
    230 |    0.0000 |    19.991 | r=0.8 c=0.115 n=136    | tot=1 NUOVI=0 | TRACK accr=1208 coppie=38 nuova=84
    235 |    0.0000 |    19.991 | r=16.2 c=0.133 n=80    | tot=1 NUOVI=0 | TRACK accr=1218 coppie=40 nuova=84
    240 |    0.0000 |    19.991 | r=0.8 c=0.064 n=83     | tot=1 NUOVI=0 | TRACK accr=1234 coppie=47 nuova=84
    245 |    0.0000 |    19.991 | r=0.8 c=0.083 n=83     | tot=1 NUOVI=0 | TRACK accr=1248 coppie=55 nuova=84
    250 |    0.0000 |    19.991 | r=0.8 c=0.080 n=90     | tot=1 NUOVI=0 | TRACK accr=1262 coppie=61 nuova=84
    255 |    0.0000 |    19.991 | r=15.8 c=0.092 n=11    | tot=1 NUOVI=0 | TRACK accr=1276 coppie=68 nuova=84
    260 |    0.0000 |    19.991 | r=0.8 c=0.079 n=94     | tot=1 NUOVI=0 | TRACK accr=1293 coppie=73 nuova=84
    265 |    0.0000 |    19.991 | r=0.8 c=0.081 n=165    | tot=1 NUOVI=0 | TRACK accr=1311 coppie=81 nuova=84
    270 |    0.0000 |    19.991 | r=0.8 c=0.064 n=103    | tot=2 NUOVI=0 | TRACK accr=1336 coppie=95 nuova=84
    275 |    0.0000 |    19.991 | r=18.2 c=0.095 n=139   | tot=2 NUOVI=0 | TRACK accr=1359 coppie=106 nuova=84
    280 |    0.0000 |    19.991 | r=10.2 c=0.078 n=11    | tot=2 NUOVI=0 | TRACK accr=1378 coppie=113 nuova=84
    285 |    0.0000 |    19.991 | r=0.8 c=0.091 n=126    | tot=1 NUOVI=0 | TRACK accr=1396 coppie=119 nuova=84
    290 |    0.0000 |    19.991 | r=0.8 c=0.063 n=161    | tot=1 NUOVI=0 | TRACK accr=1414 coppie=126 nuova=84
    295 |    0.0000 |    19.991 | r=16.8 c=0.056 n=205   | tot=1 NUOVI=0 | TRACK accr=1436 coppie=134 nuova=84
    300 |    0.0000 |    19.991 | r=18.2 c=0.077 n=142   | tot=1 NUOVI=0 | TRACK accr=1454 coppie=142 nuova=84
    305 |    0.0000 |    19.991 | r=17.8 c=0.059 n=271   | tot=1 NUOVI=0 | TRACK accr=1467 coppie=146 nuova=84
    310 |    0.0000 |    19.991 | r=11.8 c=0.057 n=7     | tot=1 NUOVI=0 | TRACK accr=1483 coppie=155 nuova=84
    315 |    0.0000 |    19.991 | r=0.8 c=0.044 n=154    | tot=1 NUOVI=0 | TRACK accr=1519 coppie=174 nuova=84
    320 |    0.0000 |    19.991 | r=0.8 c=0.072 n=154    | tot=1 NUOVI=0 | TRACK accr=1540 coppie=182 nuova=84
    325 |    0.0000 |    19.991 | r=0.8 c=0.071 n=166    | tot=1 NUOVI=0 | TRACK accr=1563 coppie=193 nuova=84
    330 |    0.0000 |    19.991 | r=11.8 c=0.063 n=7     | tot=1 NUOVI=0 | TRACK accr=1587 coppie=203 nuova=84
    335 |    0.0000 |    19.991 | r=8.2 c=0.084 n=4      | tot=1 NUOVI=0 | TRACK accr=1614 coppie=217 nuova=85
    340 |    0.0000 |    19.991 | r=0.8 c=0.056 n=175    | tot=1 NUOVI=0 | TRACK accr=1635 coppie=226 nuova=85
    345 |    0.0000 |    19.991 | r=17.8 c=0.055 n=301   | tot=1 NUOVI=0 | TRACK accr=1655 coppie=233 nuova=85
    350 |    0.0000 |    19.991 | r=0.8 c=0.038 n=187    | tot=1 NUOVI=0 | TRACK accr=1674 coppie=245 nuova=85
    355 |    0.0000 |    19.991 | r=17.8 c=0.062 n=317   | tot=1 NUOVI=0 | TRACK accr=1710 coppie=262 nuova=85
    360 |    0.0000 |    19.991 | r=0.8 c=0.055 n=199    | tot=1 NUOVI=0 | TRACK accr=1745 coppie=275 nuova=85
    365 |    0.0000 |    19.991 | r=17.8 c=0.068 n=319   | tot=1 NUOVI=0 | TRACK accr=1770 coppie=284 nuova=85
    370 |    0.0000 |    19.991 | r=0.8 c=0.100 n=207    | tot=1 NUOVI=0 | TRACK accr=1798 coppie=296 nuova=85
    375 |    0.0000 |    19.991 | r=18.2 c=0.081 n=185   | tot=1 NUOVI=0 | TRACK accr=1826 coppie=309 nuova=85
    380 |    0.0000 |    19.991 | r=0.8 c=0.086 n=211    | tot=1 NUOVI=0 | TRACK accr=1860 coppie=320 nuova=85
    385 |    0.0000 |    19.991 | r=0.8 c=0.083 n=174    | tot=1 NUOVI=0 | TRACK accr=1877 coppie=324 nuova=85
    390 |    0.0000 |    19.991 | r=0.8 c=0.090 n=227    | tot=1 NUOVI=0 | TRACK accr=1908 coppie=343 nuova=85
    395 |    0.0000 |    19.991 | r=0.8 c=0.105 n=187    | tot=1 NUOVI=0 | TRACK accr=1939 coppie=357 nuova=85
    400 |    0.0000 |    19.991 | r=15.2 c=0.118 n=5     | tot=1 NUOVI=0 | TRACK accr=1962 coppie=369 nuova=85
    405 |    0.0000 |    19.991 | r=0.8 c=0.068 n=258    | tot=1 NUOVI=0 | TRACK accr=1992 coppie=383 nuova=85
    410 |    0.0000 |    19.991 | r=0.8 c=0.083 n=274    | tot=1 NUOVI=0 | TRACK accr=2041 coppie=406 nuova=85
    415 |    0.0000 |    19.991 | r=16.8 c=0.091 n=311   | tot=1 NUOVI=0 | TRACK accr=2080 coppie=419 nuova=85
    420 |    0.0000 |    19.991 | r=0.8 c=0.077 n=286    | tot=2 NUOVI=0 | TRACK accr=2106 coppie=435 nuova=85
    425 |    0.0000 |    19.991 | r=0.8 c=0.060 n=291    | tot=2 NUOVI=0 | TRACK accr=2135 coppie=448 nuova=85
    430 |    0.0000 |    19.991 | r=18.2 c=0.103 n=216   | tot=2 NUOVI=0 | TRACK accr=2167 coppie=460 nuova=85
    435 |    0.0000 |    19.991 | r=16.8 c=0.114 n=323   | tot=2 NUOVI=0 | TRACK accr=2197 coppie=470 nuova=85
    440 |    0.0000 |    19.991 | r=16.8 c=0.126 n=335   | tot=2 NUOVI=0 | TRACK accr=2235 coppie=482 nuova=85
    445 |    0.0000 |    19.990 | r=16.2 c=0.124 n=169   | tot=2 NUOVI=0 | TRACK accr=2264 coppie=495 nuova=85
    450 |    0.0000 |    19.990 | r=17.8 c=0.123 n=453   | tot=2 NUOVI=0 | TRACK accr=2301 coppie=513 nuova=85
    455 |    0.0000 |    19.990 | r=18.2 c=0.139 n=230   | tot=2 NUOVI=0 | TRACK accr=2328 coppie=524 nuova=85
    460 |    0.0000 |    19.990 | r=16.2 c=0.119 n=170   | tot=2 NUOVI=0 | TRACK accr=2361 coppie=539 nuova=85
    465 |    0.0000 |    19.990 | r=18.2 c=0.125 n=238   | tot=2 NUOVI=0 | TRACK accr=2396 coppie=552 nuova=85
