[calore] calcio termico VETTORIALE+chirale attivo: omega_s 3D eccitato, phivel firmato da perc_chi
[elast] nucleo elastico C = 0.0
[verlet] integratore metrico Velocity-Verlet (2 ordine) attivo
[olon-part] la partizione tangenziale usa curl + twist coerente (verso -> conversione)
[polo-maturo] al twist partecipa la chiralita del polo che matura (twn maggiore)
[sync] aggiornamento sincrono attivo: dph legge la fase dallo snapshot t-1 (Jacobi)
[pav-com] pavimento comovente attivo: d0 >= median(d0)-MAD(d0) invece di 0.05 assoluto
[zeta-vir] freno anisotropo attivo: beta *= cos2 della viriale (dissipa radiale, libera tangenziale)
[chi-basc] basculamento chirale attivo: perc_chi vira secondo la torsione locale vs PHI_CRIT (2pi)
[batch] condensazione: seed=2 passi=700 ogni=5 sep=10.0 nmasse=3
[batch] leggi attive: GRAV_BIFASE=True SPIN_ORBITA(via SPINORE)=True COPPIA_MIT=1.0 lambda=0.800

passo | dens_centr | dist_masse | ANTIGUSCIO(r,c,n) | PICCHI(tot,NUOVI)
[batch] LOG DIAGNOSTICO COMPLETO  -> out_elast\off_700_sep10_s2.csv
      0 |    0.0000 |    20.018 | r=8.8 c=0.307 n=5      | tot=2 NUOVI=2 | TRACK accr=1116 coppie=0 nuova=80
      5 |    0.0000 |    20.018 | r=17.8 c=0.130 n=247   | tot=1 NUOVI=0 | TRACK accr=1116 coppie=0 nuova=80
     10 |    0.0000 |    20.018 | r=11.8 c=0.022 n=7     | tot=2 NUOVI=0 | TRACK accr=1116 coppie=0 nuova=80
     15 |    0.0000 |    20.018 | r=10.8 c=0.252 n=7     | tot=1 NUOVI=0 | TRACK accr=1116 coppie=0 nuova=80
     20 |    0.0000 |    20.018 | r=11.2 c=0.026 n=9     | tot=1 NUOVI=0 | TRACK accr=1116 coppie=0 nuova=80
     25 |    0.0000 |    20.018 | r=11.8 c=0.058 n=7     | tot=1 NUOVI=0 | TRACK accr=1116 coppie=0 nuova=80
     30 |    0.0000 |    20.018 | r=11.2 c=0.039 n=9     | tot=1 NUOVI=0 | TRACK accr=1116 coppie=0 nuova=80
     35 |    0.0000 |    20.018 | r=11.8 c=0.098 n=9     | tot=1 NUOVI=0 | TRACK accr=1116 coppie=0 nuova=80
     40 |    0.0000 |    20.018 | r=8.2 c=0.288 n=6      | tot=1 NUOVI=0 | TRACK accr=1116 coppie=0 nuova=80
     45 |    0.0000 |    20.018 | r=8.2 c=0.173 n=6      | tot=1 NUOVI=0 | TRACK accr=1116 coppie=0 nuova=80
     50 |    0.0000 |    20.018 | r=17.8 c=0.151 n=245   | tot=2 NUOVI=0 | TRACK accr=1116 coppie=0 nuova=80
     55 |    0.0000 |    20.018 | r=16.2 c=0.209 n=6     | tot=1 NUOVI=0 | TRACK accr=1116 coppie=0 nuova=80
     60 |    0.0000 |    20.018 | r=8.2 c=0.162 n=5      | tot=1 NUOVI=0 | TRACK accr=1116 coppie=0 nuova=80
     65 |    0.0000 |    20.018 | r=16.2 c=0.145 n=8     | tot=2 NUOVI=0 | TRACK accr=1116 coppie=0 nuova=80
     70 |    0.0000 |    20.018 | r=1.2 c=0.095 n=14     | tot=1 NUOVI=0 | TRACK accr=1116 coppie=0 nuova=80
     75 |    0.0000 |    20.018 | r=16.2 c=0.102 n=12    | tot=1 NUOVI=0 | TRACK accr=1116 coppie=0 nuova=80
     80 |    0.0000 |    20.018 | r=17.8 c=0.119 n=230   | tot=1 NUOVI=0 | TRACK accr=1116 coppie=0 nuova=80
     85 |    0.0000 |    20.018 | r=17.8 c=0.065 n=227   | tot=1 NUOVI=0 | TRACK accr=1116 coppie=0 nuova=80
     90 |    0.0000 |    20.018 | r=17.2 c=0.101 n=251   | tot=1 NUOVI=0 | TRACK accr=1116 coppie=0 nuova=80
     95 |    0.0000 |    20.018 | r=17.2 c=0.088 n=259   | tot=2 NUOVI=0 | TRACK accr=1116 coppie=0 nuova=80
    100 |    0.0000 |    20.018 | r=17.2 c=0.074 n=256   | tot=1 NUOVI=0 | TRACK accr=1116 coppie=0 nuova=80
    105 |    0.0000 |    20.018 | r=17.2 c=0.078 n=235   | tot=2 NUOVI=0 | TRACK accr=1117 coppie=0 nuova=80
    110 |    0.0000 |    20.018 | r=11.2 c=0.510 n=11    | tot=1 NUOVI=0 | TRACK accr=1118 coppie=0 nuova=80
    115 |    0.0000 |    20.018 | r=17.8 c=0.110 n=241   | tot=1 NUOVI=0 | TRACK accr=1119 coppie=0 nuova=80
    120 |    0.0000 |    20.018 | r=17.8 c=0.051 n=237   | tot=1 NUOVI=0 | TRACK accr=1119 coppie=0 nuova=80
    125 |    0.0000 |    20.018 | r=16.8 c=0.096 n=172   | tot=1 NUOVI=0 | TRACK accr=1120 coppie=0 nuova=80
    130 |    0.0000 |    20.018 | r=18.2 c=0.094 n=70    | tot=1 NUOVI=0 | TRACK accr=1121 coppie=0 nuova=80
    135 |    0.0000 |    20.018 | r=16.8 c=0.098 n=185   | tot=1 NUOVI=0 | TRACK accr=1122 coppie=0 nuova=80
    140 |    0.0000 |    20.018 | r=17.8 c=0.076 n=226   | tot=1 NUOVI=0 | TRACK accr=1124 coppie=1 nuova=80
    145 |    0.0000 |    20.018 | r=17.8 c=0.107 n=213   | tot=1 NUOVI=0 | TRACK accr=1124 coppie=1 nuova=80
    150 |    0.0000 |    20.018 | r=17.8 c=0.083 n=212   | tot=1 NUOVI=0 | TRACK accr=1124 coppie=1 nuova=80
    155 |    0.0000 |    20.018 | r=0.8 c=0.077 n=264    | tot=1 NUOVI=0 | TRACK accr=1127 coppie=4 nuova=80
    160 |    0.0000 |    20.018 | r=17.8 c=0.063 n=214   | tot=2 NUOVI=0 | TRACK accr=1127 coppie=4 nuova=80
    165 |    0.0000 |    20.018 | r=17.8 c=0.054 n=216   | tot=1 NUOVI=0 | TRACK accr=1130 coppie=5 nuova=80
    170 |    0.0000 |    20.018 | r=10.2 c=0.020 n=8     | tot=1 NUOVI=0 | TRACK accr=1131 coppie=5 nuova=80
    175 |    0.0000 |    20.018 | r=17.8 c=0.082 n=222   | tot=1 NUOVI=0 | TRACK accr=1133 coppie=5 nuova=80
    180 |    0.0000 |    20.018 | r=17.2 c=0.122 n=239   | tot=1 NUOVI=0 | TRACK accr=1140 coppie=7 nuova=80
    185 |    0.0000 |    20.018 | r=17.2 c=0.085 n=240   | tot=2 NUOVI=0 | TRACK accr=1146 coppie=7 nuova=80
    190 |    0.0000 |    20.018 | r=17.8 c=0.099 n=222   | tot=1 NUOVI=0 | TRACK accr=1150 coppie=8 nuova=82
    195 |    0.0000 |    20.018 | r=9.2 c=0.077 n=6      | tot=1 NUOVI=0 | TRACK accr=1165 coppie=9 nuova=82
    200 |    0.0000 |    20.018 | r=17.8 c=0.082 n=227   | tot=1 NUOVI=0 | TRACK accr=1166 coppie=9 nuova=83
    205 |    0.0000 |    20.018 | r=17.2 c=0.059 n=249   | tot=1 NUOVI=0 | TRACK accr=1178 coppie=13 nuova=83
    210 |    0.0000 |    20.018 | r=16.8 c=0.051 n=171   | tot=2 NUOVI=0 | TRACK accr=1189 coppie=14 nuova=83
    215 |    0.0000 |    20.018 | r=17.8 c=0.098 n=233   | tot=1 NUOVI=0 | TRACK accr=1202 coppie=19 nuova=83
    220 |    0.0000 |    20.018 | r=9.8 c=0.072 n=6      | tot=1 NUOVI=0 | TRACK accr=1213 coppie=24 nuova=83
    225 |    0.0000 |    20.018 | r=17.2 c=0.065 n=266   | tot=1 NUOVI=0 | TRACK accr=1223 coppie=28 nuova=83
    230 |    0.0000 |    20.018 | r=18.2 c=0.073 n=112   | tot=2 NUOVI=0 | TRACK accr=1232 coppie=34 nuova=83
    235 |    0.0000 |    20.018 | r=17.2 c=0.113 n=278   | tot=1 NUOVI=0 | TRACK accr=1246 coppie=38 nuova=83
    240 |    0.0000 |    20.018 | r=17.2 c=0.077 n=217   | tot=1 NUOVI=0 | TRACK accr=1260 coppie=44 nuova=83
    245 |    0.0000 |    20.018 | r=17.8 c=0.046 n=262   | tot=1 NUOVI=0 | TRACK accr=1285 coppie=55 nuova=83
    250 |    0.0000 |    20.018 | r=17.2 c=0.058 n=288   | tot=1 NUOVI=0 | TRACK accr=1302 coppie=61 nuova=83
    255 |    0.0000 |    20.018 | r=18.8 c=0.035 n=4     | tot=1 NUOVI=0 | TRACK accr=1327 coppie=70 nuova=84
    260 |    0.0000 |    20.018 | r=0.8 c=0.088 n=255    | tot=1 NUOVI=0 | TRACK accr=1341 coppie=74 nuova=84
    265 |    0.0000 |    20.018 | r=18.8 c=0.108 n=4     | tot=1 NUOVI=0 | TRACK accr=1356 coppie=79 nuova=84
    270 |    0.0000 |    20.018 | r=16.2 c=0.094 n=77    | tot=1 NUOVI=0 | TRACK accr=1378 coppie=88 nuova=85
    275 |    0.0000 |    20.018 | r=17.8 c=0.098 n=228   | tot=1 NUOVI=0 | TRACK accr=1401 coppie=101 nuova=85
    280 |    0.0000 |    20.018 | r=18.8 c=0.080 n=11    | tot=1 NUOVI=0 | TRACK accr=1421 coppie=108 nuova=85
    285 |    0.0000 |    20.018 | r=18.8 c=0.088 n=11    | tot=1 NUOVI=0 | TRACK accr=1441 coppie=114 nuova=85
    290 |    0.0000 |    20.018 | r=17.8 c=0.079 n=320   | tot=1 NUOVI=0 | TRACK accr=1467 coppie=124 nuova=85
    295 |    0.0000 |    20.018 | r=17.8 c=0.056 n=311   | tot=1 NUOVI=0 | TRACK accr=1496 coppie=138 nuova=85
    300 |    0.0000 |    20.018 | r=16.8 c=0.046 n=246   | tot=1 NUOVI=0 | TRACK accr=1526 coppie=152 nuova=85
    305 |    0.0000 |    20.018 | r=16.8 c=0.074 n=250   | tot=1 NUOVI=0 | TRACK accr=1553 coppie=162 nuova=85
    310 |    0.0000 |    20.018 | r=17.2 c=0.092 n=271   | tot=1 NUOVI=0 | TRACK accr=1578 coppie=170 nuova=85
    315 |    0.0000 |    20.018 | r=16.8 c=0.077 n=255   | tot=1 NUOVI=0 | TRACK accr=1613 coppie=185 nuova=87
    320 |    0.0000 |    20.018 | r=16.8 c=0.073 n=207   | tot=1 NUOVI=0 | TRACK accr=1642 coppie=201 nuova=87
    325 |    0.0000 |    20.018 | r=16.8 c=0.075 n=280   | tot=1 NUOVI=0 | TRACK accr=1680 coppie=220 nuova=90
    330 |    0.0000 |    20.018 | r=16.8 c=0.058 n=284   | tot=1 NUOVI=0 | TRACK accr=1720 coppie=239 nuova=91
    335 |    0.0000 |    20.018 | r=17.8 c=0.062 n=371   | tot=1 NUOVI=0 | TRACK accr=1746 coppie=252 nuova=91
    340 |    0.0000 |    20.018 | r=16.8 c=0.063 n=292   | tot=1 NUOVI=0 | TRACK accr=1781 coppie=271 nuova=93
    345 |    0.0000 |    20.018 | r=1.2 c=0.074 n=336    | tot=1 NUOVI=0 | TRACK accr=1814 coppie=288 nuova=94
    350 |    0.0000 |    20.018 | r=0.8 c=0.073 n=189    | tot=1 NUOVI=0 | TRACK accr=1843 coppie=308 nuova=94
    355 |    0.0000 |    20.018 | r=0.8 c=0.049 n=196    | tot=1 NUOVI=0 | TRACK accr=1875 coppie=320 nuova=94
    360 |    0.0000 |    20.018 | r=0.8 c=0.056 n=207    | tot=1 NUOVI=0 | TRACK accr=1908 coppie=333 nuova=94
    365 |    0.0000 |    20.018 | r=18.2 c=0.068 n=189   | tot=1 NUOVI=0 | TRACK accr=1943 coppie=343 nuova=94
    370 |    0.0000 |    20.019 | r=18.2 c=0.093 n=192   | tot=1 NUOVI=0 | TRACK accr=1974 coppie=357 nuova=94
    375 |    0.0000 |    20.019 | r=0.8 c=0.042 n=223    | tot=1 NUOVI=0 | TRACK accr=2010 coppie=372 nuova=94
    380 |    0.0000 |    20.019 | r=18.2 c=0.080 n=195   | tot=1 NUOVI=0 | TRACK accr=2047 coppie=390 nuova=95
    385 |    0.0000 |    20.019 | r=17.8 c=0.059 n=322   | tot=1 NUOVI=0 | TRACK accr=2089 coppie=408 nuova=95
    390 |    0.0000 |    20.019 | r=0.8 c=0.048 n=247    | tot=1 NUOVI=0 | TRACK accr=2121 coppie=423 nuova=95
    395 |    0.0000 |    20.019 | r=18.2 c=0.054 n=196   | tot=1 NUOVI=0 | TRACK accr=2154 coppie=436 nuova=95
    400 |    0.0000 |    20.019 | r=17.2 c=0.059 n=718   | tot=1 NUOVI=0 | TRACK accr=2207 coppie=461 nuova=95
    405 |    0.0000 |    20.019 | r=17.2 c=0.062 n=718   | tot=1 NUOVI=0 | TRACK accr=2249 coppie=479 nuova=95
    410 |    0.0000 |    20.019 | r=17.8 c=0.059 n=522   | tot=1 NUOVI=0 | TRACK accr=2273 coppie=489 nuova=95
    415 |    0.0000 |    20.019 | r=0.8 c=0.036 n=281    | tot=1 NUOVI=0 | TRACK accr=2303 coppie=501 nuova=95
    420 |    0.0000 |    20.019 | r=0.8 c=0.050 n=289    | tot=1 NUOVI=0 | TRACK accr=2334 coppie=514 nuova=95
    425 |    0.0000 |    20.019 | r=18.2 c=0.072 n=241   | tot=1 NUOVI=0 | TRACK accr=2374 coppie=535 nuova=95
    430 |    0.0000 |    20.019 | r=18.2 c=0.066 n=216   | tot=1 NUOVI=0 | TRACK accr=2416 coppie=560 nuova=95
    435 |    0.0000 |    20.019 | r=18.2 c=0.058 n=224   | tot=1 NUOVI=0 | TRACK accr=2447 coppie=573 nuova=95
    440 |    0.0000 |    20.019 | r=18.2 c=0.062 n=274   | tot=1 NUOVI=0 | TRACK accr=2477 coppie=588 nuova=96
    445 |    0.0000 |    20.019 | r=0.8 c=0.050 n=231    | tot=1 NUOVI=0 | TRACK accr=2515 coppie=608 nuova=96
    450 |    0.0000 |    20.019 | r=17.8 c=0.049 n=428   | tot=1 NUOVI=0 | TRACK accr=2551 coppie=627 nuova=96
    455 |    0.0000 |    20.019 | r=1.2 c=0.067 n=571    | tot=1 NUOVI=0 | TRACK accr=2583 coppie=638 nuova=96
    460 |    0.0000 |    20.019 | r=16.2 c=0.054 n=217   | tot=1 NUOVI=0 | TRACK accr=2619 coppie=656 nuova=96
    465 |    0.0000 |    20.019 | r=11.5 c=0.122 n=57    | tot=1 NUOVI=0 | TRACK accr=2659 coppie=668 nuova=96
    470 |    0.0000 |    20.019 | r=11.5 c=0.120 n=62    | tot=1 NUOVI=0 | TRACK accr=2688 coppie=687 nuova=96
    475 |    0.0000 |    20.019 | r=11.5 c=0.141 n=67    | tot=1 NUOVI=0 | TRACK accr=2731 coppie=710 nuova=96
    480 |    0.0000 |    20.019 | r=11.5 c=0.145 n=72    | tot=1 NUOVI=0 | TRACK accr=2774 coppie=728 nuova=96
    485 |    0.0000 |    20.019 | r=11.5 c=0.140 n=75    | tot=1 NUOVI=0 | TRACK accr=2814 coppie=740 nuova=96
    490 |    0.0000 |    20.019 | r=11.5 c=0.174 n=83    | tot=1 NUOVI=0 | TRACK accr=2847 coppie=766 nuova=96
    495 |    0.0000 |    20.019 | r=11.5 c=0.193 n=89    | tot=1 NUOVI=0 | TRACK accr=2876 coppie=778 nuova=96
    500 |    0.0000 |    20.019 | r=11.5 c=0.185 n=92    | tot=1 NUOVI=0 | TRACK accr=2915 coppie=796 nuova=96
    505 |    0.0000 |    20.019 | r=11.5 c=0.185 n=95    | tot=1 NUOVI=0 | TRACK accr=2949 coppie=806 nuova=96
    510 |    0.0000 |    20.019 | r=11.5 c=0.180 n=101   | tot=1 NUOVI=0 | TRACK accr=2994 coppie=822 nuova=96
    515 |    0.0000 |    20.019 | r=11.5 c=0.162 n=104   | tot=1 NUOVI=0 | TRACK accr=3031 coppie=844 nuova=96
    520 |    0.0000 |    20.019 | r=11.5 c=0.149 n=103   | tot=1 NUOVI=0 | TRACK accr=3060 coppie=857 nuova=96
    525 |    0.0000 |    20.019 | r=11.5 c=0.141 n=107   | tot=1 NUOVI=0 | TRACK accr=3102 coppie=875 nuova=96
    530 |    0.0000 |    20.019 | r=11.5 c=0.127 n=108   | tot=1 NUOVI=0 | TRACK accr=3145 coppie=893 nuova=96
    535 |    0.0000 |    20.019 | r=11.5 c=0.128 n=114   | tot=1 NUOVI=0 | TRACK accr=3189 coppie=907 nuova=96
    540 |    0.0000 |    20.019 | r=11.5 c=0.099 n=118   | tot=1 NUOVI=0 | TRACK accr=3232 coppie=931 nuova=96
    545 |    0.0000 |    20.019 | r=11.5 c=0.119 n=121   | tot=1 NUOVI=0 | TRACK accr=3266 coppie=947 nuova=96
    550 |    0.0000 |    20.019 | r=11.5 c=0.114 n=126   | tot=1 NUOVI=0 | TRACK accr=3315 coppie=974 nuova=96
    555 |    0.0000 |    20.019 | r=11.5 c=0.147 n=134   | tot=1 NUOVI=0 | TRACK accr=3342 coppie=992 nuova=96
    560 |    0.0000 |    20.019 | r=11.5 c=0.129 n=139   | tot=1 NUOVI=0 | TRACK accr=3378 coppie=1012 nuova=96
    565 |    0.0000 |    20.019 | r=11.5 c=0.128 n=142   | tot=1 NUOVI=0 | TRACK accr=3427 coppie=1035 nuova=96
    570 |    0.0000 |    20.019 | r=11.5 c=0.152 n=148   | tot=1 NUOVI=0 | TRACK accr=3472 coppie=1050 nuova=96
    575 |    0.0000 |    20.019 | r=11.5 c=0.163 n=147   | tot=1 NUOVI=0 | TRACK accr=3504 coppie=1064 nuova=96
    580 |    0.0000 |    20.019 | r=11.5 c=0.144 n=146   | tot=1 NUOVI=0 | TRACK accr=3542 coppie=1083 nuova=96
    585 |    0.0000 |    20.019 | r=11.5 c=0.155 n=148   | tot=1 NUOVI=0 | TRACK accr=3584 coppie=1096 nuova=96
    590 |    0.0000 |    20.019 | r=11.5 c=0.157 n=165   | tot=1 NUOVI=0 | TRACK accr=3623 coppie=1109 nuova=96
    595 |    0.0000 |    20.019 | r=11.5 c=0.159 n=170   | tot=1 NUOVI=0 | TRACK accr=3666 coppie=1128 nuova=98
    600 |    0.0000 |    20.019 | r=11.5 c=0.137 n=174   | tot=1 NUOVI=0 | TRACK accr=3703 coppie=1151 nuova=98
    605 |    0.0000 |    20.019 | r=11.5 c=0.143 n=178   | tot=1 NUOVI=0 | TRACK accr=3744 coppie=1168 nuova=98
    610 |    0.0000 |    20.019 | r=11.5 c=0.149 n=184   | tot=1 NUOVI=0 | TRACK accr=3784 coppie=1183 nuova=98
    615 |    0.0000 |    20.019 | r=11.5 c=0.167 n=184   | tot=1 NUOVI=0 | TRACK accr=3821 coppie=1199 nuova=99
    620 |    0.0000 |    20.019 | r=11.5 c=0.142 n=191   | tot=1 NUOVI=0 | TRACK accr=3863 coppie=1220 nuova=99
    625 |    0.0000 |    20.019 | r=11.5 c=0.153 n=189   | tot=1 NUOVI=0 | TRACK accr=3903 coppie=1245 nuova=99
    630 |    0.0000 |    20.019 | r=11.5 c=0.134 n=190   | tot=1 NUOVI=0 | TRACK accr=3946 coppie=1261 nuova=99
    635 |    0.0000 |    20.019 | r=11.5 c=0.135 n=193   | tot=1 NUOVI=0 | TRACK accr=3991 coppie=1277 nuova=99
    640 |    0.0000 |    20.019 | r=11.5 c=0.110 n=196   | tot=1 NUOVI=0 | TRACK accr=4039 coppie=1303 nuova=99
    645 |    0.0000 |    20.020 | r=11.5 c=0.103 n=209   | tot=1 NUOVI=0 | TRACK accr=4081 coppie=1324 nuova=99
    650 |    0.0000 |    20.020 | r=11.5 c=0.118 n=212   | tot=1 NUOVI=0 | TRACK accr=4113 coppie=1342 nuova=99
    655 |    0.0000 |    20.020 | r=11.5 c=0.109 n=225   | tot=1 NUOVI=0 | TRACK accr=4150 coppie=1361 nuova=99
    660 |    0.0000 |    20.020 | r=11.5 c=0.121 n=221   | tot=1 NUOVI=0 | TRACK accr=4192 coppie=1381 nuova=99
    665 |    0.0000 |    20.020 | r=11.5 c=0.127 n=225   | tot=1 NUOVI=0 | TRACK accr=4237 coppie=1401 nuova=101
    670 |    0.0000 |    20.020 | r=11.5 c=0.133 n=224   | tot=1 NUOVI=0 | TRACK accr=4282 coppie=1417 nuova=101
    675 |    0.0000 |    20.020 | r=11.5 c=0.122 n=227   | tot=1 NUOVI=0 | TRACK accr=4325 coppie=1436 nuova=101
    680 |    0.0000 |    20.020 | r=11.5 c=0.107 n=237   | tot=1 NUOVI=0 | TRACK accr=4373 coppie=1461 nuova=103
    685 |    0.0000 |    20.020 | r=11.5 c=0.111 n=242   | tot=1 NUOVI=0 | TRACK accr=4410 coppie=1477 nuova=103
    690 |    0.0000 |    20.020 | r=11.5 c=0.109 n=242   | tot=1 NUOVI=0 | TRACK accr=4456 coppie=1499 nuova=103
    695 |    0.0000 |    20.020 | r=11.5 c=0.109 n=247   | tot=1 NUOVI=0 | TRACK accr=4493 coppie=1521 nuova=103
    700 |    0.0000 |    20.020 | r=11.5 c=0.116 n=261   | tot=1 NUOVI=0 | TRACK accr=4551 coppie=1548 nuova=103
[batch] log diagnostico completo salvato in out_elast\off_700_sep10_s2.csv

[batch] completato in 3987.1s, 700 passi. CSV salvato in out_elast\cond_off_700_sep10_s2.csv
[batch] LETTURA condensazione: se dens_centrale e n_centrali CRESCONO e frac_nati resta
        ALTA mentre dist_masse NON crolla -> NUOVA massa dal vuoto (non accrescimento).
[batch] LETTURA picchi_nuovi: se picchi_nuovi passa da 0 a >=1 a un certo passo, quello e'
        il momento in cui una MASSA NUOVA si stacca dal vuoto (materia isolata che si crea).
[batch] LETTURA antiguscio: se compare un anello a coerenza_min BASSA (antifase) e raggio
        stabile oltre le masse, con nodi presenti -> GUSCIO DI ANTIFASE che avvolge i nuclei
        = massa di scala superiore (il guscio del sistema e antifase, non materia).
