[calore] calcio termico VETTORIALE+chirale attivo: omega_s 3D eccitato, phivel firmato da perc_chi
[elast] nucleo elastico C = 100.0
[verlet] integratore metrico Velocity-Verlet (2 ordine) attivo
[olon-part] la partizione tangenziale usa curl + twist coerente (verso -> conversione)
[polo-maturo] al twist partecipa la chiralita del polo che matura (twn maggiore)
[sync] aggiornamento sincrono attivo: dph legge la fase dallo snapshot t-1 (Jacobi)
[pav-com] pavimento comovente attivo: d0 >= median(d0)-MAD(d0) invece di 0.05 assoluto
[zeta-vir] freno anisotropo attivo: beta *= cos2 della viriale (dissipa radiale, libera tangenziale)
[chi-basc] basculamento chirale attivo: perc_chi vira secondo la torsione locale vs PHI_CRIT (2pi)
[batch] condensazione: seed=3 passi=700 ogni=5 sep=10.0 nmasse=3
[batch] leggi attive: GRAV_BIFASE=True SPIN_ORBITA(via SPINORE)=True COPPIA_MIT=1.0 lambda=0.800

passo | dens_centr | dist_masse | ANTIGUSCIO(r,c,n) | PICCHI(tot,NUOVI)
[batch] LOG DIAGNOSTICO COMPLETO  -> out_elast\on_700_sep10_s3.csv
      0 |    0.0000 |    19.991 | r=10.8 c=0.199 n=7     | tot=3 NUOVI=3 | TRACK accr=1116 coppie=0 nuova=80
      5 |    0.0000 |    19.991 | r=17.8 c=0.043 n=240   | tot=1 NUOVI=0 | TRACK accr=1116 coppie=0 nuova=80
     10 |    0.0000 |    19.991 | r=17.8 c=0.156 n=240   | tot=3 NUOVI=0 | TRACK accr=1116 coppie=0 nuova=80
     15 |    0.0000 |    19.991 | r=9.2 c=0.255 n=9      | tot=2 NUOVI=0 | TRACK accr=1116 coppie=0 nuova=80
     20 |    0.0000 |    19.991 | r=8.8 c=0.296 n=5      | tot=2 NUOVI=0 | TRACK accr=1116 coppie=0 nuova=80
     25 |    0.0000 |    19.991 | r=9.8 c=0.326 n=7      | tot=3 NUOVI=0 | TRACK accr=1116 coppie=0 nuova=80
     30 |    0.0000 |    19.991 | r=12.2 c=0.183 n=9     | tot=3 NUOVI=0 | TRACK accr=1116 coppie=0 nuova=80
     35 |    0.0000 |    19.991 | r=17.8 c=0.238 n=239   | tot=3 NUOVI=0 | TRACK accr=1116 coppie=0 nuova=80
     40 |    0.0000 |    19.991 | r=17.2 c=0.297 n=320   | tot=3 NUOVI=0 | TRACK accr=1116 coppie=0 nuova=80
     45 |    0.0000 |    19.991 | r=12.2 c=0.206 n=11    | tot=3 NUOVI=0 | TRACK accr=1116 coppie=0 nuova=80
     50 |    0.0000 |    19.991 | r=9.8 c=0.259 n=7      | tot=3 NUOVI=0 | TRACK accr=1116 coppie=0 nuova=80
     55 |    0.0000 |    19.991 | r=10.8 c=0.420 n=7     | tot=3 NUOVI=0 | TRACK accr=1116 coppie=0 nuova=80
     60 |    0.0000 |    19.991 | r=8.8 c=0.082 n=7      | tot=3 NUOVI=0 | TRACK accr=1116 coppie=0 nuova=80
     65 |    0.0000 |    19.991 | r=17.2 c=0.417 n=284   | tot=3 NUOVI=0 | TRACK accr=1116 coppie=0 nuova=80
     70 |    0.0000 |    19.991 | r=17.2 c=0.452 n=274   | tot=3 NUOVI=0 | TRACK accr=1116 coppie=0 nuova=80
     75 |    0.0000 |    19.991 | r=8.8 c=0.192 n=8      | tot=3 NUOVI=0 | TRACK accr=1116 coppie=0 nuova=80
     80 |    0.0000 |    19.991 | r=16.8 c=0.518 n=184   | tot=3 NUOVI=0 | TRACK accr=1116 coppie=0 nuova=80
     85 |    0.0000 |    19.991 | r=8.8 c=0.290 n=9      | tot=3 NUOVI=0 | TRACK accr=1116 coppie=0 nuova=80
     90 |    0.0000 |    19.991 | r=17.2 c=0.570 n=253   | tot=3 NUOVI=0 | TRACK accr=1116 coppie=0 nuova=80
     95 |    0.0000 |    19.991 | r=11.8 c=0.742 n=7     | tot=3 NUOVI=0 | TRACK accr=1116 coppie=0 nuova=80
    100 |    0.0000 |    19.991 | r=17.2 c=0.593 n=217   | tot=3 NUOVI=0 | TRACK accr=1116 coppie=0 nuova=80
    105 |    0.0000 |    19.991 | r=16.2 c=0.552 n=43    | tot=3 NUOVI=0 | TRACK accr=1116 coppie=0 nuova=80
    110 |    0.0000 |    19.991 | r=9.8 c=0.191 n=11     | tot=3 NUOVI=0 | TRACK accr=1116 coppie=0 nuova=80
    115 |    0.0000 |    19.991 | r=9.8 c=0.516 n=10     | tot=2 NUOVI=0 | TRACK accr=1116 coppie=0 nuova=80
    120 |    0.0000 |    19.991 | r=16.2 c=0.512 n=50    | tot=3 NUOVI=0 | TRACK accr=1116 coppie=0 nuova=80
    125 |    0.0000 |    19.991 | r=18.2 c=0.498 n=94    | tot=2 NUOVI=0 | TRACK accr=1116 coppie=0 nuova=80
    130 |    0.0000 |    19.991 | r=10.8 c=0.095 n=13    | tot=2 NUOVI=0 | TRACK accr=1117 coppie=0 nuova=80
    135 |    0.0000 |    19.991 | r=1.8 c=0.399 n=6      | tot=2 NUOVI=0 | TRACK accr=1117 coppie=0 nuova=80
    140 |    0.0000 |    19.991 | r=9.2 c=0.290 n=10     | tot=2 NUOVI=0 | TRACK accr=1119 coppie=1 nuova=80
    145 |    0.0000 |    19.991 | r=10.8 c=0.327 n=7     | tot=2 NUOVI=0 | TRACK accr=1119 coppie=1 nuova=80
    150 |    0.0000 |    19.991 | r=11.2 c=0.166 n=9     | tot=2 NUOVI=0 | TRACK accr=1120 coppie=1 nuova=80
    155 |    0.0000 |    19.991 | r=10.8 c=0.307 n=11    | tot=2 NUOVI=0 | TRACK accr=1120 coppie=1 nuova=80
    160 |    0.0000 |    19.991 | r=0.8 c=0.155 n=170    | tot=2 NUOVI=0 | TRACK accr=1122 coppie=1 nuova=80
    165 |    0.0000 |    19.991 | r=10.2 c=0.183 n=10    | tot=2 NUOVI=0 | TRACK accr=1126 coppie=2 nuova=80
    170 |    0.0000 |    19.991 | r=15.8 c=0.260 n=4     | tot=2 NUOVI=0 | TRACK accr=1128 coppie=3 nuova=82
    175 |    0.0000 |    19.991 | r=11.8 c=0.151 n=6     | tot=1 NUOVI=0 | TRACK accr=1132 coppie=4 nuova=82
    180 |    0.0000 |    19.991 | r=16.8 c=0.093 n=168   | tot=1 NUOVI=0 | TRACK accr=1137 coppie=7 nuova=82
    185 |    0.0000 |    19.991 | r=11.2 c=0.044 n=6     | tot=1 NUOVI=0 | TRACK accr=1142 coppie=9 nuova=82
    190 |    0.0000 |    19.991 | r=17.8 c=0.174 n=197   | tot=1 NUOVI=0 | TRACK accr=1147 coppie=9 nuova=82
    195 |    0.0000 |    19.991 | r=15.8 c=0.103 n=7     | tot=1 NUOVI=0 | TRACK accr=1153 coppie=13 nuova=82
    200 |    0.0000 |    19.991 | r=17.2 c=0.107 n=217   | tot=1 NUOVI=0 | TRACK accr=1159 coppie=17 nuova=82
    205 |    0.0000 |    19.991 | r=17.2 c=0.098 n=221   | tot=1 NUOVI=0 | TRACK accr=1166 coppie=20 nuova=82
    210 |    0.0000 |    19.991 | r=16.8 c=0.109 n=173   | tot=1 NUOVI=0 | TRACK accr=1175 coppie=23 nuova=82
    215 |    0.0000 |    19.991 | r=16.8 c=0.195 n=169   | tot=1 NUOVI=0 | TRACK accr=1182 coppie=25 nuova=82
    220 |    0.0000 |    19.991 | r=17.2 c=0.185 n=235   | tot=1 NUOVI=0 | TRACK accr=1191 coppie=29 nuova=82
    225 |    0.0000 |    19.991 | r=0.8 c=0.086 n=145    | tot=1 NUOVI=0 | TRACK accr=1194 coppie=31 nuova=82
    230 |    0.0000 |    19.991 | r=16.8 c=0.102 n=162   | tot=1 NUOVI=0 | TRACK accr=1205 coppie=35 nuova=82
    235 |    0.0000 |    19.991 | r=17.8 c=0.150 n=202   | tot=1 NUOVI=0 | TRACK accr=1215 coppie=38 nuova=82
    240 |    0.0000 |    19.991 | r=0.8 c=0.162 n=138    | tot=1 NUOVI=0 | TRACK accr=1227 coppie=43 nuova=82
    245 |    0.0000 |    19.991 | r=17.8 c=0.120 n=210   | tot=1 NUOVI=0 | TRACK accr=1246 coppie=56 nuova=82
    250 |    0.0000 |    19.991 | r=18.2 c=0.150 n=138   | tot=1 NUOVI=0 | TRACK accr=1262 coppie=62 nuova=82
    255 |    0.0000 |    19.991 | r=15.8 c=0.148 n=7     | tot=2 NUOVI=0 | TRACK accr=1276 coppie=71 nuova=82
    260 |    0.0000 |    19.991 | r=15.8 c=0.147 n=7     | tot=2 NUOVI=0 | TRACK accr=1295 coppie=83 nuova=82
    265 |    0.0000 |    19.991 | r=0.8 c=0.110 n=110    | tot=2 NUOVI=0 | TRACK accr=1309 coppie=89 nuova=82
    270 |    0.0000 |    19.991 | r=0.8 c=0.055 n=114    | tot=2 NUOVI=0 | TRACK accr=1325 coppie=98 nuova=82
    275 |    0.0000 |    19.991 | r=15.8 c=0.170 n=8     | tot=2 NUOVI=0 | TRACK accr=1342 coppie=106 nuova=82
    280 |    0.0000 |    19.991 | r=11.8 c=0.067 n=4     | tot=2 NUOVI=0 | TRACK accr=1352 coppie=112 nuova=82
    285 |    0.0000 |    19.991 | r=0.8 c=0.093 n=115    | tot=2 NUOVI=0 | TRACK accr=1367 coppie=117 nuova=82
    290 |    0.0000 |    19.991 | r=0.8 c=0.087 n=116    | tot=1 NUOVI=0 | TRACK accr=1382 coppie=124 nuova=82
    295 |    0.0000 |    19.991 | r=15.8 c=0.095 n=11    | tot=1 NUOVI=0 | TRACK accr=1400 coppie=133 nuova=82
    300 |    0.0000 |    19.991 | r=0.8 c=0.131 n=160    | tot=1 NUOVI=0 | TRACK accr=1415 coppie=137 nuova=82
    305 |    0.0000 |    19.991 | r=11.8 c=0.088 n=4     | tot=1 NUOVI=0 | TRACK accr=1435 coppie=144 nuova=82
    310 |    0.0000 |    19.991 | r=0.8 c=0.069 n=152    | tot=1 NUOVI=0 | TRACK accr=1461 coppie=154 nuova=82
    315 |    0.0000 |    19.991 | r=0.8 c=0.073 n=153    | tot=1 NUOVI=0 | TRACK accr=1474 coppie=159 nuova=82
    320 |    0.0000 |    19.991 | r=18.2 c=0.112 n=152   | tot=1 NUOVI=0 | TRACK accr=1500 coppie=170 nuova=83
    325 |    0.0000 |    19.991 | r=12.2 c=0.050 n=8     | tot=1 NUOVI=0 | TRACK accr=1526 coppie=183 nuova=83
    330 |    0.0000 |    19.991 | r=17.2 c=0.057 n=356   | tot=1 NUOVI=0 | TRACK accr=1547 coppie=192 nuova=83
    335 |    0.0000 |    19.991 | r=0.8 c=0.053 n=160    | tot=1 NUOVI=0 | TRACK accr=1568 coppie=198 nuova=83
    340 |    0.0000 |    19.991 | r=15.8 c=0.111 n=18    | tot=1 NUOVI=0 | TRACK accr=1592 coppie=205 nuova=83
    345 |    0.0000 |    19.991 | r=0.8 c=0.062 n=178    | tot=1 NUOVI=0 | TRACK accr=1607 coppie=212 nuova=83
    350 |    0.0000 |    19.991 | r=17.8 c=0.051 n=304   | tot=1 NUOVI=0 | TRACK accr=1630 coppie=219 nuova=83
    355 |    0.0000 |    19.991 | r=18.2 c=0.058 n=162   | tot=1 NUOVI=0 | TRACK accr=1649 coppie=229 nuova=83
    360 |    0.0000 |    19.991 | r=17.2 c=0.058 n=407   | tot=1 NUOVI=0 | TRACK accr=1680 coppie=244 nuova=83
    365 |    0.0000 |    19.991 | r=0.8 c=0.057 n=196    | tot=1 NUOVI=0 | TRACK accr=1702 coppie=257 nuova=83
    370 |    0.0000 |    19.991 | r=18.2 c=0.056 n=167   | tot=1 NUOVI=0 | TRACK accr=1732 coppie=270 nuova=83
    375 |    0.0000 |    19.991 | r=18.2 c=0.071 n=171   | tot=1 NUOVI=0 | TRACK accr=1766 coppie=287 nuova=83
    380 |    0.0000 |    19.991 | r=18.2 c=0.055 n=173   | tot=1 NUOVI=0 | TRACK accr=1796 coppie=302 nuova=85
    385 |    0.0000 |    19.991 | r=0.8 c=0.069 n=210    | tot=1 NUOVI=0 | TRACK accr=1818 coppie=310 nuova=85
    390 |    0.0000 |    19.991 | r=9.8 c=0.044 n=8      | tot=2 NUOVI=0 | TRACK accr=1843 coppie=320 nuova=85
    395 |    0.0000 |    19.991 | r=16.2 c=0.099 n=130   | tot=2 NUOVI=0 | TRACK accr=1880 coppie=336 nuova=85
    400 |    0.0000 |    19.991 | r=16.2 c=0.095 n=131   | tot=2 NUOVI=0 | TRACK accr=1912 coppie=348 nuova=85
    405 |    0.0000 |    19.991 | r=8.2 c=0.094 n=7      | tot=2 NUOVI=0 | TRACK accr=1945 coppie=365 nuova=85
    410 |    0.0000 |    19.991 | r=0.8 c=0.097 n=212    | tot=2 NUOVI=0 | TRACK accr=1979 coppie=382 nuova=85
    415 |    0.0000 |    19.991 | r=16.8 c=0.116 n=286   | tot=2 NUOVI=0 | TRACK accr=2011 coppie=398 nuova=85
    420 |    0.0000 |    19.991 | r=0.8 c=0.064 n=226    | tot=1 NUOVI=0 | TRACK accr=2054 coppie=426 nuova=85
    425 |    0.0000 |    19.991 | r=17.2 c=0.062 n=492   | tot=1 NUOVI=0 | TRACK accr=2073 coppie=436 nuova=85
    430 |    0.0000 |    19.991 | r=9.8 c=0.047 n=7      | tot=1 NUOVI=0 | TRACK accr=2096 coppie=450 nuova=87
    435 |    0.0000 |    19.991 | r=0.8 c=0.049 n=229    | tot=1 NUOVI=0 | TRACK accr=2113 coppie=458 nuova=87
    440 |    0.0000 |    19.991 | r=0.8 c=0.097 n=243    | tot=1 NUOVI=0 | TRACK accr=2150 coppie=470 nuova=89
    445 |    0.0000 |    19.991 | r=10.8 c=0.045 n=9     | tot=1 NUOVI=0 | TRACK accr=2174 coppie=480 nuova=91
    450 |    0.0000 |    19.991 | r=8.2 c=0.119 n=7      | tot=2 NUOVI=0 | TRACK accr=2200 coppie=491 nuova=91
    455 |    0.0000 |    19.991 | r=18.2 c=0.132 n=205   | tot=3 NUOVI=0 | TRACK accr=2227 coppie=500 nuova=91
    460 |    0.0000 |    19.991 | r=8.2 c=0.099 n=7      | tot=2 NUOVI=0 | TRACK accr=2251 coppie=513 nuova=93
    465 |    0.0000 |    19.991 | r=11.5 c=0.234 n=85    | tot=3 NUOVI=0 | TRACK accr=2284 coppie=533 nuova=93
    470 |    0.0000 |    19.991 | r=11.5 c=0.199 n=87    | tot=2 NUOVI=0 | TRACK accr=2312 coppie=543 nuova=93
    475 |    0.0000 |    19.991 | r=12.5 c=0.136 n=5     | tot=2 NUOVI=0 | TRACK accr=2343 coppie=560 nuova=93
    480 |    0.0000 |    19.991 | r=11.5 c=0.235 n=92    | tot=3 NUOVI=0 | TRACK accr=2378 coppie=576 nuova=93
    485 |    0.0000 |    19.991 | r=11.5 c=0.199 n=95    | tot=2 NUOVI=0 | TRACK accr=2407 coppie=591 nuova=93
    490 |    0.0000 |    19.991 | r=11.5 c=0.206 n=98    | tot=2 NUOVI=0 | TRACK accr=2434 coppie=599 nuova=93
    495 |    0.0000 |    19.991 | r=11.5 c=0.192 n=104   | tot=1 NUOVI=0 | TRACK accr=2456 coppie=611 nuova=93
    500 |    0.0000 |    19.991 | r=11.5 c=0.154 n=114   | tot=2 NUOVI=0 | TRACK accr=2476 coppie=619 nuova=93
    505 |    0.0000 |    19.991 | r=11.5 c=0.160 n=118   | tot=2 NUOVI=0 | TRACK accr=2514 coppie=640 nuova=93
    510 |    0.0000 |    19.991 | r=11.5 c=0.131 n=119   | tot=1 NUOVI=0 | TRACK accr=2532 coppie=646 nuova=93
    515 |    0.0000 |    19.991 | r=11.5 c=0.137 n=129   | tot=2 NUOVI=0 | TRACK accr=2561 coppie=665 nuova=93
    520 |    0.0000 |    19.991 | r=11.5 c=0.166 n=131   | tot=1 NUOVI=0 | TRACK accr=2596 coppie=683 nuova=93
    525 |    0.0000 |    19.991 | r=11.5 c=0.155 n=135   | tot=1 NUOVI=0 | TRACK accr=2627 coppie=700 nuova=93
    530 |    0.0000 |    19.991 | r=11.5 c=0.154 n=134   | tot=2 NUOVI=0 | TRACK accr=2660 coppie=714 nuova=94
    535 |    0.0000 |    19.991 | r=11.5 c=0.191 n=140   | tot=2 NUOVI=0 | TRACK accr=2693 coppie=732 nuova=94
    540 |    0.0000 |    19.991 | r=11.5 c=0.179 n=136   | tot=2 NUOVI=0 | TRACK accr=2735 coppie=751 nuova=94
    545 |    0.0000 |    19.991 | r=11.5 c=0.144 n=136   | tot=2 NUOVI=0 | TRACK accr=2777 coppie=776 nuova=94
    550 |    0.0000 |    19.991 | r=11.5 c=0.165 n=144   | tot=2 NUOVI=0 | TRACK accr=2804 coppie=793 nuova=94
    555 |    0.0000 |    19.991 | r=11.5 c=0.129 n=156   | tot=2 NUOVI=0 | TRACK accr=2841 coppie=813 nuova=94
    560 |    0.0000 |    19.991 | r=11.5 c=0.108 n=169   | tot=2 NUOVI=0 | TRACK accr=2877 coppie=834 nuova=94
    565 |    0.0000 |    19.991 | r=11.5 c=0.124 n=175   | tot=2 NUOVI=0 | TRACK accr=2909 coppie=853 nuova=94
    570 |    0.0000 |    19.991 | r=11.5 c=0.099 n=181   | tot=2 NUOVI=0 | TRACK accr=2934 coppie=862 nuova=94
    575 |    0.0000 |    19.991 | r=11.5 c=0.129 n=195   | tot=2 NUOVI=0 | TRACK accr=2966 coppie=880 nuova=94
    580 |    0.0000 |    19.991 | r=11.5 c=0.084 n=205   | tot=2 NUOVI=0 | TRACK accr=2998 coppie=894 nuova=94
    585 |    0.0000 |    19.991 | r=11.5 c=0.130 n=203   | tot=2 NUOVI=0 | TRACK accr=3032 coppie=909 nuova=94
    590 |    0.0000 |    19.991 | r=11.5 c=0.160 n=210   | tot=2 NUOVI=0 | TRACK accr=3070 coppie=924 nuova=94
    595 |    0.0000 |    19.991 | r=11.5 c=0.110 n=205   | tot=1 NUOVI=0 | TRACK accr=3106 coppie=940 nuova=94
    600 |    0.0000 |    19.991 | r=11.5 c=0.115 n=206   | tot=1 NUOVI=0 | TRACK accr=3144 coppie=955 nuova=94
    605 |    0.0000 |    19.991 | r=11.5 c=0.106 n=210   | tot=1 NUOVI=0 | TRACK accr=3178 coppie=971 nuova=94
    610 |    0.0000 |    19.991 | r=11.5 c=0.150 n=218   | tot=1 NUOVI=0 | TRACK accr=3213 coppie=990 nuova=94
    615 |    0.0000 |    19.991 | r=11.5 c=0.136 n=218   | tot=1 NUOVI=0 | TRACK accr=3251 coppie=1009 nuova=94
    620 |    0.0000 |    19.991 | r=11.5 c=0.091 n=228   | tot=1 NUOVI=0 | TRACK accr=3290 coppie=1030 nuova=95
    625 |    0.0000 |    19.991 | r=11.5 c=0.118 n=235   | tot=1 NUOVI=0 | TRACK accr=3326 coppie=1048 nuova=95
    630 |    0.0000 |    19.991 | r=11.5 c=0.110 n=234   | tot=1 NUOVI=0 | TRACK accr=3375 coppie=1070 nuova=95
    635 |    0.0000 |    19.991 | r=11.5 c=0.113 n=239   | tot=1 NUOVI=0 | TRACK accr=3405 coppie=1082 nuova=96
    640 |    0.0000 |    19.991 | r=11.5 c=0.118 n=247   | tot=1 NUOVI=0 | TRACK accr=3451 coppie=1106 nuova=97
    645 |    0.0000 |    19.991 | r=11.5 c=0.089 n=258   | tot=1 NUOVI=0 | TRACK accr=3484 coppie=1126 nuova=97
    650 |    0.0000 |    19.991 | r=11.5 c=0.105 n=258   | tot=1 NUOVI=0 | TRACK accr=3521 coppie=1144 nuova=97
    655 |    0.0000 |    19.991 | r=11.5 c=0.101 n=267   | tot=1 NUOVI=0 | TRACK accr=3567 coppie=1167 nuova=97
    660 |    0.0000 |    19.991 | r=11.5 c=0.106 n=276   | tot=1 NUOVI=0 | TRACK accr=3607 coppie=1186 nuova=97
    665 |    0.0000 |    19.991 | r=11.5 c=0.107 n=291   | tot=1 NUOVI=0 | TRACK accr=3647 coppie=1211 nuova=99
    670 |    0.0000 |    19.991 | r=11.5 c=0.091 n=301   | tot=1 NUOVI=0 | TRACK accr=3697 coppie=1231 nuova=100
    675 |    0.0000 |    19.991 | r=11.5 c=0.113 n=307   | tot=1 NUOVI=0 | TRACK accr=3743 coppie=1245 nuova=100
    680 |    0.0000 |    19.991 | r=11.5 c=0.106 n=303   | tot=1 NUOVI=0 | TRACK accr=3778 coppie=1259 nuova=100
    685 |    0.0000 |    19.991 | r=11.5 c=0.089 n=307   | tot=1 NUOVI=0 | TRACK accr=3825 coppie=1282 nuova=100
    690 |    0.0000 |    19.991 | r=11.5 c=0.080 n=301   | tot=1 NUOVI=0 | TRACK accr=3861 coppie=1295 nuova=101
    695 |    0.0000 |    19.991 | r=11.5 c=0.111 n=302   | tot=1 NUOVI=0 | TRACK accr=3912 coppie=1309 nuova=101
    700 |    0.0000 |    19.991 | r=11.5 c=0.086 n=306   | tot=1 NUOVI=0 | TRACK accr=3956 coppie=1337 nuova=101
[batch] log diagnostico completo salvato in out_elast\on_700_sep10_s3.csv

[batch] completato in 3958.7s, 700 passi. CSV salvato in out_elast\cond_on_700_sep10_s3.csv
[batch] LETTURA condensazione: se dens_centrale e n_centrali CRESCONO e frac_nati resta
        ALTA mentre dist_masse NON crolla -> NUOVA massa dal vuoto (non accrescimento).
[batch] LETTURA picchi_nuovi: se picchi_nuovi passa da 0 a >=1 a un certo passo, quello e'
        il momento in cui una MASSA NUOVA si stacca dal vuoto (materia isolata che si crea).
[batch] LETTURA antiguscio: se compare un anello a coerenza_min BASSA (antifase) e raggio
        stabile oltre le masse, con nodi presenti -> GUSCIO DI ANTIFASE che avvolge i nuclei
        = massa di scala superiore (il guscio del sistema e antifase, non materia).
