[calore] calcio termico VETTORIALE+chirale attivo: omega_s 3D eccitato, phivel firmato da perc_chi
[elast] nucleo elastico C = 0.0
[verlet] integratore metrico Velocity-Verlet (2 ordine) attivo
[olon-part] la partizione tangenziale usa curl + twist coerente (verso -> conversione)
[polo-maturo] al twist partecipa la chiralita del polo che matura (twn maggiore)
[sync] aggiornamento sincrono attivo: dph legge la fase dallo snapshot t-1 (Jacobi)
[pav-com] pavimento comovente attivo: d0 >= median(d0)-MAD(d0) invece di 0.05 assoluto
[zeta-vir] freno anisotropo attivo: beta *= cos2 della viriale (dissipa radiale, libera tangenziale)
[chi-basc] basculamento chirale attivo: perc_chi vira secondo la torsione locale vs PHI_CRIT (2pi)
[batch] condensazione: seed=1 passi=700 ogni=5 sep=10.0 nmasse=3
[batch] leggi attive: GRAV_BIFASE=True SPIN_ORBITA(via SPINORE)=True COPPIA_MIT=1.0 lambda=0.800

passo | dens_centr | dist_masse | ANTIGUSCIO(r,c,n) | PICCHI(tot,NUOVI)
[batch] LOG DIAGNOSTICO COMPLETO  -> out_elast\off_700_sep10_s1.csv
      0 |    0.0000 |    19.988 | r=8.8 c=0.313 n=5      | tot=1 NUOVI=1 | TRACK accr=1116 coppie=0 nuova=80
      5 |    0.0000 |    19.988 | r=16.8 c=0.065 n=171   | tot=1 NUOVI=0 | TRACK accr=1116 coppie=0 nuova=80
     10 |    0.0000 |    19.988 | r=8.8 c=0.047 n=7      | tot=1 NUOVI=0 | TRACK accr=1116 coppie=0 nuova=80
     15 |    0.0000 |    19.988 | r=17.8 c=0.151 n=217   | tot=1 NUOVI=0 | TRACK accr=1116 coppie=0 nuova=80
     20 |    0.0000 |    19.988 | r=8.2 c=0.042 n=5      | tot=1 NUOVI=0 | TRACK accr=1116 coppie=0 nuova=80
     25 |    0.0000 |    19.988 | r=7.2 c=0.077 n=5      | tot=3 NUOVI=0 | TRACK accr=1116 coppie=0 nuova=80
     30 |    0.0000 |    19.988 | r=8.8 c=0.152 n=7      | tot=3 NUOVI=0 | TRACK accr=1116 coppie=0 nuova=80
     35 |    0.0000 |    19.988 | r=8.8 c=0.263 n=8      | tot=3 NUOVI=0 | TRACK accr=1116 coppie=0 nuova=80
     40 |    0.0000 |    19.988 | r=16.8 c=0.241 n=162   | tot=3 NUOVI=0 | TRACK accr=1116 coppie=0 nuova=80
     45 |    0.0000 |    19.988 | r=8.2 c=0.040 n=5      | tot=3 NUOVI=0 | TRACK accr=1116 coppie=0 nuova=80
     50 |    0.0000 |    19.988 | r=8.8 c=0.282 n=8      | tot=3 NUOVI=0 | TRACK accr=1116 coppie=0 nuova=80
     55 |    0.0000 |    19.988 | r=9.2 c=0.166 n=8      | tot=3 NUOVI=0 | TRACK accr=1116 coppie=0 nuova=80
     60 |    0.0000 |    19.988 | r=11.2 c=0.153 n=5     | tot=1 NUOVI=0 | TRACK accr=1116 coppie=0 nuova=80
     65 |    0.0000 |    19.988 | r=17.8 c=0.299 n=211   | tot=1 NUOVI=0 | TRACK accr=1116 coppie=0 nuova=80
     70 |    0.0000 |    19.988 | r=1.2 c=0.376 n=20     | tot=1 NUOVI=0 | TRACK accr=1117 coppie=0 nuova=80
     75 |    0.0000 |    19.988 | r=17.2 c=0.209 n=256   | tot=1 NUOVI=0 | TRACK accr=1117 coppie=0 nuova=80
     80 |    0.0000 |    19.988 | r=17.2 c=0.144 n=247   | tot=1 NUOVI=0 | TRACK accr=1117 coppie=0 nuova=80
     85 |    0.0000 |    19.988 | r=11.2 c=0.242 n=6     | tot=1 NUOVI=0 | TRACK accr=1118 coppie=0 nuova=80
     90 |    0.0000 |    19.988 | r=17.2 c=0.121 n=236   | tot=1 NUOVI=0 | TRACK accr=1119 coppie=0 nuova=80
     95 |    0.0000 |    19.988 | r=17.2 c=0.179 n=234   | tot=1 NUOVI=0 | TRACK accr=1120 coppie=0 nuova=80
    100 |    0.0000 |    19.988 | r=17.2 c=0.218 n=231   | tot=1 NUOVI=0 | TRACK accr=1120 coppie=0 nuova=80
    105 |    0.0000 |    19.988 | r=8.8 c=0.080 n=8      | tot=1 NUOVI=0 | TRACK accr=1120 coppie=0 nuova=80
    110 |    0.0000 |    19.988 | r=11.2 c=0.316 n=9     | tot=1 NUOVI=0 | TRACK accr=1120 coppie=0 nuova=80
    115 |    0.0000 |    19.988 | r=9.2 c=0.133 n=8      | tot=1 NUOVI=0 | TRACK accr=1120 coppie=0 nuova=80
    120 |    0.0000 |    19.988 | r=17.2 c=0.179 n=210   | tot=1 NUOVI=0 | TRACK accr=1121 coppie=0 nuova=80
    125 |    0.0000 |    19.988 | r=9.8 c=0.128 n=6      | tot=2 NUOVI=0 | TRACK accr=1122 coppie=0 nuova=80
    130 |    0.0000 |    19.988 | r=17.8 c=0.297 n=192   | tot=2 NUOVI=0 | TRACK accr=1124 coppie=2 nuova=80
    135 |    0.0000 |    19.988 | r=17.2 c=0.223 n=202   | tot=3 NUOVI=0 | TRACK accr=1125 coppie=2 nuova=80
    140 |    0.0000 |    19.988 | r=11.8 c=0.253 n=4     | tot=2 NUOVI=0 | TRACK accr=1126 coppie=2 nuova=80
    145 |    0.0000 |    19.988 | r=18.8 c=0.232 n=5     | tot=2 NUOVI=0 | TRACK accr=1126 coppie=2 nuova=80
    150 |    0.0000 |    19.988 | r=10.8 c=0.228 n=10    | tot=2 NUOVI=0 | TRACK accr=1126 coppie=2 nuova=80
    155 |    0.0000 |    19.988 | r=10.8 c=0.185 n=9     | tot=2 NUOVI=0 | TRACK accr=1127 coppie=2 nuova=80
    160 |    0.0000 |    19.988 | r=9.8 c=0.228 n=9      | tot=2 NUOVI=0 | TRACK accr=1130 coppie=2 nuova=80
    165 |    0.0000 |    19.988 | r=9.2 c=0.255 n=7      | tot=2 NUOVI=0 | TRACK accr=1133 coppie=3 nuova=80
    170 |    0.0000 |    19.988 | r=11.2 c=0.054 n=10    | tot=2 NUOVI=0 | TRACK accr=1135 coppie=3 nuova=80
    175 |    0.0000 |    19.988 | r=11.2 c=0.030 n=9     | tot=2 NUOVI=0 | TRACK accr=1136 coppie=4 nuova=80
    180 |    0.0000 |    19.988 | r=11.2 c=0.062 n=7     | tot=2 NUOVI=0 | TRACK accr=1140 coppie=4 nuova=80
    185 |    0.0000 |    19.988 | r=8.8 c=0.130 n=8      | tot=2 NUOVI=0 | TRACK accr=1141 coppie=4 nuova=80
    190 |    0.0000 |    19.988 | r=10.8 c=0.185 n=11    | tot=2 NUOVI=0 | TRACK accr=1146 coppie=8 nuova=80
    195 |    0.0000 |    19.988 | r=10.2 c=0.253 n=12    | tot=2 NUOVI=0 | TRACK accr=1150 coppie=11 nuova=80
    200 |    0.0000 |    19.988 | r=0.8 c=0.277 n=189    | tot=2 NUOVI=0 | TRACK accr=1158 coppie=16 nuova=80
    205 |    0.0000 |    19.988 | r=16.8 c=0.203 n=173   | tot=2 NUOVI=0 | TRACK accr=1172 coppie=21 nuova=80
    210 |    0.0000 |    19.988 | r=16.8 c=0.171 n=171   | tot=2 NUOVI=0 | TRACK accr=1181 coppie=26 nuova=80
    215 |    0.0000 |    19.988 | r=8.8 c=0.158 n=4      | tot=2 NUOVI=0 | TRACK accr=1194 coppie=33 nuova=80
    220 |    0.0000 |    19.988 | r=16.8 c=0.167 n=178   | tot=2 NUOVI=0 | TRACK accr=1201 coppie=38 nuova=80
    225 |    0.0000 |    19.988 | r=8.8 c=0.146 n=4      | tot=2 NUOVI=1 | TRACK accr=1214 coppie=45 nuova=80
    230 |    0.0000 |    19.988 | r=16.8 c=0.166 n=180   | tot=2 NUOVI=1 | TRACK accr=1222 coppie=47 nuova=80
    235 |    0.0000 |    19.988 | r=16.8 c=0.182 n=180   | tot=2 NUOVI=1 | TRACK accr=1228 coppie=47 nuova=80
    240 |    0.0000 |    19.988 | r=8.8 c=0.145 n=4      | tot=2 NUOVI=1 | TRACK accr=1238 coppie=51 nuova=80
    245 |    0.0000 |    19.988 | r=0.8 c=0.138 n=161    | tot=2 NUOVI=1 | TRACK accr=1253 coppie=60 nuova=80
    250 |    0.0000 |    19.988 | r=16.2 c=0.201 n=78    | tot=2 NUOVI=2 | TRACK accr=1272 coppie=70 nuova=80
    255 |    0.0000 |    19.988 | r=16.2 c=0.185 n=79    | tot=2 NUOVI=1 | TRACK accr=1296 coppie=83 nuova=80
    260 |    0.0000 |    19.988 | r=16.2 c=0.204 n=79    | tot=2 NUOVI=1 | TRACK accr=1312 coppie=87 nuova=80
    265 |    0.0000 |    19.988 | r=0.8 c=0.230 n=151    | tot=2 NUOVI=1 | TRACK accr=1325 coppie=94 nuova=82
    270 |    0.0000 |    19.988 | r=0.8 c=0.232 n=151    | tot=2 NUOVI=1 | TRACK accr=1340 coppie=99 nuova=82
    275 |    0.0000 |    19.988 | r=8.8 c=0.162 n=5      | tot=2 NUOVI=1 | TRACK accr=1357 coppie=105 nuova=82
    280 |    0.0000 |    19.988 | r=16.8 c=0.272 n=209   | tot=2 NUOVI=2 | TRACK accr=1372 coppie=108 nuova=82
    285 |    0.0000 |    19.988 | r=8.8 c=0.212 n=8      | tot=2 NUOVI=2 | TRACK accr=1389 coppie=113 nuova=82
    290 |    0.0000 |    19.988 | r=11.8 c=0.191 n=5     | tot=2 NUOVI=2 | TRACK accr=1403 coppie=120 nuova=82
    295 |    0.0000 |    19.988 | r=9.2 c=0.196 n=7      | tot=2 NUOVI=2 | TRACK accr=1423 coppie=125 nuova=82
    300 |    0.0000 |    19.988 | r=16.8 c=0.208 n=228   | tot=2 NUOVI=2 | TRACK accr=1438 coppie=129 nuova=83
    305 |    0.0000 |    19.988 | r=16.8 c=0.227 n=230   | tot=2 NUOVI=2 | TRACK accr=1453 coppie=141 nuova=83
    310 |    0.0000 |    19.988 | r=11.8 c=0.205 n=5     | tot=2 NUOVI=2 | TRACK accr=1472 coppie=151 nuova=83
    315 |    0.0000 |    19.988 | r=16.8 c=0.209 n=235   | tot=2 NUOVI=2 | TRACK accr=1488 coppie=157 nuova=83
    320 |    0.0000 |    19.988 | r=0.8 c=0.210 n=223    | tot=2 NUOVI=2 | TRACK accr=1501 coppie=163 nuova=83
    325 |    0.0000 |    19.988 | r=0.8 c=0.196 n=231    | tot=2 NUOVI=2 | TRACK accr=1527 coppie=170 nuova=83
    330 |    0.0000 |    19.988 | r=17.2 c=0.217 n=415   | tot=3 NUOVI=3 | TRACK accr=1544 coppie=178 nuova=83
    335 |    0.0000 |    19.988 | r=0.8 c=0.198 n=242    | tot=3 NUOVI=3 | TRACK accr=1563 coppie=189 nuova=83
    340 |    0.0000 |    19.988 | r=16.8 c=0.216 n=259   | tot=3 NUOVI=3 | TRACK accr=1581 coppie=193 nuova=83
    345 |    0.0000 |    19.988 | r=12.8 c=0.081 n=4     | tot=3 NUOVI=3 | TRACK accr=1603 coppie=201 nuova=83
    350 |    0.0000 |    19.988 | r=17.2 c=0.200 n=406   | tot=3 NUOVI=3 | TRACK accr=1626 coppie=209 nuova=83
    355 |    0.0000 |    19.988 | r=16.8 c=0.202 n=271   | tot=3 NUOVI=3 | TRACK accr=1654 coppie=221 nuova=83
    360 |    0.0000 |    19.988 | r=12.8 c=0.147 n=5     | tot=3 NUOVI=3 | TRACK accr=1671 coppie=226 nuova=83
    365 |    0.0000 |    19.988 | r=11.8 c=0.080 n=4     | tot=3 NUOVI=3 | TRACK accr=1689 coppie=236 nuova=83
    370 |    0.0000 |    19.988 | r=18.2 c=0.177 n=188   | tot=3 NUOVI=3 | TRACK accr=1705 coppie=241 nuova=83
    375 |    0.0000 |    19.988 | r=18.2 c=0.147 n=194   | tot=3 NUOVI=3 | TRACK accr=1720 coppie=246 nuova=83
    380 |    0.0000 |    19.988 | r=12.8 c=0.060 n=5     | tot=3 NUOVI=3 | TRACK accr=1735 coppie=256 nuova=83
    385 |    0.0000 |    19.988 | r=11.8 c=0.046 n=5     | tot=3 NUOVI=3 | TRACK accr=1756 coppie=262 nuova=83
    390 |    0.0000 |    19.988 | r=12.8 c=0.060 n=5     | tot=3 NUOVI=3 | TRACK accr=1775 coppie=272 nuova=83
    395 |    0.0000 |    19.988 | r=12.8 c=0.061 n=5     | tot=3 NUOVI=3 | TRACK accr=1800 coppie=282 nuova=85
    400 |    0.0000 |    19.988 | r=12.8 c=0.061 n=5     | tot=3 NUOVI=3 | TRACK accr=1822 coppie=295 nuova=85
    405 |    0.0000 |    19.988 | r=12.8 c=0.061 n=5     | tot=3 NUOVI=3 | TRACK accr=1841 coppie=305 nuova=87
    410 |    0.0000 |    19.988 | r=12.8 c=0.061 n=4     | tot=3 NUOVI=3 | TRACK accr=1861 coppie=315 nuova=87
    415 |    0.0000 |    19.988 | r=12.8 c=0.061 n=4     | tot=3 NUOVI=3 | TRACK accr=1880 coppie=322 nuova=87
    420 |    0.0000 |    19.989 | r=12.8 c=0.061 n=4     | tot=3 NUOVI=3 | TRACK accr=1902 coppie=336 nuova=87
    425 |    0.0000 |    19.989 | r=12.8 c=0.061 n=4     | tot=2 NUOVI=2 | TRACK accr=1923 coppie=343 nuova=87
    430 |    0.0000 |    19.989 | r=12.8 c=0.061 n=4     | tot=3 NUOVI=3 | TRACK accr=1941 coppie=355 nuova=87
    435 |    0.0000 |    19.989 | r=12.8 c=0.061 n=4     | tot=3 NUOVI=3 | TRACK accr=1963 coppie=368 nuova=87
    440 |    0.0000 |    19.989 | r=12.8 c=0.062 n=4     | tot=3 NUOVI=3 | TRACK accr=1982 coppie=373 nuova=87
    445 |    0.0000 |    19.989 | r=12.8 c=0.062 n=4     | tot=2 NUOVI=2 | TRACK accr=2006 coppie=383 nuova=87
    450 |    0.0000 |    19.989 | r=12.8 c=0.062 n=4     | tot=2 NUOVI=2 | TRACK accr=2032 coppie=396 nuova=87
    455 |    0.0000 |    19.989 | r=12.8 c=0.062 n=4     | tot=2 NUOVI=2 | TRACK accr=2047 coppie=402 nuova=87
    460 |    0.0000 |    19.989 | r=12.8 c=0.063 n=4     | tot=2 NUOVI=2 | TRACK accr=2068 coppie=414 nuova=87
    465 |    0.0000 |    19.988 | r=12.8 c=0.063 n=4     | tot=2 NUOVI=2 | TRACK accr=2094 coppie=427 nuova=87
    470 |    0.0000 |    19.988 | r=12.8 c=0.063 n=4     | tot=2 NUOVI=2 | TRACK accr=2115 coppie=435 nuova=87
    475 |    0.0000 |    19.988 | r=0.8 c=0.145 n=267    | tot=2 NUOVI=2 | TRACK accr=2135 coppie=446 nuova=87
    480 |    0.0000 |    19.988 | r=12.8 c=0.063 n=4     | tot=2 NUOVI=2 | TRACK accr=2151 coppie=456 nuova=87
    485 |    0.0000 |    19.988 | r=12.8 c=0.064 n=4     | tot=1 NUOVI=1 | TRACK accr=2172 coppie=463 nuova=87
    490 |    0.0000 |    19.988 | r=12.8 c=0.064 n=4     | tot=1 NUOVI=1 | TRACK accr=2196 coppie=472 nuova=89
    495 |    0.0000 |    19.988 | r=12.8 c=0.064 n=4     | tot=1 NUOVI=1 | TRACK accr=2228 coppie=487 nuova=89
    500 |    0.0000 |    19.988 | r=12.8 c=0.064 n=4     | tot=1 NUOVI=1 | TRACK accr=2248 coppie=497 nuova=89
    505 |    0.0000 |    19.988 | r=18.2 c=0.128 n=272   | tot=1 NUOVI=1 | TRACK accr=2266 coppie=507 nuova=89
    510 |    0.0000 |    19.988 | r=18.2 c=0.108 n=304   | tot=1 NUOVI=1 | TRACK accr=2293 coppie=517 nuova=89
    515 |    0.0000 |    19.988 | r=18.2 c=0.109 n=311   | tot=1 NUOVI=1 | TRACK accr=2313 coppie=524 nuova=89
    520 |    0.0000 |    19.988 | r=18.2 c=0.096 n=318   | tot=1 NUOVI=1 | TRACK accr=2333 coppie=535 nuova=89
    525 |    0.0000 |    19.988 | r=11.5 c=0.187 n=88    | tot=1 NUOVI=1 | TRACK accr=2362 coppie=547 nuova=89
    530 |    0.0000 |    19.988 | r=11.5 c=0.186 n=96    | tot=1 NUOVI=1 | TRACK accr=2394 coppie=560 nuova=89
    535 |    0.0000 |    19.988 | r=11.5 c=0.163 n=96    | tot=1 NUOVI=1 | TRACK accr=2418 coppie=572 nuova=89
    540 |    0.0000 |    19.988 | r=11.5 c=0.172 n=100   | tot=1 NUOVI=1 | TRACK accr=2438 coppie=581 nuova=89
    545 |    0.0000 |    19.988 | r=11.5 c=0.190 n=104   | tot=1 NUOVI=1 | TRACK accr=2464 coppie=594 nuova=89
    550 |    0.0000 |    19.988 | r=12.5 c=0.148 n=4     | tot=1 NUOVI=1 | TRACK accr=2496 coppie=607 nuova=89
    555 |    0.0000 |    19.988 | r=11.5 c=0.199 n=108   | tot=1 NUOVI=1 | TRACK accr=2514 coppie=615 nuova=90
    560 |    0.0000 |    19.988 | r=11.5 c=0.147 n=110   | tot=1 NUOVI=1 | TRACK accr=2544 coppie=628 nuova=91
    565 |    0.0000 |    19.988 | r=11.5 c=0.195 n=115   | tot=1 NUOVI=1 | TRACK accr=2571 coppie=635 nuova=91
    570 |    0.0000 |    19.988 | r=11.5 c=0.197 n=123   | tot=1 NUOVI=1 | TRACK accr=2592 coppie=646 nuova=91
    575 |    0.0000 |    19.988 | r=11.5 c=0.186 n=127   | tot=1 NUOVI=1 | TRACK accr=2615 coppie=658 nuova=91
    580 |    0.0000 |    19.988 | r=11.5 c=0.198 n=137   | tot=1 NUOVI=1 | TRACK accr=2645 coppie=671 nuova=91
    585 |    0.0000 |    19.988 | r=11.5 c=0.216 n=145   | tot=1 NUOVI=1 | TRACK accr=2686 coppie=693 nuova=91
    590 |    0.0000 |    19.988 | r=11.5 c=0.180 n=148   | tot=1 NUOVI=1 | TRACK accr=2723 coppie=709 nuova=91
    595 |    0.0000 |    19.988 | r=11.5 c=0.171 n=157   | tot=1 NUOVI=1 | TRACK accr=2741 coppie=713 nuova=91
    600 |    0.0000 |    19.988 | r=11.5 c=0.187 n=158   | tot=1 NUOVI=1 | TRACK accr=2761 coppie=729 nuova=91
    605 |    0.0000 |    19.988 | r=11.5 c=0.159 n=160   | tot=1 NUOVI=1 | TRACK accr=2794 coppie=743 nuova=91
    610 |    0.0000 |    19.988 | r=11.5 c=0.174 n=162   | tot=1 NUOVI=1 | TRACK accr=2823 coppie=760 nuova=91
    615 |    0.0000 |    19.988 | r=11.5 c=0.164 n=163   | tot=1 NUOVI=1 | TRACK accr=2846 coppie=766 nuova=91
    620 |    0.0000 |    19.988 | r=11.5 c=0.180 n=161   | tot=1 NUOVI=1 | TRACK accr=2878 coppie=781 nuova=91
    625 |    0.0000 |    19.988 | r=11.5 c=0.154 n=161   | tot=1 NUOVI=1 | TRACK accr=2903 coppie=791 nuova=92
    630 |    0.0000 |    19.988 | r=11.5 c=0.190 n=165   | tot=1 NUOVI=1 | TRACK accr=2928 coppie=800 nuova=92
    635 |    0.0000 |    19.988 | r=11.5 c=0.173 n=171   | tot=1 NUOVI=1 | TRACK accr=2960 coppie=822 nuova=92
    640 |    0.0000 |    19.988 | r=11.5 c=0.161 n=170   | tot=1 NUOVI=1 | TRACK accr=2986 coppie=835 nuova=92
    645 |    0.0000 |    19.988 | r=12.0 c=0.155 n=65    | tot=1 NUOVI=1 | TRACK accr=3025 coppie=856 nuova=94
    650 |    0.0000 |    19.988 | r=11.5 c=0.141 n=185   | tot=1 NUOVI=1 | TRACK accr=3061 coppie=877 nuova=94
    655 |    0.0000 |    19.988 | r=11.5 c=0.148 n=187   | tot=1 NUOVI=1 | TRACK accr=3096 coppie=899 nuova=94
    660 |    0.0000 |    19.988 | r=11.5 c=0.169 n=197   | tot=1 NUOVI=1 | TRACK accr=3133 coppie=913 nuova=94
    665 |    0.0000 |    19.988 | r=11.5 c=0.154 n=197   | tot=1 NUOVI=1 | TRACK accr=3160 coppie=927 nuova=94
    670 |    0.0000 |    19.988 | r=11.5 c=0.152 n=203   | tot=1 NUOVI=1 | TRACK accr=3191 coppie=936 nuova=94
    675 |    0.0000 |    19.988 | r=11.5 c=0.155 n=202   | tot=1 NUOVI=1 | TRACK accr=3227 coppie=950 nuova=96
    680 |    0.0000 |    19.988 | r=11.5 c=0.147 n=207   | tot=2 NUOVI=2 | TRACK accr=3261 coppie=970 nuova=96
    685 |    0.0000 |    19.988 | r=11.5 c=0.148 n=209   | tot=2 NUOVI=2 | TRACK accr=3298 coppie=990 nuova=96
    690 |    0.0000 |    19.988 | r=11.5 c=0.146 n=216   | tot=2 NUOVI=2 | TRACK accr=3325 coppie=1004 nuova=96
    695 |    0.0000 |    19.988 | r=11.5 c=0.113 n=223   | tot=2 NUOVI=2 | TRACK accr=3357 coppie=1019 nuova=96
    700 |    0.0000 |    19.987 | r=11.5 c=0.120 n=221   | tot=2 NUOVI=2 | TRACK accr=3387 coppie=1031 nuova=96
[batch] log diagnostico completo salvato in out_elast\off_700_sep10_s1.csv

[batch] completato in 3969.9s, 700 passi. CSV salvato in out_elast\cond_off_700_sep10_s1.csv
[batch] LETTURA condensazione: se dens_centrale e n_centrali CRESCONO e frac_nati resta
        ALTA mentre dist_masse NON crolla -> NUOVA massa dal vuoto (non accrescimento).
[batch] LETTURA picchi_nuovi: se picchi_nuovi passa da 0 a >=1 a un certo passo, quello e'
        il momento in cui una MASSA NUOVA si stacca dal vuoto (materia isolata che si crea).
[batch] LETTURA antiguscio: se compare un anello a coerenza_min BASSA (antifase) e raggio
        stabile oltre le masse, con nodi presenti -> GUSCIO DI ANTIFASE che avvolge i nuclei
        = massa di scala superiore (il guscio del sistema e antifase, non materia).
