[tau] tau_p locale usa d0 (distanza di riposo) invece di d reale: forma piu' stabile
[calore] calcio termico VETTORIALE+chirale attivo: omega_s 3D eccitato, phivel firmato da perc_chi
[verlet] integratore metrico Velocity-Verlet (2 ordine) attivo
[olon-part] la partizione tangenziale usa curl + twist coerente (verso -> conversione)
[polo-maturo] al twist partecipa la chiralita del polo che matura (twn maggiore)
[ls-azim] L.S vettoriale: verso tangenziale da (radiale x spinore), azimutale stabile
[verso-chi] FRAME_DRAG pilotato dal verso CHIRALE stabile (non dal tw oscillante)
[sync] aggiornamento sincrono attivo: dph legge la fase dallo snapshot t-1 (Jacobi)
[pav-com] pavimento comovente attivo: d0 >= median(d0)-MAD(d0) invece di 0.05 assoluto
[zeta-vir] freno anisotropo attivo: beta *= cos2 della viriale (dissipa radiale, libera tangenziale)
[chi-basc] basculamento chirale attivo: perc_chi vira secondo la torsione locale vs PHI_CRIT (2pi)
[chi-core] frame-dragging guidato dalla chiralità emergente del core locale
[cs-dinamico] velocità metrica locale cs_eff(rho) con profilo tanh e CFL dinamico
[batch] condensazione: seed=2 passi=2000 ogni=10 sep=8.0 nmasse=2
[batch] leggi attive: GRAV_BIFASE=True SPIN_ORBITA(via SPINORE)=True COPPIA_MIT=1.0 lambda=0.800

passo | dens_centr | dist_masse | ANTIGUSCIO(r,c,n) | PICCHI(tot,NUOVI)
[batch] LOG DIAGNOSTICO COMPLETO  -> out_guscio_morbido\diag_off_s2.csv
      0 |    0.0000 |    16.006 | r=6.2 c=0.307 n=7      | tot=2 NUOVI=2 | TRACK accr=744 coppie=0 nuova=80
     10 |    0.0000 |    16.006 | r=10.2 c=0.220 n=10    | tot=1 NUOVI=0 | TRACK accr=744 coppie=0 nuova=80
     20 |    0.0000 |    16.006 | r=7.8 c=0.244 n=7      | tot=2 NUOVI=0 | TRACK accr=744 coppie=0 nuova=80
     30 |    0.0000 |    16.006 | r=7.8 c=0.018 n=7      | tot=2 NUOVI=0 | TRACK accr=745 coppie=0 nuova=80
     40 |    0.0000 |    16.006 | r=6.2 c=0.138 n=7      | tot=2 NUOVI=0 | TRACK accr=745 coppie=0 nuova=80
     50 |    0.0000 |    16.006 | r=10.2 c=0.128 n=7     | tot=2 NUOVI=0 | TRACK accr=745 coppie=0 nuova=80
     60 |    0.0000 |    16.006 | r=9.8 c=0.359 n=9      | tot=2 NUOVI=0 | TRACK accr=746 coppie=0 nuova=80
     70 |    0.0000 |    16.006 | r=10.2 c=0.200 n=7     | tot=2 NUOVI=0 | TRACK accr=748 coppie=1 nuova=80
