[tau] tau_p locale usa d0 (distanza di riposo) invece di d reale: forma piu' stabile
[calore] calcio termico VETTORIALE+chirale attivo: omega_s 3D eccitato, phivel firmato da perc_chi
[verlet] integratore metrico Velocity-Verlet (2 ordine) attivo
[olon-part] la partizione tangenziale usa curl + twist coerente (verso -> conversione)
[polo-maturo] al twist partecipa la chiralita del polo che matura (twn maggiore)
[ls-azim] L.S vettoriale: verso tangenziale da (radiale x spinore), azimutale stabile
[verso-chi] FRAME_DRAG pilotato dal verso CHIRALE stabile (non dal tw oscillante)
[sync] aggiornamento sincrono attivo: dph legge la fase dallo snapshot t-1 (Jacobi)
[pav-com] pavimento comovente attivo: d0 >= median(d0)-MAD(d0) invece di 0.05 assoluto
[zeta-vir] freno anisotropo attivo: beta *= cos2 della viriale (dissipa radiale, libera tangenziale)
[chi-basc] basculamento chirale attivo: perc_chi vira secondo la torsione locale vs PHI_CRIT (2pi)
[chi-core] frame-dragging guidato dalla chiralità emergente del core locale
[cs-dinamico] velocità metrica locale cs_eff(rho) con profilo tanh e CFL dinamico
[batch] condensazione: seed=1 passi=2000 ogni=10 sep=8.0 nmasse=2
[batch] leggi attive: GRAV_BIFASE=True SPIN_ORBITA(via SPINORE)=True COPPIA_MIT=1.0 lambda=0.800

passo | dens_centr | dist_masse | ANTIGUSCIO(r,c,n) | PICCHI(tot,NUOVI)
[batch] LOG DIAGNOSTICO COMPLETO  -> out_guscio_morbido\diag_on_s1.csv
      0 |    0.0000 |    16.009 | r=6.2 c=0.313 n=5      | tot=1 NUOVI=1 | TRACK accr=744 coppie=0 nuova=80
     10 |    0.0000 |    16.009 | r=6.8 c=0.090 n=8      | tot=2 NUOVI=0 | TRACK accr=744 coppie=0 nuova=80
     20 |    0.0000 |    16.009 | r=9.8 c=0.389 n=4      | tot=2 NUOVI=0 | TRACK accr=744 coppie=0 nuova=80
     30 |    0.0000 |    16.009 | r=9.2 c=0.379 n=9      | tot=2 NUOVI=0 | TRACK accr=744 coppie=0 nuova=80
     40 |    0.0000 |    16.009 | r=9.2 c=0.363 n=8      | tot=2 NUOVI=0 | TRACK accr=744 coppie=0 nuova=80
     50 |    0.0000 |    16.009 | r=9.8 c=0.347 n=11     | tot=2 NUOVI=0 | TRACK accr=744 coppie=0 nuova=80
     60 |    0.0000 |    16.009 | r=7.2 c=0.465 n=6      | tot=2 NUOVI=0 | TRACK accr=744 coppie=0 nuova=80
     70 |    0.0000 |    16.009 | r=10.2 c=0.552 n=9     | tot=2 NUOVI=0 | TRACK accr=744 coppie=0 nuova=80
     80 |    0.0000 |    16.009 | r=10.8 c=0.564 n=6     | tot=2 NUOVI=0 | TRACK accr=744 coppie=0 nuova=80
     90 |    0.0000 |    16.009 | r=9.8 c=0.282 n=11     | tot=2 NUOVI=0 | TRACK accr=744 coppie=0 nuova=80
    100 |    0.0000 |    16.009 | r=10.2 c=0.310 n=6     | tot=2 NUOVI=0 | TRACK accr=744 coppie=0 nuova=80
    110 |    0.0000 |    16.009 | r=9.2 c=0.434 n=10     | tot=2 NUOVI=0 | TRACK accr=744 coppie=0 nuova=80
    120 |    0.0000 |    16.009 | r=8.8 c=0.129 n=10     | tot=2 NUOVI=0 | TRACK accr=744 coppie=0 nuova=80
    130 |    0.0000 |    16.009 | r=7.8 c=0.372 n=9      | tot=2 NUOVI=0 | TRACK accr=744 coppie=0 nuova=80
    140 |    0.0000 |    16.009 | r=8.2 c=0.265 n=11     | tot=2 NUOVI=0 | TRACK accr=744 coppie=0 nuova=80
    150 |    0.0000 |    16.009 | r=9.2 c=0.430 n=12     | tot=2 NUOVI=0 | TRACK accr=744 coppie=0 nuova=82
    160 |    0.0000 |    16.009 | r=7.8 c=0.243 n=12     | tot=2 NUOVI=0 | TRACK accr=744 coppie=0 nuova=82
    170 |    0.0000 |    16.009 | r=6.8 c=0.343 n=8      | tot=1 NUOVI=0 | TRACK accr=744 coppie=0 nuova=82
    180 |    0.0000 |    16.009 | r=9.8 c=0.248 n=8      | tot=1 NUOVI=0 | TRACK accr=744 coppie=0 nuova=82
    190 |    0.0000 |    16.009 | r=6.8 c=0.317 n=4      | tot=1 NUOVI=0 | TRACK accr=744 coppie=0 nuova=82
    200 |    0.0000 |    16.009 | r=9.2 c=0.457 n=11     | tot=1 NUOVI=0 | TRACK accr=744 coppie=0 nuova=82
    210 |    0.0000 |    16.009 | r=9.8 c=0.276 n=8      | tot=1 NUOVI=0 | TRACK accr=744 coppie=0 nuova=82
    220 |    0.0000 |    16.009 | r=7.2 c=0.370 n=10     | tot=2 NUOVI=0 | TRACK accr=744 coppie=0 nuova=82
    230 |    0.0000 |    16.009 | r=7.2 c=0.277 n=10     | tot=2 NUOVI=0 | TRACK accr=751 coppie=1 nuova=83
    240 |    0.0000 |    16.009 | r=6.2 c=0.270 n=6      | tot=1 NUOVI=0 | TRACK accr=755 coppie=2 nuova=83
    250 |    0.0000 |    16.009 | r=17.2 c=0.170 n=19    | tot=1 NUOVI=0 | TRACK accr=759 coppie=3 nuova=83
    260 |    0.0000 |    16.009 | r=7.2 c=0.408 n=7      | tot=2 NUOVI=0 | TRACK accr=759 coppie=3 nuova=83
    270 |    0.0000 |    16.009 | r=9.2 c=0.175 n=11     | tot=1 NUOVI=0 | TRACK accr=760 coppie=3 nuova=83
    280 |    0.0000 |    16.009 | r=7.8 c=0.266 n=10     | tot=1 NUOVI=0 | TRACK accr=761 coppie=4 nuova=85
    290 |    0.0000 |    16.009 | r=8.8 c=0.073 n=7      | tot=2 NUOVI=0 | TRACK accr=762 coppie=4 nuova=85
    300 |    0.0000 |    16.009 | r=6.8 c=0.233 n=7      | tot=2 NUOVI=0 | TRACK accr=763 coppie=4 nuova=87
    310 |    0.0000 |    16.009 | r=9.2 c=0.205 n=9      | tot=2 NUOVI=0 | TRACK accr=769 coppie=6 nuova=87
    320 |    0.0000 |    16.009 | r=6.8 c=0.355 n=9      | tot=2 NUOVI=0 | TRACK accr=771 coppie=7 nuova=87
    330 |    0.0000 |    16.008 | r=7.2 c=0.222 n=7      | tot=2 NUOVI=0 | TRACK accr=780 coppie=12 nuova=87
    340 |    0.0000 |    16.008 | r=9.2 c=0.250 n=10     | tot=2 NUOVI=0 | TRACK accr=786 coppie=15 nuova=87
    350 |    0.0000 |    16.008 | r=10.2 c=0.479 n=10    | tot=2 NUOVI=0 | TRACK accr=796 coppie=18 nuova=87
    360 |    0.0000 |    16.008 | r=6.8 c=0.314 n=8      | tot=2 NUOVI=0 | TRACK accr=808 coppie=22 nuova=87
    370 |    0.0000 |    16.008 | r=8.8 c=0.401 n=9      | tot=2 NUOVI=0 | TRACK accr=819 coppie=27 nuova=89
    380 |    0.0000 |    16.008 | r=10.2 c=0.225 n=9     | tot=2 NUOVI=0 | TRACK accr=838 coppie=34 nuova=89
    390 |    0.0000 |    16.008 | r=0.8 c=0.425 n=105    | tot=2 NUOVI=0 | TRACK accr=863 coppie=44 nuova=89
    400 |    0.0000 |    16.009 | r=7.8 c=0.181 n=5      | tot=2 NUOVI=0 | TRACK accr=893 coppie=54 nuova=89
    410 |    0.0000 |    16.009 | r=7.8 c=0.107 n=4      | tot=2 NUOVI=0 | TRACK accr=915 coppie=66 nuova=90
    420 |    0.0000 |    16.009 | r=7.2 c=0.232 n=9      | tot=2 NUOVI=0 | TRACK accr=933 coppie=72 nuova=90
    430 |    0.0000 |    16.009 | r=7.2 c=0.321 n=10     | tot=2 NUOVI=0 | TRACK accr=960 coppie=82 nuova=90
    440 |    0.0000 |    16.009 | r=10.2 c=0.135 n=10    | tot=2 NUOVI=0 | TRACK accr=984 coppie=90 nuova=90
    450 |    0.0000 |    16.009 | r=6.8 c=0.335 n=5      | tot=2 NUOVI=0 | TRACK accr=1018 coppie=100 nuova=90
    460 |    0.0000 |    16.009 | r=0.8 c=0.294 n=120    | tot=2 NUOVI=0 | TRACK accr=1045 coppie=112 nuova=91
    470 |    0.0000 |    16.009 | r=0.8 c=0.230 n=129    | tot=2 NUOVI=0 | TRACK accr=1082 coppie=121 nuova=91
    480 |    0.0000 |    16.009 | r=10.2 c=0.120 n=14    | tot=2 NUOVI=0 | TRACK accr=1111 coppie=137 nuova=91
    490 |    0.0000 |    16.009 | r=10.2 c=0.190 n=14    | tot=2 NUOVI=0 | TRACK accr=1148 coppie=150 nuova=91
    500 |    0.0000 |    16.009 | r=0.8 c=0.208 n=207    | tot=2 NUOVI=0 | TRACK accr=1188 coppie=164 nuova=91
    510 |    0.0000 |    16.009 | r=7.8 c=0.169 n=5      | tot=2 NUOVI=0 | TRACK accr=1233 coppie=187 nuova=91
    520 |    0.0000 |    16.009 | r=17.2 c=0.205 n=57    | tot=1 NUOVI=0 | TRACK accr=1276 coppie=206 nuova=91
    530 |    0.0000 |    16.009 | r=0.8 c=0.055 n=149    | tot=1 NUOVI=0 | TRACK accr=1314 coppie=224 nuova=91
    540 |    0.0000 |    16.009 | r=10.0 c=0.233 n=5     | tot=1 NUOVI=0 | TRACK accr=1352 coppie=240 nuova=91
    550 |    0.0000 |    16.009 | r=10.0 c=0.194 n=8     | tot=1 NUOVI=0 | TRACK accr=1403 coppie=267 nuova=91
    560 |    0.0000 |    16.009 | r=9.5 c=0.220 n=47     | tot=1 NUOVI=1 | TRACK accr=1443 coppie=285 nuova=91
    570 |    0.0000 |    16.009 | r=10.5 c=0.149 n=5     | tot=1 NUOVI=1 | TRACK accr=1494 coppie=310 nuova=93
    580 |    0.0000 |    16.009 | r=9.5 c=0.264 n=61     | tot=1 NUOVI=1 | TRACK accr=1541 coppie=330 nuova=93
    590 |    0.0000 |    16.009 | r=9.5 c=0.244 n=65     | tot=1 NUOVI=1 | TRACK accr=1591 coppie=353 nuova=96
    600 |    0.0000 |    16.009 | r=9.5 c=0.235 n=74     | tot=1 NUOVI=1 | TRACK accr=1638 coppie=373 nuova=96
    610 |    0.0000 |    16.009 | r=9.5 c=0.234 n=76     | tot=1 NUOVI=1 | TRACK accr=1677 coppie=392 nuova=96
    620 |    0.0000 |    16.009 | r=9.5 c=0.264 n=90     | tot=1 NUOVI=1 | TRACK accr=1718 coppie=417 nuova=97
    630 |    0.0000 |    16.009 | r=9.5 c=0.246 n=92     | tot=1 NUOVI=1 | TRACK accr=1764 coppie=437 nuova=98
    640 |    0.0000 |    16.008 | r=9.5 c=0.250 n=98     | tot=1 NUOVI=1 | TRACK accr=1799 coppie=455 nuova=101
    650 |    0.0000 |    16.008 | r=9.5 c=0.234 n=106    | tot=1 NUOVI=1 | TRACK accr=1839 coppie=468 nuova=103
    660 |    0.0000 |    16.008 | r=11.0 c=0.217 n=8     | tot=1 NUOVI=1 | TRACK accr=1881 coppie=486 nuova=103
    670 |    0.0000 |    16.008 | r=9.5 c=0.232 n=128    | tot=1 NUOVI=1 | TRACK accr=1925 coppie=507 nuova=103
    680 |    0.0000 |    16.008 | r=9.5 c=0.205 n=140    | tot=1 NUOVI=1 | TRACK accr=1965 coppie=520 nuova=103
    690 |    0.0000 |    16.008 | r=9.5 c=0.212 n=153    | tot=1 NUOVI=1 | TRACK accr=1999 coppie=535 nuova=103
    700 |    0.0000 |    16.008 | r=9.5 c=0.168 n=163    | tot=1 NUOVI=1 | TRACK accr=2046 coppie=560 nuova=104
    710 |    0.0000 |    16.008 | r=9.5 c=0.182 n=173    | tot=1 NUOVI=1 | TRACK accr=2077 coppie=580 nuova=104
    720 |    0.0000 |    16.008 | r=9.5 c=0.176 n=175    | tot=1 NUOVI=1 | TRACK accr=2124 coppie=601 nuova=104
    730 |    0.0000 |    16.008 | r=9.5 c=0.202 n=178    | tot=1 NUOVI=1 | TRACK accr=2162 coppie=614 nuova=104
    740 |    0.0000 |    16.008 | r=10.5 c=0.192 n=44    | tot=1 NUOVI=1 | TRACK accr=2211 coppie=636 nuova=104
    750 |    0.0000 |    16.008 | r=9.5 c=0.186 n=193    | tot=2 NUOVI=2 | TRACK accr=2261 coppie=652 nuova=104
    760 |    0.0000 |    16.008 | r=9.5 c=0.173 n=201    | tot=2 NUOVI=2 | TRACK accr=2300 coppie=671 nuova=104
    770 |    0.0000 |    16.008 | r=9.5 c=0.191 n=197    | tot=2 NUOVI=2 | TRACK accr=2347 coppie=691 nuova=104
    780 |    0.0000 |    16.008 | r=9.5 c=0.159 n=193    | tot=2 NUOVI=2 | TRACK accr=2391 coppie=710 nuova=104
    790 |    0.0000 |    16.008 | r=9.5 c=0.183 n=207    | tot=2 NUOVI=2 | TRACK accr=2431 coppie=724 nuova=104
    800 |    0.0000 |    16.008 | r=9.5 c=0.168 n=218    | tot=2 NUOVI=2 | TRACK accr=2473 coppie=743 nuova=106
    810 |    0.0000 |    16.008 | r=9.5 c=0.157 n=229    | tot=2 NUOVI=2 | TRACK accr=2515 coppie=766 nuova=107
    820 |    0.0000 |    16.008 | r=9.5 c=0.169 n=239    | tot=1 NUOVI=1 | TRACK accr=2560 coppie=793 nuova=107
    830 |    0.0000 |    16.008 | r=9.5 c=0.161 n=239    | tot=1 NUOVI=1 | TRACK accr=2592 coppie=808 nuova=108
    840 |    0.0000 |    16.008 | r=9.5 c=0.157 n=246    | tot=1 NUOVI=1 | TRACK accr=2633 coppie=828 nuova=108
    850 |    0.0000 |    16.008 | r=9.5 c=0.143 n=249    | tot=1 NUOVI=1 | TRACK accr=2692 coppie=857 nuova=109
    860 |    0.0000 |    16.008 | r=9.5 c=0.145 n=255    | tot=1 NUOVI=1 | TRACK accr=2735 coppie=873 nuova=109
    870 |    0.0000 |    16.008 | r=9.5 c=0.154 n=268    | tot=1 NUOVI=1 | TRACK accr=2786 coppie=893 nuova=109
    880 |    0.0000 |    16.008 | r=9.5 c=0.152 n=278    | tot=1 NUOVI=1 | TRACK accr=2847 coppie=925 nuova=109
    890 |    0.0000 |    16.008 | r=9.5 c=0.152 n=283    | tot=1 NUOVI=1 | TRACK accr=2894 coppie=945 nuova=110
    900 |    0.0000 |    16.008 | r=9.5 c=0.123 n=290    | tot=1 NUOVI=1 | TRACK accr=2961 coppie=977 nuova=110
    910 |    0.0000 |    16.008 | r=9.5 c=0.137 n=304    | tot=1 NUOVI=1 | TRACK accr=3011 coppie=1008 nuova=113
    920 |    0.0000 |    16.008 | r=9.5 c=0.114 n=304    | tot=1 NUOVI=1 | TRACK accr=3055 coppie=1030 nuova=113
    930 |    0.0000 |    16.008 | r=9.5 c=0.108 n=312    | tot=1 NUOVI=1 | TRACK accr=3117 coppie=1060 nuova=113
    940 |    0.0000 |    16.008 | r=9.5 c=0.133 n=312    | tot=1 NUOVI=1 | TRACK accr=3169 coppie=1084 nuova=115
    950 |    0.0000 |    16.008 | r=9.5 c=0.090 n=324    | tot=1 NUOVI=1 | TRACK accr=3225 coppie=1115 nuova=115
    960 |    0.0000 |    16.008 | r=9.5 c=0.119 n=331    | tot=1 NUOVI=1 | TRACK accr=3282 coppie=1145 nuova=115
    970 |    0.0000 |    16.008 | r=9.5 c=0.136 n=340    | tot=1 NUOVI=1 | TRACK accr=3332 coppie=1161 nuova=115
    980 |    0.0000 |    16.008 | r=9.5 c=0.145 n=348    | tot=1 NUOVI=1 | TRACK accr=3385 coppie=1194 nuova=115
    990 |    0.0000 |    16.008 | r=9.5 c=0.130 n=354    | tot=1 NUOVI=1 | TRACK accr=3439 coppie=1226 nuova=116
   1000 |    0.0000 |    16.008 | r=9.5 c=0.150 n=366    | tot=1 NUOVI=1 | TRACK accr=3495 coppie=1252 nuova=116
   1010 |    0.0000 |    16.008 | r=9.5 c=0.166 n=378    | tot=1 NUOVI=1 | TRACK accr=3565 coppie=1286 nuova=116
   1020 |    0.0000 |    16.008 | r=9.5 c=0.133 n=395    | tot=1 NUOVI=1 | TRACK accr=3637 coppie=1319 nuova=118
   1030 |    0.0000 |    16.008 | r=9.5 c=0.136 n=390    | tot=1 NUOVI=1 | TRACK accr=3715 coppie=1357 nuova=118
   1040 |    0.0000 |    16.008 | r=9.5 c=0.140 n=393    | tot=1 NUOVI=1 | TRACK accr=3780 coppie=1399 nuova=118
   1050 |    0.0000 |    16.008 | r=9.5 c=0.141 n=400    | tot=1 NUOVI=1 | TRACK accr=3842 coppie=1426 nuova=120
   1060 |    0.0000 |    16.008 | r=9.5 c=0.141 n=406    | tot=1 NUOVI=1 | TRACK accr=3906 coppie=1464 nuova=122
   1070 |    0.0000 |    16.008 | r=9.5 c=0.141 n=425    | tot=1 NUOVI=1 | TRACK accr=3977 coppie=1498 nuova=122
   1080 |    0.0000 |    16.008 | r=9.5 c=0.137 n=433    | tot=1 NUOVI=1 | TRACK accr=4043 coppie=1526 nuova=122
   1090 |    0.0000 |    16.007 | r=10.0 c=0.146 n=240   | tot=1 NUOVI=1 | TRACK accr=4093 coppie=1556 nuova=123
   1100 |    0.0000 |    16.007 | r=9.5 c=0.158 n=465    | tot=1 NUOVI=1 | TRACK accr=4158 coppie=1591 nuova=123
   1110 |    0.0000 |    16.007 | r=9.5 c=0.146 n=466    | tot=1 NUOVI=1 | TRACK accr=4238 coppie=1634 nuova=123
   1120 |    0.0000 |    16.007 | r=9.5 c=0.157 n=475    | tot=1 NUOVI=0 | TRACK accr=4301 coppie=1671 nuova=125
   1130 |    0.0000 |    16.007 | r=9.5 c=0.155 n=487    | tot=1 NUOVI=0 | TRACK accr=4355 coppie=1695 nuova=126
   1140 |    0.0000 |    16.006 | r=10.0 c=0.142 n=301   | tot=1 NUOVI=0 | TRACK accr=4434 coppie=1736 nuova=127
   1150 |    0.0000 |    16.006 | r=10.5 c=0.152 n=182   | tot=1 NUOVI=0 | TRACK accr=4495 coppie=1763 nuova=127
   1160 |    0.0000 |    16.006 | r=10.0 c=0.153 n=313   | tot=1 NUOVI=0 | TRACK accr=4562 coppie=1799 nuova=127
   1170 |    0.0000 |    16.006 | r=10.0 c=0.151 n=327   | tot=1 NUOVI=0 | TRACK accr=4648 coppie=1836 nuova=128
   1180 |    0.0000 |    16.005 | r=9.5 c=0.135 n=565    | tot=1 NUOVI=0 | TRACK accr=4714 coppie=1877 nuova=128
   1190 |    0.0000 |    16.005 | r=9.5 c=0.112 n=567    | tot=1 NUOVI=0 | TRACK accr=4795 coppie=1916 nuova=128
   1200 |    0.0000 |    16.005 | r=10.0 c=0.141 n=385   | tot=1 NUOVI=0 | TRACK accr=4875 coppie=1958 nuova=128
   1210 |    0.0000 |    16.005 | r=10.0 c=0.162 n=399   | tot=1 NUOVI=0 | TRACK accr=4954 coppie=2005 nuova=130
   1220 |    0.0000 |    16.004 | r=10.5 c=0.151 n=248   | tot=1 NUOVI=0 | TRACK accr=5039 coppie=2041 nuova=130
   1230 |    0.0000 |    16.004 | r=10.5 c=0.152 n=271   | tot=1 NUOVI=0 | TRACK accr=5123 coppie=2082 nuova=130
   1240 |    0.0000 |    16.004 | r=10.0 c=0.136 n=405   | tot=1 NUOVI=1 | TRACK accr=5195 coppie=2122 nuova=133
   1250 |    0.0000 |    16.004 | r=9.5 c=0.114 n=662    | tot=1 NUOVI=1 | TRACK accr=5283 coppie=2165 nuova=135
   1260 |    0.0000 |    16.003 | r=9.5 c=0.110 n=671    | tot=1 NUOVI=1 | TRACK accr=5353 coppie=2210 nuova=135
   1270 |    0.0000 |    16.003 | r=9.5 c=0.132 n=697    | tot=1 NUOVI=1 | TRACK accr=5438 coppie=2256 nuova=136
   1280 |    0.0000 |    16.002 | r=10.0 c=0.147 n=480   | tot=1 NUOVI=1 | TRACK accr=5516 coppie=2300 nuova=137
   1290 |    0.0000 |    16.002 | r=9.5 c=0.133 n=748    | tot=1 NUOVI=1 | TRACK accr=5603 coppie=2343 nuova=141
   1300 |    0.0000 |    16.001 | r=9.5 c=0.122 n=762    | tot=1 NUOVI=1 | TRACK accr=5677 coppie=2376 nuova=143
   1310 |    0.0000 |    16.000 | r=9.4 c=0.116 n=756    | tot=1 NUOVI=1 | TRACK accr=5778 coppie=2415 nuova=145
   1320 |    0.0000 |    15.999 | r=9.4 c=0.116 n=745    | tot=1 NUOVI=0 | TRACK accr=5873 coppie=2456 nuova=145
   1330 |    0.0000 |    15.998 | r=9.4 c=0.108 n=730    | tot=1 NUOVI=1 | TRACK accr=5943 coppie=2490 nuova=145
   1340 |    0.0000 |    15.997 | r=9.4 c=0.120 n=731    | tot=1 NUOVI=1 | TRACK accr=6043 coppie=2544 nuova=146
   1350 |    0.0000 |    15.996 | r=9.4 c=0.134 n=739    | tot=1 NUOVI=1 | TRACK accr=6132 coppie=2585 nuova=148
   1360 |    0.0000 |    15.996 | r=9.4 c=0.129 n=727    | tot=1 NUOVI=0 | TRACK accr=6222 coppie=2630 nuova=151
   1370 |    0.0000 |    15.995 | r=9.4 c=0.143 n=714    | tot=1 NUOVI=0 | TRACK accr=6294 coppie=2655 nuova=152
   1380 |    0.0000 |    15.995 | r=9.4 c=0.126 n=739    | tot=1 NUOVI=1 | TRACK accr=6397 coppie=2701 nuova=154
   1390 |    0.0002 |    15.994 | r=10.4 c=0.156 n=349   | tot=1 NUOVI=1 | TRACK accr=6501 coppie=2750 nuova=157
   1400 |    0.0003 |    15.994 | r=9.4 c=0.123 n=789    | tot=1 NUOVI=1 | TRACK accr=6589 coppie=2789 nuova=157
   1410 |    0.0003 |    15.994 | r=9.4 c=0.121 n=805    | tot=1 NUOVI=1 | TRACK accr=6679 coppie=2833 nuova=157
   1420 |    0.0003 |    15.993 | r=13.9 c=0.252 n=38    | tot=1 NUOVI=1 | TRACK accr=6766 coppie=2887 nuova=157
   1430 |    0.0000 |    15.994 | r=9.4 c=0.091 n=828    | tot=1 NUOVI=1 | TRACK accr=6865 coppie=2932 nuova=160
   1440 |    0.0000 |    15.994 | r=9.4 c=0.123 n=857    | tot=1 NUOVI=0 | TRACK accr=6965 coppie=2977 nuova=161
   1450 |    0.0000 |    15.994 | r=9.4 c=0.101 n=888    | tot=1 NUOVI=0 | TRACK accr=7062 coppie=3020 nuova=161
   1460 |    0.0000 |    15.994 | r=16.9 c=0.133 n=8     | tot=1 NUOVI=0 | TRACK accr=7148 coppie=3056 nuova=163
   1470 |    0.0000 |    15.995 | r=9.4 c=0.109 n=928    | tot=1 NUOVI=0 | TRACK accr=7240 coppie=3107 nuova=167
   1480 |    0.0000 |    15.995 | r=9.9 c=0.106 n=669    | tot=1 NUOVI=1 | TRACK accr=7326 coppie=3143 nuova=168
   1490 |    0.0000 |    15.995 | r=9.4 c=0.111 n=933    | tot=1 NUOVI=1 | TRACK accr=7424 coppie=3190 nuova=168
   1500 |    0.0000 |    15.996 | r=9.4 c=0.090 n=977    | tot=1 NUOVI=1 | TRACK accr=7544 coppie=3241 nuova=171
   1510 |    0.0000 |    15.997 | r=9.4 c=0.111 n=980    | tot=1 NUOVI=1 | TRACK accr=7625 coppie=3280 nuova=176
   1520 |    0.0000 |    15.997 | r=9.4 c=0.129 n=990    | tot=1 NUOVI=1 | TRACK accr=7715 coppie=3320 nuova=180
   1530 |    0.0000 |    15.998 | r=9.4 c=0.117 n=1002   | tot=1 NUOVI=1 | TRACK accr=7806 coppie=3373 nuova=181
   1540 |    0.0000 |    15.999 | r=9.9 c=0.104 n=728    | tot=1 NUOVI=1 | TRACK accr=7909 coppie=3419 nuova=183
   1550 |    0.0000 |    15.999 | r=9.4 c=0.135 n=1052   | tot=1 NUOVI=1 | TRACK accr=8002 coppie=3465 nuova=184
   1560 |    0.0000 |    15.999 | r=9.4 c=0.115 n=1067   | tot=2 NUOVI=2 | TRACK accr=8086 coppie=3512 nuova=184
   1570 |    0.0000 |    16.000 | r=15.9 c=0.230 n=17    | tot=1 NUOVI=1 | TRACK accr=8178 coppie=3574 nuova=185
   1580 |    0.0000 |    16.000 | r=9.4 c=0.139 n=1206   | tot=1 NUOVI=1 | TRACK accr=8276 coppie=3622 nuova=185
   1590 |    0.0000 |    16.000 | r=10.4 c=0.160 n=584   | tot=1 NUOVI=1 | TRACK accr=8379 coppie=3664 nuova=190
   1600 |    0.0000 |    16.000 | r=9.4 c=0.121 n=1174   | tot=1 NUOVI=1 | TRACK accr=8476 coppie=3718 nuova=190
   1610 |    0.0000 |    16.000 | r=16.9 c=0.125 n=7     | tot=1 NUOVI=1 | TRACK accr=8552 coppie=3752 nuova=195
   1620 |    0.0000 |    16.000 | r=10.0 c=0.115 n=944   | tot=1 NUOVI=1 | TRACK accr=8657 coppie=3803 nuova=195
   1630 |    0.0000 |    16.000 | r=10.0 c=0.128 n=910   | tot=1 NUOVI=1 | TRACK accr=8755 coppie=3858 nuova=196
   1640 |    0.0000 |    16.000 | r=9.5 c=0.109 n=1151   | tot=1 NUOVI=1 | TRACK accr=8854 coppie=3899 nuova=197
   1650 |    0.0000 |    16.000 | r=9.5 c=0.097 n=1170   | tot=1 NUOVI=1 | TRACK accr=8967 coppie=3955 nuova=199
   1660 |    0.0000 |    16.000 | r=12.0 c=0.214 n=309   | tot=1 NUOVI=1 | TRACK accr=9070 coppie=4004 nuova=200
   1670 |    0.0000 |    16.000 | r=9.4 c=0.110 n=1132   | tot=1 NUOVI=1 | TRACK accr=9165 coppie=4060 nuova=201
   1680 |    0.0014 |    15.999 | r=9.9 c=0.116 n=937    | tot=1 NUOVI=1 | TRACK accr=9278 coppie=4119 nuova=201
   1690 |    0.0005 |    15.999 | r=9.4 c=0.127 n=1165   | tot=1 NUOVI=1 | TRACK accr=9391 coppie=4169 nuova=202
   1700 |    0.0005 |    15.999 | r=9.9 c=0.124 n=977    | tot=1 NUOVI=1 | TRACK accr=9498 coppie=4233 nuova=202
   1710 |    0.0000 |    15.999 | r=9.4 c=0.104 n=1158   | tot=1 NUOVI=1 | TRACK accr=9586 coppie=4281 nuova=202
   1720 |    0.0008 |    15.999 | r=9.4 c=0.097 n=1160   | tot=1 NUOVI=1 | TRACK accr=9685 coppie=4348 nuova=205
   1730 |    0.0016 |    15.999 | r=9.4 c=0.103 n=1139   | tot=1 NUOVI=1 | TRACK accr=9800 coppie=4418 nuova=205
   1740 |    0.0012 |    15.999 | r=9.4 c=0.102 n=1116   | tot=1 NUOVI=1 | TRACK accr=9902 coppie=4474 nuova=205
   1750 |    0.0013 |    15.999 | r=9.4 c=0.094 n=1121   | tot=1 NUOVI=1 | TRACK accr=9995 coppie=4528 nuova=205
   1760 |    0.0010 |    15.998 | r=9.4 c=0.108 n=1141   | tot=1 NUOVI=1 | TRACK accr=10092 coppie=4590 nuova=205
   1770 |    0.0006 |    15.998 | r=9.4 c=0.109 n=1140   | tot=1 NUOVI=1 | TRACK accr=10206 coppie=4656 nuova=205
   1780 |    0.0003 |    15.998 | r=11.9 c=0.218 n=403   | tot=1 NUOVI=1 | TRACK accr=10305 coppie=4709 nuova=205
   1790 |    0.0001 |    15.998 | r=16.9 c=0.248 n=34    | tot=1 NUOVI=1 | TRACK accr=10422 coppie=4765 nuova=206
   1800 |    0.0001 |    15.998 | r=16.9 c=0.252 n=42    | tot=1 NUOVI=1 | TRACK accr=10518 coppie=4832 nuova=208
   1810 |    0.0002 |    15.998 | r=12.4 c=0.272 n=341   | tot=1 NUOVI=1 | TRACK accr=10613 coppie=4889 nuova=210
   1820 |    0.0001 |    15.998 | r=17.4 c=0.315 n=28    | tot=1 NUOVI=1 | TRACK accr=10716 coppie=4944 nuova=212
   1830 |    0.0001 |    15.999 | r=14.9 c=0.416 n=93    | tot=1 NUOVI=1 | TRACK accr=10811 coppie=4996 nuova=212
   1840 |    0.0000 |    16.000 | r=16.5 c=0.300 n=56    | tot=1 NUOVI=1 | TRACK accr=10899 coppie=5041 nuova=214
   1850 |    0.2285 |    16.001 | r=19.0 c=0.084 n=23    | tot=1 NUOVI=1 | TRACK accr=10989 coppie=5095 nuova=215
   1860 |    0.4048 |    16.003 | r=17.5 c=0.419 n=37    | tot=1 NUOVI=1 | TRACK accr=11095 coppie=5152 nuova=215
   1870 |    0.3597 |    16.004 | r=19.5 c=0.511 n=25    | tot=1 NUOVI=1 | TRACK accr=11198 coppie=5221 nuova=215
   1880 |    0.1285 |    16.005 | r=20.5 c=0.233 n=22    | tot=1 NUOVI=1 | TRACK accr=11322 coppie=5287 nuova=215
   1890 |    0.0293 |    16.006 | r=20.5 c=0.284 n=13    | tot=1 NUOVI=1 | TRACK accr=11443 coppie=5343 nuova=215
   1900 |    0.0113 |    16.006 | r=18.0 c=0.391 n=39    | tot=1 NUOVI=1 | TRACK accr=11527 coppie=5387 nuova=216
   1910 |    0.0025 |    16.006 | r=20.5 c=0.456 n=28    | tot=2 NUOVI=2 | TRACK accr=11633 coppie=5451 nuova=216
   1920 |    0.0076 |    16.005 | r=18.5 c=0.121 n=35    | tot=2 NUOVI=2 | TRACK accr=11736 coppie=5505 nuova=219
   1930 |    0.0034 |    16.005 | r=16.5 c=0.340 n=58    | tot=2 NUOVI=2 | TRACK accr=11823 coppie=5550 nuova=221
   1940 |    0.0017 |    16.005 | r=23.5 c=0.446 n=15    | tot=2 NUOVI=2 | TRACK accr=11927 coppie=5589 nuova=225
   1950 |    0.0001 |    16.005 | r=16.0 c=0.339 n=87    | tot=2 NUOVI=2 | TRACK accr=12031 coppie=5642 nuova=225
   1960 |    0.0000 |    16.005 | r=11.0 c=0.196 n=765   | tot=2 NUOVI=2 | TRACK accr=12128 coppie=5709 nuova=227
   1970 |    0.0000 |    16.005 | r=13.5 c=0.338 n=268   | tot=2 NUOVI=2 | TRACK accr=12237 coppie=5773 nuova=227
   1980 |    0.0001 |    16.004 | r=11.5 c=0.245 n=655   | tot=2 NUOVI=2 | TRACK accr=12324 coppie=5837 nuova=227
   1990 |    0.0002 |    16.004 | r=14.5 c=0.346 n=185   | tot=1 NUOVI=1 | TRACK accr=12419 coppie=5892 nuova=231
   2000 |    0.0017 |    16.003 | r=16.5 c=0.370 n=98    | tot=1 NUOVI=1 | TRACK accr=12513 coppie=5958 nuova=232
[batch] log diagnostico completo salvato in out_guscio_morbido\diag_on_s1.csv

[batch] completato in 3999.8s, 2000 passi. CSV salvato in out_guscio_morbido\cond_on_s1.csv
[batch] LETTURA condensazione: se dens_centrale e n_centrali CRESCONO e frac_nati resta
        ALTA mentre dist_masse NON crolla -> NUOVA massa dal vuoto (non accrescimento).
[batch] LETTURA picchi_nuovi: se picchi_nuovi passa da 0 a >=1 a un certo passo, quello e'
        il momento in cui una MASSA NUOVA si stacca dal vuoto (materia isolata che si crea).
[batch] LETTURA antiguscio: se compare un anello a coerenza_min BASSA (antifase) e raggio
        stabile oltre le masse, con nodi presenti -> GUSCIO DI ANTIFASE che avvolge i nuclei
        = massa di scala superiore (il guscio del sistema e antifase, non materia).
