[verlet] integratore metrico Velocity-Verlet (2 ordine) attivo
[sync] aggiornamento sincrono attivo: dph legge la fase dallo snapshot t-1 (Jacobi)
[batch] condensazione: seed=2 passi=2000 ogni=10 sep=10.0 nmasse=2
[batch] leggi attive: GRAV_BIFASE=True SPIN_ORBITA(via SPINORE)=True COPPIA_MIT=1.0 lambda=0.800

passo | dens_centr | dist_masse | ANTIGUSCIO(r,c,n) | PICCHI(tot,NUOVI)
[batch] LOG DIAGNOSTICO COMPLETO  -> out_spinore_plastdin\m2_on_s2.csv
      0 |    0.0000 |    20.006 | r=12.2 c=0.121 n=7     | tot=3 NUOVI=3 | TRACK accr=744 coppie=0 nuova=80
     10 |    0.0000 |    20.006 | r=19.2 c=0.073 n=26    | tot=2 NUOVI=0 | TRACK accr=748 coppie=1 nuova=80
     20 |    0.0000 |    20.006 | r=19.8 c=0.121 n=157   | tot=1 NUOVI=0 | TRACK accr=753 coppie=3 nuova=80
     30 |    0.0000 |    20.006 | r=19.2 c=0.183 n=27    | tot=1 NUOVI=0 | TRACK accr=759 coppie=5 nuova=81
     40 |    0.0000 |    20.006 | r=19.8 c=0.241 n=156   | tot=1 NUOVI=0 | TRACK accr=774 coppie=7 nuova=81
     50 |    0.0000 |    20.006 | r=8.2 c=0.166 n=5      | tot=2 NUOVI=0 | TRACK accr=788 coppie=9 nuova=81
     60 |    0.0000 |    20.006 | r=10.8 c=0.329 n=7     | tot=2 NUOVI=0 | TRACK accr=796 coppie=10 nuova=81
     70 |    0.0000 |    20.006 | r=10.8 c=0.320 n=7     | tot=2 NUOVI=0 | TRACK accr=804 coppie=15 nuova=81
     80 |    0.0000 |    20.006 | r=19.8 c=0.219 n=142   | tot=2 NUOVI=0 | TRACK accr=813 coppie=19 nuova=81
     90 |    0.0000 |    20.006 | r=8.2 c=0.237 n=5      | tot=1 NUOVI=0 | TRACK accr=819 coppie=21 nuova=81
    100 |    0.0000 |    20.006 | r=8.8 c=0.242 n=10     | tot=1 NUOVI=0 | TRACK accr=819 coppie=21 nuova=81
    110 |    0.0000 |    20.006 | r=9.8 c=0.240 n=8      | tot=1 NUOVI=0 | TRACK accr=824 coppie=24 nuova=81
    120 |    0.0000 |    20.006 | r=19.8 c=0.169 n=141   | tot=1 NUOVI=0 | TRACK accr=826 coppie=24 nuova=81
    130 |    0.0000 |    20.006 | r=10.8 c=0.202 n=9     | tot=1 NUOVI=0 | TRACK accr=832 coppie=24 nuova=81
    140 |    0.0000 |    20.006 | r=12.2 c=0.223 n=8     | tot=1 NUOVI=0 | TRACK accr=838 coppie=25 nuova=81
    150 |    0.0000 |    20.006 | r=10.8 c=0.521 n=11    | tot=1 NUOVI=0 | TRACK accr=846 coppie=29 nuova=81
    160 |    0.0000 |    20.006 | r=9.8 c=0.143 n=8      | tot=1 NUOVI=0 | TRACK accr=850 coppie=30 nuova=81
    170 |    0.0000 |    20.006 | r=19.2 c=0.111 n=63    | tot=1 NUOVI=0 | TRACK accr=853 coppie=32 nuova=81
    180 |    0.0000 |    20.006 | r=19.2 c=0.121 n=63    | tot=1 NUOVI=0 | TRACK accr=856 coppie=34 nuova=81
    190 |    0.0000 |    20.006 | r=8.2 c=0.220 n=6      | tot=1 NUOVI=0 | TRACK accr=861 coppie=35 nuova=81
    200 |    0.0000 |    20.006 | r=9.8 c=0.170 n=8      | tot=1 NUOVI=0 | TRACK accr=865 coppie=39 nuova=81
    210 |    0.0000 |    20.006 | r=8.2 c=0.213 n=6      | tot=1 NUOVI=0 | TRACK accr=867 coppie=40 nuova=81
    220 |    0.0000 |    20.006 | r=19.2 c=0.168 n=64    | tot=1 NUOVI=0 | TRACK accr=868 coppie=40 nuova=81
    230 |    0.0000 |    20.006 | r=9.2 c=0.168 n=6      | tot=1 NUOVI=0 | TRACK accr=870 coppie=40 nuova=81
    240 |    0.0000 |    20.006 | r=10.8 c=0.309 n=11    | tot=2 NUOVI=0 | TRACK accr=874 coppie=41 nuova=81
    250 |    0.0000 |    20.006 | r=10.8 c=0.326 n=10    | tot=2 NUOVI=0 | TRACK accr=875 coppie=41 nuova=81
    260 |    0.0000 |    20.006 | r=10.8 c=0.340 n=10    | tot=2 NUOVI=0 | TRACK accr=877 coppie=41 nuova=81
    270 |    0.0000 |    20.006 | r=10.8 c=0.368 n=10    | tot=1 NUOVI=0 | TRACK accr=881 coppie=42 nuova=81
    280 |    0.0000 |    20.006 | r=10.8 c=0.271 n=10    | tot=1 NUOVI=0 | TRACK accr=885 coppie=45 nuova=81
    290 |    0.0000 |    20.006 | r=10.8 c=0.287 n=10    | tot=1 NUOVI=0 | TRACK accr=903 coppie=54 nuova=81
    300 |    0.0000 |    20.006 | r=9.2 c=0.228 n=7      | tot=1 NUOVI=0 | TRACK accr=912 coppie=58 nuova=81
    310 |    0.0000 |    20.006 | r=20.8 c=0.376 n=71    | tot=1 NUOVI=0 | TRACK accr=916 coppie=59 nuova=81
    320 |    0.0000 |    20.006 | r=20.8 c=0.386 n=70    | tot=1 NUOVI=0 | TRACK accr=922 coppie=59 nuova=81
    330 |    0.0000 |    20.006 | r=20.8 c=0.409 n=70    | tot=1 NUOVI=0 | TRACK accr=927 coppie=62 nuova=81
    340 |    0.0000 |    20.006 | r=20.8 c=0.431 n=72    | tot=1 NUOVI=0 | TRACK accr=939 coppie=64 nuova=81
    350 |    0.0000 |    20.006 | r=10.8 c=0.396 n=9     | tot=1 NUOVI=0 | TRACK accr=946 coppie=68 nuova=81
    360 |    0.0000 |    20.006 | r=10.8 c=0.422 n=9     | tot=2 NUOVI=0 | TRACK accr=956 coppie=74 nuova=81
    370 |    0.0000 |    20.006 | r=20.8 c=0.447 n=66    | tot=2 NUOVI=0 | TRACK accr=971 coppie=77 nuova=81
    380 |    0.0000 |    20.006 | r=20.8 c=0.415 n=67    | tot=2 NUOVI=0 | TRACK accr=979 coppie=81 nuova=81
    390 |    0.0000 |    20.006 | r=20.8 c=0.372 n=66    | tot=2 NUOVI=0 | TRACK accr=990 coppie=90 nuova=81
    400 |    0.0000 |    20.006 | r=10.8 c=0.529 n=9     | tot=2 NUOVI=0 | TRACK accr=998 coppie=94 nuova=81
    410 |    0.0000 |    20.006 | r=10.8 c=0.244 n=9     | tot=2 NUOVI=0 | TRACK accr=1008 coppie=99 nuova=81
    420 |    0.0000 |    20.006 | r=20.8 c=0.282 n=67    | tot=2 NUOVI=0 | TRACK accr=1017 coppie=104 nuova=81
    430 |    0.0000 |    20.006 | r=20.8 c=0.271 n=69    | tot=2 NUOVI=0 | TRACK accr=1031 coppie=111 nuova=81
    440 |    0.0000 |    20.006 | r=20.8 c=0.259 n=69    | tot=2 NUOVI=0 | TRACK accr=1038 coppie=116 nuova=81
    450 |    0.0000 |    20.006 | r=20.8 c=0.260 n=72    | tot=2 NUOVI=0 | TRACK accr=1048 coppie=120 nuova=81
    460 |    0.0000 |    20.006 | r=20.8 c=0.248 n=71    | tot=2 NUOVI=0 | TRACK accr=1063 coppie=126 nuova=81
    470 |    0.0000 |    20.006 | r=20.8 c=0.220 n=71    | tot=2 NUOVI=0 | TRACK accr=1088 coppie=135 nuova=81
    480 |    0.0000 |    20.006 | r=20.8 c=0.205 n=72    | tot=2 NUOVI=0 | TRACK accr=1096 coppie=140 nuova=81
    490 |    0.0000 |    20.006 | r=20.8 c=0.201 n=72    | tot=2 NUOVI=0 | TRACK accr=1106 coppie=144 nuova=81
    500 |    0.0000 |    20.006 | r=20.8 c=0.205 n=75    | tot=2 NUOVI=0 | TRACK accr=1125 coppie=152 nuova=81
    510 |    0.0000 |    20.006 | r=20.8 c=0.211 n=76    | tot=2 NUOVI=0 | TRACK accr=1134 coppie=159 nuova=81
    520 |    0.0000 |    20.006 | r=20.8 c=0.232 n=77    | tot=2 NUOVI=0 | TRACK accr=1144 coppie=165 nuova=81
    530 |    0.0000 |    20.006 | r=20.8 c=0.229 n=78    | tot=2 NUOVI=0 | TRACK accr=1162 coppie=173 nuova=81
    540 |    0.0000 |    20.006 | r=20.8 c=0.248 n=80    | tot=1 NUOVI=0 | TRACK accr=1177 coppie=180 nuova=81
    550 |    0.0000 |    20.006 | r=20.8 c=0.235 n=79    | tot=1 NUOVI=0 | TRACK accr=1189 coppie=183 nuova=81
    560 |    0.0000 |    20.006 | r=20.8 c=0.243 n=79    | tot=1 NUOVI=0 | TRACK accr=1201 coppie=188 nuova=81
    570 |    0.0000 |    20.006 | r=20.8 c=0.242 n=77    | tot=1 NUOVI=0 | TRACK accr=1214 coppie=195 nuova=81
    580 |    0.0000 |    20.006 | r=20.8 c=0.241 n=79    | tot=1 NUOVI=0 | TRACK accr=1232 coppie=202 nuova=81
    590 |    0.0000 |    20.006 | r=20.8 c=0.232 n=79    | tot=1 NUOVI=0 | TRACK accr=1238 coppie=205 nuova=81
    600 |    0.0000 |    20.006 | r=20.8 c=0.227 n=81    | tot=1 NUOVI=0 | TRACK accr=1247 coppie=211 nuova=81
    610 |    0.0000 |    20.006 | r=20.8 c=0.234 n=86    | tot=1 NUOVI=0 | TRACK accr=1259 coppie=215 nuova=81
    620 |    0.0000 |    20.006 | r=20.8 c=0.230 n=88    | tot=1 NUOVI=0 | TRACK accr=1272 coppie=223 nuova=81
    630 |    0.0000 |    20.006 | r=20.8 c=0.221 n=89    | tot=1 NUOVI=0 | TRACK accr=1283 coppie=225 nuova=81
    640 |    0.0000 |    20.006 | r=20.8 c=0.248 n=91    | tot=1 NUOVI=0 | TRACK accr=1294 coppie=230 nuova=81
    650 |    0.0000 |    20.006 | r=20.8 c=0.264 n=91    | tot=1 NUOVI=0 | TRACK accr=1303 coppie=234 nuova=81
    660 |    0.0000 |    20.006 | r=20.8 c=0.292 n=95    | tot=1 NUOVI=0 | TRACK accr=1320 coppie=242 nuova=81
    670 |    0.0000 |    20.006 | r=10.8 c=0.512 n=8     | tot=1 NUOVI=0 | TRACK accr=1331 coppie=248 nuova=81
    680 |    0.0000 |    20.006 | r=20.8 c=0.306 n=97    | tot=1 NUOVI=0 | TRACK accr=1341 coppie=252 nuova=81
    690 |    0.0000 |    20.006 | r=20.8 c=0.303 n=98    | tot=1 NUOVI=0 | TRACK accr=1354 coppie=256 nuova=81
    700 |    0.0000 |    20.006 | r=20.8 c=0.300 n=104   | tot=1 NUOVI=0 | TRACK accr=1361 coppie=260 nuova=81
    710 |    0.0000 |    20.006 | r=20.8 c=0.309 n=111   | tot=1 NUOVI=0 | TRACK accr=1377 coppie=268 nuova=81
    720 |    0.0000 |    20.006 | r=20.8 c=0.323 n=100   | tot=1 NUOVI=0 | TRACK accr=1394 coppie=278 nuova=81
    730 |    0.0000 |    20.006 | r=20.8 c=0.282 n=114   | tot=1 NUOVI=0 | TRACK accr=1405 coppie=285 nuova=81
    740 |    0.0000 |    20.006 | r=18.8 c=0.327 n=33    | tot=1 NUOVI=0 | TRACK accr=1417 coppie=289 nuova=81
    750 |    0.0000 |    20.006 | r=1.8 c=0.327 n=20     | tot=1 NUOVI=0 | TRACK accr=1430 coppie=294 nuova=81
    760 |    0.0000 |    20.006 | r=1.8 c=0.306 n=23     | tot=1 NUOVI=0 | TRACK accr=1441 coppie=301 nuova=81
    770 |    0.0000 |    20.006 | r=18.8 c=0.302 n=43    | tot=1 NUOVI=0 | TRACK accr=1451 coppie=308 nuova=81
    780 |    0.0000 |    20.006 | r=18.8 c=0.292 n=43    | tot=1 NUOVI=0 | TRACK accr=1464 coppie=313 nuova=81
    790 |    0.0000 |    20.007 | r=18.8 c=0.269 n=46    | tot=1 NUOVI=0 | TRACK accr=1478 coppie=319 nuova=81
    800 |    0.0000 |    20.007 | r=8.2 c=0.215 n=6      | tot=1 NUOVI=0 | TRACK accr=1489 coppie=322 nuova=81
    810 |    0.0000 |    20.007 | r=18.8 c=0.270 n=56    | tot=1 NUOVI=0 | TRACK accr=1498 coppie=327 nuova=81
    820 |    0.0000 |    20.007 | r=18.8 c=0.265 n=63    | tot=1 NUOVI=0 | TRACK accr=1505 coppie=328 nuova=81
    830 |    0.0000 |    20.007 | r=18.2 c=0.279 n=8     | tot=1 NUOVI=0 | TRACK accr=1517 coppie=338 nuova=81
    840 |    0.0000 |    20.007 | r=18.2 c=0.276 n=8     | tot=1 NUOVI=0 | TRACK accr=1531 coppie=342 nuova=81
    850 |    0.0000 |    20.007 | r=12.2 c=0.265 n=9     | tot=1 NUOVI=0 | TRACK accr=1542 coppie=345 nuova=81
    860 |    0.0000 |    20.007 | r=12.2 c=0.248 n=9     | tot=1 NUOVI=0 | TRACK accr=1550 coppie=351 nuova=81
    870 |    0.0000 |    20.007 | r=12.2 c=0.233 n=8     | tot=1 NUOVI=0 | TRACK accr=1563 coppie=357 nuova=81
    880 |    0.0000 |    20.008 | r=12.2 c=0.233 n=8     | tot=1 NUOVI=0 | TRACK accr=1584 coppie=366 nuova=81
    890 |    0.0000 |    20.008 | r=19.2 c=0.246 n=124   | tot=1 NUOVI=0 | TRACK accr=1600 coppie=374 nuova=81
    900 |    0.0000 |    20.008 | r=12.2 c=0.223 n=7     | tot=1 NUOVI=0 | TRACK accr=1619 coppie=382 nuova=81
    910 |    0.0000 |    20.008 | r=12.2 c=0.251 n=6     | tot=1 NUOVI=0 | TRACK accr=1632 coppie=387 nuova=81
    920 |    0.0000 |    20.008 | r=21.8 c=0.222 n=9     | tot=1 NUOVI=0 | TRACK accr=1642 coppie=394 nuova=81
    930 |    0.0000 |    20.008 | r=2.2 c=0.171 n=4      | tot=1 NUOVI=0 | TRACK accr=1650 coppie=396 nuova=81
    940 |    0.0001 |    20.008 | r=21.8 c=0.280 n=11    | tot=1 NUOVI=0 | TRACK accr=1665 coppie=400 nuova=81
    950 |    0.0000 |    20.008 | r=2.2 c=0.159 n=4      | tot=1 NUOVI=0 | TRACK accr=1673 coppie=406 nuova=81
    960 |    0.0000 |    20.009 | r=2.2 c=0.209 n=4      | tot=1 NUOVI=0 | TRACK accr=1680 coppie=410 nuova=81
    970 |    0.0000 |    20.009 | r=10.8 c=0.263 n=8     | tot=1 NUOVI=0 | TRACK accr=1692 coppie=414 nuova=81
    980 |    0.0001 |    20.009 | r=18.2 c=0.264 n=77    | tot=1 NUOVI=0 | TRACK accr=1700 coppie=418 nuova=81
    990 |    0.0001 |    20.009 | r=12.2 c=0.184 n=5     | tot=1 NUOVI=0 | TRACK accr=1710 coppie=422 nuova=81
   1000 |    0.0001 |    20.009 | r=18.2 c=0.281 n=86    | tot=1 NUOVI=0 | TRACK accr=1719 coppie=423 nuova=81
   1010 |    0.0000 |    20.009 | r=2.2 c=0.255 n=128    | tot=1 NUOVI=0 | TRACK accr=1730 coppie=428 nuova=81
   1020 |    0.0001 |    20.009 | r=10.2 c=0.213 n=12    | tot=1 NUOVI=0 | TRACK accr=1741 coppie=435 nuova=81
   1030 |    0.0001 |    20.009 | r=22.2 c=0.145 n=4     | tot=1 NUOVI=0 | TRACK accr=1753 coppie=443 nuova=81
   1040 |    0.0000 |    20.010 | r=22.2 c=0.266 n=4     | tot=1 NUOVI=0 | TRACK accr=1766 coppie=447 nuova=81
   1050 |    0.0001 |    20.010 | r=3.8 c=0.144 n=5      | tot=1 NUOVI=0 | TRACK accr=1774 coppie=450 nuova=81
   1060 |    0.0002 |    20.010 | r=11.8 c=0.203 n=8     | tot=1 NUOVI=0 | TRACK accr=1789 coppie=456 nuova=81
   1070 |    0.0001 |    20.010 | r=12.5 c=0.201 n=5     | tot=1 NUOVI=0 | TRACK accr=1806 coppie=467 nuova=81
   1080 |    0.0001 |    20.010 | r=12.0 c=0.256 n=42    | tot=1 NUOVI=0 | TRACK accr=1817 coppie=474 nuova=81
   1090 |    0.0001 |    20.010 | r=12.5 c=0.196 n=9     | tot=1 NUOVI=0 | TRACK accr=1834 coppie=483 nuova=81
   1100 |    0.0002 |    20.010 | r=12.0 c=0.213 n=53    | tot=1 NUOVI=0 | TRACK accr=1853 coppie=489 nuova=81
   1110 |    0.0001 |    20.010 | r=12.0 c=0.208 n=58    | tot=1 NUOVI=0 | TRACK accr=1872 coppie=498 nuova=81
   1120 |    0.0001 |    20.010 | r=12.0 c=0.198 n=57    | tot=1 NUOVI=0 | TRACK accr=1889 coppie=505 nuova=81
   1130 |    0.0002 |    20.010 | r=12.0 c=0.201 n=57    | tot=1 NUOVI=0 | TRACK accr=1903 coppie=514 nuova=81
   1140 |    0.0002 |    20.010 | r=12.5 c=0.219 n=21    | tot=1 NUOVI=0 | TRACK accr=1918 coppie=520 nuova=81
   1150 |    0.0001 |    20.010 | r=12.5 c=0.174 n=22    | tot=1 NUOVI=0 | TRACK accr=1934 coppie=529 nuova=81
   1160 |    0.0002 |    20.010 | r=12.5 c=0.130 n=24    | tot=1 NUOVI=0 | TRACK accr=1951 coppie=538 nuova=81
   1170 |    0.0001 |    20.010 | r=12.5 c=0.174 n=26    | tot=1 NUOVI=0 | TRACK accr=1972 coppie=543 nuova=81
   1180 |    0.0003 |    20.010 | r=12.5 c=0.190 n=21    | tot=1 NUOVI=0 | TRACK accr=1989 coppie=554 nuova=81
   1190 |    0.0003 |    20.010 | r=12.5 c=0.179 n=24    | tot=1 NUOVI=0 | TRACK accr=2006 coppie=560 nuova=81
   1200 |    0.0003 |    20.010 | r=12.5 c=0.195 n=27    | tot=1 NUOVI=0 | TRACK accr=2029 coppie=568 nuova=81
   1210 |    0.0002 |    20.010 | r=13.0 c=0.177 n=5     | tot=1 NUOVI=0 | TRACK accr=2049 coppie=576 nuova=81
   1220 |    0.0002 |    20.010 | r=13.0 c=0.205 n=7     | tot=1 NUOVI=0 | TRACK accr=2062 coppie=583 nuova=81
   1230 |    0.0001 |    20.010 | r=13.0 c=0.218 n=8     | tot=1 NUOVI=0 | TRACK accr=2083 coppie=596 nuova=81
   1240 |    0.0001 |    20.010 | r=12.0 c=0.256 n=72    | tot=1 NUOVI=0 | TRACK accr=2097 coppie=600 nuova=81
   1250 |    0.0002 |    20.010 | r=13.0 c=0.227 n=8     | tot=1 NUOVI=0 | TRACK accr=2110 coppie=610 nuova=81
   1260 |    0.0002 |    20.010 | r=11.5 c=0.219 n=194   | tot=1 NUOVI=0 | TRACK accr=2127 coppie=620 nuova=81
   1270 |    0.0003 |    20.010 | r=11.5 c=0.233 n=202   | tot=1 NUOVI=0 | TRACK accr=2138 coppie=625 nuova=81
   1280 |    0.0004 |    20.010 | r=11.5 c=0.241 n=205   | tot=1 NUOVI=0 | TRACK accr=2155 coppie=630 nuova=81
   1290 |    0.0003 |    20.010 | r=13.5 c=0.087 n=5     | tot=1 NUOVI=0 | TRACK accr=2164 coppie=636 nuova=81
   1300 |    0.0004 |    20.010 | r=11.5 c=0.219 n=216   | tot=1 NUOVI=0 | TRACK accr=2180 coppie=641 nuova=81
   1310 |    0.0001 |    20.010 | r=12.5 c=0.257 n=36    | tot=1 NUOVI=0 | TRACK accr=2193 coppie=645 nuova=81
   1320 |    0.0002 |    20.010 | r=13.5 c=0.210 n=6     | tot=1 NUOVI=1 | TRACK accr=2212 coppie=659 nuova=81
   1330 |    0.0003 |    20.010 | r=12.0 c=0.212 n=105   | tot=1 NUOVI=1 | TRACK accr=2228 coppie=666 nuova=81
   1340 |    0.0003 |    20.009 | r=12.5 c=0.197 n=33    | tot=1 NUOVI=0 | TRACK accr=2248 coppie=674 nuova=81
   1350 |    0.0005 |    20.009 | r=12.5 c=0.163 n=30    | tot=1 NUOVI=0 | TRACK accr=2267 coppie=681 nuova=81
   1360 |    0.0003 |    20.009 | r=11.5 c=0.181 n=245   | tot=1 NUOVI=0 | TRACK accr=2277 coppie=686 nuova=81
   1370 |    0.0005 |    20.009 | r=11.5 c=0.194 n=258   | tot=1 NUOVI=0 | TRACK accr=2291 coppie=691 nuova=81
   1380 |    0.0003 |    20.009 | r=13.0 c=0.203 n=12    | tot=1 NUOVI=0 | TRACK accr=2301 coppie=697 nuova=81
   1390 |    0.0005 |    20.009 | r=13.0 c=0.219 n=11    | tot=1 NUOVI=0 | TRACK accr=2318 coppie=700 nuova=81
   1400 |    0.0003 |    20.009 | r=11.5 c=0.216 n=284   | tot=1 NUOVI=0 | TRACK accr=2343 coppie=715 nuova=81
   1410 |    0.0005 |    20.008 | r=11.5 c=0.221 n=285   | tot=1 NUOVI=0 | TRACK accr=2352 coppie=722 nuova=81
   1420 |    0.0003 |    20.008 | r=11.5 c=0.208 n=295   | tot=2 NUOVI=0 | TRACK accr=2368 coppie=726 nuova=81
   1430 |    0.0004 |    20.008 | r=12.0 c=0.186 n=131   | tot=2 NUOVI=0 | TRACK accr=2384 coppie=734 nuova=81
   1440 |    0.0003 |    20.008 | r=12.0 c=0.173 n=143   | tot=2 NUOVI=0 | TRACK accr=2401 coppie=750 nuova=81
   1450 |    0.0004 |    20.008 | r=12.0 c=0.215 n=139   | tot=2 NUOVI=0 | TRACK accr=2425 coppie=761 nuova=81
   1460 |    0.0003 |    20.007 | r=12.0 c=0.195 n=145   | tot=2 NUOVI=0 | TRACK accr=2451 coppie=771 nuova=81
   1470 |    0.0006 |    20.007 | r=12.0 c=0.204 n=149   | tot=2 NUOVI=0 | TRACK accr=2466 coppie=779 nuova=81
   1480 |    0.0003 |    20.007 | r=11.5 c=0.237 n=331   | tot=2 NUOVI=0 | TRACK accr=2482 coppie=790 nuova=81
   1490 |    0.0003 |    20.006 | r=12.0 c=0.221 n=164   | tot=2 NUOVI=0 | TRACK accr=2494 coppie=793 nuova=81
   1500 |    0.0003 |    20.006 | r=12.0 c=0.209 n=175   | tot=2 NUOVI=0 | TRACK accr=2513 coppie=802 nuova=81
   1510 |    0.0003 |    20.006 | r=11.5 c=0.225 n=357   | tot=2 NUOVI=0 | TRACK accr=2527 coppie=811 nuova=81
   1520 |    0.0004 |    20.005 | r=12.0 c=0.234 n=184   | tot=2 NUOVI=0 | TRACK accr=2542 coppie=818 nuova=81
   1530 |    0.0004 |    20.005 | r=12.0 c=0.199 n=196   | tot=2 NUOVI=0 | TRACK accr=2557 coppie=827 nuova=81
   1540 |    0.0004 |    20.005 | r=11.5 c=0.220 n=385   | tot=2 NUOVI=0 | TRACK accr=2578 coppie=839 nuova=81
   1550 |    0.0003 |    20.004 | r=12.0 c=0.200 n=203   | tot=2 NUOVI=0 | TRACK accr=2594 coppie=846 nuova=81
   1560 |    0.0005 |    20.004 | r=12.0 c=0.198 n=224   | tot=2 NUOVI=0 | TRACK accr=2609 coppie=852 nuova=81
   1570 |    0.0003 |    20.004 | r=12.0 c=0.193 n=237   | tot=1 NUOVI=0 | TRACK accr=2624 coppie=857 nuova=81
   1580 |    0.0003 |    20.003 | r=12.0 c=0.166 n=241   | tot=1 NUOVI=0 | TRACK accr=2642 coppie=866 nuova=81
   1590 |    0.0003 |    20.004 | r=12.0 c=0.168 n=261   | tot=1 NUOVI=1 | TRACK accr=2661 coppie=874 nuova=81
   1600 |    0.0004 |    20.004 | r=12.5 c=0.172 n=128   | tot=1 NUOVI=1 | TRACK accr=2680 coppie=882 nuova=81
   1610 |    0.0002 |    20.005 | r=12.0 c=0.191 n=289   | tot=1 NUOVI=1 | TRACK accr=2697 coppie=893 nuova=81
   1620 |    0.0004 |    20.006 | r=12.0 c=0.191 n=337   | tot=1 NUOVI=1 | TRACK accr=2720 coppie=901 nuova=81
   1630 |    0.0003 |    20.007 | r=12.0 c=0.189 n=360   | tot=1 NUOVI=1 | TRACK accr=2735 coppie=905 nuova=81
   1640 |    0.0005 |    20.007 | r=12.0 c=0.161 n=361   | tot=1 NUOVI=1 | TRACK accr=2755 coppie=920 nuova=81
   1650 |    0.0007 |    20.008 | r=12.0 c=0.145 n=367   | tot=1 NUOVI=0 | TRACK accr=2771 coppie=925 nuova=81
   1660 |    0.0007 |    20.008 | r=12.0 c=0.164 n=362   | tot=1 NUOVI=1 | TRACK accr=2791 coppie=936 nuova=81
   1670 |    0.0006 |    20.008 | r=12.5 c=0.157 n=240   | tot=2 NUOVI=2 | TRACK accr=2818 coppie=947 nuova=81
   1680 |    0.0004 |    20.008 | r=11.5 c=0.175 n=332   | tot=2 NUOVI=2 | TRACK accr=2832 coppie=950 nuova=81
   1690 |    0.0004 |    20.008 | r=11.5 c=0.158 n=340   | tot=2 NUOVI=2 | TRACK accr=2853 coppie=955 nuova=81
   1700 |    0.0004 |    20.008 | r=11.5 c=0.161 n=332   | tot=2 NUOVI=2 | TRACK accr=2865 coppie=959 nuova=81
   1710 |    0.0006 |    20.007 | r=11.5 c=0.181 n=357   | tot=2 NUOVI=0 | TRACK accr=2877 coppie=966 nuova=81
   1720 |    0.0006 |    20.007 | r=12.5 c=0.203 n=214   | tot=2 NUOVI=0 | TRACK accr=2892 coppie=976 nuova=81
   1730 |    0.0004 |    20.006 | r=12.5 c=0.190 n=221   | tot=2 NUOVI=0 | TRACK accr=2913 coppie=985 nuova=81
   1740 |    0.0006 |    20.005 | r=12.5 c=0.214 n=218   | tot=2 NUOVI=0 | TRACK accr=2933 coppie=993 nuova=81
   1750 |    0.0005 |    20.004 | r=13.0 c=0.243 n=159   | tot=2 NUOVI=0 | TRACK accr=2949 coppie=1001 nuova=81
   1760 |    0.0007 |    20.003 | r=12.5 c=0.227 n=244   | tot=2 NUOVI=0 | TRACK accr=2967 coppie=1013 nuova=81
   1770 |    0.0007 |    20.002 | r=11.5 c=0.170 n=357   | tot=2 NUOVI=2 | TRACK accr=2989 coppie=1025 nuova=81
   1780 |    0.0008 |    20.002 | r=17.0 c=0.131 n=8     | tot=2 NUOVI=2 | TRACK accr=3001 coppie=1029 nuova=81
   1790 |    0.0003 |    20.002 | r=18.5 c=0.097 n=9     | tot=2 NUOVI=1 | TRACK accr=3016 coppie=1034 nuova=81
   1800 |    0.0006 |    20.002 | r=12.5 c=0.216 n=293   | tot=1 NUOVI=0 | TRACK accr=3032 coppie=1039 nuova=81
   1810 |    0.0005 |    20.002 | r=12.5 c=0.205 n=293   | tot=1 NUOVI=0 | TRACK accr=3046 coppie=1049 nuova=81
   1820 |    0.0007 |    20.003 | r=13.0 c=0.220 n=217   | tot=2 NUOVI=1 | TRACK accr=3062 coppie=1058 nuova=81
   1830 |    0.0005 |    20.004 | r=13.0 c=0.215 n=229   | tot=2 NUOVI=1 | TRACK accr=3080 coppie=1070 nuova=81
   1840 |    0.0005 |    20.005 | r=17.0 c=0.151 n=11    | tot=2 NUOVI=2 | TRACK accr=3095 coppie=1074 nuova=81
   1850 |    0.0005 |    20.006 | r=12.0 c=0.203 n=292   | tot=2 NUOVI=2 | TRACK accr=3107 coppie=1078 nuova=81
   1860 |    0.0005 |    20.007 | r=17.0 c=0.081 n=20    | tot=2 NUOVI=2 | TRACK accr=3122 coppie=1084 nuova=81
   1870 |    0.0006 |    20.008 | r=11.5 c=0.232 n=323   | tot=2 NUOVI=2 | TRACK accr=3137 coppie=1097 nuova=81
   1880 |    0.0014 |    20.009 | r=12.0 c=0.203 n=307   | tot=2 NUOVI=2 | TRACK accr=3153 coppie=1107 nuova=81
   1890 |    0.0007 |    20.011 | r=12.0 c=0.205 n=311   | tot=1 NUOVI=1 | TRACK accr=3168 coppie=1114 nuova=81
   1900 |    0.0012 |    20.011 | r=11.5 c=0.211 n=326   | tot=1 NUOVI=1 | TRACK accr=3189 coppie=1121 nuova=81
   1910 |    0.0008 |    20.012 | r=17.5 c=0.140 n=10    | tot=2 NUOVI=2 | TRACK accr=3197 coppie=1126 nuova=81
   1920 |    0.0008 |    20.013 | r=12.0 c=0.150 n=317   | tot=2 NUOVI=1 | TRACK accr=3224 coppie=1139 nuova=81
   1930 |    0.0007 |    20.012 | r=17.0 c=0.224 n=17    | tot=2 NUOVI=1 | TRACK accr=3237 coppie=1145 nuova=81
   1940 |    0.0008 |    20.012 | r=18.0 c=0.204 n=8     | tot=1 NUOVI=0 | TRACK accr=3258 coppie=1152 nuova=81
   1950 |    0.0008 |    20.011 | r=13.0 c=0.229 n=222   | tot=2 NUOVI=2 | TRACK accr=3286 coppie=1162 nuova=81
   1960 |    0.0013 |    20.010 | r=16.5 c=0.146 n=18    | tot=1 NUOVI=0 | TRACK accr=3302 coppie=1169 nuova=81
   1970 |    0.0012 |    20.009 | r=13.0 c=0.204 n=242   | tot=2 NUOVI=0 | TRACK accr=3317 coppie=1177 nuova=81
   1980 |    0.0016 |    20.008 | r=13.0 c=0.204 n=251   | tot=2 NUOVI=0 | TRACK accr=3339 coppie=1190 nuova=81
   1990 |    0.0011 |    20.007 | r=18.0 c=0.157 n=6     | tot=1 NUOVI=0 | TRACK accr=3356 coppie=1198 nuova=81
   2000 |    0.0012 |    20.006 | r=13.0 c=0.208 n=253   | tot=1 NUOVI=0 | TRACK accr=3377 coppie=1207 nuova=81
[batch] log diagnostico completo salvato in out_spinore_plastdin\m2_on_s2.csv

[batch] completato in 2629.2s, 2000 passi. CSV salvato in out_spinore_plastdin\cond_m2_on_s2.csv
[batch] LETTURA condensazione: se dens_centrale e n_centrali CRESCONO e frac_nati resta
        ALTA mentre dist_masse NON crolla -> NUOVA massa dal vuoto (non accrescimento).
[batch] LETTURA picchi_nuovi: se picchi_nuovi passa da 0 a >=1 a un certo passo, quello e'
        il momento in cui una MASSA NUOVA si stacca dal vuoto (materia isolata che si crea).
[batch] LETTURA antiguscio: se compare un anello a coerenza_min BASSA (antifase) e raggio
        stabile oltre le masse, con nodi presenti -> GUSCIO DI ANTIFASE che avvolge i nuclei
        = massa di scala superiore (il guscio del sistema e antifase, non materia).
