[verlet] integratore metrico Velocity-Verlet (2 ordine) attivo
[sync] aggiornamento sincrono attivo: dph legge la fase dallo snapshot t-1 (Jacobi)
[batch] condensazione: seed=1 passi=2000 ogni=10 sep=10.0 nmasse=2
[batch] leggi attive: GRAV_BIFASE=True SPIN_ORBITA(via SPINORE)=True COPPIA_MIT=1.0 lambda=0.800

passo | dens_centr | dist_masse | ANTIGUSCIO(r,c,n) | PICCHI(tot,NUOVI)
[batch] LOG DIAGNOSTICO COMPLETO  -> out_spinore_plastdin\m2_on_s1.csv
      0 |    0.0000 |    19.998 | r=7.2 c=0.225 n=5      | tot=1 NUOVI=1 | TRACK accr=744 coppie=0 nuova=80
     10 |    0.0000 |    19.998 | r=19.2 c=0.096 n=33    | tot=1 NUOVI=0 | TRACK accr=764 coppie=7 nuova=80
     20 |    0.0000 |    19.998 | r=19.2 c=0.112 n=33    | tot=2 NUOVI=0 | TRACK accr=774 coppie=12 nuova=80
     30 |    0.0000 |    19.998 | r=19.2 c=0.123 n=33    | tot=2 NUOVI=0 | TRACK accr=789 coppie=21 nuova=80
     40 |    0.0000 |    19.998 | r=19.2 c=0.134 n=33    | tot=2 NUOVI=0 | TRACK accr=806 coppie=29 nuova=80
     50 |    0.0000 |    19.998 | r=19.2 c=0.164 n=33    | tot=2 NUOVI=0 | TRACK accr=817 coppie=32 nuova=80
     60 |    0.0000 |    19.998 | r=19.2 c=0.178 n=41    | tot=2 NUOVI=0 | TRACK accr=826 coppie=35 nuova=80
     70 |    0.0000 |    19.998 | r=19.2 c=0.210 n=46    | tot=2 NUOVI=0 | TRACK accr=830 coppie=36 nuova=81
     80 |    0.0000 |    19.998 | r=19.2 c=0.244 n=50    | tot=2 NUOVI=0 | TRACK accr=834 coppie=38 nuova=81
     90 |    0.0000 |    19.998 | r=10.8 c=0.266 n=5     | tot=1 NUOVI=0 | TRACK accr=836 coppie=39 nuova=81
    100 |    0.0000 |    19.998 | r=10.8 c=0.203 n=5     | tot=2 NUOVI=0 | TRACK accr=839 coppie=41 nuova=81
    110 |    0.0000 |    19.998 | r=10.8 c=0.165 n=5     | tot=1 NUOVI=0 | TRACK accr=846 coppie=45 nuova=81
    120 |    0.0000 |    19.998 | r=10.8 c=0.108 n=5     | tot=2 NUOVI=0 | TRACK accr=848 coppie=45 nuova=81
    130 |    0.0000 |    19.998 | r=8.2 c=0.160 n=6      | tot=1 NUOVI=0 | TRACK accr=854 coppie=46 nuova=81
    140 |    0.0000 |    19.998 | r=11.8 c=0.183 n=5     | tot=1 NUOVI=0 | TRACK accr=858 coppie=48 nuova=81
    150 |    0.0000 |    19.998 | r=9.2 c=0.300 n=6      | tot=1 NUOVI=0 | TRACK accr=861 coppie=48 nuova=81
    160 |    0.0000 |    19.998 | r=11.2 c=0.123 n=5     | tot=2 NUOVI=0 | TRACK accr=867 coppie=50 nuova=81
    170 |    0.0000 |    19.998 | r=7.8 c=0.345 n=6      | tot=1 NUOVI=0 | TRACK accr=872 coppie=54 nuova=81
    180 |    0.0000 |    19.998 | r=12.2 c=0.234 n=6     | tot=2 NUOVI=0 | TRACK accr=879 coppie=58 nuova=81
    190 |    0.0000 |    19.998 | r=11.2 c=0.257 n=6     | tot=2 NUOVI=0 | TRACK accr=885 coppie=62 nuova=81
    200 |    0.0000 |    19.998 | r=19.2 c=0.522 n=69    | tot=2 NUOVI=0 | TRACK accr=888 coppie=64 nuova=81
    210 |    0.0000 |    19.998 | r=19.2 c=0.378 n=55    | tot=2 NUOVI=0 | TRACK accr=892 coppie=66 nuova=81
    220 |    0.0000 |    19.998 | r=19.2 c=0.381 n=55    | tot=2 NUOVI=0 | TRACK accr=894 coppie=67 nuova=81
    230 |    0.0000 |    19.998 | r=8.2 c=0.294 n=4      | tot=2 NUOVI=0 | TRACK accr=900 coppie=71 nuova=81
    240 |    0.0000 |    19.998 | r=8.8 c=0.311 n=6      | tot=2 NUOVI=0 | TRACK accr=904 coppie=72 nuova=81
    250 |    0.0000 |    19.998 | r=8.2 c=0.268 n=4      | tot=2 NUOVI=0 | TRACK accr=909 coppie=74 nuova=81
    260 |    0.0000 |    19.998 | r=19.2 c=0.412 n=64    | tot=1 NUOVI=0 | TRACK accr=910 coppie=75 nuova=81
    270 |    0.0000 |    19.998 | r=8.2 c=0.326 n=4      | tot=2 NUOVI=0 | TRACK accr=912 coppie=76 nuova=81
    280 |    0.0000 |    19.998 | r=10.8 c=0.331 n=9     | tot=2 NUOVI=0 | TRACK accr=918 coppie=81 nuova=81
    290 |    0.0000 |    19.998 | r=9.2 c=0.059 n=7      | tot=2 NUOVI=0 | TRACK accr=922 coppie=82 nuova=81
    300 |    0.0000 |    19.998 | r=9.2 c=0.119 n=7      | tot=2 NUOVI=0 | TRACK accr=927 coppie=82 nuova=81
    310 |    0.0000 |    19.998 | r=9.2 c=0.104 n=8      | tot=2 NUOVI=0 | TRACK accr=930 coppie=83 nuova=81
    320 |    0.0000 |    19.998 | r=8.2 c=0.352 n=4      | tot=2 NUOVI=0 | TRACK accr=935 coppie=84 nuova=81
    330 |    0.0000 |    19.998 | r=9.2 c=0.169 n=8      | tot=2 NUOVI=0 | TRACK accr=940 coppie=88 nuova=81
    340 |    0.0000 |    19.998 | r=19.2 c=0.256 n=71    | tot=2 NUOVI=0 | TRACK accr=942 coppie=89 nuova=81
    350 |    0.0000 |    19.998 | r=19.2 c=0.233 n=72    | tot=2 NUOVI=0 | TRACK accr=946 coppie=90 nuova=81
    360 |    0.0000 |    19.998 | r=9.8 c=0.296 n=4      | tot=2 NUOVI=0 | TRACK accr=950 coppie=92 nuova=81
    370 |    0.0000 |    19.998 | r=9.8 c=0.184 n=4      | tot=2 NUOVI=0 | TRACK accr=956 coppie=94 nuova=81
    380 |    0.0000 |    19.998 | r=9.8 c=0.068 n=4      | tot=2 NUOVI=0 | TRACK accr=964 coppie=99 nuova=81
    390 |    0.0000 |    19.998 | r=19.2 c=0.148 n=73    | tot=2 NUOVI=0 | TRACK accr=972 coppie=104 nuova=81
    400 |    0.0000 |    19.998 | r=8.2 c=0.266 n=4      | tot=1 NUOVI=0 | TRACK accr=978 coppie=108 nuova=81
    410 |    0.0000 |    19.998 | r=19.2 c=0.112 n=76    | tot=2 NUOVI=0 | TRACK accr=984 coppie=109 nuova=81
    420 |    0.0000 |    19.998 | r=8.2 c=0.168 n=4      | tot=2 NUOVI=0 | TRACK accr=993 coppie=114 nuova=81
    430 |    0.0000 |    19.998 | r=19.2 c=0.172 n=75    | tot=2 NUOVI=0 | TRACK accr=994 coppie=114 nuova=81
    440 |    0.0000 |    19.998 | r=1.8 c=0.239 n=5      | tot=2 NUOVI=0 | TRACK accr=999 coppie=116 nuova=81
    450 |    0.0000 |    19.998 | r=1.8 c=0.209 n=5      | tot=2 NUOVI=0 | TRACK accr=1003 coppie=118 nuova=81
    460 |    0.0000 |    19.998 | r=1.8 c=0.226 n=5      | tot=2 NUOVI=0 | TRACK accr=1007 coppie=119 nuova=81
    470 |    0.0000 |    19.998 | r=1.8 c=0.174 n=5      | tot=2 NUOVI=0 | TRACK accr=1010 coppie=120 nuova=81
    480 |    0.0000 |    19.998 | r=1.8 c=0.180 n=5      | tot=2 NUOVI=0 | TRACK accr=1015 coppie=123 nuova=81
    490 |    0.0000 |    19.998 | r=19.8 c=0.128 n=188   | tot=2 NUOVI=0 | TRACK accr=1019 coppie=124 nuova=81
    500 |    0.0000 |    19.998 | r=11.2 c=0.300 n=6     | tot=2 NUOVI=0 | TRACK accr=1021 coppie=124 nuova=81
    510 |    0.0000 |    19.998 | r=19.8 c=0.124 n=187   | tot=2 NUOVI=0 | TRACK accr=1023 coppie=126 nuova=81
    520 |    0.0000 |    19.998 | r=10.8 c=0.319 n=7     | tot=2 NUOVI=0 | TRACK accr=1029 coppie=130 nuova=81
    530 |    0.0000 |    19.998 | r=19.8 c=0.177 n=192   | tot=1 NUOVI=0 | TRACK accr=1034 coppie=132 nuova=81
    540 |    0.0000 |    19.998 | r=9.8 c=0.144 n=4      | tot=1 NUOVI=0 | TRACK accr=1040 coppie=134 nuova=81
    550 |    0.0000 |    19.998 | r=0.8 c=0.192 n=450    | tot=1 NUOVI=0 | TRACK accr=1049 coppie=138 nuova=81
    560 |    0.0000 |    19.998 | r=9.8 c=0.172 n=4      | tot=1 NUOVI=0 | TRACK accr=1057 coppie=143 nuova=81
    570 |    0.0000 |    19.998 | r=10.2 c=0.123 n=11    | tot=2 NUOVI=0 | TRACK accr=1067 coppie=148 nuova=81
    580 |    0.0000 |    19.998 | r=20.2 c=0.180 n=199   | tot=2 NUOVI=0 | TRACK accr=1081 coppie=151 nuova=81
    590 |    0.0000 |    19.998 | r=9.2 c=0.255 n=10     | tot=2 NUOVI=0 | TRACK accr=1096 coppie=158 nuova=81
    600 |    0.0000 |    19.998 | r=20.8 c=0.135 n=98    | tot=2 NUOVI=0 | TRACK accr=1112 coppie=163 nuova=81
    610 |    0.0000 |    19.998 | r=20.8 c=0.269 n=90    | tot=1 NUOVI=0 | TRACK accr=1129 coppie=172 nuova=81
    620 |    0.0000 |    19.998 | r=20.2 c=0.173 n=203   | tot=1 NUOVI=0 | TRACK accr=1142 coppie=177 nuova=81
    630 |    0.0000 |    19.998 | r=20.2 c=0.176 n=207   | tot=1 NUOVI=0 | TRACK accr=1158 coppie=186 nuova=81
    640 |    0.0000 |    19.998 | r=20.2 c=0.198 n=208   | tot=1 NUOVI=0 | TRACK accr=1170 coppie=190 nuova=81
    650 |    0.0000 |    19.998 | r=19.2 c=0.185 n=107   | tot=1 NUOVI=0 | TRACK accr=1177 coppie=195 nuova=81
    660 |    0.0000 |    19.998 | r=19.2 c=0.146 n=107   | tot=1 NUOVI=0 | TRACK accr=1188 coppie=199 nuova=81
    670 |    0.0001 |    19.998 | r=18.8 c=0.278 n=5     | tot=1 NUOVI=0 | TRACK accr=1204 coppie=207 nuova=81
    680 |    0.0000 |    19.998 | r=19.2 c=0.076 n=111   | tot=1 NUOVI=0 | TRACK accr=1212 coppie=212 nuova=81
    690 |    0.0000 |    19.998 | r=18.8 c=0.062 n=4     | tot=1 NUOVI=0 | TRACK accr=1220 coppie=216 nuova=81
    700 |    0.0000 |    19.998 | r=20.8 c=0.038 n=101   | tot=1 NUOVI=0 | TRACK accr=1224 coppie=219 nuova=81
    710 |    0.0000 |    19.998 | r=20.8 c=0.045 n=99    | tot=1 NUOVI=0 | TRACK accr=1235 coppie=225 nuova=81
    720 |    0.0000 |    19.998 | r=20.8 c=0.044 n=98    | tot=1 NUOVI=0 | TRACK accr=1240 coppie=231 nuova=82
    730 |    0.0000 |    19.998 | r=8.2 c=0.136 n=5      | tot=1 NUOVI=0 | TRACK accr=1245 coppie=232 nuova=82
    740 |    0.0001 |    19.998 | r=20.8 c=0.225 n=99    | tot=1 NUOVI=0 | TRACK accr=1249 coppie=236 nuova=82
    750 |    0.0001 |    19.998 | r=20.8 c=0.237 n=100   | tot=1 NUOVI=0 | TRACK accr=1253 coppie=239 nuova=82
    760 |    0.0001 |    19.998 | r=20.8 c=0.244 n=104   | tot=1 NUOVI=0 | TRACK accr=1257 coppie=239 nuova=82
    770 |    0.0001 |    19.998 | r=19.2 c=0.208 n=114   | tot=1 NUOVI=0 | TRACK accr=1262 coppie=241 nuova=82
    780 |    0.0001 |    19.998 | r=19.2 c=0.227 n=115   | tot=1 NUOVI=0 | TRACK accr=1266 coppie=244 nuova=82
    790 |    0.0002 |    19.998 | r=20.8 c=0.246 n=104   | tot=1 NUOVI=0 | TRACK accr=1275 coppie=252 nuova=82
    800 |    0.0001 |    19.998 | r=20.8 c=0.251 n=104   | tot=1 NUOVI=0 | TRACK accr=1277 coppie=254 nuova=82
    810 |    0.0001 |    19.998 | r=20.8 c=0.250 n=105   | tot=1 NUOVI=0 | TRACK accr=1283 coppie=260 nuova=82
    820 |    0.0002 |    19.998 | r=21.2 c=0.247 n=11    | tot=1 NUOVI=0 | TRACK accr=1286 coppie=260 nuova=82
    830 |    0.0001 |    19.998 | r=1.8 c=0.292 n=35     | tot=1 NUOVI=0 | TRACK accr=1293 coppie=261 nuova=82
    840 |    0.0002 |    19.998 | r=18.8 c=0.275 n=13    | tot=1 NUOVI=0 | TRACK accr=1294 coppie=262 nuova=82
    850 |    0.0001 |    19.998 | r=18.8 c=0.258 n=13    | tot=1 NUOVI=0 | TRACK accr=1301 coppie=266 nuova=82
    860 |    0.0001 |    19.998 | r=18.8 c=0.255 n=15    | tot=1 NUOVI=0 | TRACK accr=1307 coppie=268 nuova=82
    870 |    0.0001 |    19.998 | r=21.2 c=0.265 n=11    | tot=1 NUOVI=0 | TRACK accr=1309 coppie=268 nuova=82
    880 |    0.0002 |    19.998 | r=10.8 c=0.263 n=6     | tot=1 NUOVI=0 | TRACK accr=1316 coppie=272 nuova=82
    890 |    0.0001 |    19.998 | r=18.8 c=0.248 n=22    | tot=1 NUOVI=0 | TRACK accr=1322 coppie=273 nuova=82
    900 |    0.0001 |    19.998 | r=11.2 c=0.104 n=9     | tot=1 NUOVI=0 | TRACK accr=1334 coppie=279 nuova=82
    910 |    0.0001 |    19.998 | r=9.8 c=0.202 n=6      | tot=1 NUOVI=0 | TRACK accr=1344 coppie=285 nuova=82
    920 |    0.0001 |    19.998 | r=11.2 c=0.122 n=9     | tot=1 NUOVI=0 | TRACK accr=1354 coppie=291 nuova=82
    930 |    0.0001 |    19.999 | r=18.2 c=0.171 n=9     | tot=1 NUOVI=0 | TRACK accr=1361 coppie=295 nuova=82
    940 |    0.0001 |    19.999 | r=21.8 c=0.193 n=5     | tot=1 NUOVI=0 | TRACK accr=1380 coppie=305 nuova=82
    950 |    0.0001 |    19.999 | r=11.2 c=0.210 n=7     | tot=1 NUOVI=0 | TRACK accr=1391 coppie=310 nuova=82
    960 |    0.0002 |    19.999 | r=2.2 c=0.236 n=18     | tot=1 NUOVI=0 | TRACK accr=1403 coppie=317 nuova=82
    970 |    0.0002 |    19.999 | r=10.2 c=0.103 n=10    | tot=1 NUOVI=0 | TRACK accr=1412 coppie=321 nuova=82
    980 |    0.0007 |    19.999 | r=17.8 c=0.259 n=5     | tot=1 NUOVI=0 | TRACK accr=1421 coppie=327 nuova=82
    990 |    0.0004 |    19.999 | r=9.2 c=0.153 n=5      | tot=1 NUOVI=0 | TRACK accr=1425 coppie=329 nuova=82
   1000 |    0.0006 |    19.999 | r=21.8 c=0.176 n=11    | tot=1 NUOVI=0 | TRACK accr=1433 coppie=330 nuova=82
   1010 |    0.0008 |    19.999 | r=21.2 c=0.240 n=37    | tot=1 NUOVI=0 | TRACK accr=1443 coppie=332 nuova=82
   1020 |    0.0005 |    20.000 | r=21.8 c=0.157 n=17    | tot=1 NUOVI=0 | TRACK accr=1456 coppie=340 nuova=82
   1030 |    0.0006 |    20.000 | r=21.2 c=0.246 n=32    | tot=1 NUOVI=0 | TRACK accr=1465 coppie=345 nuova=82
   1040 |    0.0005 |    20.000 | r=2.2 c=0.226 n=110    | tot=1 NUOVI=0 | TRACK accr=1483 coppie=350 nuova=82
   1050 |    0.0007 |    20.000 | r=17.2 c=0.156 n=10    | tot=1 NUOVI=0 | TRACK accr=1491 coppie=358 nuova=82
   1060 |    0.0009 |    20.000 | r=17.2 c=0.157 n=12    | tot=1 NUOVI=0 | TRACK accr=1501 coppie=362 nuova=82
   1070 |    0.0006 |    20.000 | r=12.5 c=0.164 n=5     | tot=1 NUOVI=0 | TRACK accr=1513 coppie=369 nuova=82
   1080 |    0.0006 |    20.001 | r=12.5 c=0.237 n=6     | tot=1 NUOVI=0 | TRACK accr=1526 coppie=375 nuova=82
   1090 |    0.0007 |    20.001 | r=12.0 c=0.241 n=18    | tot=1 NUOVI=0 | TRACK accr=1535 coppie=380 nuova=82
   1100 |    0.0006 |    20.001 | r=12.0 c=0.262 n=23    | tot=1 NUOVI=0 | TRACK accr=1543 coppie=386 nuova=82
   1110 |    0.0020 |    20.001 | r=12.0 c=0.287 n=24    | tot=1 NUOVI=0 | TRACK accr=1550 coppie=387 nuova=82
   1120 |    0.0013 |    20.001 | r=12.0 c=0.292 n=25    | tot=1 NUOVI=0 | TRACK accr=1555 coppie=391 nuova=82
   1130 |    0.0013 |    20.001 | r=11.5 c=0.332 n=50    | tot=1 NUOVI=0 | TRACK accr=1561 coppie=399 nuova=82
   1140 |    0.0016 |    20.001 | r=12.5 c=0.324 n=9     | tot=1 NUOVI=0 | TRACK accr=1569 coppie=401 nuova=82
   1150 |    0.0014 |    20.001 | r=12.5 c=0.344 n=9     | tot=1 NUOVI=0 | TRACK accr=1579 coppie=406 nuova=82
   1160 |    0.0020 |    20.001 | r=11.5 c=0.299 n=54    | tot=1 NUOVI=0 | TRACK accr=1590 coppie=411 nuova=82
   1170 |    0.0013 |    20.001 | r=12.5 c=0.290 n=12    | tot=1 NUOVI=0 | TRACK accr=1599 coppie=416 nuova=82
   1180 |    0.0011 |    20.001 | r=13.0 c=0.272 n=7     | tot=1 NUOVI=0 | TRACK accr=1609 coppie=423 nuova=82
   1190 |    0.0020 |    20.001 | r=11.5 c=0.247 n=58    | tot=1 NUOVI=0 | TRACK accr=1618 coppie=427 nuova=82
   1200 |    0.0012 |    20.001 | r=11.5 c=0.247 n=59    | tot=1 NUOVI=0 | TRACK accr=1627 coppie=432 nuova=82
   1210 |    0.0021 |    20.001 | r=11.5 c=0.245 n=58    | tot=1 NUOVI=0 | TRACK accr=1635 coppie=437 nuova=82
   1220 |    0.0021 |    20.002 | r=11.5 c=0.263 n=56    | tot=1 NUOVI=0 | TRACK accr=1645 coppie=442 nuova=82
   1230 |    0.0012 |    20.002 | r=11.5 c=0.254 n=54    | tot=1 NUOVI=0 | TRACK accr=1653 coppie=445 nuova=82
   1240 |    0.0013 |    20.002 | r=11.5 c=0.266 n=57    | tot=1 NUOVI=0 | TRACK accr=1662 coppie=451 nuova=82
   1250 |    0.0015 |    20.002 | r=13.0 c=0.208 n=10    | tot=1 NUOVI=0 | TRACK accr=1670 coppie=455 nuova=82
   1260 |    0.0009 |    20.002 | r=11.5 c=0.291 n=59    | tot=1 NUOVI=0 | TRACK accr=1674 coppie=457 nuova=82
   1270 |    0.0010 |    20.002 | r=11.5 c=0.291 n=59    | tot=1 NUOVI=0 | TRACK accr=1682 coppie=461 nuova=82
   1280 |    0.0015 |    20.002 | r=11.5 c=0.253 n=62    | tot=1 NUOVI=0 | TRACK accr=1688 coppie=465 nuova=82
   1290 |    0.0014 |    20.002 | r=11.5 c=0.266 n=61    | tot=1 NUOVI=0 | TRACK accr=1697 coppie=467 nuova=82
   1300 |    0.0011 |    20.002 | r=11.5 c=0.258 n=61    | tot=1 NUOVI=0 | TRACK accr=1705 coppie=471 nuova=82
   1310 |    0.0026 |    20.002 | r=11.5 c=0.274 n=58    | tot=1 NUOVI=0 | TRACK accr=1717 coppie=476 nuova=82
   1320 |    0.0017 |    20.002 | r=11.5 c=0.291 n=58    | tot=1 NUOVI=0 | TRACK accr=1736 coppie=484 nuova=82
   1330 |    0.0020 |    20.002 | r=11.5 c=0.275 n=50    | tot=1 NUOVI=0 | TRACK accr=1752 coppie=490 nuova=82
   1340 |    0.0016 |    20.002 | r=11.5 c=0.334 n=60    | tot=1 NUOVI=0 | TRACK accr=1770 coppie=496 nuova=82
   1350 |    0.0016 |    20.002 | r=11.5 c=0.280 n=63    | tot=1 NUOVI=0 | TRACK accr=1786 coppie=502 nuova=82
   1360 |    0.0011 |    20.002 | r=11.5 c=0.242 n=62    | tot=1 NUOVI=0 | TRACK accr=1795 coppie=504 nuova=82
   1370 |    0.0016 |    20.002 | r=11.5 c=0.300 n=68    | tot=1 NUOVI=0 | TRACK accr=1807 coppie=511 nuova=82
   1380 |    0.0010 |    20.002 | r=11.5 c=0.278 n=74    | tot=1 NUOVI=0 | TRACK accr=1817 coppie=519 nuova=82
   1390 |    0.0014 |    20.002 | r=11.5 c=0.317 n=81    | tot=1 NUOVI=0 | TRACK accr=1835 coppie=528 nuova=82
   1400 |    0.0010 |    20.003 | r=13.5 c=0.120 n=5     | tot=1 NUOVI=0 | TRACK accr=1847 coppie=534 nuova=82
   1410 |    0.0015 |    20.003 | r=12.0 c=0.219 n=37    | tot=1 NUOVI=0 | TRACK accr=1854 coppie=537 nuova=82
   1420 |    0.0012 |    20.003 | r=12.0 c=0.237 n=33    | tot=1 NUOVI=0 | TRACK accr=1868 coppie=545 nuova=82
   1430 |    0.0016 |    20.003 | r=12.0 c=0.252 n=35    | tot=1 NUOVI=0 | TRACK accr=1877 coppie=552 nuova=82
   1440 |    0.0026 |    20.003 | r=12.0 c=0.254 n=38    | tot=1 NUOVI=0 | TRACK accr=1898 coppie=560 nuova=82
   1450 |    0.0011 |    20.003 | r=12.0 c=0.234 n=37    | tot=1 NUOVI=0 | TRACK accr=1911 coppie=567 nuova=82
   1460 |    0.0014 |    20.003 | r=11.5 c=0.215 n=128   | tot=1 NUOVI=0 | TRACK accr=1918 coppie=569 nuova=82
   1470 |    0.0011 |    20.003 | r=11.5 c=0.300 n=123   | tot=1 NUOVI=0 | TRACK accr=1942 coppie=578 nuova=82
   1480 |    0.0019 |    20.004 | r=11.5 c=0.255 n=119   | tot=1 NUOVI=0 | TRACK accr=1956 coppie=587 nuova=82
   1490 |    0.0011 |    20.004 | r=11.5 c=0.249 n=125   | tot=1 NUOVI=0 | TRACK accr=1969 coppie=593 nuova=82
   1500 |    0.0007 |    20.004 | r=11.5 c=0.246 n=136   | tot=1 NUOVI=0 | TRACK accr=1985 coppie=599 nuova=82
   1510 |    0.0028 |    20.004 | r=12.0 c=0.244 n=58    | tot=1 NUOVI=0 | TRACK accr=2000 coppie=603 nuova=82
   1520 |    0.0015 |    20.004 | r=11.5 c=0.232 n=146   | tot=1 NUOVI=0 | TRACK accr=2011 coppie=608 nuova=82
   1530 |    0.0019 |    20.004 | r=11.5 c=0.231 n=146   | tot=1 NUOVI=0 | TRACK accr=2023 coppie=612 nuova=82
   1540 |    0.0019 |    20.004 | r=11.5 c=0.250 n=140   | tot=1 NUOVI=0 | TRACK accr=2039 coppie=617 nuova=82
   1550 |    0.0015 |    20.005 | r=11.5 c=0.243 n=138   | tot=1 NUOVI=0 | TRACK accr=2052 coppie=622 nuova=82
   1560 |    0.0017 |    20.005 | r=11.5 c=0.228 n=137   | tot=1 NUOVI=0 | TRACK accr=2064 coppie=624 nuova=82
   1570 |    0.0013 |    20.005 | r=11.5 c=0.221 n=137   | tot=1 NUOVI=0 | TRACK accr=2075 coppie=629 nuova=82
   1580 |    0.0011 |    20.005 | r=11.5 c=0.217 n=138   | tot=1 NUOVI=0 | TRACK accr=2090 coppie=637 nuova=82
   1590 |    0.0022 |    20.005 | r=11.5 c=0.215 n=137   | tot=2 NUOVI=0 | TRACK accr=2100 coppie=642 nuova=82
   1600 |    0.0029 |    20.005 | r=11.5 c=0.210 n=140   | tot=2 NUOVI=0 | TRACK accr=2114 coppie=655 nuova=82
   1610 |    0.0019 |    20.005 | r=11.5 c=0.204 n=139   | tot=2 NUOVI=0 | TRACK accr=2129 coppie=661 nuova=82
   1620 |    0.0022 |    20.006 | r=11.5 c=0.223 n=143   | tot=2 NUOVI=0 | TRACK accr=2142 coppie=665 nuova=82
   1630 |    0.0035 |    20.006 | r=12.0 c=0.192 n=87    | tot=2 NUOVI=0 | TRACK accr=2158 coppie=674 nuova=82
   1640 |    0.0023 |    20.006 | r=12.0 c=0.203 n=94    | tot=1 NUOVI=0 | TRACK accr=2176 coppie=681 nuova=82
   1650 |    0.0017 |    20.006 | r=13.0 c=0.153 n=9     | tot=1 NUOVI=0 | TRACK accr=2186 coppie=687 nuova=82
   1660 |    0.0012 |    20.006 | r=13.0 c=0.199 n=11    | tot=1 NUOVI=0 | TRACK accr=2200 coppie=692 nuova=82
   1670 |    0.0027 |    20.007 | r=11.5 c=0.207 n=148   | tot=1 NUOVI=0 | TRACK accr=2217 coppie=702 nuova=82
   1680 |    0.0019 |    20.007 | r=12.0 c=0.200 n=111   | tot=1 NUOVI=0 | TRACK accr=2230 coppie=708 nuova=82
   1690 |    0.0033 |    20.007 | r=11.5 c=0.251 n=156   | tot=1 NUOVI=0 | TRACK accr=2251 coppie=721 nuova=82
   1700 |    0.0033 |    20.007 | r=12.0 c=0.205 n=118   | tot=1 NUOVI=0 | TRACK accr=2266 coppie=732 nuova=82
   1710 |    0.0014 |    20.008 | r=12.0 c=0.190 n=118   | tot=1 NUOVI=0 | TRACK accr=2285 coppie=740 nuova=82
   1720 |    0.0020 |    20.008 | r=12.0 c=0.208 n=108   | tot=1 NUOVI=0 | TRACK accr=2306 coppie=751 nuova=82
   1730 |    0.0016 |    20.008 | r=12.0 c=0.195 n=117   | tot=1 NUOVI=0 | TRACK accr=2331 coppie=763 nuova=82
   1740 |    0.0028 |    20.009 | r=12.0 c=0.208 n=125   | tot=1 NUOVI=0 | TRACK accr=2346 coppie=768 nuova=82
   1750 |    0.0011 |    20.009 | r=11.5 c=0.222 n=209   | tot=1 NUOVI=0 | TRACK accr=2356 coppie=774 nuova=82
   1760 |    0.0030 |    20.010 | r=12.5 c=0.210 n=38    | tot=1 NUOVI=0 | TRACK accr=2370 coppie=781 nuova=82
   1770 |    0.0022 |    20.010 | r=14.5 c=0.088 n=4     | tot=1 NUOVI=0 | TRACK accr=2388 coppie=789 nuova=82
   1780 |    0.0028 |    20.010 | r=12.0 c=0.210 n=106   | tot=1 NUOVI=0 | TRACK accr=2410 coppie=797 nuova=82
   1790 |    0.0024 |    20.011 | r=12.0 c=0.263 n=118   | tot=1 NUOVI=0 | TRACK accr=2421 coppie=804 nuova=82
   1800 |    0.0037 |    20.011 | r=12.0 c=0.239 n=122   | tot=1 NUOVI=0 | TRACK accr=2435 coppie=811 nuova=82
   1810 |    0.0026 |    20.012 | r=15.0 c=0.215 n=5     | tot=1 NUOVI=0 | TRACK accr=2443 coppie=817 nuova=82
   1820 |    0.0035 |    20.013 | r=11.5 c=0.292 n=175   | tot=1 NUOVI=0 | TRACK accr=2457 coppie=828 nuova=82
   1830 |    0.0040 |    20.015 | r=12.0 c=0.319 n=117   | tot=1 NUOVI=0 | TRACK accr=2473 coppie=834 nuova=82
   1840 |    0.0040 |    20.016 | r=11.5 c=0.334 n=198   | tot=1 NUOVI=1 | TRACK accr=2483 coppie=837 nuova=82
   1850 |    0.0036 |    20.017 | r=12.5 c=0.323 n=69    | tot=1 NUOVI=1 | TRACK accr=2500 coppie=845 nuova=82
   1860 |    0.0026 |    20.018 | r=12.5 c=0.325 n=74    | tot=1 NUOVI=0 | TRACK accr=2508 coppie=848 nuova=82
   1870 |    0.0032 |    20.018 | r=12.5 c=0.371 n=88    | tot=1 NUOVI=0 | TRACK accr=2519 coppie=852 nuova=82
   1880 |    0.0075 |    20.019 | r=12.5 c=0.348 n=91    | tot=1 NUOVI=0 | TRACK accr=2536 coppie=862 nuova=82
   1890 |    0.0025 |    20.020 | r=16.5 c=0.035 n=5     | tot=1 NUOVI=0 | TRACK accr=2549 coppie=870 nuova=82
   1900 |    0.0036 |    20.020 | r=15.0 c=0.351 n=14    | tot=1 NUOVI=0 | TRACK accr=2564 coppie=872 nuova=82
   1910 |    0.0039 |    20.021 | r=15.5 c=0.233 n=12    | tot=1 NUOVI=1 | TRACK accr=2574 coppie=875 nuova=82
   1920 |    0.0034 |    20.022 | r=15.5 c=0.303 n=12    | tot=1 NUOVI=1 | TRACK accr=2583 coppie=878 nuova=82
   1930 |    0.0899 |    20.022 | r=15.5 c=0.284 n=20    | tot=1 NUOVI=0 | TRACK accr=2598 coppie=880 nuova=82
   1940 |    0.0847 |    20.023 | r=16.0 c=0.303 n=14    | tot=1 NUOVI=0 | TRACK accr=2613 coppie=887 nuova=82
   1950 |    0.0982 |    20.024 | r=15.0 c=0.371 n=25    | tot=1 NUOVI=0 | TRACK accr=2624 coppie=894 nuova=82
   1960 |    0.0925 |    20.025 | r=15.0 c=0.277 n=27    | tot=1 NUOVI=1 | TRACK accr=2636 coppie=896 nuova=82
   1970 |    0.1602 |    20.026 | r=16.0 c=0.335 n=15    | tot=1 NUOVI=1 | TRACK accr=2657 coppie=904 nuova=82
   1980 |    0.1821 |    20.028 | r=16.0 c=0.319 n=15    | tot=1 NUOVI=1 | TRACK accr=2675 coppie=912 nuova=82
   1990 |    0.2217 |    20.029 | r=14.5 c=0.321 n=43    | tot=1 NUOVI=1 | TRACK accr=2693 coppie=918 nuova=82
   2000 |    0.1639 |    20.030 | r=17.0 c=0.212 n=15    | tot=1 NUOVI=1 | TRACK accr=2709 coppie=928 nuova=82
[batch] log diagnostico completo salvato in out_spinore_plastdin\m2_on_s1.csv

[batch] completato in 2798.9s, 2000 passi. CSV salvato in out_spinore_plastdin\cond_m2_on_s1.csv
[batch] LETTURA condensazione: se dens_centrale e n_centrali CRESCONO e frac_nati resta
        ALTA mentre dist_masse NON crolla -> NUOVA massa dal vuoto (non accrescimento).
[batch] LETTURA picchi_nuovi: se picchi_nuovi passa da 0 a >=1 a un certo passo, quello e'
        il momento in cui una MASSA NUOVA si stacca dal vuoto (materia isolata che si crea).
[batch] LETTURA antiguscio: se compare un anello a coerenza_min BASSA (antifase) e raggio
        stabile oltre le masse, con nodi presenti -> GUSCIO DI ANTIFASE che avvolge i nuclei
        = massa di scala superiore (il guscio del sistema e antifase, non materia).
