[calore] calcio termico VETTORIALE+chirale attivo: omega_s 3D eccitato, phivel firmato da perc_chi
[verlet] integratore metrico Velocity-Verlet (2 ordine) attivo
[olon-part] la partizione tangenziale usa curl + twist coerente (verso -> conversione)
[polo-maturo] al twist partecipa la chiralita del polo che matura (twn maggiore)
[ls-azim] L.S vettoriale: verso tangenziale da (radiale x spinore), azimutale stabile
[sync] aggiornamento sincrono attivo: dph legge la fase dallo snapshot t-1 (Jacobi)
[pav-com] pavimento comovente attivo: d0 >= median(d0)-MAD(d0) invece di 0.05 assoluto
[zeta-vir] freno anisotropo attivo: beta *= cos2 della viriale (dissipa radiale, libera tangenziale)
[chi-basc] basculamento chirale attivo: perc_chi vira secondo la torsione locale vs PHI_CRIT (2pi)
[batch] condensazione: seed=2 passi=2000 ogni=10 sep=10.0 nmasse=2
[batch] leggi attive: GRAV_BIFASE=True SPIN_ORBITA(via SPINORE)=True COPPIA_MIT=1.0 lambda=0.800

passo | dens_centr | dist_masse | ANTIGUSCIO(r,c,n) | PICCHI(tot,NUOVI)
[batch] LOG DIAGNOSTICO COMPLETO  -> out_spinore_plastdin\prec_on_s2.csv
      0 |    0.0000 |    20.006 | r=8.2 c=0.307 n=7      | tot=2 NUOVI=2 | TRACK accr=744 coppie=0 nuova=80
     10 |    0.0000 |    20.006 | r=19.8 c=0.136 n=151   | tot=1 NUOVI=0 | TRACK accr=745 coppie=0 nuova=80
     20 |    0.0000 |    20.006 | r=20.8 c=0.160 n=36    | tot=1 NUOVI=0 | TRACK accr=751 coppie=1 nuova=80
     30 |    0.0000 |    20.006 | r=20.8 c=0.209 n=37    | tot=2 NUOVI=0 | TRACK accr=751 coppie=1 nuova=80
     40 |    0.0000 |    20.006 | r=20.8 c=0.246 n=38    | tot=2 NUOVI=0 | TRACK accr=752 coppie=1 nuova=80
     50 |    0.0000 |    20.006 | r=10.8 c=0.199 n=8     | tot=1 NUOVI=0 | TRACK accr=755 coppie=3 nuova=80
     60 |    0.0000 |    20.006 | r=19.2 c=0.325 n=43    | tot=2 NUOVI=0 | TRACK accr=757 coppie=5 nuova=80
     70 |    0.0000 |    20.006 | r=8.8 c=0.238 n=10     | tot=2 NUOVI=0 | TRACK accr=760 coppie=5 nuova=80
     80 |    0.0000 |    20.006 | r=9.8 c=0.311 n=7      | tot=2 NUOVI=0 | TRACK accr=761 coppie=5 nuova=80
     90 |    0.0000 |    20.006 | r=9.8 c=0.323 n=8      | tot=1 NUOVI=0 | TRACK accr=761 coppie=5 nuova=80
    100 |    0.0000 |    20.006 | r=9.8 c=0.194 n=7      | tot=2 NUOVI=0 | TRACK accr=761 coppie=5 nuova=80
    110 |    0.0000 |    20.006 | r=10.8 c=0.758 n=11    | tot=2 NUOVI=0 | TRACK accr=761 coppie=5 nuova=80
    120 |    0.0000 |    20.006 | r=10.8 c=0.272 n=9     | tot=1 NUOVI=0 | TRACK accr=761 coppie=5 nuova=80
    130 |    0.0000 |    20.006 | r=19.8 c=0.137 n=98    | tot=1 NUOVI=0 | TRACK accr=761 coppie=5 nuova=80
    140 |    0.0000 |    20.006 | r=20.8 c=0.111 n=70    | tot=1 NUOVI=0 | TRACK accr=761 coppie=5 nuova=80
    150 |    0.0000 |    20.006 | r=7.2 c=0.131 n=4      | tot=2 NUOVI=0 | TRACK accr=762 coppie=5 nuova=80
    160 |    0.0000 |    20.006 | r=10.8 c=0.104 n=8     | tot=1 NUOVI=0 | TRACK accr=763 coppie=6 nuova=81
    170 |    0.0000 |    20.006 | r=9.2 c=0.139 n=7      | tot=1 NUOVI=0 | TRACK accr=765 coppie=6 nuova=82
    180 |    0.0000 |    20.006 | r=8.2 c=0.140 n=6      | tot=1 NUOVI=0 | TRACK accr=767 coppie=7 nuova=82
    190 |    0.0000 |    20.006 | r=18.8 c=0.095 n=14    | tot=2 NUOVI=0 | TRACK accr=777 coppie=12 nuova=82
    200 |    0.0000 |    20.006 | r=18.8 c=0.108 n=14    | tot=2 NUOVI=0 | TRACK accr=782 coppie=15 nuova=82
    210 |    0.0000 |    20.006 | r=18.8 c=0.230 n=15    | tot=1 NUOVI=0 | TRACK accr=785 coppie=16 nuova=82
    220 |    0.0000 |    20.006 | r=20.2 c=0.144 n=120   | tot=2 NUOVI=0 | TRACK accr=794 coppie=20 nuova=84
    230 |    0.0000 |    20.006 | r=11.2 c=0.052 n=5     | tot=2 NUOVI=0 | TRACK accr=802 coppie=22 nuova=84
    240 |    0.0000 |    20.006 | r=18.8 c=0.134 n=21    | tot=2 NUOVI=0 | TRACK accr=805 coppie=24 nuova=86
    250 |    0.0000 |    20.006 | r=11.2 c=0.203 n=5     | tot=2 NUOVI=0 | TRACK accr=817 coppie=27 nuova=86
    260 |    0.0000 |    20.006 | r=19.8 c=0.241 n=107   | tot=2 NUOVI=0 | TRACK accr=825 coppie=33 nuova=86
    270 |    0.0000 |    20.006 | r=18.8 c=0.252 n=22    | tot=2 NUOVI=1 | TRACK accr=839 coppie=39 nuova=86
    280 |    0.0000 |    20.006 | r=8.8 c=0.313 n=6      | tot=1 NUOVI=1 | TRACK accr=848 coppie=46 nuova=86
    290 |    0.0000 |    20.006 | r=8.8 c=0.172 n=4      | tot=1 NUOVI=1 | TRACK accr=871 coppie=57 nuova=86
    300 |    0.0000 |    20.006 | r=8.8 c=0.120 n=4      | tot=1 NUOVI=1 | TRACK accr=894 coppie=68 nuova=86
    310 |    0.0000 |    20.006 | r=8.8 c=0.102 n=5      | tot=1 NUOVI=1 | TRACK accr=912 coppie=79 nuova=86
    320 |    0.0000 |    20.006 | r=11.2 c=0.014 n=11    | tot=1 NUOVI=0 | TRACK accr=937 coppie=90 nuova=87
    330 |    0.0000 |    20.006 | r=21.2 c=0.076 n=18    | tot=1 NUOVI=0 | TRACK accr=962 coppie=102 nuova=87
    340 |    0.0000 |    20.006 | r=9.2 c=0.139 n=12     | tot=1 NUOVI=0 | TRACK accr=977 coppie=109 nuova=89
    350 |    0.0000 |    20.006 | r=20.2 c=0.062 n=156   | tot=1 NUOVI=0 | TRACK accr=1004 coppie=126 nuova=89
    360 |    0.0000 |    20.006 | r=21.2 c=0.088 n=20    | tot=1 NUOVI=0 | TRACK accr=1033 coppie=141 nuova=90
    370 |    0.0000 |    20.006 | r=19.8 c=0.115 n=152   | tot=1 NUOVI=1 | TRACK accr=1060 coppie=150 nuova=90
    380 |    0.0000 |    20.006 | r=19.8 c=0.080 n=158   | tot=1 NUOVI=1 | TRACK accr=1087 coppie=170 nuova=90
    390 |    0.0000 |    20.006 | r=10.2 c=0.139 n=6     | tot=1 NUOVI=1 | TRACK accr=1117 coppie=186 nuova=90
    400 |    0.0000 |    20.006 | r=19.2 c=0.156 n=117   | tot=1 NUOVI=1 | TRACK accr=1147 coppie=194 nuova=91
    410 |    0.0000 |    20.006 | r=10.2 c=0.155 n=6     | tot=1 NUOVI=1 | TRACK accr=1181 coppie=209 nuova=91
    420 |    0.0000 |    20.006 | r=20.2 c=0.109 n=182   | tot=1 NUOVI=1 | TRACK accr=1210 coppie=228 nuova=91
    430 |    0.0000 |    20.006 | r=0.8 c=0.128 n=198    | tot=1 NUOVI=1 | TRACK accr=1247 coppie=245 nuova=91
    440 |    0.0000 |    20.006 | r=0.8 c=0.121 n=210    | tot=1 NUOVI=1 | TRACK accr=1280 coppie=258 nuova=91
    450 |    0.0000 |    20.006 | r=19.8 c=0.143 n=202   | tot=1 NUOVI=1 | TRACK accr=1312 coppie=272 nuova=93
    460 |    0.0000 |    20.006 | r=19.8 c=0.177 n=206   | tot=2 NUOVI=2 | TRACK accr=1339 coppie=287 nuova=93
    470 |    0.0000 |    20.006 | r=19.8 c=0.155 n=252   | tot=2 NUOVI=2 | TRACK accr=1374 coppie=308 nuova=93
    480 |    0.0000 |    20.006 | r=20.8 c=0.133 n=157   | tot=2 NUOVI=2 | TRACK accr=1411 coppie=325 nuova=93
    490 |    0.0000 |    20.006 | r=20.8 c=0.098 n=170   | tot=2 NUOVI=2 | TRACK accr=1453 coppie=343 nuova=93
    500 |    0.0000 |    20.006 | r=20.8 c=0.117 n=164   | tot=2 NUOVI=2 | TRACK accr=1482 coppie=359 nuova=93
    510 |    0.0000 |    20.006 | r=10.2 c=0.044 n=6     | tot=2 NUOVI=2 | TRACK accr=1523 coppie=376 nuova=96
    520 |    0.0000 |    20.006 | r=11.5 c=0.179 n=62    | tot=1 NUOVI=1 | TRACK accr=1550 coppie=392 nuova=96
    530 |    0.0000 |    20.006 | r=11.5 c=0.166 n=60    | tot=2 NUOVI=2 | TRACK accr=1590 coppie=406 nuova=97
    540 |    0.0000 |    20.006 | r=11.5 c=0.176 n=61    | tot=2 NUOVI=2 | TRACK accr=1623 coppie=416 nuova=99
    550 |    0.0000 |    20.006 | r=11.5 c=0.188 n=63    | tot=2 NUOVI=2 | TRACK accr=1656 coppie=434 nuova=99
    560 |    0.0000 |    20.006 | r=11.5 c=0.184 n=66    | tot=2 NUOVI=2 | TRACK accr=1702 coppie=452 nuova=101
    570 |    0.0000 |    20.006 | r=12.0 c=0.202 n=32    | tot=2 NUOVI=2 | TRACK accr=1749 coppie=471 nuova=102
    580 |    0.0000 |    20.006 | r=11.5 c=0.179 n=80    | tot=2 NUOVI=2 | TRACK accr=1797 coppie=490 nuova=102
    590 |    0.0000 |    20.006 | r=11.5 c=0.163 n=84    | tot=1 NUOVI=1 | TRACK accr=1847 coppie=514 nuova=103
    600 |    0.0000 |    20.006 | r=11.5 c=0.190 n=91    | tot=1 NUOVI=1 | TRACK accr=1881 coppie=526 nuova=105
    610 |    0.0000 |    20.005 | r=11.5 c=0.223 n=95    | tot=1 NUOVI=1 | TRACK accr=1923 coppie=548 nuova=105
    620 |    0.0000 |    20.005 | r=11.5 c=0.168 n=101   | tot=1 NUOVI=1 | TRACK accr=1971 coppie=579 nuova=105
    630 |    0.0000 |    20.005 | r=11.5 c=0.156 n=105   | tot=1 NUOVI=1 | TRACK accr=2005 coppie=596 nuova=107
    640 |    0.0000 |    20.005 | r=11.5 c=0.161 n=106   | tot=1 NUOVI=1 | TRACK accr=2040 coppie=615 nuova=108
    650 |    0.0000 |    20.005 | r=11.5 c=0.143 n=116   | tot=1 NUOVI=1 | TRACK accr=2083 coppie=635 nuova=108
    660 |    0.0000 |    20.005 | r=11.5 c=0.154 n=116   | tot=1 NUOVI=1 | TRACK accr=2134 coppie=659 nuova=108
    670 |    0.0000 |    20.005 | r=11.5 c=0.141 n=120   | tot=1 NUOVI=1 | TRACK accr=2173 coppie=671 nuova=108
    680 |    0.0000 |    20.005 | r=11.5 c=0.133 n=126   | tot=1 NUOVI=1 | TRACK accr=2216 coppie=687 nuova=109
    690 |    0.0000 |    20.005 | r=11.5 c=0.142 n=135   | tot=1 NUOVI=1 | TRACK accr=2258 coppie=704 nuova=109
    700 |    0.0000 |    20.005 | r=11.5 c=0.149 n=140   | tot=1 NUOVI=1 | TRACK accr=2309 coppie=728 nuova=109
    710 |    0.0000 |    20.005 | r=11.5 c=0.142 n=143   | tot=1 NUOVI=1 | TRACK accr=2365 coppie=756 nuova=109
    720 |    0.0000 |    20.005 | r=11.5 c=0.147 n=141   | tot=1 NUOVI=1 | TRACK accr=2408 coppie=778 nuova=109
    730 |    0.0000 |    20.005 | r=12.0 c=0.167 n=68    | tot=1 NUOVI=1 | TRACK accr=2465 coppie=800 nuova=109
    740 |    0.0000 |    20.005 | r=11.5 c=0.161 n=150   | tot=1 NUOVI=1 | TRACK accr=2522 coppie=821 nuova=110
    750 |    0.0000 |    20.005 | r=11.5 c=0.175 n=154   | tot=1 NUOVI=1 | TRACK accr=2577 coppie=851 nuova=113
    760 |    0.0000 |    20.006 | r=11.5 c=0.171 n=156   | tot=1 NUOVI=1 | TRACK accr=2626 coppie=879 nuova=113
    770 |    0.0000 |    20.006 | r=11.5 c=0.154 n=171   | tot=1 NUOVI=1 | TRACK accr=2681 coppie=905 nuova=114
    780 |    0.0000 |    20.006 | r=11.5 c=0.162 n=177   | tot=1 NUOVI=1 | TRACK accr=2717 coppie=919 nuova=116
    790 |    0.0000 |    20.006 | r=11.5 c=0.143 n=189   | tot=1 NUOVI=1 | TRACK accr=2767 coppie=948 nuova=117
    800 |    0.0000 |    20.006 | r=11.5 c=0.133 n=199   | tot=1 NUOVI=1 | TRACK accr=2819 coppie=975 nuova=117
    810 |    0.0000 |    20.006 | r=11.5 c=0.126 n=206   | tot=1 NUOVI=1 | TRACK accr=2873 coppie=992 nuova=118
    820 |    0.0000 |    20.006 | r=11.5 c=0.126 n=212   | tot=1 NUOVI=1 | TRACK accr=2918 coppie=1026 nuova=118
    830 |    0.0000 |    20.006 | r=11.5 c=0.165 n=218   | tot=1 NUOVI=1 | TRACK accr=2978 coppie=1058 nuova=120
    840 |    0.0000 |    20.006 | r=11.5 c=0.141 n=228   | tot=1 NUOVI=1 | TRACK accr=3029 coppie=1078 nuova=123
    850 |    0.0000 |    20.006 | r=11.5 c=0.118 n=237   | tot=1 NUOVI=1 | TRACK accr=3099 coppie=1112 nuova=123
    860 |    0.0000 |    20.006 | r=11.5 c=0.145 n=245   | tot=1 NUOVI=1 | TRACK accr=3163 coppie=1142 nuova=123
    870 |    0.0000 |    20.006 | r=12.0 c=0.166 n=113   | tot=1 NUOVI=1 | TRACK accr=3210 coppie=1165 nuova=124
    880 |    0.0000 |    20.006 | r=11.5 c=0.153 n=249   | tot=1 NUOVI=1 | TRACK accr=3254 coppie=1186 nuova=124
    890 |    0.0000 |    20.006 | r=12.0 c=0.137 n=126   | tot=1 NUOVI=1 | TRACK accr=3305 coppie=1205 nuova=124
    900 |    0.0000 |    20.006 | r=11.5 c=0.192 n=263   | tot=1 NUOVI=1 | TRACK accr=3364 coppie=1235 nuova=125
    910 |    0.0000 |    20.006 | r=11.5 c=0.197 n=264   | tot=1 NUOVI=1 | TRACK accr=3430 coppie=1263 nuova=127
    920 |    0.0000 |    20.006 | r=11.5 c=0.230 n=281   | tot=1 NUOVI=1 | TRACK accr=3499 coppie=1299 nuova=127
    930 |    0.0000 |    20.006 | r=11.5 c=0.208 n=294   | tot=1 NUOVI=1 | TRACK accr=3554 coppie=1327 nuova=127
    940 |    0.0000 |    20.006 | r=11.5 c=0.170 n=314   | tot=1 NUOVI=1 | TRACK accr=3618 coppie=1353 nuova=127
    950 |    0.0000 |    20.006 | r=11.5 c=0.185 n=335   | tot=1 NUOVI=1 | TRACK accr=3669 coppie=1372 nuova=127
    960 |    0.0000 |    20.006 | r=11.5 c=0.175 n=344   | tot=1 NUOVI=1 | TRACK accr=3742 coppie=1403 nuova=127
    970 |    0.0000 |    20.006 | r=11.5 c=0.184 n=356   | tot=1 NUOVI=1 | TRACK accr=3797 coppie=1423 nuova=128
    980 |    0.0000 |    20.006 | r=11.5 c=0.200 n=358   | tot=1 NUOVI=1 | TRACK accr=3859 coppie=1459 nuova=128
    990 |    0.0000 |    20.006 | r=11.5 c=0.163 n=370   | tot=1 NUOVI=1 | TRACK accr=3940 coppie=1500 nuova=130
   1000 |    0.0000 |    20.006 | r=11.5 c=0.174 n=382   | tot=1 NUOVI=1 | TRACK accr=3998 coppie=1529 nuova=130
   1010 |    0.0000 |    20.006 | r=12.0 c=0.163 n=254   | tot=1 NUOVI=1 | TRACK accr=4064 coppie=1562 nuova=130
   1020 |    0.0000 |    20.006 | r=11.5 c=0.186 n=407   | tot=1 NUOVI=1 | TRACK accr=4138 coppie=1602 nuova=130
   1030 |    0.0000 |    20.006 | r=12.5 c=0.199 n=168   | tot=1 NUOVI=1 | TRACK accr=4205 coppie=1640 nuova=131
   1040 |    0.0000 |    20.006 | r=12.5 c=0.177 n=187   | tot=1 NUOVI=1 | TRACK accr=4276 coppie=1678 nuova=133
   1050 |    0.0000 |    20.006 | r=11.5 c=0.143 n=416   | tot=1 NUOVI=0 | TRACK accr=4360 coppie=1715 nuova=133
   1060 |    0.0000 |    20.006 | r=11.5 c=0.147 n=420   | tot=1 NUOVI=0 | TRACK accr=4417 coppie=1744 nuova=135
   1070 |    0.0000 |    20.005 | r=11.5 c=0.139 n=417   | tot=1 NUOVI=1 | TRACK accr=4485 coppie=1771 nuova=136
   1080 |    0.0000 |    20.005 | r=11.5 c=0.143 n=401   | tot=1 NUOVI=1 | TRACK accr=4555 coppie=1806 nuova=136
   1090 |    0.0000 |    20.005 | r=12.5 c=0.140 n=256   | tot=1 NUOVI=1 | TRACK accr=4620 coppie=1840 nuova=136
   1100 |    0.0000 |    20.004 | r=11.5 c=0.140 n=429   | tot=1 NUOVI=1 | TRACK accr=4687 coppie=1870 nuova=137
   1110 |    0.0000 |    20.003 | r=11.5 c=0.136 n=445   | tot=1 NUOVI=1 | TRACK accr=4759 coppie=1912 nuova=137
   1120 |    0.0000 |    20.003 | r=12.5 c=0.167 n=276   | tot=1 NUOVI=1 | TRACK accr=4833 coppie=1957 nuova=137
   1130 |    0.0000 |    20.002 | r=11.5 c=0.163 n=456   | tot=1 NUOVI=1 | TRACK accr=4892 coppie=1985 nuova=137
   1140 |    0.0000 |    20.001 | r=13.0 c=0.175 n=253   | tot=1 NUOVI=1 | TRACK accr=4967 coppie=2016 nuova=137
   1150 |    0.0000 |    20.001 | r=11.5 c=0.166 n=460   | tot=1 NUOVI=1 | TRACK accr=5042 coppie=2044 nuova=137
   1160 |    0.0000 |    20.000 | r=11.5 c=0.140 n=446   | tot=1 NUOVI=1 | TRACK accr=5106 coppie=2081 nuova=141
   1170 |    0.0000 |    20.000 | r=13.0 c=0.189 n=267   | tot=1 NUOVI=0 | TRACK accr=5165 coppie=2110 nuova=142
   1180 |    0.0000 |    20.000 | r=13.0 c=0.185 n=258   | tot=1 NUOVI=1 | TRACK accr=5239 coppie=2138 nuova=142
   1190 |    0.0000 |    20.000 | r=14.5 c=0.251 n=95    | tot=1 NUOVI=1 | TRACK accr=5306 coppie=2171 nuova=142
   1200 |    0.0000 |    20.000 | r=13.0 c=0.178 n=237   | tot=1 NUOVI=1 | TRACK accr=5377 coppie=2213 nuova=143
   1210 |    0.0001 |    20.000 | r=13.0 c=0.184 n=238   | tot=1 NUOVI=1 | TRACK accr=5452 coppie=2252 nuova=143
   1220 |    0.0001 |    20.000 | r=11.5 c=0.152 n=486   | tot=1 NUOVI=1 | TRACK accr=5542 coppie=2302 nuova=143
   1230 |    0.0001 |    20.001 | r=11.5 c=0.152 n=462   | tot=1 NUOVI=1 | TRACK accr=5625 coppie=2335 nuova=145
   1240 |    0.0001 |    20.001 | r=11.5 c=0.161 n=480   | tot=1 NUOVI=1 | TRACK accr=5692 coppie=2364 nuova=145
   1250 |    0.0001 |    20.001 | r=12.5 c=0.170 n=327   | tot=1 NUOVI=1 | TRACK accr=5758 coppie=2399 nuova=146
   1260 |    0.0000 |    20.001 | r=11.5 c=0.145 n=519   | tot=1 NUOVI=1 | TRACK accr=5819 coppie=2426 nuova=147
   1270 |    0.0000 |    20.001 | r=11.5 c=0.143 n=535   | tot=1 NUOVI=1 | TRACK accr=5883 coppie=2465 nuova=147
   1280 |    0.0000 |    20.001 | r=12.0 c=0.174 n=442   | tot=1 NUOVI=1 | TRACK accr=5957 coppie=2502 nuova=147
   1290 |    0.0000 |    20.001 | r=11.5 c=0.151 n=552   | tot=1 NUOVI=1 | TRACK accr=6024 coppie=2535 nuova=147
   1300 |    0.0000 |    20.001 | r=18.0 c=0.194 n=6     | tot=1 NUOVI=1 | TRACK accr=6093 coppie=2574 nuova=148
   1310 |    0.0000 |    20.001 | r=11.5 c=0.140 n=564   | tot=1 NUOVI=1 | TRACK accr=6146 coppie=2607 nuova=150
   1320 |    0.0000 |    20.001 | r=18.0 c=0.113 n=9     | tot=1 NUOVI=1 | TRACK accr=6220 coppie=2644 nuova=151
   1330 |    0.0000 |    20.001 | r=11.5 c=0.133 n=597   | tot=1 NUOVI=1 | TRACK accr=6293 coppie=2682 nuova=151
   1340 |    0.0000 |    20.001 | r=13.0 c=0.178 n=242   | tot=1 NUOVI=1 | TRACK accr=6366 coppie=2715 nuova=151
   1350 |    0.0000 |    20.001 | r=13.5 c=0.211 n=219   | tot=1 NUOVI=1 | TRACK accr=6428 coppie=2742 nuova=153
   1360 |    0.0000 |    20.001 | r=13.0 c=0.208 n=255   | tot=1 NUOVI=1 | TRACK accr=6501 coppie=2779 nuova=153
   1370 |    0.0000 |    20.000 | r=13.0 c=0.190 n=276   | tot=1 NUOVI=1 | TRACK accr=6562 coppie=2816 nuova=155
   1380 |    0.0000 |    20.000 | r=14.0 c=0.237 n=129   | tot=1 NUOVI=1 | TRACK accr=6636 coppie=2858 nuova=156
   1390 |    0.0000 |    20.000 | r=11.9 c=0.143 n=543   | tot=1 NUOVI=1 | TRACK accr=6716 coppie=2904 nuova=156
   1400 |    0.0000 |    19.999 | r=11.4 c=0.125 n=699   | tot=1 NUOVI=1 | TRACK accr=6784 coppie=2927 nuova=156
