[verlet] integratore metrico Velocity-Verlet (2 ordine) attivo
[sync] aggiornamento sincrono attivo: dph legge la fase dallo snapshot t-1 (Jacobi)
[batch] condensazione: seed=1 passi=2000 ogni=10 sep=10.0 nmasse=2
[batch] leggi attive: GRAV_BIFASE=True SPIN_ORBITA(via SPINORE)=True COPPIA_MIT=1.0 lambda=0.800

passo | dens_centr | dist_masse | ANTIGUSCIO(r,c,n) | PICCHI(tot,NUOVI)
[batch] LOG DIAGNOSTICO COMPLETO  -> out_spinore\m2_on_s1.csv
      0 |    0.0000 |    19.998 | r=7.2 c=0.225 n=5      | tot=1 NUOVI=1 | TRACK accr=744 coppie=0 nuova=80
     10 |    0.0000 |    19.998 | r=19.2 c=0.096 n=33    | tot=1 NUOVI=0 | TRACK accr=764 coppie=7 nuova=80
     20 |    0.0000 |    19.998 | r=19.2 c=0.114 n=33    | tot=2 NUOVI=0 | TRACK accr=776 coppie=13 nuova=80
     30 |    0.0000 |    19.998 | r=19.2 c=0.133 n=33    | tot=1 NUOVI=0 | TRACK accr=791 coppie=20 nuova=80
     40 |    0.0000 |    19.998 | r=19.2 c=0.157 n=33    | tot=1 NUOVI=0 | TRACK accr=805 coppie=30 nuova=82
     50 |    0.0000 |    19.998 | r=19.2 c=0.183 n=40    | tot=1 NUOVI=0 | TRACK accr=816 coppie=34 nuova=84
     60 |    0.0000 |    19.998 | r=19.2 c=0.185 n=44    | tot=2 NUOVI=0 | TRACK accr=827 coppie=39 nuova=84
     70 |    0.0000 |    19.998 | r=19.2 c=0.264 n=38    | tot=2 NUOVI=0 | TRACK accr=835 coppie=41 nuova=84
     80 |    0.0000 |    19.998 | r=19.2 c=0.284 n=42    | tot=2 NUOVI=0 | TRACK accr=837 coppie=41 nuova=84
     90 |    0.0000 |    19.998 | r=8.8 c=0.199 n=8      | tot=2 NUOVI=0 | TRACK accr=842 coppie=45 nuova=84
    100 |    0.0000 |    19.998 | r=20.8 c=0.266 n=53    | tot=2 NUOVI=0 | TRACK accr=845 coppie=46 nuova=86
    110 |    0.0000 |    19.998 | r=1.2 c=0.267 n=8      | tot=2 NUOVI=0 | TRACK accr=849 coppie=49 nuova=86
    120 |    0.0000 |    19.998 | r=8.2 c=0.320 n=5      | tot=2 NUOVI=0 | TRACK accr=852 coppie=51 nuova=86
    130 |    0.0000 |    19.998 | r=11.8 c=0.228 n=5     | tot=2 NUOVI=0 | TRACK accr=856 coppie=54 nuova=86
    140 |    0.0000 |    19.998 | r=9.2 c=0.154 n=10     | tot=1 NUOVI=0 | TRACK accr=861 coppie=57 nuova=86
    150 |    0.0000 |    19.998 | r=8.8 c=0.274 n=5      | tot=1 NUOVI=0 | TRACK accr=866 coppie=60 nuova=86
    160 |    0.0000 |    19.998 | r=9.2 c=0.338 n=8      | tot=1 NUOVI=0 | TRACK accr=869 coppie=63 nuova=86
    170 |    0.0000 |    19.998 | r=8.8 c=0.321 n=7      | tot=1 NUOVI=0 | TRACK accr=874 coppie=64 nuova=86
    180 |    0.0000 |    19.998 | r=9.8 c=0.233 n=4      | tot=2 NUOVI=0 | TRACK accr=877 coppie=64 nuova=86
    190 |    0.0000 |    19.998 | r=9.8 c=0.215 n=4      | tot=2 NUOVI=0 | TRACK accr=877 coppie=64 nuova=86
    200 |    0.0000 |    19.998 | r=9.2 c=0.258 n=7      | tot=2 NUOVI=0 | TRACK accr=878 coppie=64 nuova=86
    210 |    0.0000 |    19.998 | r=9.8 c=0.394 n=4      | tot=2 NUOVI=0 | TRACK accr=883 coppie=66 nuova=86
    220 |    0.0000 |    19.998 | r=12.2 c=0.342 n=7     | tot=2 NUOVI=0 | TRACK accr=885 coppie=66 nuova=86
    230 |    0.0000 |    19.998 | r=9.8 c=0.373 n=14     | tot=2 NUOVI=0 | TRACK accr=889 coppie=69 nuova=86
    240 |    0.0000 |    19.998 | r=10.8 c=0.423 n=12    | tot=2 NUOVI=0 | TRACK accr=889 coppie=69 nuova=86
    250 |    0.0000 |    19.998 | r=10.8 c=0.067 n=8     | tot=2 NUOVI=0 | TRACK accr=891 coppie=71 nuova=86
    260 |    0.0000 |    19.998 | r=11.8 c=0.152 n=6     | tot=2 NUOVI=0 | TRACK accr=896 coppie=76 nuova=86
    270 |    0.0000 |    19.998 | r=10.8 c=0.298 n=8     | tot=2 NUOVI=0 | TRACK accr=898 coppie=77 nuova=86
    280 |    0.0000 |    19.998 | r=10.8 c=0.244 n=8     | tot=2 NUOVI=0 | TRACK accr=899 coppie=77 nuova=86
    290 |    0.0000 |    19.998 | r=12.2 c=0.245 n=5     | tot=2 NUOVI=0 | TRACK accr=899 coppie=77 nuova=86
    300 |    0.0000 |    19.998 | r=12.2 c=0.027 n=5     | tot=2 NUOVI=0 | TRACK accr=899 coppie=77 nuova=86
    310 |    0.0000 |    19.998 | r=12.8 c=0.233 n=10    | tot=2 NUOVI=0 | TRACK accr=901 coppie=79 nuova=86
    320 |    0.0000 |    19.998 | r=12.8 c=0.225 n=9     | tot=2 NUOVI=0 | TRACK accr=907 coppie=82 nuova=86
    330 |    0.0000 |    19.998 | r=12.2 c=0.204 n=6     | tot=2 NUOVI=0 | TRACK accr=911 coppie=84 nuova=86
    340 |    0.0000 |    19.998 | r=8.8 c=0.203 n=10     | tot=1 NUOVI=0 | TRACK accr=912 coppie=85 nuova=86
    350 |    0.0000 |    19.998 | r=11.8 c=0.194 n=8     | tot=1 NUOVI=0 | TRACK accr=920 coppie=90 nuova=86
    360 |    0.0000 |    19.998 | r=11.8 c=0.224 n=7     | tot=1 NUOVI=0 | TRACK accr=928 coppie=93 nuova=86
    370 |    0.0000 |    19.998 | r=11.8 c=0.119 n=7     | tot=1 NUOVI=0 | TRACK accr=937 coppie=98 nuova=86
    380 |    0.0000 |    19.998 | r=7.8 c=0.181 n=8      | tot=1 NUOVI=0 | TRACK accr=947 coppie=105 nuova=86
    390 |    0.0000 |    19.998 | r=11.8 c=0.112 n=7     | tot=1 NUOVI=0 | TRACK accr=954 coppie=108 nuova=86
    400 |    0.0000 |    19.998 | r=11.8 c=0.209 n=8     | tot=1 NUOVI=0 | TRACK accr=960 coppie=112 nuova=86
    410 |    0.0000 |    19.998 | r=10.2 c=0.222 n=11    | tot=1 NUOVI=0 | TRACK accr=964 coppie=112 nuova=86
    420 |    0.0000 |    19.998 | r=19.2 c=0.175 n=73    | tot=1 NUOVI=0 | TRACK accr=969 coppie=116 nuova=86
    430 |    0.0000 |    19.998 | r=19.2 c=0.186 n=73    | tot=1 NUOVI=0 | TRACK accr=973 coppie=119 nuova=86
    440 |    0.0000 |    19.998 | r=8.8 c=0.141 n=7      | tot=1 NUOVI=0 | TRACK accr=974 coppie=119 nuova=86
    450 |    0.0000 |    19.998 | r=11.8 c=0.263 n=7     | tot=1 NUOVI=0 | TRACK accr=978 coppie=122 nuova=86
    460 |    0.0000 |    19.998 | r=11.8 c=0.163 n=6     | tot=1 NUOVI=0 | TRACK accr=981 coppie=124 nuova=86
    470 |    0.0000 |    19.998 | r=7.8 c=0.133 n=7      | tot=1 NUOVI=0 | TRACK accr=991 coppie=128 nuova=86
    480 |    0.0000 |    19.998 | r=1.2 c=0.287 n=14     | tot=1 NUOVI=0 | TRACK accr=994 coppie=129 nuova=86
    490 |    0.0000 |    19.998 | r=11.2 c=0.248 n=8     | tot=1 NUOVI=0 | TRACK accr=999 coppie=132 nuova=86
    500 |    0.0000 |    19.998 | r=10.2 c=0.306 n=13    | tot=1 NUOVI=0 | TRACK accr=1006 coppie=134 nuova=86
    510 |    0.0000 |    19.998 | r=10.2 c=0.251 n=13    | tot=1 NUOVI=0 | TRACK accr=1013 coppie=139 nuova=86
    520 |    0.0000 |    19.998 | r=11.2 c=0.073 n=8     | tot=1 NUOVI=0 | TRACK accr=1021 coppie=146 nuova=86
    530 |    0.0000 |    19.998 | r=10.2 c=0.266 n=11    | tot=1 NUOVI=0 | TRACK accr=1027 coppie=148 nuova=86
    540 |    0.0000 |    19.998 | r=20.8 c=0.254 n=99    | tot=1 NUOVI=0 | TRACK accr=1034 coppie=150 nuova=86
    550 |    0.0000 |    19.998 | r=20.8 c=0.212 n=104   | tot=1 NUOVI=0 | TRACK accr=1045 coppie=155 nuova=86
    560 |    0.0001 |    19.998 | r=8.2 c=0.220 n=6      | tot=1 NUOVI=0 | TRACK accr=1049 coppie=157 nuova=86
    570 |    0.0000 |    19.998 | r=9.2 c=0.174 n=9      | tot=1 NUOVI=0 | TRACK accr=1057 coppie=157 nuova=86
    580 |    0.0000 |    19.998 | r=7.8 c=0.162 n=7      | tot=1 NUOVI=0 | TRACK accr=1062 coppie=159 nuova=86
    590 |    0.0000 |    19.998 | r=21.2 c=0.249 n=5     | tot=1 NUOVI=0 | TRACK accr=1066 coppie=160 nuova=86
    600 |    0.0000 |    19.998 | r=21.2 c=0.265 n=5     | tot=1 NUOVI=0 | TRACK accr=1075 coppie=166 nuova=86
    610 |    0.0000 |    19.998 | r=10.8 c=0.136 n=6     | tot=1 NUOVI=0 | TRACK accr=1089 coppie=174 nuova=86
    620 |    0.0000 |    19.998 | r=10.2 c=0.342 n=11    | tot=1 NUOVI=0 | TRACK accr=1110 coppie=180 nuova=86
    630 |    0.0000 |    19.998 | r=11.8 c=0.125 n=6     | tot=1 NUOVI=0 | TRACK accr=1123 coppie=187 nuova=86
    640 |    0.0000 |    19.998 | r=1.8 c=0.345 n=14     | tot=1 NUOVI=0 | TRACK accr=1134 coppie=194 nuova=86
    650 |    0.0000 |    19.998 | r=11.8 c=0.236 n=6     | tot=1 NUOVI=0 | TRACK accr=1143 coppie=197 nuova=86
    660 |    0.0000 |    19.998 | r=11.8 c=0.197 n=6     | tot=1 NUOVI=0 | TRACK accr=1154 coppie=202 nuova=86
    670 |    0.0000 |    19.998 | r=9.8 c=0.264 n=11     | tot=1 NUOVI=0 | TRACK accr=1168 coppie=206 nuova=86
    680 |    0.0000 |    19.998 | r=11.8 c=0.149 n=6     | tot=1 NUOVI=0 | TRACK accr=1178 coppie=210 nuova=86
    690 |    0.0000 |    19.998 | r=12.2 c=0.215 n=6     | tot=1 NUOVI=0 | TRACK accr=1192 coppie=214 nuova=86
    700 |    0.0000 |    19.998 | r=1.8 c=0.332 n=16     | tot=1 NUOVI=0 | TRACK accr=1203 coppie=218 nuova=86
    710 |    0.0000 |    19.998 | r=9.2 c=0.235 n=4      | tot=1 NUOVI=0 | TRACK accr=1213 coppie=223 nuova=86
    720 |    0.0000 |    19.998 | r=20.8 c=0.376 n=129   | tot=1 NUOVI=0 | TRACK accr=1228 coppie=232 nuova=86
    730 |    0.0000 |    19.998 | r=0.8 c=0.366 n=540    | tot=1 NUOVI=0 | TRACK accr=1242 coppie=241 nuova=86
    740 |    0.0000 |    19.998 | r=11.8 c=0.231 n=6     | tot=1 NUOVI=0 | TRACK accr=1254 coppie=250 nuova=86
    750 |    0.0001 |    19.998 | r=12.8 c=0.152 n=6     | tot=1 NUOVI=0 | TRACK accr=1265 coppie=257 nuova=86
    760 |    0.0001 |    19.998 | r=10.8 c=0.171 n=7     | tot=1 NUOVI=0 | TRACK accr=1282 coppie=264 nuova=86
    770 |    0.0001 |    19.998 | r=8.2 c=0.294 n=4      | tot=1 NUOVI=0 | TRACK accr=1303 coppie=272 nuova=86
    780 |    0.0000 |    19.998 | r=8.2 c=0.221 n=4      | tot=1 NUOVI=0 | TRACK accr=1313 coppie=278 nuova=86
    790 |    0.0000 |    19.998 | r=9.2 c=0.034 n=5      | tot=1 NUOVI=0 | TRACK accr=1320 coppie=282 nuova=86
    800 |    0.0001 |    19.998 | r=9.8 c=0.278 n=8      | tot=1 NUOVI=0 | TRACK accr=1338 coppie=290 nuova=86
    810 |    0.0001 |    19.998 | r=20.8 c=0.235 n=111   | tot=1 NUOVI=0 | TRACK accr=1350 coppie=298 nuova=86
    820 |    0.0001 |    19.998 | r=9.8 c=0.173 n=8      | tot=1 NUOVI=0 | TRACK accr=1365 coppie=305 nuova=86
    830 |    0.0001 |    19.998 | r=0.8 c=0.260 n=643    | tot=1 NUOVI=0 | TRACK accr=1383 coppie=313 nuova=86
    840 |    0.0001 |    19.998 | r=8.2 c=0.259 n=4      | tot=1 NUOVI=0 | TRACK accr=1401 coppie=322 nuova=86
    850 |    0.0002 |    19.998 | r=0.8 c=0.270 n=668    | tot=1 NUOVI=0 | TRACK accr=1413 coppie=326 nuova=86
    860 |    0.0001 |    19.998 | r=0.8 c=0.230 n=683    | tot=1 NUOVI=0 | TRACK accr=1430 coppie=334 nuova=86
    870 |    0.0000 |    19.998 | r=11.2 c=0.133 n=7     | tot=1 NUOVI=1 | TRACK accr=1449 coppie=343 nuova=86
    880 |    0.0000 |    19.998 | r=0.8 c=0.256 n=705    | tot=1 NUOVI=1 | TRACK accr=1459 coppie=345 nuova=86
    890 |    0.0000 |    19.998 | r=12.2 c=0.187 n=5     | tot=1 NUOVI=1 | TRACK accr=1483 coppie=352 nuova=86
    900 |    0.0001 |    19.998 | r=20.8 c=0.228 n=144   | tot=1 NUOVI=1 | TRACK accr=1497 coppie=358 nuova=86
    910 |    0.0001 |    19.998 | r=11.4 c=0.271 n=35    | tot=1 NUOVI=1 | TRACK accr=1514 coppie=365 nuova=86
    920 |    0.0001 |    19.999 | r=12.4 c=0.230 n=4     | tot=1 NUOVI=1 | TRACK accr=1528 coppie=369 nuova=86
    930 |    0.0001 |    19.999 | r=12.4 c=0.214 n=6     | tot=1 NUOVI=1 | TRACK accr=1542 coppie=375 nuova=86
    940 |    0.0001 |    19.999 | r=12.4 c=0.269 n=6     | tot=1 NUOVI=1 | TRACK accr=1559 coppie=382 nuova=86
    950 |    0.0001 |    19.999 | r=11.9 c=0.261 n=19    | tot=1 NUOVI=1 | TRACK accr=1567 coppie=385 nuova=86
    960 |    0.0001 |    19.999 | r=11.9 c=0.185 n=15    | tot=1 NUOVI=1 | TRACK accr=1575 coppie=389 nuova=86
    970 |    0.0001 |    19.999 | r=11.9 c=0.197 n=17    | tot=1 NUOVI=1 | TRACK accr=1587 coppie=394 nuova=86
    980 |    0.0001 |    19.999 | r=11.9 c=0.265 n=14    | tot=1 NUOVI=1 | TRACK accr=1599 coppie=400 nuova=86
    990 |    0.0002 |    19.999 | r=12.4 c=0.254 n=10    | tot=1 NUOVI=1 | TRACK accr=1608 coppie=406 nuova=86
   1000 |    0.0002 |    19.999 | r=12.9 c=0.200 n=5     | tot=1 NUOVI=1 | TRACK accr=1616 coppie=411 nuova=86
   1010 |    0.0001 |    19.999 | r=12.9 c=0.126 n=5     | tot=1 NUOVI=1 | TRACK accr=1626 coppie=412 nuova=86
   1020 |    0.0004 |    20.000 | r=12.4 c=0.223 n=7     | tot=1 NUOVI=1 | TRACK accr=1631 coppie=416 nuova=86
   1030 |    0.0002 |    20.000 | r=12.9 c=0.170 n=6     | tot=1 NUOVI=1 | TRACK accr=1639 coppie=422 nuova=86
   1040 |    0.0001 |    20.000 | r=12.9 c=0.135 n=4     | tot=1 NUOVI=1 | TRACK accr=1649 coppie=429 nuova=86
   1050 |    0.0001 |    20.000 | r=11.5 c=0.250 n=46    | tot=1 NUOVI=1 | TRACK accr=1657 coppie=433 nuova=86
   1060 |    0.0001 |    20.000 | r=11.5 c=0.248 n=45    | tot=1 NUOVI=1 | TRACK accr=1665 coppie=439 nuova=86
   1070 |    0.0001 |    20.000 | r=11.5 c=0.278 n=49    | tot=1 NUOVI=1 | TRACK accr=1678 coppie=447 nuova=86
   1080 |    0.0003 |    20.001 | r=12.0 c=0.242 n=27    | tot=1 NUOVI=1 | TRACK accr=1684 coppie=451 nuova=86
   1090 |    0.0005 |    20.001 | r=12.0 c=0.231 n=26    | tot=1 NUOVI=1 | TRACK accr=1691 coppie=453 nuova=86
   1100 |    0.0002 |    20.001 | r=12.0 c=0.239 n=32    | tot=1 NUOVI=1 | TRACK accr=1699 coppie=459 nuova=86
   1110 |    0.0005 |    20.001 | r=11.5 c=0.234 n=89    | tot=1 NUOVI=1 | TRACK accr=1716 coppie=467 nuova=86
   1120 |    0.0003 |    20.001 | r=11.5 c=0.211 n=107   | tot=1 NUOVI=1 | TRACK accr=1727 coppie=473 nuova=86
   1130 |    0.0004 |    20.002 | r=11.5 c=0.213 n=117   | tot=1 NUOVI=1 | TRACK accr=1736 coppie=478 nuova=86
   1140 |    0.0004 |    20.002 | r=11.5 c=0.208 n=106   | tot=1 NUOVI=1 | TRACK accr=1749 coppie=482 nuova=86
   1150 |    0.0011 |    20.002 | r=12.5 c=0.203 n=20    | tot=1 NUOVI=1 | TRACK accr=1757 coppie=487 nuova=86
   1160 |    0.0002 |    20.002 | r=11.5 c=0.188 n=92    | tot=1 NUOVI=1 | TRACK accr=1765 coppie=494 nuova=86
   1170 |    0.0013 |    20.002 | r=12.0 c=0.197 n=62    | tot=1 NUOVI=1 | TRACK accr=1775 coppie=499 nuova=86
   1180 |    0.0005 |    20.002 | r=12.0 c=0.208 n=71    | tot=1 NUOVI=1 | TRACK accr=1781 coppie=505 nuova=86
   1190 |    0.0010 |    20.002 | r=13.0 c=0.199 n=18    | tot=1 NUOVI=1 | TRACK accr=1790 coppie=510 nuova=86
   1200 |    0.0009 |    20.002 | r=12.0 c=0.185 n=57    | tot=1 NUOVI=1 | TRACK accr=1799 coppie=515 nuova=86
   1210 |    0.0016 |    20.002 | r=12.0 c=0.163 n=58    | tot=1 NUOVI=1 | TRACK accr=1804 coppie=519 nuova=86
   1220 |    0.0006 |    20.002 | r=12.0 c=0.152 n=52    | tot=1 NUOVI=1 | TRACK accr=1810 coppie=522 nuova=86
   1230 |    0.0007 |    20.002 | r=12.0 c=0.195 n=49    | tot=1 NUOVI=1 | TRACK accr=1816 coppie=527 nuova=86
   1240 |    0.0014 |    20.002 | r=12.0 c=0.194 n=50    | tot=1 NUOVI=1 | TRACK accr=1820 coppie=530 nuova=86
   1250 |    0.0014 |    20.002 | r=12.0 c=0.199 n=47    | tot=1 NUOVI=1 | TRACK accr=1826 coppie=534 nuova=86
   1260 |    0.0014 |    20.001 | r=12.0 c=0.218 n=42    | tot=1 NUOVI=0 | TRACK accr=1830 coppie=539 nuova=86
   1270 |    0.0022 |    20.001 | r=13.5 c=0.215 n=14    | tot=1 NUOVI=0 | TRACK accr=1839 coppie=546 nuova=86
   1280 |    0.0004 |    20.001 | r=13.5 c=0.210 n=13    | tot=1 NUOVI=0 | TRACK accr=1845 coppie=553 nuova=86
   1290 |    0.0012 |    20.001 | r=13.0 c=0.196 n=43    | tot=1 NUOVI=0 | TRACK accr=1858 coppie=560 nuova=86
   1300 |    0.0017 |    20.001 | r=12.5 c=0.199 n=49    | tot=1 NUOVI=0 | TRACK accr=1866 coppie=563 nuova=86
   1310 |    0.0009 |    20.001 | r=12.0 c=0.200 n=36    | tot=1 NUOVI=0 | TRACK accr=1876 coppie=569 nuova=86
   1320 |    0.0014 |    20.001 | r=13.5 c=0.206 n=19    | tot=1 NUOVI=0 | TRACK accr=1882 coppie=573 nuova=86
   1330 |    0.0018 |    20.001 | r=12.5 c=0.209 n=36    | tot=1 NUOVI=0 | TRACK accr=1891 coppie=580 nuova=86
   1340 |    0.0017 |    20.001 | r=11.5 c=0.202 n=100   | tot=1 NUOVI=0 | TRACK accr=1897 coppie=582 nuova=86
   1350 |    0.0010 |    20.001 | r=11.5 c=0.212 n=95    | tot=1 NUOVI=0 | TRACK accr=1907 coppie=588 nuova=86
   1360 |    0.0024 |    20.001 | r=12.0 c=0.193 n=44    | tot=1 NUOVI=0 | TRACK accr=1918 coppie=596 nuova=86
   1370 |    0.0026 |    20.001 | r=12.0 c=0.188 n=50    | tot=1 NUOVI=0 | TRACK accr=1931 coppie=603 nuova=86
   1380 |    0.0011 |    20.001 | r=12.0 c=0.219 n=55    | tot=1 NUOVI=0 | TRACK accr=1945 coppie=610 nuova=86
   1390 |    0.0018 |    20.001 | r=11.5 c=0.196 n=102   | tot=1 NUOVI=1 | TRACK accr=1951 coppie=616 nuova=86
   1400 |    0.0024 |    20.001 | r=11.5 c=0.185 n=110   | tot=1 NUOVI=1 | TRACK accr=1962 coppie=625 nuova=86
   1410 |    0.0022 |    20.001 | r=11.5 c=0.195 n=114   | tot=1 NUOVI=1 | TRACK accr=1973 coppie=628 nuova=86
   1420 |    0.0016 |    20.001 | r=11.5 c=0.172 n=128   | tot=1 NUOVI=0 | TRACK accr=1982 coppie=635 nuova=86
   1430 |    0.0018 |    20.001 | r=12.0 c=0.212 n=43    | tot=1 NUOVI=0 | TRACK accr=2000 coppie=641 nuova=86
   1440 |    0.0012 |    20.001 | r=11.5 c=0.202 n=138   | tot=1 NUOVI=0 | TRACK accr=2017 coppie=652 nuova=86
   1450 |    0.0022 |    20.001 | r=11.5 c=0.239 n=144   | tot=1 NUOVI=1 | TRACK accr=2034 coppie=663 nuova=86
   1460 |    0.0011 |    20.002 | r=12.0 c=0.242 n=57    | tot=1 NUOVI=1 | TRACK accr=2047 coppie=672 nuova=86
   1470 |    0.0010 |    20.002 | r=11.5 c=0.241 n=148   | tot=1 NUOVI=1 | TRACK accr=2060 coppie=676 nuova=86
   1480 |    0.0021 |    20.002 | r=11.5 c=0.185 n=151   | tot=1 NUOVI=1 | TRACK accr=2072 coppie=680 nuova=86
   1490 |    0.0019 |    20.002 | r=12.0 c=0.178 n=68    | tot=1 NUOVI=1 | TRACK accr=2087 coppie=693 nuova=86
   1500 |    0.0020 |    20.003 | r=11.5 c=0.161 n=146   | tot=1 NUOVI=0 | TRACK accr=2102 coppie=701 nuova=86
   1510 |    0.0024 |    20.003 | r=12.0 c=0.177 n=62    | tot=1 NUOVI=0 | TRACK accr=2112 coppie=709 nuova=86
   1520 |    0.0015 |    20.003 | r=12.0 c=0.188 n=63    | tot=1 NUOVI=0 | TRACK accr=2123 coppie=715 nuova=86
   1530 |    0.0037 |    20.004 | r=12.0 c=0.170 n=77    | tot=1 NUOVI=0 | TRACK accr=2138 coppie=721 nuova=86
   1540 |    0.0016 |    20.004 | r=12.0 c=0.148 n=76    | tot=1 NUOVI=0 | TRACK accr=2154 coppie=727 nuova=86
   1550 |    0.0030 |    20.004 | r=12.0 c=0.162 n=69    | tot=1 NUOVI=1 | TRACK accr=2164 coppie=731 nuova=86
   1560 |    0.0029 |    20.004 | r=12.0 c=0.204 n=67    | tot=1 NUOVI=1 | TRACK accr=2181 coppie=735 nuova=86
   1570 |    0.0024 |    20.004 | r=12.0 c=0.215 n=79    | tot=1 NUOVI=0 | TRACK accr=2196 coppie=744 nuova=86
   1580 |    0.0024 |    20.004 | r=11.5 c=0.183 n=164   | tot=1 NUOVI=0 | TRACK accr=2217 coppie=754 nuova=86
   1590 |    0.0027 |    20.004 | r=13.0 c=0.237 n=35    | tot=1 NUOVI=0 | TRACK accr=2237 coppie=765 nuova=86
   1600 |    0.0056 |    20.004 | r=11.5 c=0.196 n=170   | tot=1 NUOVI=0 | TRACK accr=2249 coppie=774 nuova=86
   1610 |    0.0039 |    20.004 | r=11.5 c=0.183 n=173   | tot=1 NUOVI=0 | TRACK accr=2261 coppie=783 nuova=86
   1620 |    0.0014 |    20.004 | r=11.5 c=0.200 n=176   | tot=1 NUOVI=0 | TRACK accr=2275 coppie=788 nuova=86
   1630 |    0.0017 |    20.004 | r=11.5 c=0.189 n=165   | tot=1 NUOVI=0 | TRACK accr=2286 coppie=793 nuova=86
   1640 |    0.0012 |    20.004 | r=11.5 c=0.195 n=161   | tot=1 NUOVI=0 | TRACK accr=2300 coppie=801 nuova=86
   1650 |    0.0048 |    20.004 | r=11.5 c=0.165 n=164   | tot=1 NUOVI=0 | TRACK accr=2313 coppie=809 nuova=86
   1660 |    0.0032 |    20.004 | r=11.5 c=0.159 n=168   | tot=1 NUOVI=0 | TRACK accr=2330 coppie=814 nuova=86
   1670 |    0.0024 |    20.003 | r=11.5 c=0.186 n=163   | tot=1 NUOVI=0 | TRACK accr=2342 coppie=820 nuova=86
   1680 |    0.0038 |    20.003 | r=12.5 c=0.227 n=67    | tot=1 NUOVI=0 | TRACK accr=2360 coppie=832 nuova=86
   1690 |    0.0023 |    20.003 | r=12.5 c=0.286 n=55    | tot=1 NUOVI=0 | TRACK accr=2366 coppie=835 nuova=86
   1700 |    0.0028 |    20.003 | r=13.5 c=0.320 n=37    | tot=1 NUOVI=0 | TRACK accr=2376 coppie=840 nuova=86
   1710 |    0.0036 |    20.003 | r=16.5 c=0.234 n=12    | tot=1 NUOVI=0 | TRACK accr=2388 coppie=849 nuova=86
   1720 |    0.0037 |    20.002 | r=16.0 c=0.163 n=13    | tot=1 NUOVI=0 | TRACK accr=2398 coppie=852 nuova=86
   1730 |    0.0054 |    20.002 | r=16.0 c=0.213 n=10    | tot=1 NUOVI=0 | TRACK accr=2413 coppie=861 nuova=86
   1740 |    0.0022 |    20.002 | r=11.5 c=0.182 n=138   | tot=1 NUOVI=0 | TRACK accr=2424 coppie=868 nuova=86
   1750 |    0.0036 |    20.002 | r=17.0 c=0.246 n=10    | tot=1 NUOVI=0 | TRACK accr=2442 coppie=878 nuova=86
   1760 |    0.0032 |    20.002 | r=17.0 c=0.106 n=9     | tot=1 NUOVI=0 | TRACK accr=2456 coppie=885 nuova=86
   1770 |    0.0026 |    20.001 | r=11.5 c=0.217 n=139   | tot=1 NUOVI=0 | TRACK accr=2476 coppie=896 nuova=86
   1780 |    0.0030 |    20.001 | r=11.5 c=0.220 n=157   | tot=1 NUOVI=0 | TRACK accr=2498 coppie=903 nuova=86
   1790 |    0.0029 |    20.001 | r=11.5 c=0.257 n=162   | tot=1 NUOVI=1 | TRACK accr=2522 coppie=915 nuova=86
   1800 |    0.0023 |    20.000 | r=11.4 c=0.223 n=174   | tot=1 NUOVI=1 | TRACK accr=2542 coppie=923 nuova=86
   1810 |    0.0028 |    19.999 | r=11.9 c=0.255 n=112   | tot=1 NUOVI=0 | TRACK accr=2559 coppie=932 nuova=86
   1820 |    0.0036 |    19.999 | r=16.9 c=0.213 n=23    | tot=1 NUOVI=0 | TRACK accr=2569 coppie=942 nuova=86
   1830 |    0.0041 |    19.999 | r=15.9 c=0.210 n=17    | tot=1 NUOVI=0 | TRACK accr=2574 coppie=946 nuova=86
   1840 |    0.0026 |    19.998 | r=13.4 c=0.317 n=81    | tot=1 NUOVI=1 | TRACK accr=2588 coppie=957 nuova=86
   1850 |    0.0028 |    19.998 | r=16.4 c=0.225 n=25    | tot=1 NUOVI=1 | TRACK accr=2606 coppie=963 nuova=86
   1860 |    0.0031 |    19.998 | r=15.9 c=0.184 n=23    | tot=1 NUOVI=1 | TRACK accr=2612 coppie=968 nuova=86
   1870 |    0.0029 |    19.998 | r=13.4 c=0.302 n=86    | tot=1 NUOVI=1 | TRACK accr=2623 coppie=971 nuova=86
   1880 |    0.0021 |    19.998 | r=11.4 c=0.215 n=157   | tot=1 NUOVI=1 | TRACK accr=2638 coppie=978 nuova=86
   1890 |    0.0043 |    19.999 | r=15.4 c=0.362 n=41    | tot=1 NUOVI=1 | TRACK accr=2651 coppie=985 nuova=86
   1900 |    0.0033 |    19.999 | r=16.9 c=0.353 n=23    | tot=1 NUOVI=1 | TRACK accr=2662 coppie=990 nuova=86
   1910 |    0.0034 |    19.999 | r=11.4 c=0.242 n=157   | tot=1 NUOVI=1 | TRACK accr=2675 coppie=1002 nuova=86
   1920 |    0.0034 |    19.999 | r=13.4 c=0.357 n=68    | tot=1 NUOVI=0 | TRACK accr=2687 coppie=1011 nuova=86
   1930 |    0.0026 |    19.999 | r=16.4 c=0.265 n=27    | tot=1 NUOVI=0 | TRACK accr=2701 coppie=1022 nuova=86
   1940 |    0.0020 |    19.999 | r=19.9 c=0.273 n=11    | tot=1 NUOVI=0 | TRACK accr=2719 coppie=1032 nuova=86
   1950 |    0.0035 |    19.999 | r=18.4 c=0.301 n=18    | tot=1 NUOVI=0 | TRACK accr=2739 coppie=1042 nuova=86
   1960 |    0.0029 |    19.999 | r=16.9 c=0.333 n=27    | tot=1 NUOVI=0 | TRACK accr=2752 coppie=1048 nuova=86
   1970 |    0.0065 |    19.999 | r=16.9 c=0.457 n=34    | tot=1 NUOVI=1 | TRACK accr=2778 coppie=1064 nuova=86
   1980 |    0.0071 |    19.999 | r=15.9 c=0.292 n=38    | tot=1 NUOVI=1 | TRACK accr=2799 coppie=1074 nuova=86
   1990 |    0.0029 |    20.000 | r=16.4 c=0.450 n=28    | tot=1 NUOVI=1 | TRACK accr=2811 coppie=1083 nuova=86
   2000 |    0.0058 |    20.000 | r=21.0 c=0.198 n=8     | tot=1 NUOVI=1 | TRACK accr=2828 coppie=1091 nuova=86
[batch] log diagnostico completo salvato in out_spinore\m2_on_s1.csv

[batch] completato in 3311.3s, 2000 passi. CSV salvato in out_spinore\cond_m2_on_s1.csv
[batch] LETTURA condensazione: se dens_centrale e n_centrali CRESCONO e frac_nati resta
        ALTA mentre dist_masse NON crolla -> NUOVA massa dal vuoto (non accrescimento).
[batch] LETTURA picchi_nuovi: se picchi_nuovi passa da 0 a >=1 a un certo passo, quello e'
        il momento in cui una MASSA NUOVA si stacca dal vuoto (materia isolata che si crea).
[batch] LETTURA antiguscio: se compare un anello a coerenza_min BASSA (antifase) e raggio
        stabile oltre le masse, con nodi presenti -> GUSCIO DI ANTIFASE che avvolge i nuclei
        = massa di scala superiore (il guscio del sistema e antifase, non materia).
