[tau] tau_p locale usa d0 (distanza di riposo) invece di d reale: forma piu' stabile
[calore] calcio termico VETTORIALE+chirale attivo: omega_s 3D eccitato, phivel firmato da perc_chi
[verlet] integratore metrico Velocity-Verlet (2 ordine) attivo
[olon-part] la partizione tangenziale usa curl + twist coerente (verso -> conversione)
[polo-maturo] al twist partecipa la chiralita del polo che matura (twn maggiore)
[ls-azim] L.S vettoriale: verso tangenziale da (radiale x spinore), azimutale stabile
[verso-chi] FRAME_DRAG pilotato dal verso CHIRALE stabile (non dal tw oscillante)
[sync] aggiornamento sincrono attivo: dph legge la fase dallo snapshot t-1 (Jacobi)
[pav-com] pavimento comovente attivo: d0 >= median(d0)-MAD(d0) invece di 0.05 assoluto
[zeta-vir] freno anisotropo attivo: beta *= cos2 della viriale (dissipa radiale, libera tangenziale)
[chi-basc] basculamento chirale attivo: perc_chi vira secondo la torsione locale vs PHI_CRIT (2pi)
[chi-core] frame-dragging guidato dalla chiralità emergente del core locale
[cs-dinamico] velocità metrica locale cs_eff(rho) con profilo tanh e CFL dinamico
[batch] condensazione: seed=3 passi=2000 ogni=10 sep=8.0 nmasse=2
[batch] leggi attive: GRAV_BIFASE=True SPIN_ORBITA(via SPINORE)=True COPPIA_MIT=1.0 lambda=0.800

passo | dens_centr | dist_masse | ANTIGUSCIO(r,c,n) | PICCHI(tot,NUOVI)
[batch] LOG DIAGNOSTICO COMPLETO  -> out_spincore\diag_s3.csv
      0 |    0.0000 |    16.004 | r=8.8 c=0.199 n=7      | tot=3 NUOVI=3 | TRACK accr=744 coppie=0 nuova=80
     10 |    0.0000 |    16.004 | r=7.2 c=0.309 n=5      | tot=2 NUOVI=0 | TRACK accr=744 coppie=0 nuova=80
     20 |    0.0000 |    16.004 | r=8.2 c=0.317 n=7      | tot=2 NUOVI=0 | TRACK accr=746 coppie=0 nuova=80
     30 |    0.0000 |    16.004 | r=8.8 c=0.335 n=7      | tot=2 NUOVI=0 | TRACK accr=746 coppie=0 nuova=80
     40 |    0.0000 |    16.004 | r=8.8 c=0.486 n=8      | tot=2 NUOVI=0 | TRACK accr=748 coppie=2 nuova=80
     50 |    0.0000 |    16.004 | r=8.8 c=0.212 n=7      | tot=2 NUOVI=0 | TRACK accr=748 coppie=2 nuova=80
     60 |    0.0000 |    16.004 | r=8.8 c=0.369 n=7      | tot=2 NUOVI=0 | TRACK accr=749 coppie=2 nuova=80
     70 |    0.0000 |    16.004 | r=8.8 c=0.257 n=6      | tot=2 NUOVI=0 | TRACK accr=749 coppie=2 nuova=80
     80 |    0.0000 |    16.004 | r=8.8 c=0.195 n=5      | tot=2 NUOVI=0 | TRACK accr=749 coppie=2 nuova=80
     90 |    0.0000 |    16.004 | r=15.2 c=0.781 n=64    | tot=2 NUOVI=0 | TRACK accr=749 coppie=2 nuova=80
    100 |    0.0000 |    16.004 | r=15.2 c=0.778 n=67    | tot=2 NUOVI=0 | TRACK accr=749 coppie=2 nuova=80
    110 |    0.0000 |    16.004 | r=15.2 c=0.776 n=70    | tot=2 NUOVI=0 | TRACK accr=750 coppie=2 nuova=80
    120 |    0.0000 |    16.004 | r=9.2 c=0.116 n=5      | tot=2 NUOVI=0 | TRACK accr=750 coppie=2 nuova=81
    130 |    0.0000 |    16.004 | r=9.8 c=0.510 n=10     | tot=2 NUOVI=0 | TRACK accr=750 coppie=2 nuova=81
    140 |    0.0000 |    16.004 | r=6.2 c=0.132 n=4      | tot=2 NUOVI=0 | TRACK accr=751 coppie=2 nuova=81
    150 |    0.0000 |    16.004 | r=7.8 c=0.460 n=13     | tot=2 NUOVI=0 | TRACK accr=751 coppie=2 nuova=82
    160 |    0.0000 |    16.004 | r=1.8 c=0.604 n=5      | tot=2 NUOVI=0 | TRACK accr=751 coppie=2 nuova=82
    170 |    0.0000 |    16.004 | r=8.2 c=0.310 n=8      | tot=2 NUOVI=0 | TRACK accr=752 coppie=3 nuova=82
    180 |    0.0000 |    16.004 | r=7.8 c=0.383 n=9      | tot=2 NUOVI=0 | TRACK accr=752 coppie=3 nuova=82
    190 |    0.0000 |    16.004 | r=6.8 c=0.403 n=7      | tot=2 NUOVI=0 | TRACK accr=752 coppie=3 nuova=82
    200 |    0.0000 |    16.004 | r=8.8 c=0.209 n=5      | tot=2 NUOVI=0 | TRACK accr=752 coppie=3 nuova=82
    210 |    0.0000 |    16.004 | r=6.8 c=0.171 n=7      | tot=2 NUOVI=0 | TRACK accr=752 coppie=3 nuova=83
    220 |    0.0000 |    16.004 | r=8.8 c=0.265 n=8      | tot=2 NUOVI=0 | TRACK accr=752 coppie=3 nuova=83
    230 |    0.0000 |    16.004 | r=8.2 c=0.126 n=8      | tot=2 NUOVI=0 | TRACK accr=754 coppie=4 nuova=83
    240 |    0.0000 |    16.004 | r=7.8 c=0.124 n=12     | tot=2 NUOVI=0 | TRACK accr=755 coppie=4 nuova=83
    250 |    0.0000 |    16.004 | r=8.2 c=0.184 n=9      | tot=2 NUOVI=0 | TRACK accr=755 coppie=4 nuova=83
    260 |    0.0000 |    16.004 | r=9.8 c=0.207 n=7      | tot=2 NUOVI=0 | TRACK accr=755 coppie=4 nuova=83
    270 |    0.0000 |    16.004 | r=8.2 c=0.302 n=9      | tot=2 NUOVI=0 | TRACK accr=756 coppie=4 nuova=83
    280 |    0.0000 |    16.004 | r=7.2 c=0.302 n=6      | tot=1 NUOVI=0 | TRACK accr=757 coppie=4 nuova=83
    290 |    0.0000 |    16.004 | r=7.2 c=0.219 n=6      | tot=1 NUOVI=0 | TRACK accr=758 coppie=4 nuova=83
    300 |    0.0000 |    16.004 | r=9.8 c=0.238 n=5      | tot=1 NUOVI=0 | TRACK accr=763 coppie=6 nuova=83
    310 |    0.0000 |    16.004 | r=9.8 c=0.032 n=4      | tot=1 NUOVI=0 | TRACK accr=765 coppie=7 nuova=83
    320 |    0.0000 |    16.004 | r=9.8 c=0.314 n=5      | tot=1 NUOVI=0 | TRACK accr=771 coppie=11 nuova=83
    330 |    0.0000 |    16.004 | r=9.2 c=0.090 n=7      | tot=1 NUOVI=0 | TRACK accr=777 coppie=13 nuova=83
    340 |    0.0000 |    16.004 | r=8.2 c=0.328 n=12     | tot=2 NUOVI=0 | TRACK accr=779 coppie=14 nuova=83
    350 |    0.0000 |    16.004 | r=9.8 c=0.282 n=5      | tot=1 NUOVI=0 | TRACK accr=785 coppie=16 nuova=84
    360 |    0.0000 |    16.004 | r=6.2 c=0.283 n=5      | tot=2 NUOVI=0 | TRACK accr=800 coppie=22 nuova=84
    370 |    0.0000 |    16.004 | r=5.2 c=0.383 n=4      | tot=2 NUOVI=0 | TRACK accr=809 coppie=24 nuova=85
    380 |    0.0000 |    16.004 | r=8.2 c=0.111 n=12     | tot=2 NUOVI=0 | TRACK accr=814 coppie=29 nuova=85
    390 |    0.0000 |    16.004 | r=8.8 c=0.305 n=11     | tot=2 NUOVI=0 | TRACK accr=829 coppie=39 nuova=85
    400 |    0.0000 |    16.004 | r=8.8 c=0.047 n=4      | tot=2 NUOVI=0 | TRACK accr=843 coppie=49 nuova=85
    410 |    0.0000 |    16.004 | r=9.2 c=0.273 n=10     | tot=2 NUOVI=0 | TRACK accr=854 coppie=54 nuova=85
    420 |    0.0000 |    16.004 | r=9.8 c=0.188 n=7      | tot=2 NUOVI=0 | TRACK accr=876 coppie=62 nuova=85
    430 |    0.0000 |    16.004 | r=9.8 c=0.296 n=7      | tot=2 NUOVI=0 | TRACK accr=892 coppie=67 nuova=85
    440 |    0.0000 |    16.004 | r=9.2 c=0.297 n=5      | tot=2 NUOVI=0 | TRACK accr=907 coppie=76 nuova=85
    450 |    0.0000 |    16.004 | r=6.2 c=0.164 n=7      | tot=2 NUOVI=0 | TRACK accr=924 coppie=83 nuova=85
