[tau] tau_p locale usa d0 (distanza di riposo) invece di d reale: forma piu' stabile
[calore] calcio termico VETTORIALE+chirale attivo: omega_s 3D eccitato, phivel firmato da perc_chi
[verlet] integratore metrico Velocity-Verlet (2 ordine) attivo
[olon-part] la partizione tangenziale usa curl + twist coerente (verso -> conversione)
[polo-maturo] al twist partecipa la chiralita del polo che matura (twn maggiore)
[ls-azim] L.S vettoriale: verso tangenziale da (radiale x spinore), azimutale stabile
[verso-chi] FRAME_DRAG pilotato dal verso CHIRALE stabile (non dal tw oscillante)
[sync] aggiornamento sincrono attivo: dph legge la fase dallo snapshot t-1 (Jacobi)
[pav-com] pavimento comovente attivo: d0 >= median(d0)-MAD(d0) invece di 0.05 assoluto
[zeta-vir] freno anisotropo attivo: beta *= cos2 della viriale (dissipa radiale, libera tangenziale)
[chi-basc] basculamento chirale attivo: perc_chi vira secondo la torsione locale vs PHI_CRIT (2pi)
[chi-core] frame-dragging guidato dalla chiralità emergente del core locale
[cs-dinamico] velocità metrica locale cs_eff(rho) con profilo tanh e CFL dinamico
[batch] condensazione: seed=2 passi=2000 ogni=10 sep=8.0 nmasse=2
[batch] leggi attive: GRAV_BIFASE=True SPIN_ORBITA(via SPINORE)=True COPPIA_MIT=1.0 lambda=0.800

passo | dens_centr | dist_masse | ANTIGUSCIO(r,c,n) | PICCHI(tot,NUOVI)
[batch] LOG DIAGNOSTICO COMPLETO  -> out_spincore\diag_s2.csv
      0 |    0.0000 |    16.006 | r=6.2 c=0.307 n=7      | tot=2 NUOVI=2 | TRACK accr=744 coppie=0 nuova=80
     10 |    0.0000 |    16.006 | r=10.2 c=0.220 n=10    | tot=1 NUOVI=0 | TRACK accr=744 coppie=0 nuova=80
     20 |    0.0000 |    16.006 | r=7.8 c=0.244 n=7      | tot=2 NUOVI=0 | TRACK accr=744 coppie=0 nuova=80
     30 |    0.0000 |    16.006 | r=7.8 c=0.018 n=7      | tot=2 NUOVI=0 | TRACK accr=745 coppie=0 nuova=80
     40 |    0.0000 |    16.006 | r=6.2 c=0.138 n=7      | tot=2 NUOVI=0 | TRACK accr=745 coppie=0 nuova=80
     50 |    0.0000 |    16.006 | r=10.2 c=0.128 n=7     | tot=2 NUOVI=0 | TRACK accr=745 coppie=0 nuova=80
     60 |    0.0000 |    16.006 | r=9.8 c=0.359 n=9      | tot=2 NUOVI=0 | TRACK accr=746 coppie=0 nuova=80
     70 |    0.0000 |    16.006 | r=10.2 c=0.200 n=7     | tot=2 NUOVI=0 | TRACK accr=748 coppie=1 nuova=80
     80 |    0.0000 |    16.006 | r=9.8 c=0.340 n=9      | tot=2 NUOVI=0 | TRACK accr=748 coppie=1 nuova=80
     90 |    0.0000 |    16.006 | r=8.8 c=0.379 n=11     | tot=2 NUOVI=0 | TRACK accr=748 coppie=1 nuova=80
    100 |    0.0000 |    16.006 | r=8.8 c=0.292 n=10     | tot=2 NUOVI=0 | TRACK accr=748 coppie=1 nuova=80
    110 |    0.0000 |    16.006 | r=8.8 c=0.492 n=9      | tot=2 NUOVI=0 | TRACK accr=748 coppie=1 nuova=80
    120 |    0.0000 |    16.006 | r=7.8 c=0.570 n=8      | tot=2 NUOVI=0 | TRACK accr=749 coppie=1 nuova=80
    130 |    0.0000 |    16.006 | r=9.2 c=0.150 n=11     | tot=2 NUOVI=0 | TRACK accr=750 coppie=2 nuova=80
    140 |    0.0000 |    16.006 | r=8.2 c=0.559 n=5      | tot=2 NUOVI=0 | TRACK accr=750 coppie=2 nuova=80
    150 |    0.0000 |    16.006 | r=8.8 c=0.159 n=5      | tot=2 NUOVI=0 | TRACK accr=750 coppie=2 nuova=80
    160 |    0.0000 |    16.006 | r=8.8 c=0.449 n=8      | tot=2 NUOVI=0 | TRACK accr=751 coppie=2 nuova=80
    170 |    0.0000 |    16.006 | r=9.2 c=0.258 n=15     | tot=2 NUOVI=0 | TRACK accr=752 coppie=3 nuova=80
    180 |    0.0000 |    16.006 | r=9.8 c=0.409 n=8      | tot=2 NUOVI=0 | TRACK accr=752 coppie=3 nuova=80
    190 |    0.0000 |    16.006 | r=10.2 c=0.134 n=6     | tot=2 NUOVI=0 | TRACK accr=752 coppie=3 nuova=80
    200 |    0.0000 |    16.006 | r=10.2 c=0.203 n=6     | tot=2 NUOVI=0 | TRACK accr=752 coppie=3 nuova=80
    210 |    0.0000 |    16.006 | r=10.2 c=0.132 n=7     | tot=2 NUOVI=0 | TRACK accr=752 coppie=3 nuova=80
    220 |    0.0000 |    16.006 | r=9.2 c=0.230 n=6      | tot=2 NUOVI=0 | TRACK accr=752 coppie=3 nuova=80
    230 |    0.0000 |    16.006 | r=8.2 c=0.261 n=5      | tot=2 NUOVI=0 | TRACK accr=752 coppie=3 nuova=80
    240 |    0.0000 |    16.006 | r=6.2 c=0.086 n=5      | tot=2 NUOVI=0 | TRACK accr=752 coppie=3 nuova=80
    250 |    0.0000 |    16.006 | r=7.2 c=0.366 n=5      | tot=2 NUOVI=0 | TRACK accr=752 coppie=3 nuova=80
    260 |    0.0000 |    16.006 | r=7.2 c=0.252 n=10     | tot=2 NUOVI=0 | TRACK accr=753 coppie=4 nuova=82
    270 |    0.0000 |    16.006 | r=6.2 c=0.384 n=4      | tot=2 NUOVI=0 | TRACK accr=757 coppie=4 nuova=82
    280 |    0.0000 |    16.006 | r=8.8 c=0.281 n=9      | tot=2 NUOVI=0 | TRACK accr=757 coppie=4 nuova=82
    290 |    0.0000 |    16.006 | r=10.2 c=0.205 n=5     | tot=2 NUOVI=0 | TRACK accr=758 coppie=4 nuova=82
    300 |    0.0000 |    16.006 | r=8.8 c=0.233 n=6      | tot=2 NUOVI=0 | TRACK accr=760 coppie=5 nuova=82
    310 |    0.0000 |    16.006 | r=8.8 c=0.333 n=7      | tot=2 NUOVI=0 | TRACK accr=760 coppie=5 nuova=82
    320 |    0.0000 |    16.006 | r=9.8 c=0.315 n=7      | tot=2 NUOVI=0 | TRACK accr=760 coppie=5 nuova=82
    330 |    0.0000 |    16.006 | r=14.8 c=0.339 n=21    | tot=1 NUOVI=0 | TRACK accr=762 coppie=5 nuova=82
    340 |    0.0000 |    16.006 | r=9.2 c=0.117 n=5      | tot=2 NUOVI=0 | TRACK accr=769 coppie=5 nuova=82
    350 |    0.0000 |    16.006 | r=9.8 c=0.256 n=8      | tot=1 NUOVI=0 | TRACK accr=776 coppie=9 nuova=82
    360 |    0.0000 |    16.006 | r=9.2 c=0.042 n=10     | tot=2 NUOVI=0 | TRACK accr=779 coppie=9 nuova=82
    370 |    0.0000 |    16.006 | r=9.2 c=0.311 n=11     | tot=2 NUOVI=0 | TRACK accr=780 coppie=9 nuova=82
    380 |    0.0000 |    16.006 | r=8.8 c=0.406 n=8      | tot=2 NUOVI=0 | TRACK accr=780 coppie=11 nuova=82
    390 |    0.0000 |    16.006 | r=10.2 c=0.262 n=9     | tot=2 NUOVI=0 | TRACK accr=782 coppie=12 nuova=82
    400 |    0.0000 |    16.006 | r=8.2 c=0.203 n=11     | tot=2 NUOVI=0 | TRACK accr=785 coppie=12 nuova=82
    410 |    0.0000 |    16.006 | r=14.8 c=0.484 n=24    | tot=2 NUOVI=0 | TRACK accr=795 coppie=20 nuova=82
    420 |    0.0000 |    16.006 | r=9.2 c=0.347 n=7      | tot=1 NUOVI=0 | TRACK accr=807 coppie=26 nuova=82
    430 |    0.0000 |    16.006 | r=9.2 c=0.180 n=7      | tot=1 NUOVI=0 | TRACK accr=826 coppie=34 nuova=82
    440 |    0.0000 |    16.006 | r=10.2 c=0.362 n=10    | tot=1 NUOVI=0 | TRACK accr=842 coppie=43 nuova=82
    450 |    0.0000 |    16.006 | r=7.2 c=0.158 n=4      | tot=2 NUOVI=0 | TRACK accr=865 coppie=53 nuova=82
    460 |    0.0000 |    16.006 | r=5.8 c=0.258 n=7      | tot=2 NUOVI=0 | TRACK accr=884 coppie=62 nuova=82
    470 |    0.0000 |    16.006 | r=8.8 c=0.226 n=6      | tot=2 NUOVI=0 | TRACK accr=896 coppie=71 nuova=82
    480 |    0.0000 |    16.006 | r=10.8 c=0.284 n=11    | tot=2 NUOVI=0 | TRACK accr=912 coppie=78 nuova=82
    490 |    0.0000 |    16.006 | r=9.2 c=0.347 n=11     | tot=2 NUOVI=0 | TRACK accr=939 coppie=93 nuova=83
    500 |    0.0000 |    16.006 | r=15.2 c=0.330 n=100   | tot=2 NUOVI=0 | TRACK accr=957 coppie=99 nuova=83
    510 |    0.0000 |    16.006 | r=14.8 c=0.275 n=22    | tot=2 NUOVI=1 | TRACK accr=979 coppie=111 nuova=83
    520 |    0.0000 |    16.006 | r=6.2 c=0.330 n=6      | tot=2 NUOVI=2 | TRACK accr=1005 coppie=122 nuova=83
    530 |    0.0000 |    16.006 | r=0.8 c=0.322 n=148    | tot=2 NUOVI=0 | TRACK accr=1034 coppie=134 nuova=83
    540 |    0.0000 |    16.006 | r=9.8 c=0.106 n=6      | tot=2 NUOVI=0 | TRACK accr=1060 coppie=146 nuova=83
    550 |    0.0000 |    16.006 | r=8.2 c=0.214 n=6      | tot=2 NUOVI=0 | TRACK accr=1083 coppie=157 nuova=83
    560 |    0.0000 |    16.006 | r=15.8 c=0.303 n=177   | tot=2 NUOVI=1 | TRACK accr=1112 coppie=170 nuova=83
    570 |    0.0000 |    16.006 | r=0.8 c=0.250 n=156    | tot=2 NUOVI=0 | TRACK accr=1142 coppie=179 nuova=83
    580 |    0.0000 |    16.006 | r=7.2 c=0.159 n=5      | tot=2 NUOVI=0 | TRACK accr=1176 coppie=188 nuova=83
    590 |    0.0000 |    16.006 | r=7.2 c=0.169 n=4      | tot=2 NUOVI=0 | TRACK accr=1214 coppie=207 nuova=83
    600 |    0.0000 |    16.006 | r=9.2 c=0.174 n=5      | tot=2 NUOVI=1 | TRACK accr=1250 coppie=220 nuova=83
    610 |    0.0000 |    16.006 | r=0.8 c=0.230 n=200    | tot=2 NUOVI=0 | TRACK accr=1293 coppie=232 nuova=83
    620 |    0.0000 |    16.006 | r=0.8 c=0.224 n=211    | tot=2 NUOVI=0 | TRACK accr=1323 coppie=246 nuova=83
    630 |    0.0000 |    16.006 | r=0.8 c=0.256 n=224    | tot=2 NUOVI=0 | TRACK accr=1358 coppie=263 nuova=84
    640 |    0.0000 |    16.006 | r=8.8 c=0.246 n=11     | tot=2 NUOVI=0 | TRACK accr=1390 coppie=283 nuova=84
    650 |    0.0000 |    16.006 | r=0.8 c=0.232 n=232    | tot=2 NUOVI=0 | TRACK accr=1431 coppie=301 nuova=84
    660 |    0.0000 |    16.006 | r=8.8 c=0.114 n=6      | tot=2 NUOVI=1 | TRACK accr=1470 coppie=318 nuova=84
    670 |    0.0000 |    16.006 | r=13.8 c=0.173 n=8     | tot=2 NUOVI=0 | TRACK accr=1506 coppie=335 nuova=84
    680 |    0.0000 |    16.006 | r=13.8 c=0.140 n=9     | tot=2 NUOVI=0 | TRACK accr=1545 coppie=356 nuova=84
    690 |    0.0000 |    16.006 | r=13.8 c=0.192 n=4     | tot=2 NUOVI=0 | TRACK accr=1585 coppie=374 nuova=84
    700 |    0.0000 |    16.006 | r=10.5 c=0.220 n=7     | tot=2 NUOVI=0 | TRACK accr=1633 coppie=406 nuova=84
    710 |    0.0000 |    16.006 | r=9.5 c=0.283 n=82     | tot=2 NUOVI=0 | TRACK accr=1694 coppie=432 nuova=84
    720 |    0.0000 |    16.006 | r=10.0 c=0.248 n=34    | tot=2 NUOVI=0 | TRACK accr=1753 coppie=453 nuova=86
    730 |    0.0000 |    16.006 | r=9.5 c=0.276 n=90     | tot=2 NUOVI=0 | TRACK accr=1796 coppie=474 nuova=88
    740 |    0.0000 |    16.006 | r=9.5 c=0.230 n=97     | tot=2 NUOVI=0 | TRACK accr=1861 coppie=508 nuova=88
    750 |    0.0000 |    16.006 | r=9.5 c=0.293 n=114    | tot=2 NUOVI=0 | TRACK accr=1916 coppie=528 nuova=90
    760 |    0.0000 |    16.006 | r=10.0 c=0.309 n=49    | tot=2 NUOVI=0 | TRACK accr=1968 coppie=552 nuova=90
    770 |    0.0000 |    16.006 | r=9.5 c=0.226 n=122    | tot=1 NUOVI=0 | TRACK accr=2029 coppie=589 nuova=91
    780 |    0.0000 |    16.006 | r=9.5 c=0.233 n=124    | tot=1 NUOVI=0 | TRACK accr=2090 coppie=615 nuova=91
    790 |    0.0000 |    16.006 | r=9.5 c=0.240 n=133    | tot=1 NUOVI=0 | TRACK accr=2138 coppie=642 nuova=92
    800 |    0.0001 |    16.006 | r=9.5 c=0.234 n=143    | tot=1 NUOVI=0 | TRACK accr=2204 coppie=668 nuova=92
    810 |    0.0000 |    16.006 | r=10.0 c=0.210 n=59    | tot=1 NUOVI=0 | TRACK accr=2265 coppie=692 nuova=92
    820 |    0.0001 |    16.007 | r=9.5 c=0.227 n=165    | tot=1 NUOVI=0 | TRACK accr=2343 coppie=726 nuova=93
    830 |    0.0001 |    16.007 | r=11.0 c=0.214 n=6     | tot=1 NUOVI=0 | TRACK accr=2411 coppie=760 nuova=93
    840 |    0.0001 |    16.007 | r=9.5 c=0.203 n=169    | tot=1 NUOVI=0 | TRACK accr=2465 coppie=785 nuova=93
    850 |    0.0001 |    16.007 | r=10.0 c=0.205 n=79    | tot=1 NUOVI=0 | TRACK accr=2523 coppie=818 nuova=93
    860 |    0.0001 |    16.007 | r=10.5 c=0.220 n=27    | tot=1 NUOVI=0 | TRACK accr=2588 coppie=847 nuova=93
    870 |    0.0001 |    16.006 | r=10.5 c=0.222 n=29    | tot=1 NUOVI=0 | TRACK accr=2663 coppie=874 nuova=93
    880 |    0.0002 |    16.006 | r=10.0 c=0.193 n=89    | tot=1 NUOVI=0 | TRACK accr=2724 coppie=908 nuova=95
    890 |    0.0001 |    16.006 | r=9.5 c=0.197 n=216    | tot=1 NUOVI=0 | TRACK accr=2791 coppie=938 nuova=99
    900 |    0.0002 |    16.006 | r=9.5 c=0.189 n=225    | tot=1 NUOVI=0 | TRACK accr=2850 coppie=968 nuova=100
    910 |    0.0002 |    16.006 | r=9.5 c=0.189 n=235    | tot=1 NUOVI=0 | TRACK accr=2923 coppie=1000 nuova=100
    920 |    0.0001 |    16.006 | r=10.0 c=0.195 n=106   | tot=1 NUOVI=0 | TRACK accr=2977 coppie=1036 nuova=100
    930 |    0.0002 |    16.006 | r=10.0 c=0.156 n=113   | tot=1 NUOVI=0 | TRACK accr=3037 coppie=1068 nuova=100
    940 |    0.0002 |    16.005 | r=10.0 c=0.196 n=123   | tot=1 NUOVI=0 | TRACK accr=3108 coppie=1099 nuova=100
    950 |    0.0003 |    16.005 | r=9.5 c=0.179 n=315    | tot=1 NUOVI=0 | TRACK accr=3181 coppie=1133 nuova=100
    960 |    0.0001 |    16.005 | r=9.5 c=0.167 n=322    | tot=1 NUOVI=0 | TRACK accr=3247 coppie=1164 nuova=103
    970 |    0.0001 |    16.004 | r=10.5 c=0.162 n=57    | tot=1 NUOVI=0 | TRACK accr=3304 coppie=1192 nuova=103
    980 |    0.0001 |    16.004 | r=9.5 c=0.161 n=356    | tot=1 NUOVI=1 | TRACK accr=3370 coppie=1219 nuova=105
    990 |    0.0001 |    16.004 | r=9.5 c=0.148 n=371    | tot=1 NUOVI=1 | TRACK accr=3442 coppie=1250 nuova=106
   1000 |    0.0001 |    16.003 | r=10.0 c=0.157 n=175   | tot=1 NUOVI=1 | TRACK accr=3516 coppie=1290 nuova=108
   1010 |    0.0000 |    16.003 | r=9.5 c=0.154 n=456    | tot=1 NUOVI=1 | TRACK accr=3582 coppie=1323 nuova=109
   1020 |    0.0000 |    16.002 | r=9.5 c=0.154 n=477    | tot=1 NUOVI=1 | TRACK accr=3643 coppie=1352 nuova=109
   1030 |    0.0000 |    16.002 | r=9.5 c=0.151 n=494    | tot=1 NUOVI=1 | TRACK accr=3714 coppie=1380 nuova=109
   1040 |    0.0000 |    16.001 | r=10.0 c=0.157 n=237   | tot=1 NUOVI=1 | TRACK accr=3790 coppie=1422 nuova=111
   1050 |    0.0000 |    16.001 | r=10.0 c=0.145 n=277   | tot=1 NUOVI=1 | TRACK accr=3856 coppie=1461 nuova=111
   1060 |    0.0000 |    16.000 | r=9.4 c=0.163 n=526    | tot=1 NUOVI=1 | TRACK accr=3930 coppie=1505 nuova=112
   1070 |    0.0000 |    15.999 | r=9.4 c=0.158 n=522    | tot=1 NUOVI=1 | TRACK accr=4000 coppie=1535 nuova=112
   1080 |    0.0000 |    15.998 | r=9.4 c=0.159 n=548    | tot=1 NUOVI=1 | TRACK accr=4059 coppie=1564 nuova=113
   1090 |    0.0000 |    15.997 | r=9.4 c=0.121 n=570    | tot=1 NUOVI=1 | TRACK accr=4138 coppie=1602 nuova=113
   1100 |    0.0000 |    15.996 | r=9.4 c=0.116 n=570    | tot=1 NUOVI=1 | TRACK accr=4219 coppie=1636 nuova=116
   1110 |    0.0001 |    15.994 | r=9.4 c=0.112 n=568    | tot=1 NUOVI=1 | TRACK accr=4301 coppie=1678 nuova=116
   1120 |    0.0000 |    15.993 | r=9.4 c=0.110 n=580    | tot=1 NUOVI=1 | TRACK accr=4378 coppie=1716 nuova=116
   1130 |    0.0000 |    15.991 | r=9.4 c=0.121 n=579    | tot=1 NUOVI=1 | TRACK accr=4471 coppie=1753 nuova=116
   1140 |    0.0000 |    15.990 | r=9.4 c=0.118 n=568    | tot=1 NUOVI=0 | TRACK accr=4547 coppie=1787 nuova=118
   1150 |    0.0001 |    15.988 | r=9.9 c=0.129 n=415    | tot=1 NUOVI=1 | TRACK accr=4629 coppie=1825 nuova=122
   1160 |    0.0001 |    15.987 | r=9.4 c=0.130 n=537    | tot=1 NUOVI=1 | TRACK accr=4710 coppie=1864 nuova=124
   1170 |    0.0001 |    15.985 | r=9.4 c=0.109 n=561    | tot=1 NUOVI=1 | TRACK accr=4799 coppie=1905 nuova=124
   1180 |    0.0001 |    15.984 | r=9.4 c=0.107 n=570    | tot=1 NUOVI=1 | TRACK accr=4875 coppie=1934 nuova=126
   1190 |    0.0002 |    15.983 | r=9.4 c=0.098 n=576    | tot=1 NUOVI=1 | TRACK accr=4961 coppie=1975 nuova=129
   1200 |    0.0006 |    15.982 | r=9.4 c=0.105 n=566    | tot=1 NUOVI=0 | TRACK accr=5043 coppie=2014 nuova=132
   1210 |    0.0010 |    15.981 | r=9.4 c=0.126 n=580    | tot=1 NUOVI=0 | TRACK accr=5128 coppie=2050 nuova=134
   1220 |    0.0015 |    15.981 | r=9.4 c=0.105 n=624    | tot=1 NUOVI=1 | TRACK accr=5237 coppie=2104 nuova=136
   1230 |    0.0017 |    15.980 | r=9.4 c=0.119 n=641    | tot=1 NUOVI=1 | TRACK accr=5321 coppie=2143 nuova=136
   1240 |    0.0009 |    15.980 | r=9.4 c=0.108 n=627    | tot=1 NUOVI=1 | TRACK accr=5397 coppie=2182 nuova=136
   1250 |    0.0009 |    15.979 | r=9.4 c=0.127 n=654    | tot=1 NUOVI=1 | TRACK accr=5478 coppie=2217 nuova=136
   1260 |    0.0010 |    15.979 | r=9.4 c=0.124 n=660    | tot=1 NUOVI=1 | TRACK accr=5547 coppie=2253 nuova=137
   1270 |    0.0018 |    15.979 | r=9.4 c=0.123 n=689    | tot=1 NUOVI=1 | TRACK accr=5640 coppie=2296 nuova=137
   1280 |    0.0014 |    15.979 | r=9.4 c=0.109 n=710    | tot=1 NUOVI=1 | TRACK accr=5723 coppie=2334 nuova=138
   1290 |    0.0008 |    15.980 | r=9.4 c=0.100 n=720    | tot=1 NUOVI=1 | TRACK accr=5809 coppie=2363 nuova=140
   1300 |    0.0007 |    15.980 | r=9.4 c=0.134 n=731    | tot=1 NUOVI=1 | TRACK accr=5896 coppie=2411 nuova=140
   1310 |    0.0020 |    15.981 | r=9.4 c=0.127 n=713    | tot=1 NUOVI=1 | TRACK accr=5972 coppie=2446 nuova=141
   1320 |    0.0011 |    15.981 | r=11.9 c=0.215 n=131   | tot=1 NUOVI=1 | TRACK accr=6076 coppie=2501 nuova=141
   1330 |    0.0009 |    15.981 | r=9.4 c=0.113 n=734    | tot=1 NUOVI=1 | TRACK accr=6160 coppie=2541 nuova=142
   1340 |    0.0003 |    15.981 | r=11.4 c=0.211 n=207   | tot=1 NUOVI=1 | TRACK accr=6245 coppie=2586 nuova=142
   1350 |    0.0028 |    15.981 | r=9.4 c=0.113 n=781    | tot=1 NUOVI=1 | TRACK accr=6329 coppie=2633 nuova=143
   1360 |    0.0017 |    15.981 | r=9.9 c=0.130 n=578    | tot=1 NUOVI=1 | TRACK accr=6408 coppie=2681 nuova=143
   1370 |    0.0053 |    15.980 | r=9.9 c=0.125 n=614    | tot=1 NUOVI=1 | TRACK accr=6491 coppie=2720 nuova=144
   1380 |    0.0002 |    15.980 | r=9.9 c=0.122 n=605    | tot=1 NUOVI=1 | TRACK accr=6595 coppie=2768 nuova=144
   1390 |    0.0003 |    15.979 | r=11.9 c=0.183 n=138   | tot=2 NUOVI=2 | TRACK accr=6692 coppie=2817 nuova=145
   1400 |    0.0002 |    15.979 | r=9.4 c=0.111 n=858    | tot=2 NUOVI=1 | TRACK accr=6771 coppie=2855 nuova=145
   1410 |    0.0002 |    15.978 | r=10.9 c=0.159 n=295   | tot=2 NUOVI=2 | TRACK accr=6867 coppie=2902 nuova=145
   1420 |    0.0001 |    15.978 | r=14.9 c=0.129 n=12    | tot=1 NUOVI=1 | TRACK accr=6958 coppie=2964 nuova=145
   1430 |    0.0003 |    15.977 | r=9.4 c=0.120 n=869    | tot=1 NUOVI=1 | TRACK accr=7037 coppie=3000 nuova=145
   1440 |    0.0005 |    15.977 | r=16.9 c=0.169 n=6     | tot=1 NUOVI=0 | TRACK accr=7124 coppie=3042 nuova=147
   1450 |    0.0012 |    15.976 | r=10.9 c=0.134 n=422   | tot=1 NUOVI=1 | TRACK accr=7210 coppie=3088 nuova=149
   1460 |    0.0049 |    15.976 | r=9.4 c=0.098 n=828    | tot=2 NUOVI=2 | TRACK accr=7294 coppie=3127 nuova=150
   1470 |    0.0024 |    15.975 | r=15.4 c=0.136 n=13    | tot=2 NUOVI=2 | TRACK accr=7402 coppie=3178 nuova=150
   1480 |    0.0078 |    15.974 | r=15.9 c=0.142 n=11    | tot=2 NUOVI=2 | TRACK accr=7493 coppie=3229 nuova=150
   1490 |    0.0037 |    15.973 | r=9.4 c=0.123 n=870    | tot=1 NUOVI=1 | TRACK accr=7578 coppie=3276 nuova=152
   1500 |    0.0043 |    15.971 | r=10.4 c=0.162 n=677   | tot=1 NUOVI=1 | TRACK accr=7666 coppie=3316 nuova=152
   1510 |    0.0039 |    15.970 | r=10.4 c=0.145 n=688   | tot=1 NUOVI=1 | TRACK accr=7757 coppie=3373 nuova=152
   1520 |    0.0025 |    15.968 | r=9.4 c=0.134 n=915    | tot=1 NUOVI=1 | TRACK accr=7849 coppie=3416 nuova=152
   1530 |    0.0019 |    15.965 | r=9.4 c=0.122 n=897    | tot=2 NUOVI=2 | TRACK accr=7934 coppie=3460 nuova=152
   1540 |    0.0021 |    15.962 | r=11.4 c=0.191 n=459   | tot=2 NUOVI=2 | TRACK accr=8026 coppie=3514 nuova=152
   1550 |    0.0013 |    15.959 | r=10.4 c=0.137 n=769   | tot=2 NUOVI=2 | TRACK accr=8116 coppie=3554 nuova=154
   1560 |    0.0006 |    15.955 | r=10.4 c=0.146 n=754   | tot=1 NUOVI=1 | TRACK accr=8195 coppie=3600 nuova=154
   1570 |    0.0013 |    15.951 | r=11.4 c=0.191 n=481   | tot=1 NUOVI=1 | TRACK accr=8277 coppie=3650 nuova=155
   1580 |    0.0010 |    15.947 | r=11.9 c=0.228 n=392   | tot=1 NUOVI=1 | TRACK accr=8369 coppie=3699 nuova=155
   1590 |    0.0011 |    15.943 | r=9.4 c=0.137 n=938    | tot=2 NUOVI=1 | TRACK accr=8471 coppie=3741 nuova=156
   1600 |    0.0011 |    15.939 | r=9.4 c=0.137 n=902    | tot=2 NUOVI=1 | TRACK accr=8554 coppie=3782 nuova=156
   1610 |    0.0026 |    15.936 | r=10.9 c=0.172 n=662   | tot=2 NUOVI=2 | TRACK accr=8656 coppie=3828 nuova=157
   1620 |    0.0013 |    15.933 | r=18.4 c=0.253 n=32    | tot=1 NUOVI=1 | TRACK accr=8743 coppie=3862 nuova=157
   1630 |    0.0008 |    15.930 | r=18.4 c=0.266 n=34    | tot=1 NUOVI=1 | TRACK accr=8825 coppie=3909 nuova=157
   1640 |    0.0013 |    15.928 | r=9.4 c=0.136 n=957    | tot=1 NUOVI=1 | TRACK accr=8906 coppie=3954 nuova=157
   1650 |    0.0004 |    15.925 | r=18.4 c=0.086 n=42    | tot=1 NUOVI=1 | TRACK accr=8983 coppie=3997 nuova=157
   1660 |    0.0013 |    15.924 | r=18.4 c=0.272 n=36    | tot=1 NUOVI=1 | TRACK accr=9089 coppie=4057 nuova=162
   1670 |    0.0011 |    15.923 | r=13.4 c=0.294 n=261   | tot=1 NUOVI=1 | TRACK accr=9181 coppie=4109 nuova=163
   1680 |    0.0003 |    15.922 | r=19.9 c=0.195 n=25    | tot=1 NUOVI=1 | TRACK accr=9272 coppie=4159 nuova=163
   1690 |    0.0327 |    15.922 | r=21.4 c=0.278 n=13    | tot=1 NUOVI=1 | TRACK accr=9364 coppie=4207 nuova=163
   1700 |    0.0062 |    15.921 | r=18.9 c=0.325 n=31    | tot=1 NUOVI=1 | TRACK accr=9445 coppie=4252 nuova=163
   1710 |    0.0060 |    15.921 | r=19.9 c=0.204 n=25    | tot=1 NUOVI=1 | TRACK accr=9523 coppie=4292 nuova=165
   1720 |    0.0035 |    15.921 | r=21.4 c=0.274 n=15    | tot=1 NUOVI=1 | TRACK accr=9614 coppie=4338 nuova=168
   1730 |    0.0015 |    15.920 | r=16.4 c=0.340 n=89    | tot=2 NUOVI=2 | TRACK accr=9712 coppie=4389 nuova=168
   1740 |    0.0008 |    15.920 | r=10.4 c=0.190 n=833   | tot=2 NUOVI=2 | TRACK accr=9823 coppie=4448 nuova=168
   1750 |    0.0008 |    15.919 | r=19.9 c=0.219 n=26    | tot=2 NUOVI=2 | TRACK accr=9918 coppie=4489 nuova=168
   1760 |    0.0017 |    15.918 | r=9.9 c=0.162 n=877    | tot=1 NUOVI=1 | TRACK accr=10031 coppie=4548 nuova=168
   1770 |    0.0073 |    15.916 | r=20.4 c=0.230 n=28    | tot=1 NUOVI=1 | TRACK accr=10128 coppie=4612 nuova=168
   1780 |    0.0668 |    15.915 | r=27.9 c=0.241 n=6     | tot=1 NUOVI=1 | TRACK accr=10223 coppie=4661 nuova=172
   1790 |    0.0085 |    15.912 | r=19.4 c=0.194 n=35    | tot=1 NUOVI=1 | TRACK accr=10314 coppie=4710 nuova=173
   1800 |    0.0286 |    15.909 | r=19.4 c=0.056 n=37    | tot=1 NUOVI=1 | TRACK accr=10407 coppie=4760 nuova=173
   1810 |    0.0049 |    15.905 | r=22.4 c=0.224 n=11    | tot=1 NUOVI=1 | TRACK accr=10502 coppie=4805 nuova=173
   1820 |    0.0092 |    15.901 | r=18.9 c=0.233 n=52    | tot=1 NUOVI=1 | TRACK accr=10595 coppie=4847 nuova=173
   1830 |    0.0061 |    15.896 | r=20.9 c=0.344 n=35    | tot=1 NUOVI=1 | TRACK accr=10706 coppie=4911 nuova=173
   1840 |    0.0064 |    15.892 | r=23.4 c=0.303 n=17    | tot=1 NUOVI=1 | TRACK accr=10812 coppie=4969 nuova=173
   1850 |    0.0083 |    15.887 | r=12.4 c=0.279 n=540   | tot=1 NUOVI=1 | TRACK accr=10912 coppie=5018 nuova=175
   1860 |    0.0199 |    15.882 | r=27.4 c=0.059 n=9     | tot=1 NUOVI=1 | TRACK accr=11015 coppie=5069 nuova=175
   1870 |    0.0150 |    15.877 | r=24.4 c=0.307 n=17    | tot=1 NUOVI=1 | TRACK accr=11116 coppie=5132 nuova=176
   1880 |    0.0099 |    15.873 | r=26.9 c=0.345 n=8     | tot=1 NUOVI=1 | TRACK accr=11213 coppie=5182 nuova=176
   1890 |    0.4200 |    15.869 | r=27.4 c=0.052 n=6     | tot=1 NUOVI=1 | TRACK accr=11330 coppie=5249 nuova=178
   1900 |    0.6563 |    15.865 | r=26.9 c=0.262 n=15    | tot=1 NUOVI=1 | TRACK accr=11434 coppie=5303 nuova=181
   1910 |    0.9992 |    15.862 | r=12.4 c=0.220 n=685   | tot=1 NUOVI=1 | TRACK accr=11565 coppie=5364 nuova=182
   1920 |    1.0005 |    15.860 | r=15.4 c=0.336 n=239   | tot=1 NUOVI=1 | TRACK accr=11673 coppie=5399 nuova=185
   1930 |    1.0628 |    15.858 | r=26.9 c=0.312 n=5     | tot=1 NUOVI=1 | TRACK accr=11768 coppie=5452 nuova=185
   1940 |    1.1126 |    15.856 | r=25.9 c=0.114 n=23    | tot=1 NUOVI=1 | TRACK accr=11894 coppie=5510 nuova=187
   1950 |    1.0166 |    15.854 | r=20.4 c=0.340 n=57    | tot=1 NUOVI=1 | TRACK accr=11995 coppie=5569 nuova=187
   1960 |    0.0104 |    15.853 | r=20.9 c=0.246 n=63    | tot=1 NUOVI=1 | TRACK accr=12094 coppie=5625 nuova=189
   1970 |    0.0022 |    15.851 | r=21.9 c=0.245 n=37    | tot=1 NUOVI=1 | TRACK accr=12205 coppie=5685 nuova=189
   1980 |    0.0087 |    15.849 | r=23.4 c=0.339 n=32    | tot=1 NUOVI=1 | TRACK accr=12308 coppie=5740 nuova=189
   1990 |    0.0353 |    15.848 | r=22.4 c=0.273 n=36    | tot=1 NUOVI=1 | TRACK accr=12408 coppie=5790 nuova=191
   2000 |    0.0165 |    15.847 | r=9.9 c=0.152 n=1095   | tot=1 NUOVI=1 | TRACK accr=12500 coppie=5845 nuova=191
[batch] log diagnostico completo salvato in out_spincore\diag_s2.csv

[batch] completato in 4115.9s, 2000 passi. CSV salvato in out_spincore\cond_s2.csv
[batch] LETTURA condensazione: se dens_centrale e n_centrali CRESCONO e frac_nati resta
        ALTA mentre dist_masse NON crolla -> NUOVA massa dal vuoto (non accrescimento).
[batch] LETTURA picchi_nuovi: se picchi_nuovi passa da 0 a >=1 a un certo passo, quello e'
        il momento in cui una MASSA NUOVA si stacca dal vuoto (materia isolata che si crea).
[batch] LETTURA antiguscio: se compare un anello a coerenza_min BASSA (antifase) e raggio
        stabile oltre le masse, con nodi presenti -> GUSCIO DI ANTIFASE che avvolge i nuclei
        = massa di scala superiore (il guscio del sistema e antifase, non materia).
