[verlet] integratore metrico Velocity-Verlet (2 ordine) attivo
[sync] aggiornamento sincrono attivo: dph legge la fase dallo snapshot t-1 (Jacobi)
[batch] condensazione: seed=2 passi=2000 ogni=10 sep=10.0 nmasse=2
[batch] leggi attive: GRAV_BIFASE=True SPIN_ORBITA(via SPINORE)=True COPPIA_MIT=1.0 lambda=0.800

passo | dens_centr | dist_masse | ANTIGUSCIO(r,c,n) | PICCHI(tot,NUOVI)
[batch] LOG DIAGNOSTICO COMPLETO  -> out_spinore\m2_on_s2.csv
      0 |    0.0000 |    20.006 | r=12.2 c=0.121 n=7     | tot=3 NUOVI=3 | TRACK accr=744 coppie=0 nuova=80
     10 |    0.0000 |    20.006 | r=19.2 c=0.072 n=26    | tot=2 NUOVI=0 | TRACK accr=748 coppie=1 nuova=80
     20 |    0.0000 |    20.006 | r=19.8 c=0.123 n=157   | tot=1 NUOVI=0 | TRACK accr=753 coppie=3 nuova=80
     30 |    0.0000 |    20.006 | r=19.2 c=0.174 n=26    | tot=1 NUOVI=0 | TRACK accr=760 coppie=6 nuova=80
     40 |    0.0000 |    20.006 | r=8.8 c=0.184 n=12     | tot=1 NUOVI=0 | TRACK accr=773 coppie=12 nuova=80
     50 |    0.0000 |    20.006 | r=11.8 c=0.302 n=9     | tot=2 NUOVI=0 | TRACK accr=785 coppie=15 nuova=80
     60 |    0.0000 |    20.006 | r=0.8 c=0.240 n=308    | tot=2 NUOVI=0 | TRACK accr=795 coppie=19 nuova=80
     70 |    0.0000 |    20.006 | r=10.8 c=0.201 n=7     | tot=2 NUOVI=0 | TRACK accr=803 coppie=20 nuova=80
     80 |    0.0000 |    20.006 | r=11.2 c=0.059 n=9     | tot=1 NUOVI=0 | TRACK accr=809 coppie=23 nuova=80
     90 |    0.0000 |    20.006 | r=11.2 c=0.063 n=8     | tot=1 NUOVI=0 | TRACK accr=822 coppie=28 nuova=80
    100 |    0.0000 |    20.006 | r=19.2 c=0.093 n=55    | tot=1 NUOVI=0 | TRACK accr=836 coppie=38 nuova=80
    110 |    0.0000 |    20.006 | r=12.2 c=0.102 n=7     | tot=1 NUOVI=0 | TRACK accr=848 coppie=42 nuova=80
    120 |    0.0000 |    20.006 | r=12.2 c=0.102 n=7     | tot=1 NUOVI=0 | TRACK accr=870 coppie=55 nuova=81
    130 |    0.0000 |    20.006 | r=12.2 c=0.102 n=7     | tot=1 NUOVI=0 | TRACK accr=893 coppie=62 nuova=81
    140 |    0.0000 |    20.006 | r=10.8 c=0.331 n=8     | tot=1 NUOVI=0 | TRACK accr=903 coppie=67 nuova=81
    150 |    0.0000 |    20.006 | r=19.8 c=0.173 n=197   | tot=1 NUOVI=0 | TRACK accr=909 coppie=70 nuova=81
    160 |    0.0000 |    20.006 | r=8.2 c=0.167 n=8      | tot=1 NUOVI=0 | TRACK accr=913 coppie=73 nuova=82
    170 |    0.0000 |    20.006 | r=10.8 c=0.357 n=8     | tot=1 NUOVI=0 | TRACK accr=913 coppie=73 nuova=82
    180 |    0.0000 |    20.006 | r=8.8 c=0.346 n=10     | tot=1 NUOVI=0 | TRACK accr=920 coppie=75 nuova=82
    190 |    0.0000 |    20.006 | r=10.8 c=0.372 n=11    | tot=2 NUOVI=0 | TRACK accr=921 coppie=76 nuova=82
    200 |    0.0000 |    20.006 | r=9.8 c=0.508 n=9      | tot=2 NUOVI=0 | TRACK accr=924 coppie=78 nuova=82
    210 |    0.0000 |    20.006 | r=0.8 c=0.358 n=385    | tot=2 NUOVI=0 | TRACK accr=925 coppie=78 nuova=82
    220 |    0.0000 |    20.006 | r=9.8 c=0.371 n=9      | tot=2 NUOVI=0 | TRACK accr=927 coppie=79 nuova=82
    230 |    0.0000 |    20.006 | r=11.8 c=0.098 n=8     | tot=1 NUOVI=0 | TRACK accr=927 coppie=79 nuova=82
    240 |    0.0000 |    20.006 | r=9.2 c=0.353 n=6      | tot=1 NUOVI=0 | TRACK accr=929 coppie=81 nuova=82
    250 |    0.0000 |    20.006 | r=8.2 c=0.408 n=7      | tot=1 NUOVI=0 | TRACK accr=935 coppie=85 nuova=82
    260 |    0.0000 |    20.006 | r=9.2 c=0.317 n=6      | tot=1 NUOVI=0 | TRACK accr=940 coppie=89 nuova=82
    270 |    0.0000 |    20.006 | r=11.2 c=0.349 n=11    | tot=1 NUOVI=0 | TRACK accr=944 coppie=91 nuova=82
    280 |    0.0000 |    20.006 | r=8.8 c=0.472 n=6      | tot=1 NUOVI=0 | TRACK accr=947 coppie=92 nuova=82
    290 |    0.0000 |    20.006 | r=8.2 c=0.130 n=7      | tot=2 NUOVI=0 | TRACK accr=949 coppie=93 nuova=82
    300 |    0.0000 |    20.006 | r=12.8 c=0.378 n=4     | tot=2 NUOVI=0 | TRACK accr=951 coppie=95 nuova=82
    310 |    0.0000 |    20.006 | r=11.8 c=0.239 n=7     | tot=2 NUOVI=0 | TRACK accr=958 coppie=99 nuova=82
    320 |    0.0000 |    20.006 | r=8.8 c=0.383 n=6      | tot=2 NUOVI=0 | TRACK accr=966 coppie=104 nuova=82
    330 |    0.0000 |    20.006 | r=9.2 c=0.270 n=6      | tot=2 NUOVI=0 | TRACK accr=971 coppie=105 nuova=82
    340 |    0.0000 |    20.006 | r=7.8 c=0.321 n=4      | tot=2 NUOVI=0 | TRACK accr=975 coppie=105 nuova=82
    350 |    0.0000 |    20.006 | r=12.8 c=0.210 n=4     | tot=2 NUOVI=0 | TRACK accr=982 coppie=107 nuova=82
    360 |    0.0000 |    20.006 | r=8.8 c=0.304 n=6      | tot=2 NUOVI=0 | TRACK accr=989 coppie=109 nuova=82
    370 |    0.0000 |    20.006 | r=12.2 c=0.537 n=5     | tot=2 NUOVI=0 | TRACK accr=998 coppie=112 nuova=82
    380 |    0.0000 |    20.006 | r=9.2 c=0.307 n=6      | tot=2 NUOVI=0 | TRACK accr=1005 coppie=116 nuova=82
    390 |    0.0000 |    20.006 | r=8.8 c=0.348 n=6      | tot=2 NUOVI=0 | TRACK accr=1015 coppie=117 nuova=82
    400 |    0.0000 |    20.006 | r=9.2 c=0.300 n=6      | tot=2 NUOVI=0 | TRACK accr=1027 coppie=121 nuova=82
    410 |    0.0000 |    20.006 | r=8.8 c=0.302 n=6      | tot=2 NUOVI=0 | TRACK accr=1036 coppie=123 nuova=82
    420 |    0.0000 |    20.006 | r=9.2 c=0.305 n=6      | tot=2 NUOVI=0 | TRACK accr=1045 coppie=130 nuova=82
    430 |    0.0000 |    20.006 | r=19.2 c=0.354 n=73    | tot=2 NUOVI=0 | TRACK accr=1053 coppie=131 nuova=82
    440 |    0.0000 |    20.006 | r=12.8 c=0.337 n=6     | tot=2 NUOVI=0 | TRACK accr=1063 coppie=135 nuova=82
    450 |    0.0000 |    20.006 | r=12.2 c=0.157 n=4     | tot=2 NUOVI=0 | TRACK accr=1073 coppie=140 nuova=82
    460 |    0.0000 |    20.006 | r=19.8 c=0.348 n=193   | tot=2 NUOVI=0 | TRACK accr=1081 coppie=145 nuova=82
    470 |    0.0000 |    20.006 | r=20.2 c=0.362 n=219   | tot=2 NUOVI=0 | TRACK accr=1092 coppie=147 nuova=82
    480 |    0.0000 |    20.006 | r=12.2 c=0.201 n=4     | tot=2 NUOVI=0 | TRACK accr=1106 coppie=152 nuova=82
    490 |    0.0000 |    20.006 | r=20.8 c=0.331 n=82    | tot=2 NUOVI=0 | TRACK accr=1130 coppie=165 nuova=82
    500 |    0.0000 |    20.006 | r=9.2 c=0.061 n=6      | tot=2 NUOVI=0 | TRACK accr=1149 coppie=175 nuova=82
    510 |    0.0000 |    20.006 | r=9.2 c=0.075 n=6      | tot=2 NUOVI=0 | TRACK accr=1163 coppie=181 nuova=82
    520 |    0.0000 |    20.006 | r=7.8 c=0.177 n=4      | tot=2 NUOVI=0 | TRACK accr=1176 coppie=192 nuova=82
    530 |    0.0000 |    20.006 | r=20.8 c=0.320 n=88    | tot=2 NUOVI=0 | TRACK accr=1195 coppie=207 nuova=82
    540 |    0.0000 |    20.006 | r=20.2 c=0.328 n=248   | tot=2 NUOVI=0 | TRACK accr=1203 coppie=210 nuova=82
    550 |    0.0000 |    20.006 | r=9.2 c=0.327 n=5      | tot=2 NUOVI=0 | TRACK accr=1214 coppie=215 nuova=82
    560 |    0.0000 |    20.006 | r=11.8 c=0.627 n=9     | tot=2 NUOVI=0 | TRACK accr=1221 coppie=218 nuova=82
    570 |    0.0000 |    20.006 | r=20.8 c=0.271 n=88    | tot=2 NUOVI=0 | TRACK accr=1229 coppie=222 nuova=82
    580 |    0.0000 |    20.006 | r=20.8 c=0.265 n=91    | tot=2 NUOVI=0 | TRACK accr=1246 coppie=230 nuova=82
    590 |    0.0000 |    20.006 | r=20.8 c=0.246 n=97    | tot=2 NUOVI=0 | TRACK accr=1257 coppie=232 nuova=82
    600 |    0.0000 |    20.006 | r=9.2 c=0.221 n=5      | tot=2 NUOVI=0 | TRACK accr=1264 coppie=234 nuova=82
    610 |    0.0000 |    20.006 | r=20.8 c=0.218 n=102   | tot=1 NUOVI=0 | TRACK accr=1283 coppie=242 nuova=82
    620 |    0.0000 |    20.006 | r=20.8 c=0.213 n=105   | tot=1 NUOVI=0 | TRACK accr=1295 coppie=245 nuova=82
    630 |    0.0000 |    20.006 | r=21.2 c=0.204 n=7     | tot=1 NUOVI=0 | TRACK accr=1304 coppie=250 nuova=82
    640 |    0.0000 |    20.006 | r=21.2 c=0.197 n=8     | tot=1 NUOVI=0 | TRACK accr=1315 coppie=257 nuova=82
    650 |    0.0000 |    20.006 | r=9.2 c=0.253 n=5      | tot=1 NUOVI=0 | TRACK accr=1331 coppie=263 nuova=82
    660 |    0.0000 |    20.006 | r=20.8 c=0.232 n=105   | tot=1 NUOVI=0 | TRACK accr=1349 coppie=274 nuova=82
    670 |    0.0000 |    20.006 | r=12.8 c=0.249 n=5     | tot=2 NUOVI=0 | TRACK accr=1364 coppie=278 nuova=82
    680 |    0.0000 |    20.006 | r=0.8 c=0.270 n=632    | tot=2 NUOVI=0 | TRACK accr=1378 coppie=286 nuova=82
    690 |    0.0000 |    20.006 | r=20.8 c=0.245 n=111   | tot=2 NUOVI=0 | TRACK accr=1391 coppie=292 nuova=82
    700 |    0.0000 |    20.005 | r=20.8 c=0.218 n=113   | tot=2 NUOVI=0 | TRACK accr=1407 coppie=300 nuova=82
    710 |    0.0000 |    20.005 | r=20.8 c=0.224 n=113   | tot=2 NUOVI=0 | TRACK accr=1420 coppie=306 nuova=82
    720 |    0.0000 |    20.005 | r=20.8 c=0.227 n=119   | tot=2 NUOVI=0 | TRACK accr=1432 coppie=313 nuova=82
    730 |    0.0000 |    20.005 | r=9.2 c=0.104 n=5      | tot=2 NUOVI=0 | TRACK accr=1443 coppie=321 nuova=82
    740 |    0.0000 |    20.005 | r=10.2 c=0.013 n=8     | tot=2 NUOVI=0 | TRACK accr=1449 coppie=323 nuova=82
    750 |    0.0000 |    20.005 | r=20.8 c=0.244 n=125   | tot=2 NUOVI=0 | TRACK accr=1460 coppie=327 nuova=82
    760 |    0.0000 |    20.005 | r=21.2 c=0.233 n=18    | tot=2 NUOVI=0 | TRACK accr=1468 coppie=330 nuova=82
    770 |    0.0000 |    20.005 | r=10.8 c=0.086 n=8     | tot=2 NUOVI=0 | TRACK accr=1480 coppie=333 nuova=82
    780 |    0.0000 |    20.005 | r=21.2 c=0.243 n=19    | tot=2 NUOVI=0 | TRACK accr=1484 coppie=336 nuova=82
    790 |    0.0000 |    20.005 | r=10.2 c=0.078 n=7     | tot=2 NUOVI=0 | TRACK accr=1496 coppie=339 nuova=82
    800 |    0.0000 |    20.005 | r=10.2 c=0.178 n=7     | tot=2 NUOVI=0 | TRACK accr=1503 coppie=343 nuova=82
    810 |    0.0000 |    20.005 | r=8.8 c=0.315 n=9      | tot=2 NUOVI=0 | TRACK accr=1511 coppie=348 nuova=82
    820 |    0.0000 |    20.005 | r=21.2 c=0.320 n=21    | tot=2 NUOVI=0 | TRACK accr=1521 coppie=353 nuova=82
    830 |    0.0000 |    20.005 | r=12.2 c=0.188 n=9     | tot=2 NUOVI=0 | TRACK accr=1539 coppie=360 nuova=82
    840 |    0.0000 |    20.005 | r=21.2 c=0.288 n=22    | tot=2 NUOVI=0 | TRACK accr=1549 coppie=364 nuova=82
    850 |    0.0000 |    20.005 | r=21.2 c=0.301 n=25    | tot=2 NUOVI=0 | TRACK accr=1560 coppie=370 nuova=82
    860 |    0.0000 |    20.005 | r=20.8 c=0.319 n=164   | tot=2 NUOVI=0 | TRACK accr=1570 coppie=376 nuova=82
    870 |    0.0000 |    20.005 | r=11.2 c=0.108 n=10    | tot=2 NUOVI=0 | TRACK accr=1579 coppie=383 nuova=82
    880 |    0.0000 |    20.005 | r=11.2 c=0.257 n=10    | tot=2 NUOVI=0 | TRACK accr=1592 coppie=390 nuova=82
    890 |    0.0000 |    20.005 | r=9.2 c=0.173 n=8      | tot=2 NUOVI=0 | TRACK accr=1598 coppie=394 nuova=82
    900 |    0.0001 |    20.005 | r=1.8 c=0.375 n=50     | tot=2 NUOVI=0 | TRACK accr=1609 coppie=395 nuova=82
    910 |    0.0000 |    20.005 | r=9.2 c=0.257 n=9      | tot=2 NUOVI=0 | TRACK accr=1621 coppie=403 nuova=82
    920 |    0.0001 |    20.005 | r=9.8 c=0.185 n=5      | tot=2 NUOVI=0 | TRACK accr=1630 coppie=407 nuova=82
    930 |    0.0001 |    20.005 | r=21.8 c=0.288 n=4     | tot=2 NUOVI=0 | TRACK accr=1641 coppie=417 nuova=82
    940 |    0.0000 |    20.005 | r=11.8 c=0.137 n=9     | tot=2 NUOVI=0 | TRACK accr=1647 coppie=419 nuova=82
    950 |    0.0001 |    20.005 | r=10.8 c=0.272 n=8     | tot=2 NUOVI=0 | TRACK accr=1659 coppie=425 nuova=82
    960 |    0.0001 |    20.005 | r=18.2 c=0.270 n=9     | tot=2 NUOVI=0 | TRACK accr=1666 coppie=428 nuova=82
    970 |    0.0001 |    20.005 | r=9.2 c=0.237 n=9      | tot=2 NUOVI=0 | TRACK accr=1676 coppie=432 nuova=82
    980 |    0.0000 |    20.005 | r=2.2 c=0.304 n=35     | tot=2 NUOVI=0 | TRACK accr=1684 coppie=439 nuova=82
    990 |    0.0001 |    20.005 | r=9.2 c=0.030 n=7      | tot=2 NUOVI=0 | TRACK accr=1690 coppie=441 nuova=82
   1000 |    0.0001 |    20.005 | r=18.2 c=0.230 n=14    | tot=2 NUOVI=0 | TRACK accr=1701 coppie=445 nuova=82
   1010 |    0.0001 |    20.005 | r=18.2 c=0.276 n=15    | tot=2 NUOVI=0 | TRACK accr=1711 coppie=451 nuova=82
   1020 |    0.0001 |    20.005 | r=12.5 c=0.228 n=4     | tot=2 NUOVI=0 | TRACK accr=1724 coppie=461 nuova=82
   1030 |    0.0001 |    20.005 | r=12.0 c=0.338 n=32    | tot=2 NUOVI=0 | TRACK accr=1733 coppie=465 nuova=82
   1040 |    0.0001 |    20.006 | r=12.5 c=0.230 n=6     | tot=1 NUOVI=0 | TRACK accr=1742 coppie=469 nuova=82
   1050 |    0.0001 |    20.006 | r=12.5 c=0.164 n=6     | tot=1 NUOVI=0 | TRACK accr=1750 coppie=474 nuova=82
   1060 |    0.0001 |    20.006 | r=12.0 c=0.142 n=43    | tot=1 NUOVI=0 | TRACK accr=1761 coppie=479 nuova=82
   1070 |    0.0001 |    20.006 | r=12.0 c=0.198 n=47    | tot=1 NUOVI=0 | TRACK accr=1771 coppie=484 nuova=82
   1080 |    0.0001 |    20.006 | r=12.5 c=0.199 n=10    | tot=1 NUOVI=0 | TRACK accr=1780 coppie=490 nuova=82
   1090 |    0.0003 |    20.006 | r=12.0 c=0.217 n=55    | tot=1 NUOVI=0 | TRACK accr=1786 coppie=495 nuova=82
   1100 |    0.0001 |    20.006 | r=12.0 c=0.239 n=61    | tot=1 NUOVI=0 | TRACK accr=1792 coppie=497 nuova=82
   1110 |    0.0002 |    20.006 | r=12.5 c=0.202 n=17    | tot=1 NUOVI=0 | TRACK accr=1801 coppie=503 nuova=82
   1120 |    0.0002 |    20.006 | r=12.0 c=0.223 n=70    | tot=1 NUOVI=0 | TRACK accr=1809 coppie=508 nuova=82
   1130 |    0.0001 |    20.006 | r=12.5 c=0.189 n=19    | tot=1 NUOVI=0 | TRACK accr=1821 coppie=517 nuova=82
   1140 |    0.0001 |    20.006 | r=12.5 c=0.146 n=19    | tot=1 NUOVI=0 | TRACK accr=1829 coppie=521 nuova=82
   1150 |    0.0002 |    20.006 | r=12.0 c=0.131 n=94    | tot=1 NUOVI=0 | TRACK accr=1840 coppie=528 nuova=82
   1160 |    0.0001 |    20.005 | r=12.0 c=0.147 n=99    | tot=1 NUOVI=0 | TRACK accr=1858 coppie=538 nuova=82
   1170 |    0.0002 |    20.005 | r=12.5 c=0.154 n=28    | tot=1 NUOVI=0 | TRACK accr=1871 coppie=542 nuova=82
   1180 |    0.0001 |    20.005 | r=12.0 c=0.128 n=104   | tot=1 NUOVI=0 | TRACK accr=1879 coppie=548 nuova=82
   1190 |    0.0002 |    20.005 | r=12.0 c=0.118 n=113   | tot=1 NUOVI=0 | TRACK accr=1886 coppie=552 nuova=82
   1200 |    0.0002 |    20.005 | r=12.5 c=0.109 n=32    | tot=1 NUOVI=0 | TRACK accr=1903 coppie=558 nuova=82
   1210 |    0.0002 |    20.004 | r=12.5 c=0.112 n=38    | tot=1 NUOVI=0 | TRACK accr=1914 coppie=566 nuova=82
   1220 |    0.0002 |    20.004 | r=12.0 c=0.131 n=123   | tot=1 NUOVI=0 | TRACK accr=1923 coppie=573 nuova=82
   1230 |    0.0001 |    20.004 | r=12.0 c=0.136 n=125   | tot=1 NUOVI=0 | TRACK accr=1939 coppie=584 nuova=82
   1240 |    0.0001 |    20.003 | r=12.0 c=0.116 n=136   | tot=1 NUOVI=0 | TRACK accr=1950 coppie=589 nuova=82
   1250 |    0.0002 |    20.003 | r=12.0 c=0.116 n=136   | tot=1 NUOVI=0 | TRACK accr=1963 coppie=596 nuova=82
   1260 |    0.0003 |    20.003 | r=12.5 c=0.102 n=61    | tot=1 NUOVI=0 | TRACK accr=1973 coppie=603 nuova=82
   1270 |    0.0001 |    20.002 | r=13.0 c=0.128 n=15    | tot=1 NUOVI=0 | TRACK accr=1983 coppie=609 nuova=82
   1280 |    0.0003 |    20.002 | r=12.0 c=0.096 n=154   | tot=1 NUOVI=0 | TRACK accr=1991 coppie=611 nuova=82
   1290 |    0.0003 |    20.001 | r=12.0 c=0.098 n=150   | tot=1 NUOVI=0 | TRACK accr=2002 coppie=617 nuova=82
   1300 |    0.0002 |    20.001 | r=12.0 c=0.085 n=151   | tot=1 NUOVI=0 | TRACK accr=2011 coppie=622 nuova=82
   1310 |    0.0004 |    20.001 | r=12.0 c=0.085 n=156   | tot=1 NUOVI=0 | TRACK accr=2025 coppie=628 nuova=82
   1320 |    0.0002 |    20.000 | r=12.0 c=0.111 n=173   | tot=1 NUOVI=0 | TRACK accr=2036 coppie=635 nuova=82
   1330 |    0.0002 |    20.000 | r=11.9 c=0.121 n=171   | tot=1 NUOVI=0 | TRACK accr=2051 coppie=643 nuova=82
   1340 |    0.0002 |    20.000 | r=11.4 c=0.139 n=208   | tot=1 NUOVI=0 | TRACK accr=2060 coppie=649 nuova=82
   1350 |    0.0004 |    19.999 | r=11.9 c=0.131 n=186   | tot=2 NUOVI=0 | TRACK accr=2078 coppie=657 nuova=82
   1360 |    0.0003 |    19.999 | r=11.9 c=0.090 n=190   | tot=2 NUOVI=0 | TRACK accr=2097 coppie=667 nuova=82
   1370 |    0.0003 |    19.999 | r=11.9 c=0.105 n=192   | tot=2 NUOVI=0 | TRACK accr=2105 coppie=673 nuova=82
   1380 |    0.0004 |    19.999 | r=11.9 c=0.083 n=195   | tot=2 NUOVI=0 | TRACK accr=2123 coppie=681 nuova=82
   1390 |    0.0004 |    19.999 | r=11.9 c=0.105 n=206   | tot=2 NUOVI=0 | TRACK accr=2137 coppie=689 nuova=82
   1400 |    0.0004 |    19.999 | r=11.4 c=0.108 n=211   | tot=2 NUOVI=0 | TRACK accr=2154 coppie=700 nuova=82
   1410 |    0.0003 |    19.999 | r=11.4 c=0.100 n=199   | tot=2 NUOVI=0 | TRACK accr=2168 coppie=706 nuova=82
   1420 |    0.0004 |    19.999 | r=12.4 c=0.106 n=158   | tot=2 NUOVI=0 | TRACK accr=2181 coppie=714 nuova=82
   1430 |    0.0003 |    19.999 | r=12.4 c=0.096 n=149   | tot=2 NUOVI=0 | TRACK accr=2193 coppie=721 nuova=82
   1440 |    0.0007 |    20.000 | r=12.4 c=0.111 n=153   | tot=2 NUOVI=0 | TRACK accr=2205 coppie=723 nuova=82
   1450 |    0.0003 |    20.000 | r=12.0 c=0.098 n=242   | tot=2 NUOVI=0 | TRACK accr=2220 coppie=733 nuova=82
   1460 |    0.0004 |    20.001 | r=12.0 c=0.111 n=241   | tot=2 NUOVI=0 | TRACK accr=2231 coppie=738 nuova=82
   1470 |    0.0005 |    20.001 | r=12.5 c=0.101 n=162   | tot=2 NUOVI=0 | TRACK accr=2246 coppie=748 nuova=82
   1480 |    0.0004 |    20.002 | r=12.5 c=0.098 n=162   | tot=2 NUOVI=0 | TRACK accr=2260 coppie=756 nuova=82
   1490 |    0.0004 |    20.002 | r=12.0 c=0.109 n=244   | tot=2 NUOVI=0 | TRACK accr=2273 coppie=761 nuova=82
   1500 |    0.0004 |    20.003 | r=12.0 c=0.131 n=256   | tot=2 NUOVI=0 | TRACK accr=2284 coppie=764 nuova=82
   1510 |    0.0005 |    20.004 | r=12.0 c=0.126 n=267   | tot=2 NUOVI=0 | TRACK accr=2296 coppie=773 nuova=82
   1520 |    0.0004 |    20.004 | r=12.0 c=0.120 n=270   | tot=2 NUOVI=0 | TRACK accr=2310 coppie=781 nuova=82
   1530 |    0.0004 |    20.005 | r=12.0 c=0.125 n=263   | tot=2 NUOVI=0 | TRACK accr=2324 coppie=789 nuova=82
   1540 |    0.0005 |    20.005 | r=12.0 c=0.127 n=273   | tot=2 NUOVI=1 | TRACK accr=2341 coppie=798 nuova=82
   1550 |    0.0005 |    20.005 | r=12.0 c=0.153 n=265   | tot=2 NUOVI=1 | TRACK accr=2354 coppie=803 nuova=82
   1560 |    0.0005 |    20.006 | r=12.0 c=0.122 n=264   | tot=2 NUOVI=1 | TRACK accr=2368 coppie=810 nuova=82
   1570 |    0.0006 |    20.006 | r=12.0 c=0.115 n=267   | tot=2 NUOVI=1 | TRACK accr=2383 coppie=820 nuova=82
   1580 |    0.0004 |    20.006 | r=12.0 c=0.128 n=267   | tot=2 NUOVI=0 | TRACK accr=2394 coppie=822 nuova=82
   1590 |    0.0007 |    20.007 | r=12.0 c=0.125 n=277   | tot=2 NUOVI=0 | TRACK accr=2408 coppie=828 nuova=82
   1600 |    0.0004 |    20.007 | r=11.5 c=0.117 n=305   | tot=2 NUOVI=0 | TRACK accr=2428 coppie=834 nuova=82
   1610 |    0.0006 |    20.007 | r=11.5 c=0.143 n=310   | tot=2 NUOVI=0 | TRACK accr=2438 coppie=838 nuova=82
   1620 |    0.0008 |    20.008 | r=12.5 c=0.144 n=169   | tot=2 NUOVI=0 | TRACK accr=2455 coppie=849 nuova=82
   1630 |    0.0007 |    20.008 | r=11.5 c=0.116 n=307   | tot=2 NUOVI=0 | TRACK accr=2466 coppie=854 nuova=82
   1640 |    0.0005 |    20.008 | r=12.5 c=0.140 n=173   | tot=2 NUOVI=0 | TRACK accr=2476 coppie=857 nuova=82
   1650 |    0.0007 |    20.008 | r=12.5 c=0.157 n=159   | tot=2 NUOVI=1 | TRACK accr=2497 coppie=866 nuova=82
   1660 |    0.0007 |    20.008 | r=11.5 c=0.127 n=324   | tot=2 NUOVI=1 | TRACK accr=2514 coppie=869 nuova=82
   1670 |    0.0005 |    20.009 | r=11.5 c=0.135 n=336   | tot=2 NUOVI=1 | TRACK accr=2529 coppie=876 nuova=82
   1680 |    0.0008 |    20.009 | r=11.5 c=0.137 n=326   | tot=1 NUOVI=0 | TRACK accr=2550 coppie=888 nuova=82
   1690 |    0.0008 |    20.009 | r=11.5 c=0.128 n=332   | tot=1 NUOVI=0 | TRACK accr=2566 coppie=893 nuova=82
   1700 |    0.0008 |    20.009 | r=11.5 c=0.118 n=338   | tot=1 NUOVI=0 | TRACK accr=2585 coppie=902 nuova=82
   1710 |    0.0005 |    20.009 | r=11.5 c=0.120 n=342   | tot=1 NUOVI=0 | TRACK accr=2611 coppie=918 nuova=82
   1720 |    0.0004 |    20.009 | r=11.5 c=0.127 n=364   | tot=1 NUOVI=0 | TRACK accr=2625 coppie=924 nuova=82
   1730 |    0.0008 |    20.010 | r=12.5 c=0.127 n=148   | tot=1 NUOVI=0 | TRACK accr=2640 coppie=929 nuova=82
   1740 |    0.0014 |    20.010 | r=11.5 c=0.113 n=363   | tot=1 NUOVI=1 | TRACK accr=2653 coppie=937 nuova=82
   1750 |    0.0009 |    20.010 | r=11.5 c=0.157 n=360   | tot=1 NUOVI=1 | TRACK accr=2669 coppie=943 nuova=82
   1760 |    0.0007 |    20.010 | r=11.5 c=0.131 n=375   | tot=1 NUOVI=0 | TRACK accr=2684 coppie=954 nuova=82
   1770 |    0.0006 |    20.011 | r=11.5 c=0.153 n=369   | tot=2 NUOVI=0 | TRACK accr=2691 coppie=962 nuova=82
   1780 |    0.0009 |    20.010 | r=12.5 c=0.169 n=164   | tot=2 NUOVI=1 | TRACK accr=2703 coppie=963 nuova=82
   1790 |    0.0008 |    20.010 | r=11.5 c=0.172 n=355   | tot=2 NUOVI=2 | TRACK accr=2719 coppie=967 nuova=82
   1800 |    0.0007 |    20.010 | r=12.5 c=0.209 n=214   | tot=2 NUOVI=2 | TRACK accr=2726 coppie=972 nuova=82
   1810 |    0.0012 |    20.009 | r=12.5 c=0.155 n=239   | tot=2 NUOVI=2 | TRACK accr=2746 coppie=976 nuova=82
   1820 |    0.0014 |    20.009 | r=11.5 c=0.166 n=323   | tot=1 NUOVI=1 | TRACK accr=2761 coppie=982 nuova=82
   1830 |    0.0014 |    20.009 | r=11.5 c=0.123 n=298   | tot=2 NUOVI=1 | TRACK accr=2775 coppie=989 nuova=82
   1840 |    0.0012 |    20.009 | r=11.5 c=0.134 n=282   | tot=2 NUOVI=0 | TRACK accr=2784 coppie=995 nuova=82
   1850 |    0.0008 |    20.009 | r=11.5 c=0.125 n=299   | tot=2 NUOVI=0 | TRACK accr=2805 coppie=1002 nuova=82
   1860 |    0.0011 |    20.009 | r=11.5 c=0.161 n=285   | tot=2 NUOVI=1 | TRACK accr=2820 coppie=1010 nuova=82
   1870 |    0.0014 |    20.010 | r=11.5 c=0.147 n=295   | tot=2 NUOVI=1 | TRACK accr=2842 coppie=1022 nuova=82
   1880 |    0.0015 |    20.011 | r=11.5 c=0.141 n=287   | tot=1 NUOVI=0 | TRACK accr=2855 coppie=1030 nuova=82
   1890 |    0.0010 |    20.012 | r=11.5 c=0.120 n=289   | tot=1 NUOVI=0 | TRACK accr=2868 coppie=1036 nuova=82
   1900 |    0.0015 |    20.013 | r=11.5 c=0.110 n=282   | tot=1 NUOVI=0 | TRACK accr=2890 coppie=1042 nuova=82
   1910 |    0.0008 |    20.014 | r=11.5 c=0.098 n=273   | tot=2 NUOVI=2 | TRACK accr=2911 coppie=1057 nuova=82
   1920 |    0.0011 |    20.016 | r=11.5 c=0.081 n=269   | tot=1 NUOVI=1 | TRACK accr=2923 coppie=1062 nuova=82
   1930 |    0.0018 |    20.017 | r=11.5 c=0.105 n=259   | tot=1 NUOVI=1 | TRACK accr=2939 coppie=1070 nuova=82
   1940 |    0.0024 |    20.018 | r=11.5 c=0.090 n=277   | tot=1 NUOVI=1 | TRACK accr=2958 coppie=1079 nuova=82
   1950 |    0.0017 |    20.018 | r=11.5 c=0.117 n=285   | tot=2 NUOVI=2 | TRACK accr=2983 coppie=1089 nuova=82
   1960 |    0.0024 |    20.019 | r=11.5 c=0.133 n=284   | tot=1 NUOVI=1 | TRACK accr=2996 coppie=1097 nuova=82
   1970 |    0.0030 |    20.019 | r=11.5 c=0.139 n=282   | tot=1 NUOVI=1 | TRACK accr=3010 coppie=1102 nuova=82
   1980 |    0.0026 |    20.019 | r=11.5 c=0.141 n=279   | tot=1 NUOVI=0 | TRACK accr=3023 coppie=1106 nuova=82
   1990 |    0.0011 |    20.019 | r=11.5 c=0.174 n=256   | tot=2 NUOVI=1 | TRACK accr=3032 coppie=1109 nuova=82
   2000 |    0.0012 |    20.018 | r=11.5 c=0.181 n=269   | tot=2 NUOVI=1 | TRACK accr=3046 coppie=1113 nuova=82
[batch] log diagnostico completo salvato in out_spinore\m2_on_s2.csv

[batch] completato in 3704.1s, 2000 passi. CSV salvato in out_spinore\cond_m2_on_s2.csv
[batch] LETTURA condensazione: se dens_centrale e n_centrali CRESCONO e frac_nati resta
        ALTA mentre dist_masse NON crolla -> NUOVA massa dal vuoto (non accrescimento).
[batch] LETTURA picchi_nuovi: se picchi_nuovi passa da 0 a >=1 a un certo passo, quello e'
        il momento in cui una MASSA NUOVA si stacca dal vuoto (materia isolata che si crea).
[batch] LETTURA antiguscio: se compare un anello a coerenza_min BASSA (antifase) e raggio
        stabile oltre le masse, con nodi presenti -> GUSCIO DI ANTIFASE che avvolge i nuclei
        = massa di scala superiore (il guscio del sistema e antifase, non materia).
