[spinore-corretto] MASTER: orologio proprio de Broglie + spinore primario complesso _psi_spinor (evaluate-then-commit, |psi|=1)
[sync-spinore] Kuramoto SU(2) sugli spinori: torque di allineamento omega_sync = forza*(nb x nb_media) in omega_tot
[sync] aggiornamento sincrono attivo: dph legge la fase dallo snapshot t-1 (Jacobi)
[batch] condensazione: seed=3 passi=2000 ogni=10 sep=6.0 nmasse=2
[batch] leggi attive: GRAV_BIFASE=True SPIN_ORBITA(via SPINORE)=True COPPIA_MIT=1.0 lambda=0.800

passo | dens_centr | dist_masse | ANTIGUSCIO(r,c,n) | PICCHI(tot,NUOVI)
[batch] LOG DIAGNOSTICO COMPLETO  -> out_sync_spinore\on_s3.csv
      0 |    0.0000 |    12.055 | r=5.2 c=0.156 n=8      | tot=2 NUOVI=2 | TRACK accr=744 coppie=0 nuova=80
     10 |    0.0000 |    12.055 | r=6.8 c=0.244 n=5      | tot=2 NUOVI=0 | TRACK accr=803 coppie=22 nuova=81
     20 |    0.0000 |    12.055 | r=7.2 c=0.080 n=11     | tot=1 NUOVI=0 | TRACK accr=922 coppie=58 nuova=81
     30 |    0.0000 |    12.055 | r=8.8 c=0.265 n=6      | tot=2 NUOVI=0 | TRACK accr=1000 coppie=88 nuova=81
     40 |    0.0000 |    12.055 | r=6.2 c=0.369 n=9      | tot=1 NUOVI=0 | TRACK accr=1088 coppie=117 nuova=81
     50 |    0.0000 |    12.055 | r=11.2 c=0.222 n=40    | tot=1 NUOVI=0 | TRACK accr=1138 coppie=130 nuova=81
     60 |    0.0000 |    12.055 | r=11.2 c=0.175 n=41    | tot=2 NUOVI=0 | TRACK accr=1184 coppie=148 nuova=83
     70 |    0.0000 |    12.055 | r=6.8 c=0.373 n=6      | tot=2 NUOVI=0 | TRACK accr=1235 coppie=165 nuova=83
     80 |    0.0000 |    12.055 | r=11.2 c=0.158 n=43    | tot=2 NUOVI=0 | TRACK accr=1275 coppie=179 nuova=83
     90 |    0.0000 |    12.054 | r=11.2 c=0.169 n=44    | tot=2 NUOVI=0 | TRACK accr=1303 coppie=195 nuova=83
    100 |    0.0000 |    12.054 | r=9.2 c=0.108 n=5      | tot=1 NUOVI=0 | TRACK accr=1323 coppie=198 nuova=83
    110 |    0.0000 |    12.054 | r=11.2 c=0.157 n=44    | tot=1 NUOVI=1 | TRACK accr=1339 coppie=205 nuova=83
    120 |    0.0000 |    12.054 | r=4.8 c=0.312 n=6      | tot=2 NUOVI=2 | TRACK accr=1351 coppie=209 nuova=83
    130 |    0.0000 |    12.054 | r=5.2 c=0.429 n=6      | tot=2 NUOVI=2 | TRACK accr=1351 coppie=209 nuova=83
    140 |    0.0000 |    12.053 | r=7.8 c=0.335 n=9      | tot=2 NUOVI=2 | TRACK accr=1363 coppie=211 nuova=83
    150 |    0.0000 |    12.053 | r=11.2 c=0.212 n=49    | tot=2 NUOVI=2 | TRACK accr=1369 coppie=213 nuova=83
    160 |    0.0000 |    12.053 | r=11.2 c=0.206 n=48    | tot=2 NUOVI=2 | TRACK accr=1374 coppie=215 nuova=83
    170 |    0.0000 |    12.053 | r=3.8 c=0.131 n=5      | tot=2 NUOVI=2 | TRACK accr=1387 coppie=218 nuova=83
    180 |    0.0000 |    12.052 | r=6.2 c=0.467 n=9      | tot=2 NUOVI=2 | TRACK accr=1396 coppie=222 nuova=83
    190 |    0.0000 |    12.052 | r=12.2 c=0.150 n=491   | tot=2 NUOVI=2 | TRACK accr=1406 coppie=226 nuova=83
    200 |    0.0000 |    12.052 | r=6.2 c=0.439 n=9      | tot=2 NUOVI=2 | TRACK accr=1406 coppie=226 nuova=83
    210 |    0.0000 |    12.052 | r=12.8 c=0.125 n=88    | tot=1 NUOVI=1 | TRACK accr=1409 coppie=226 nuova=83
    220 |    0.0000 |    12.051 | r=12.8 c=0.134 n=90    | tot=1 NUOVI=1 | TRACK accr=1417 coppie=229 nuova=83
    230 |    0.0000 |    12.051 | r=6.8 c=0.312 n=9      | tot=1 NUOVI=1 | TRACK accr=1419 coppie=229 nuova=83
    240 |    0.0000 |    12.051 | r=8.8 c=0.173 n=7      | tot=1 NUOVI=1 | TRACK accr=1423 coppie=230 nuova=83
    250 |    0.0000 |    12.051 | r=3.2 c=0.141 n=5      | tot=1 NUOVI=1 | TRACK accr=1427 coppie=232 nuova=83
    260 |    0.0000 |    12.051 | r=6.8 c=0.511 n=9      | tot=1 NUOVI=1 | TRACK accr=1434 coppie=232 nuova=84
    270 |    0.0000 |    12.050 | r=6.8 c=0.319 n=9      | tot=1 NUOVI=1 | TRACK accr=1445 coppie=239 nuova=84
    280 |    0.0000 |    12.050 | r=12.8 c=0.036 n=95    | tot=1 NUOVI=1 | TRACK accr=1454 coppie=244 nuova=84
    290 |    0.0000 |    12.050 | r=6.8 c=0.344 n=9      | tot=1 NUOVI=1 | TRACK accr=1460 coppie=248 nuova=84
    300 |    0.0000 |    12.050 | r=6.8 c=0.251 n=9      | tot=1 NUOVI=1 | TRACK accr=1471 coppie=254 nuova=84
    310 |    0.0000 |    12.050 | r=9.2 c=0.355 n=6      | tot=1 NUOVI=1 | TRACK accr=1480 coppie=261 nuova=84
    320 |    0.0000 |    12.049 | r=9.2 c=0.157 n=6      | tot=1 NUOVI=1 | TRACK accr=1488 coppie=264 nuova=84
    330 |    0.0000 |    12.049 | r=7.2 c=0.297 n=9      | tot=2 NUOVI=2 | TRACK accr=1494 coppie=267 nuova=84
    340 |    0.0000 |    12.049 | r=9.2 c=0.202 n=6      | tot=2 NUOVI=2 | TRACK accr=1505 coppie=269 nuova=84
    350 |    0.0000 |    12.049 | r=7.2 c=0.454 n=10     | tot=2 NUOVI=2 | TRACK accr=1508 coppie=270 nuova=84
    360 |    0.0000 |    12.049 | r=6.8 c=0.274 n=8      | tot=2 NUOVI=2 | TRACK accr=1514 coppie=272 nuova=84
    370 |    0.0000 |    12.049 | r=12.8 c=0.178 n=91    | tot=2 NUOVI=2 | TRACK accr=1524 coppie=276 nuova=84
    380 |    0.0000 |    12.048 | r=7.2 c=0.426 n=10     | tot=2 NUOVI=2 | TRACK accr=1538 coppie=278 nuova=84
    390 |    0.0000 |    12.048 | r=7.2 c=0.359 n=9      | tot=2 NUOVI=2 | TRACK accr=1547 coppie=281 nuova=84
    400 |    0.0000 |    12.048 | r=7.2 c=0.262 n=8      | tot=2 NUOVI=2 | TRACK accr=1557 coppie=287 nuova=84
    410 |    0.0001 |    12.048 | r=12.8 c=0.174 n=97    | tot=2 NUOVI=2 | TRACK accr=1564 coppie=288 nuova=84
    420 |    0.0000 |    12.048 | r=7.8 c=0.326 n=9      | tot=2 NUOVI=2 | TRACK accr=1575 coppie=292 nuova=84
    430 |    0.0000 |    12.047 | r=12.8 c=0.208 n=101   | tot=2 NUOVI=2 | TRACK accr=1591 coppie=298 nuova=84
    440 |    0.0001 |    12.047 | r=7.2 c=0.475 n=9      | tot=2 NUOVI=2 | TRACK accr=1603 coppie=301 nuova=84
    450 |    0.0000 |    12.047 | r=11.2 c=0.199 n=64    | tot=2 NUOVI=2 | TRACK accr=1612 coppie=305 nuova=84
    460 |    0.0000 |    12.047 | r=7.8 c=0.176 n=7      | tot=2 NUOVI=2 | TRACK accr=1625 coppie=312 nuova=84
    470 |    0.0001 |    12.047 | r=3.8 c=0.361 n=6      | tot=2 NUOVI=2 | TRACK accr=1636 coppie=316 nuova=84
    480 |    0.0000 |    12.047 | r=11.2 c=0.105 n=72    | tot=1 NUOVI=1 | TRACK accr=1643 coppie=321 nuova=84
    490 |    0.0000 |    12.046 | r=8.8 c=0.159 n=8      | tot=1 NUOVI=1 | TRACK accr=1648 coppie=324 nuova=84
    500 |    0.0000 |    12.046 | r=11.2 c=0.130 n=73    | tot=1 NUOVI=1 | TRACK accr=1657 coppie=330 nuova=84
    510 |    0.0001 |    12.046 | r=8.8 c=0.134 n=6      | tot=2 NUOVI=2 | TRACK accr=1667 coppie=336 nuova=84
    520 |    0.0000 |    12.046 | r=12.8 c=0.121 n=117   | tot=2 NUOVI=2 | TRACK accr=1669 coppie=337 nuova=84
    530 |    0.0000 |    12.046 | r=12.8 c=0.123 n=118   | tot=2 NUOVI=2 | TRACK accr=1673 coppie=338 nuova=84
    540 |    0.0001 |    12.046 | r=0.8 c=0.172 n=549    | tot=2 NUOVI=2 | TRACK accr=1675 coppie=338 nuova=84
    550 |    0.0000 |    12.045 | r=8.8 c=0.085 n=8      | tot=1 NUOVI=1 | TRACK accr=1682 coppie=343 nuova=84
    560 |    0.0002 |    12.045 | r=0.8 c=0.212 n=557    | tot=1 NUOVI=1 | TRACK accr=1689 coppie=345 nuova=84
    570 |    0.0001 |    12.045 | r=7.8 c=0.069 n=4      | tot=1 NUOVI=1 | TRACK accr=1696 coppie=347 nuova=84
    580 |    0.0002 |    12.045 | r=1.8 c=0.234 n=12     | tot=1 NUOVI=1 | TRACK accr=1706 coppie=352 nuova=84
    590 |    0.0001 |    12.045 | r=0.8 c=0.244 n=584    | tot=1 NUOVI=1 | TRACK accr=1717 coppie=358 nuova=84
    600 |    0.0001 |    12.045 | r=7.8 c=0.185 n=4      | tot=1 NUOVI=1 | TRACK accr=1721 coppie=359 nuova=84
    610 |    0.0001 |    12.044 | r=11.2 c=0.257 n=84    | tot=1 NUOVI=1 | TRACK accr=1725 coppie=362 nuova=84
    620 |    0.0001 |    12.044 | r=11.2 c=0.254 n=88    | tot=1 NUOVI=1 | TRACK accr=1727 coppie=364 nuova=84
    630 |    0.0001 |    12.044 | r=8.2 c=0.208 n=6      | tot=1 NUOVI=1 | TRACK accr=1733 coppie=367 nuova=84
    640 |    0.0001 |    12.044 | r=8.2 c=0.184 n=6      | tot=1 NUOVI=1 | TRACK accr=1740 coppie=369 nuova=84
    650 |    0.0002 |    12.044 | r=7.8 c=0.136 n=4      | tot=1 NUOVI=1 | TRACK accr=1744 coppie=369 nuova=84
    660 |    0.0001 |    12.044 | r=11.2 c=0.236 n=93    | tot=1 NUOVI=1 | TRACK accr=1749 coppie=372 nuova=84
    670 |    0.0003 |    12.043 | r=6.2 c=0.138 n=7      | tot=1 NUOVI=1 | TRACK accr=1757 coppie=378 nuova=84
    680 |    0.0003 |    12.043 | r=12.8 c=0.224 n=158   | tot=1 NUOVI=1 | TRACK accr=1766 coppie=383 nuova=84
    690 |    0.0003 |    12.043 | r=5.8 c=0.241 n=6      | tot=1 NUOVI=1 | TRACK accr=1773 coppie=388 nuova=84
    700 |    0.0003 |    12.043 | r=9.2 c=0.233 n=4      | tot=1 NUOVI=1 | TRACK accr=1777 coppie=390 nuova=84
    710 |    0.0002 |    12.043 | r=6.2 c=0.166 n=7      | tot=1 NUOVI=1 | TRACK accr=1789 coppie=391 nuova=84
    720 |    0.0004 |    12.043 | r=6.2 c=0.333 n=7      | tot=1 NUOVI=1 | TRACK accr=1794 coppie=393 nuova=84
    730 |    0.0002 |    12.042 | r=8.2 c=0.135 n=4      | tot=1 NUOVI=1 | TRACK accr=1798 coppie=396 nuova=84
    740 |    0.0001 |    12.042 | r=4.2 c=0.142 n=4      | tot=1 NUOVI=1 | TRACK accr=1807 coppie=399 nuova=84
    750 |    0.0003 |    12.042 | r=12.8 c=0.228 n=166   | tot=1 NUOVI=1 | TRACK accr=1811 coppie=401 nuova=84
    760 |    0.0002 |    12.042 | r=12.8 c=0.249 n=167   | tot=1 NUOVI=1 | TRACK accr=1820 coppie=404 nuova=84
    770 |    0.0003 |    12.042 | r=5.8 c=0.210 n=7      | tot=2 NUOVI=1 | TRACK accr=1838 coppie=411 nuova=84
    780 |    0.0011 |    12.042 | r=12.8 c=0.253 n=170   | tot=2 NUOVI=1 | TRACK accr=1848 coppie=416 nuova=84
    790 |    0.0006 |    12.042 | r=5.8 c=0.129 n=7      | tot=2 NUOVI=1 | TRACK accr=1857 coppie=420 nuova=84
    800 |    0.0003 |    12.041 | r=12.2 c=0.271 n=338   | tot=2 NUOVI=1 | TRACK accr=1861 coppie=423 nuova=84
    810 |    0.0005 |    12.041 | r=0.8 c=0.252 n=690    | tot=2 NUOVI=1 | TRACK accr=1874 coppie=427 nuova=84
    820 |    0.0006 |    12.041 | r=6.2 c=0.195 n=8      | tot=2 NUOVI=1 | TRACK accr=1880 coppie=430 nuova=84
    830 |    0.0006 |    12.041 | r=7.2 c=0.053 n=8      | tot=2 NUOVI=1 | TRACK accr=1887 coppie=433 nuova=84
    840 |    0.0008 |    12.041 | r=12.8 c=0.256 n=181   | tot=2 NUOVI=0 | TRACK accr=1891 coppie=434 nuova=84
    850 |    0.0005 |    12.041 | r=7.2 c=0.173 n=8      | tot=2 NUOVI=0 | TRACK accr=1896 coppie=439 nuova=84
    860 |    0.0005 |    12.040 | r=12.8 c=0.217 n=186   | tot=2 NUOVI=0 | TRACK accr=1909 coppie=443 nuova=84
    870 |    0.0005 |    12.040 | r=7.8 c=0.174 n=6      | tot=2 NUOVI=0 | TRACK accr=1919 coppie=452 nuova=84
    880 |    0.0005 |    12.040 | r=4.2 c=0.253 n=4      | tot=2 NUOVI=0 | TRACK accr=1924 coppie=453 nuova=84
    890 |    0.0015 |    12.040 | r=5.8 c=0.208 n=6      | tot=2 NUOVI=0 | TRACK accr=1928 coppie=454 nuova=84
    900 |    0.0011 |    12.040 | r=12.8 c=0.240 n=195   | tot=2 NUOVI=0 | TRACK accr=1934 coppie=456 nuova=84
    910 |    0.0004 |    12.040 | r=8.2 c=0.132 n=5      | tot=2 NUOVI=0 | TRACK accr=1947 coppie=459 nuova=84
    920 |    0.0007 |    12.040 | r=12.2 c=0.236 n=336   | tot=2 NUOVI=0 | TRACK accr=1959 coppie=465 nuova=84
    930 |    0.0009 |    12.039 | r=4.8 c=0.204 n=4      | tot=2 NUOVI=0 | TRACK accr=1963 coppie=466 nuova=84
    940 |    0.0011 |    12.039 | r=8.8 c=0.104 n=4      | tot=2 NUOVI=0 | TRACK accr=1976 coppie=469 nuova=84
    950 |    0.0016 |    12.039 | r=2.2 c=0.215 n=12     | tot=2 NUOVI=0 | TRACK accr=1988 coppie=477 nuova=84
    960 |    0.0015 |    12.039 | r=2.2 c=0.192 n=7      | tot=1 NUOVI=0 | TRACK accr=1997 coppie=482 nuova=84
    970 |    0.0023 |    12.039 | r=8.2 c=0.204 n=4      | tot=1 NUOVI=0 | TRACK accr=2004 coppie=488 nuova=84
    980 |    0.0008 |    12.039 | r=8.2 c=0.214 n=5      | tot=1 NUOVI=0 | TRACK accr=2016 coppie=494 nuova=84
    990 |    0.0017 |    12.038 | r=5.2 c=0.244 n=6      | tot=1 NUOVI=0 | TRACK accr=2027 coppie=498 nuova=84
   1000 |    0.0006 |    12.038 | r=12.8 c=0.240 n=215   | tot=1 NUOVI=0 | TRACK accr=2033 coppie=500 nuova=84
   1010 |    0.0013 |    12.038 | r=9.8 c=0.216 n=6      | tot=1 NUOVI=0 | TRACK accr=2040 coppie=505 nuova=84
   1020 |    0.0013 |    12.038 | r=0.8 c=0.256 n=645    | tot=1 NUOVI=0 | TRACK accr=2052 coppie=513 nuova=84
   1030 |    0.0014 |    12.038 | r=9.2 c=0.128 n=4      | tot=1 NUOVI=0 | TRACK accr=2062 coppie=517 nuova=84
   1040 |    0.0009 |    12.038 | r=3.8 c=0.049 n=5      | tot=1 NUOVI=0 | TRACK accr=2078 coppie=527 nuova=84
   1050 |    0.0011 |    12.038 | r=3.8 c=0.167 n=5      | tot=1 NUOVI=1 | TRACK accr=2089 coppie=527 nuova=84
   1060 |    0.0024 |    12.038 | r=12.8 c=0.218 n=221   | tot=1 NUOVI=1 | TRACK accr=2097 coppie=532 nuova=84
   1070 |    0.0017 |    12.037 | r=1.8 c=0.281 n=62     | tot=1 NUOVI=1 | TRACK accr=2100 coppie=533 nuova=84
   1080 |    0.0033 |    12.037 | r=1.8 c=0.286 n=68     | tot=1 NUOVI=1 | TRACK accr=2113 coppie=536 nuova=84
   1090 |    0.0018 |    12.037 | r=12.8 c=0.231 n=221   | tot=1 NUOVI=1 | TRACK accr=2124 coppie=544 nuova=84
   1100 |    0.0014 |    12.037 | r=10.2 c=0.211 n=6     | tot=1 NUOVI=1 | TRACK accr=2131 coppie=548 nuova=84
   1110 |    0.0018 |    12.037 | r=7.2 c=0.250 n=7      | tot=1 NUOVI=1 | TRACK accr=2138 coppie=552 nuova=84
   1120 |    0.0014 |    12.037 | r=7.2 c=0.184 n=7      | tot=1 NUOVI=1 | TRACK accr=2149 coppie=560 nuova=84
   1130 |    0.0017 |    12.037 | r=13.2 c=0.229 n=64    | tot=1 NUOVI=1 | TRACK accr=2159 coppie=565 nuova=84
   1140 |    0.0017 |    12.036 | r=2.8 c=0.233 n=4      | tot=1 NUOVI=1 | TRACK accr=2173 coppie=574 nuova=84
   1150 |    0.0019 |    12.036 | r=2.8 c=0.277 n=4      | tot=1 NUOVI=1 | TRACK accr=2181 coppie=577 nuova=84
   1160 |    0.0036 |    12.036 | r=11.2 c=0.283 n=234   | tot=1 NUOVI=1 | TRACK accr=2194 coppie=582 nuova=84
   1170 |    0.0039 |    12.036 | r=11.2 c=0.273 n=237   | tot=1 NUOVI=1 | TRACK accr=2207 coppie=592 nuova=84
   1180 |    0.0050 |    12.036 | r=12.8 c=0.301 n=209   | tot=1 NUOVI=1 | TRACK accr=2218 coppie=595 nuova=84
   1190 |    0.0066 |    12.036 | r=4.2 c=0.310 n=5      | tot=1 NUOVI=1 | TRACK accr=2231 coppie=603 nuova=84
   1200 |    0.0017 |    12.036 | r=4.2 c=0.177 n=4      | tot=1 NUOVI=1 | TRACK accr=2246 coppie=609 nuova=84
   1210 |    0.0038 |    12.036 | r=12.8 c=0.281 n=380   | tot=1 NUOVI=1 | TRACK accr=2254 coppie=613 nuova=84
   1220 |    0.0058 |    12.035 | r=7.5 c=0.333 n=95     | tot=1 NUOVI=1 | TRACK accr=2266 coppie=617 nuova=84
   1230 |    0.0031 |    12.035 | r=7.5 c=0.320 n=96     | tot=1 NUOVI=1 | TRACK accr=2276 coppie=621 nuova=84
   1240 |    0.0033 |    12.035 | r=7.5 c=0.345 n=96     | tot=1 NUOVI=1 | TRACK accr=2288 coppie=631 nuova=84
   1250 |    0.0037 |    12.035 | r=7.5 c=0.339 n=97     | tot=1 NUOVI=1 | TRACK accr=2295 coppie=636 nuova=84
   1260 |    0.0049 |    12.035 | r=7.5 c=0.347 n=97     | tot=1 NUOVI=1 | TRACK accr=2308 coppie=642 nuova=84
   1270 |    0.0058 |    12.035 | r=8.0 c=0.327 n=25     | tot=1 NUOVI=1 | TRACK accr=2315 coppie=645 nuova=84
   1280 |    0.0035 |    12.034 | r=7.5 c=0.369 n=99     | tot=1 NUOVI=1 | TRACK accr=2322 coppie=652 nuova=84
   1290 |    0.0016 |    12.034 | r=7.5 c=0.344 n=104    | tot=1 NUOVI=1 | TRACK accr=2338 coppie=661 nuova=84
   1300 |    0.0075 |    12.034 | r=7.5 c=0.355 n=105    | tot=1 NUOVI=1 | TRACK accr=2350 coppie=667 nuova=84
   1310 |    0.0057 |    12.034 | r=7.5 c=0.312 n=111    | tot=1 NUOVI=1 | TRACK accr=2357 coppie=670 nuova=84
   1320 |    0.0050 |    12.034 | r=7.5 c=0.320 n=120    | tot=1 NUOVI=1 | TRACK accr=2368 coppie=674 nuova=84
   1330 |    0.0029 |    12.034 | r=7.5 c=0.305 n=119    | tot=1 NUOVI=1 | TRACK accr=2377 coppie=678 nuova=84
   1340 |    0.0070 |    12.034 | r=7.5 c=0.281 n=117    | tot=1 NUOVI=1 | TRACK accr=2385 coppie=682 nuova=84
   1350 |    0.0073 |    12.033 | r=7.5 c=0.244 n=123    | tot=1 NUOVI=1 | TRACK accr=2401 coppie=689 nuova=84
   1360 |    0.0050 |    12.033 | r=7.5 c=0.259 n=125    | tot=1 NUOVI=1 | TRACK accr=2410 coppie=690 nuova=84
   1370 |    0.0060 |    12.033 | r=7.5 c=0.245 n=127    | tot=1 NUOVI=1 | TRACK accr=2424 coppie=697 nuova=84
   1380 |    0.0079 |    12.033 | r=7.5 c=0.252 n=128    | tot=1 NUOVI=1 | TRACK accr=2434 coppie=703 nuova=84
   1390 |    0.0052 |    12.033 | r=7.5 c=0.257 n=129    | tot=1 NUOVI=1 | TRACK accr=2444 coppie=706 nuova=84
   1400 |    0.0049 |    12.033 | r=7.5 c=0.246 n=132    | tot=1 NUOVI=1 | TRACK accr=2452 coppie=711 nuova=84
   1410 |    0.0041 |    12.033 | r=8.0 c=0.241 n=26     | tot=1 NUOVI=1 | TRACK accr=2458 coppie=714 nuova=84
   1420 |    0.0074 |    12.033 | r=8.0 c=0.234 n=25     | tot=1 NUOVI=1 | TRACK accr=2474 coppie=720 nuova=84
   1430 |    0.0075 |    12.033 | r=8.0 c=0.242 n=26     | tot=1 NUOVI=1 | TRACK accr=2479 coppie=723 nuova=84
   1440 |    0.0113 |    12.033 | r=10.2 c=0.134 n=10    | tot=1 NUOVI=1 | TRACK accr=2488 coppie=728 nuova=84
   1450 |    0.0101 |    12.032 | r=10.2 c=0.120 n=10    | tot=2 NUOVI=2 | TRACK accr=2498 coppie=734 nuova=84
   1460 |    0.0069 |    12.032 | r=10.2 c=0.103 n=10    | tot=2 NUOVI=2 | TRACK accr=2510 coppie=741 nuova=84
   1470 |    0.0072 |    12.032 | r=8.0 c=0.257 n=28     | tot=2 NUOVI=1 | TRACK accr=2513 coppie=746 nuova=84
   1480 |    0.0098 |    12.031 | r=8.0 c=0.291 n=27     | tot=2 NUOVI=1 | TRACK accr=2524 coppie=754 nuova=84
   1490 |    0.0096 |    12.031 | r=8.0 c=0.278 n=27     | tot=2 NUOVI=1 | TRACK accr=2533 coppie=760 nuova=84
   1500 |    0.0081 |    12.031 | r=8.0 c=0.272 n=28     | tot=2 NUOVI=1 | TRACK accr=2544 coppie=765 nuova=84
   1510 |    0.0144 |    12.030 | r=8.0 c=0.236 n=29     | tot=2 NUOVI=1 | TRACK accr=2551 coppie=772 nuova=84
   1520 |    0.0069 |    12.030 | r=8.0 c=0.264 n=29     | tot=2 NUOVI=1 | TRACK accr=2558 coppie=776 nuova=84
   1530 |    0.0067 |    12.030 | r=8.0 c=0.267 n=40     | tot=2 NUOVI=1 | TRACK accr=2563 coppie=779 nuova=84
   1540 |    0.0038 |    12.029 | r=7.5 c=0.295 n=192    | tot=2 NUOVI=1 | TRACK accr=2572 coppie=782 nuova=84
   1550 |    0.0133 |    12.029 | r=8.0 c=0.265 n=47     | tot=2 NUOVI=2 | TRACK accr=2581 coppie=788 nuova=84
   1560 |    0.0142 |    12.028 | r=8.0 c=0.259 n=48     | tot=2 NUOVI=2 | TRACK accr=2591 coppie=797 nuova=84
   1570 |    0.0137 |    12.028 | r=8.0 c=0.255 n=52     | tot=2 NUOVI=2 | TRACK accr=2598 coppie=801 nuova=84
   1580 |    0.0162 |    12.028 | r=8.0 c=0.278 n=59     | tot=2 NUOVI=2 | TRACK accr=2607 coppie=801 nuova=84
   1590 |    0.0149 |    12.027 | r=7.5 c=0.291 n=258    | tot=2 NUOVI=2 | TRACK accr=2620 coppie=809 nuova=84
   1600 |    0.0083 |    12.027 | r=7.5 c=0.272 n=278    | tot=2 NUOVI=2 | TRACK accr=2633 coppie=815 nuova=84
   1610 |    0.0099 |    12.026 | r=7.5 c=0.253 n=298    | tot=2 NUOVI=2 | TRACK accr=2640 coppie=818 nuova=84
   1620 |    0.0131 |    12.026 | r=8.0 c=0.251 n=67     | tot=2 NUOVI=2 | TRACK accr=2645 coppie=819 nuova=84
   1630 |    0.0266 |    12.026 | r=7.5 c=0.270 n=340    | tot=2 NUOVI=2 | TRACK accr=2654 coppie=822 nuova=84
   1640 |    0.0142 |    12.025 | r=8.0 c=0.257 n=74     | tot=2 NUOVI=2 | TRACK accr=2663 coppie=832 nuova=84
   1650 |    0.0087 |    12.025 | r=8.0 c=0.227 n=70     | tot=2 NUOVI=2 | TRACK accr=2672 coppie=837 nuova=84
   1660 |    0.0162 |    12.025 | r=8.0 c=0.212 n=72     | tot=2 NUOVI=2 | TRACK accr=2677 coppie=840 nuova=84
   1670 |    0.0201 |    12.024 | r=8.0 c=0.203 n=78     | tot=2 NUOVI=2 | TRACK accr=2689 coppie=846 nuova=84
   1680 |    0.0212 |    12.024 | r=8.0 c=0.246 n=87     | tot=2 NUOVI=2 | TRACK accr=2700 coppie=850 nuova=84
   1690 |    0.0186 |    12.024 | r=8.0 c=0.229 n=96     | tot=2 NUOVI=2 | TRACK accr=2707 coppie=855 nuova=84
   1700 |    0.0364 |    12.023 | r=8.0 c=0.226 n=119    | tot=2 NUOVI=2 | TRACK accr=2713 coppie=857 nuova=84
   1710 |    0.0274 |    12.023 | r=8.0 c=0.219 n=141    | tot=2 NUOVI=2 | TRACK accr=2718 coppie=864 nuova=84
   1720 |    0.0237 |    12.022 | r=8.0 c=0.199 n=162    | tot=2 NUOVI=2 | TRACK accr=2728 coppie=868 nuova=84
   1730 |    0.0301 |    12.022 | r=8.0 c=0.209 n=187    | tot=2 NUOVI=2 | TRACK accr=2732 coppie=872 nuova=84
   1740 |    0.0156 |    12.022 | r=7.5 c=0.236 n=563    | tot=2 NUOVI=2 | TRACK accr=2736 coppie=872 nuova=84
   1750 |    0.0169 |    12.021 | r=8.0 c=0.221 n=223    | tot=2 NUOVI=2 | TRACK accr=2745 coppie=875 nuova=84
   1760 |    0.0157 |    12.021 | r=8.0 c=0.192 n=250    | tot=2 NUOVI=2 | TRACK accr=2756 coppie=881 nuova=84
   1770 |    0.0268 |    12.021 | r=8.0 c=0.196 n=278    | tot=2 NUOVI=2 | TRACK accr=2764 coppie=884 nuova=84
   1780 |    0.0234 |    12.021 | r=8.0 c=0.200 n=291    | tot=2 NUOVI=2 | TRACK accr=2773 coppie=886 nuova=84
   1790 |    0.0207 |    12.021 | r=8.0 c=0.193 n=318    | tot=2 NUOVI=2 | TRACK accr=2785 coppie=890 nuova=84
   1800 |    0.0392 |    12.021 | r=8.0 c=0.183 n=342    | tot=2 NUOVI=2 | TRACK accr=2793 coppie=891 nuova=84
   1810 |    0.0353 |    12.020 | r=8.0 c=0.174 n=354    | tot=2 NUOVI=2 | TRACK accr=2806 coppie=896 nuova=84
   1820 |    0.0234 |    12.020 | r=8.5 c=0.155 n=99     | tot=2 NUOVI=2 | TRACK accr=2814 coppie=899 nuova=84
   1830 |    0.0659 |    12.020 | r=8.5 c=0.180 n=116    | tot=2 NUOVI=2 | TRACK accr=2826 coppie=908 nuova=84
   1840 |    0.0269 |    12.020 | r=8.5 c=0.170 n=123    | tot=2 NUOVI=2 | TRACK accr=2833 coppie=911 nuova=84
   1850 |    0.0467 |    12.020 | r=8.5 c=0.181 n=130    | tot=2 NUOVI=2 | TRACK accr=2837 coppie=913 nuova=84
   1860 |    0.0462 |    12.020 | r=7.5 c=0.194 n=602    | tot=2 NUOVI=2 | TRACK accr=2848 coppie=918 nuova=84
   1870 |    0.0373 |    12.020 | r=7.5 c=0.186 n=594    | tot=2 NUOVI=2 | TRACK accr=2863 coppie=922 nuova=84
   1880 |    0.0290 |    12.020 | r=8.0 c=0.187 n=391    | tot=2 NUOVI=2 | TRACK accr=2874 coppie=927 nuova=84
   1890 |    0.0217 |    12.020 | r=8.0 c=0.164 n=400    | tot=2 NUOVI=2 | TRACK accr=2883 coppie=931 nuova=84
   1900 |    0.0315 |    12.020 | r=8.0 c=0.159 n=424    | tot=2 NUOVI=2 | TRACK accr=2889 coppie=935 nuova=84
   1910 |    0.0307 |    12.020 | r=8.0 c=0.156 n=425    | tot=2 NUOVI=2 | TRACK accr=2898 coppie=941 nuova=84
   1920 |    0.0269 |    12.020 | r=7.5 c=0.164 n=587    | tot=2 NUOVI=2 | TRACK accr=2910 coppie=948 nuova=84
   1930 |    0.0501 |    12.020 | r=7.5 c=0.150 n=582    | tot=2 NUOVI=2 | TRACK accr=2921 coppie=954 nuova=84
   1940 |    0.0412 |    12.020 | r=7.5 c=0.186 n=568    | tot=2 NUOVI=2 | TRACK accr=2932 coppie=956 nuova=84
   1950 |    0.0470 |    12.020 | r=7.5 c=0.156 n=565    | tot=2 NUOVI=2 | TRACK accr=2941 coppie=959 nuova=84
   1960 |    0.0294 |    12.020 | r=7.5 c=0.172 n=569    | tot=2 NUOVI=2 | TRACK accr=2951 coppie=964 nuova=84
   1970 |    0.0421 |    12.020 | r=7.5 c=0.154 n=589    | tot=2 NUOVI=2 | TRACK accr=2965 coppie=970 nuova=84
   1980 |    0.0279 |    12.020 | r=7.5 c=0.147 n=594    | tot=2 NUOVI=2 | TRACK accr=2978 coppie=978 nuova=84
   1990 |    0.0838 |    12.019 | r=7.5 c=0.167 n=606    | tot=2 NUOVI=2 | TRACK accr=2992 coppie=985 nuova=84
   2000 |    0.0415 |    12.019 | r=7.5 c=0.144 n=607    | tot=2 NUOVI=2 | TRACK accr=3003 coppie=991 nuova=84
[batch] log diagnostico completo salvato in out_sync_spinore\on_s3.csv

[batch] completato in 2908.4s, 2000 passi. CSV salvato in out_sync_spinore\cond_on_s3.csv
[batch] LETTURA condensazione: se dens_centrale e n_centrali CRESCONO e frac_nati resta
        ALTA mentre dist_masse NON crolla -> NUOVA massa dal vuoto (non accrescimento).
[batch] LETTURA picchi_nuovi: se picchi_nuovi passa da 0 a >=1 a un certo passo, quello e'
        il momento in cui una MASSA NUOVA si stacca dal vuoto (materia isolata che si crea).
[batch] LETTURA antiguscio: se compare un anello a coerenza_min BASSA (antifase) e raggio
        stabile oltre le masse, con nodi presenti -> GUSCIO DI ANTIFASE che avvolge i nuclei
        = massa di scala superiore (il guscio del sistema e antifase, non materia).
