[spinore-corretto] MASTER: orologio proprio de Broglie + spinore primario complesso _psi_spinor (evaluate-then-commit, |psi|=1)
[sync] aggiornamento sincrono attivo: dph legge la fase dallo snapshot t-1 (Jacobi)
[batch] condensazione: seed=1 passi=2000 ogni=10 sep=6.0 nmasse=2
[batch] leggi attive: GRAV_BIFASE=True SPIN_ORBITA(via SPINORE)=True COPPIA_MIT=1.0 lambda=0.800

passo | dens_centr | dist_masse | ANTIGUSCIO(r,c,n) | PICCHI(tot,NUOVI)
[batch] LOG DIAGNOSTICO COMPLETO  -> out_sync_spinore\off_s1.csv
      0 |    0.0000 |    12.038 | r=8.2 c=0.338 n=6      | tot=1 NUOVI=1 | TRACK accr=744 coppie=0 nuova=80
     10 |    0.0000 |    12.038 | r=8.2 c=0.361 n=6      | tot=1 NUOVI=0 | TRACK accr=791 coppie=18 nuova=80
     20 |    0.0000 |    12.038 | r=5.2 c=0.266 n=6      | tot=1 NUOVI=0 | TRACK accr=932 coppie=59 nuova=80
     30 |    0.0000 |    12.038 | r=5.2 c=0.171 n=6      | tot=1 NUOVI=0 | TRACK accr=1033 coppie=100 nuova=80
     40 |    0.0000 |    12.038 | r=12.2 c=0.264 n=239   | tot=1 NUOVI=0 | TRACK accr=1102 coppie=121 nuova=80
     50 |    0.0000 |    12.038 | r=12.8 c=0.237 n=62    | tot=1 NUOVI=0 | TRACK accr=1153 coppie=139 nuova=80
     60 |    0.0000 |    12.038 | r=5.2 c=0.128 n=4      | tot=1 NUOVI=0 | TRACK accr=1188 coppie=149 nuova=80
     70 |    0.0000 |    12.038 | r=4.8 c=0.072 n=8      | tot=1 NUOVI=0 | TRACK accr=1201 coppie=154 nuova=80
     80 |    0.0000 |    12.038 | r=12.8 c=0.170 n=71    | tot=1 NUOVI=0 | TRACK accr=1218 coppie=161 nuova=80
     90 |    0.0000 |    12.038 | r=12.8 c=0.168 n=71    | tot=1 NUOVI=0 | TRACK accr=1229 coppie=167 nuova=80
    100 |    0.0000 |    12.038 | r=12.8 c=0.150 n=73    | tot=1 NUOVI=0 | TRACK accr=1239 coppie=169 nuova=80
    110 |    0.0000 |    12.038 | r=12.8 c=0.142 n=73    | tot=1 NUOVI=0 | TRACK accr=1242 coppie=170 nuova=80
    120 |    0.0000 |    12.038 | r=12.2 c=0.158 n=262   | tot=1 NUOVI=0 | TRACK accr=1244 coppie=171 nuova=80
    130 |    0.0000 |    12.038 | r=12.8 c=0.152 n=94    | tot=1 NUOVI=0 | TRACK accr=1251 coppie=174 nuova=80
    140 |    0.0000 |    12.038 | r=12.8 c=0.130 n=95    | tot=1 NUOVI=0 | TRACK accr=1251 coppie=174 nuova=80
    150 |    0.0000 |    12.038 | r=12.8 c=0.117 n=91    | tot=1 NUOVI=0 | TRACK accr=1253 coppie=174 nuova=80
    160 |    0.0000 |    12.038 | r=12.2 c=0.141 n=275   | tot=1 NUOVI=0 | TRACK accr=1255 coppie=175 nuova=80
    170 |    0.0000 |    12.037 | r=5.2 c=0.147 n=6      | tot=1 NUOVI=0 | TRACK accr=1261 coppie=177 nuova=80
    180 |    0.0000 |    12.037 | r=0.8 c=0.138 n=373    | tot=1 NUOVI=0 | TRACK accr=1271 coppie=180 nuova=80
    190 |    0.0000 |    12.037 | r=11.8 c=0.046 n=280   | tot=1 NUOVI=0 | TRACK accr=1278 coppie=183 nuova=81
    200 |    0.0000 |    12.037 | r=11.8 c=0.118 n=281   | tot=1 NUOVI=0 | TRACK accr=1286 coppie=188 nuova=81
    210 |    0.0000 |    12.037 | r=12.2 c=0.163 n=316   | tot=1 NUOVI=0 | TRACK accr=1297 coppie=195 nuova=81
    220 |    0.0000 |    12.037 | r=12.2 c=0.207 n=323   | tot=2 NUOVI=0 | TRACK accr=1308 coppie=197 nuova=81
    230 |    0.0000 |    12.037 | r=12.2 c=0.229 n=347   | tot=2 NUOVI=0 | TRACK accr=1324 coppie=205 nuova=81
    240 |    0.0000 |    12.037 | r=6.8 c=0.042 n=10     | tot=2 NUOVI=0 | TRACK accr=1329 coppie=207 nuova=81
    250 |    0.0000 |    12.037 | r=12.8 c=0.250 n=89    | tot=2 NUOVI=0 | TRACK accr=1336 coppie=210 nuova=81
    260 |    0.0000 |    12.037 | r=12.8 c=0.191 n=88    | tot=2 NUOVI=0 | TRACK accr=1337 coppie=210 nuova=81
    270 |    0.0000 |    12.037 | r=6.8 c=0.375 n=9      | tot=2 NUOVI=0 | TRACK accr=1343 coppie=213 nuova=81
    280 |    0.0000 |    12.037 | r=12.8 c=0.116 n=90    | tot=1 NUOVI=0 | TRACK accr=1352 coppie=217 nuova=81
    290 |    0.0000 |    12.037 | r=12.8 c=0.091 n=87    | tot=1 NUOVI=0 | TRACK accr=1360 coppie=223 nuova=81
    300 |    0.0000 |    12.037 | r=12.8 c=0.073 n=86    | tot=1 NUOVI=0 | TRACK accr=1371 coppie=229 nuova=81
    310 |    0.0000 |    12.036 | r=4.8 c=0.312 n=6      | tot=1 NUOVI=0 | TRACK accr=1374 coppie=230 nuova=81
    320 |    0.0000 |    12.036 | r=11.2 c=0.043 n=53    | tot=1 NUOVI=0 | TRACK accr=1379 coppie=233 nuova=81
    330 |    0.0000 |    12.036 | r=12.8 c=0.083 n=87    | tot=1 NUOVI=0 | TRACK accr=1384 coppie=236 nuova=81
    340 |    0.0000 |    12.036 | r=6.8 c=0.045 n=9      | tot=1 NUOVI=0 | TRACK accr=1389 coppie=238 nuova=81
    350 |    0.0000 |    12.036 | r=0.8 c=0.146 n=456    | tot=1 NUOVI=0 | TRACK accr=1397 coppie=242 nuova=81
    360 |    0.0000 |    12.036 | r=11.2 c=0.186 n=54    | tot=1 NUOVI=0 | TRACK accr=1399 coppie=243 nuova=81
    370 |    0.0000 |    12.036 | r=11.2 c=0.217 n=54    | tot=2 NUOVI=0 | TRACK accr=1407 coppie=247 nuova=81
    380 |    0.0000 |    12.036 | r=11.2 c=0.248 n=57    | tot=2 NUOVI=0 | TRACK accr=1408 coppie=249 nuova=81
    390 |    0.0000 |    12.036 | r=11.2 c=0.278 n=56    | tot=1 NUOVI=0 | TRACK accr=1411 coppie=251 nuova=81
    400 |    0.0000 |    12.036 | r=6.8 c=0.190 n=9      | tot=1 NUOVI=0 | TRACK accr=1414 coppie=251 nuova=81
    410 |    0.0000 |    12.036 | r=11.2 c=0.227 n=69    | tot=1 NUOVI=0 | TRACK accr=1416 coppie=253 nuova=81
    420 |    0.0000 |    12.036 | r=11.8 c=0.208 n=310   | tot=1 NUOVI=0 | TRACK accr=1418 coppie=254 nuova=81
    430 |    0.0000 |    12.036 | r=6.2 c=0.221 n=9      | tot=1 NUOVI=0 | TRACK accr=1423 coppie=257 nuova=81
    440 |    0.0001 |    12.036 | r=0.8 c=0.120 n=525    | tot=1 NUOVI=0 | TRACK accr=1428 coppie=258 nuova=81
    450 |    0.0001 |    12.035 | r=12.2 c=0.112 n=397   | tot=1 NUOVI=0 | TRACK accr=1433 coppie=260 nuova=81
    460 |    0.0001 |    12.035 | r=3.8 c=0.099 n=4      | tot=1 NUOVI=0 | TRACK accr=1438 coppie=262 nuova=81
    470 |    0.0001 |    12.035 | r=4.2 c=0.290 n=6      | tot=1 NUOVI=0 | TRACK accr=1449 coppie=270 nuova=81
    480 |    0.0000 |    12.035 | r=11.8 c=0.104 n=329   | tot=1 NUOVI=0 | TRACK accr=1454 coppie=275 nuova=81
    490 |    0.0000 |    12.035 | r=11.8 c=0.100 n=334   | tot=1 NUOVI=0 | TRACK accr=1458 coppie=275 nuova=81
    500 |    0.0001 |    12.035 | r=11.2 c=0.083 n=71    | tot=1 NUOVI=0 | TRACK accr=1463 coppie=277 nuova=81
    510 |    0.0002 |    12.035 | r=11.2 c=0.106 n=71    | tot=1 NUOVI=0 | TRACK accr=1469 coppie=281 nuova=81
    520 |    0.0001 |    12.035 | r=11.2 c=0.145 n=73    | tot=2 NUOVI=0 | TRACK accr=1473 coppie=285 nuova=81
    530 |    0.0001 |    12.035 | r=0.8 c=0.182 n=583    | tot=2 NUOVI=0 | TRACK accr=1476 coppie=287 nuova=81
    540 |    0.0001 |    12.035 | r=4.2 c=0.216 n=6      | tot=2 NUOVI=0 | TRACK accr=1478 coppie=291 nuova=81
    550 |    0.0001 |    12.035 | r=12.8 c=0.162 n=129   | tot=2 NUOVI=0 | TRACK accr=1480 coppie=292 nuova=81
    560 |    0.0002 |    12.035 | r=12.8 c=0.149 n=131   | tot=2 NUOVI=0 | TRACK accr=1482 coppie=293 nuova=81
    570 |    0.0001 |    12.035 | r=12.8 c=0.146 n=132   | tot=2 NUOVI=0 | TRACK accr=1486 coppie=296 nuova=81
    580 |    0.0001 |    12.034 | r=12.8 c=0.149 n=133   | tot=2 NUOVI=0 | TRACK accr=1489 coppie=296 nuova=81
    590 |    0.0002 |    12.034 | r=12.8 c=0.145 n=110   | tot=2 NUOVI=0 | TRACK accr=1495 coppie=299 nuova=81
    600 |    0.0001 |    12.034 | r=12.8 c=0.169 n=133   | tot=1 NUOVI=0 | TRACK accr=1498 coppie=299 nuova=81
    610 |    0.0001 |    12.034 | r=12.8 c=0.099 n=109   | tot=1 NUOVI=0 | TRACK accr=1502 coppie=302 nuova=81
    620 |    0.0004 |    12.034 | r=12.8 c=0.099 n=112   | tot=1 NUOVI=0 | TRACK accr=1505 coppie=303 nuova=81
    630 |    0.0001 |    12.034 | r=12.8 c=0.108 n=113   | tot=1 NUOVI=0 | TRACK accr=1510 coppie=303 nuova=81
    640 |    0.0006 |    12.034 | r=12.8 c=0.101 n=115   | tot=1 NUOVI=0 | TRACK accr=1515 coppie=306 nuova=81
    650 |    0.0002 |    12.034 | r=12.8 c=0.105 n=115   | tot=1 NUOVI=0 | TRACK accr=1520 coppie=310 nuova=81
    660 |    0.0001 |    12.034 | r=12.8 c=0.096 n=116   | tot=1 NUOVI=0 | TRACK accr=1523 coppie=311 nuova=81
    670 |    0.0001 |    12.034 | r=0.8 c=0.089 n=567    | tot=1 NUOVI=0 | TRACK accr=1528 coppie=313 nuova=81
    680 |    0.0003 |    12.034 | r=12.8 c=0.052 n=117   | tot=1 NUOVI=0 | TRACK accr=1534 coppie=317 nuova=81
    690 |    0.0002 |    12.034 | r=12.8 c=0.021 n=116   | tot=1 NUOVI=0 | TRACK accr=1539 coppie=320 nuova=81
    700 |    0.0002 |    12.034 | r=12.8 c=0.078 n=115   | tot=1 NUOVI=0 | TRACK accr=1544 coppie=321 nuova=81
    710 |    0.0004 |    12.034 | r=12.8 c=0.114 n=112   | tot=2 NUOVI=0 | TRACK accr=1548 coppie=323 nuova=81
    720 |    0.0002 |    12.033 | r=7.8 c=0.031 n=8      | tot=2 NUOVI=0 | TRACK accr=1550 coppie=325 nuova=81
    730 |    0.0005 |    12.033 | r=12.8 c=0.148 n=112   | tot=2 NUOVI=0 | TRACK accr=1553 coppie=327 nuova=81
    740 |    0.0002 |    12.033 | r=12.2 c=0.160 n=385   | tot=2 NUOVI=0 | TRACK accr=1556 coppie=328 nuova=81
    750 |    0.0004 |    12.033 | r=6.2 c=0.051 n=6      | tot=2 NUOVI=0 | TRACK accr=1560 coppie=330 nuova=81
    760 |    0.0006 |    12.033 | r=12.2 c=0.176 n=379   | tot=2 NUOVI=0 | TRACK accr=1566 coppie=333 nuova=81
    770 |    0.0006 |    12.033 | r=7.8 c=0.091 n=10     | tot=2 NUOVI=0 | TRACK accr=1570 coppie=335 nuova=81
    780 |    0.0007 |    12.033 | r=12.8 c=0.198 n=122   | tot=2 NUOVI=0 | TRACK accr=1574 coppie=337 nuova=81
    790 |    0.0002 |    12.033 | r=12.8 c=0.198 n=122   | tot=2 NUOVI=0 | TRACK accr=1578 coppie=339 nuova=81
    800 |    0.0004 |    12.033 | r=12.8 c=0.187 n=121   | tot=2 NUOVI=0 | TRACK accr=1583 coppie=340 nuova=81
    810 |    0.0005 |    12.033 | r=7.8 c=0.128 n=8      | tot=2 NUOVI=0 | TRACK accr=1589 coppie=343 nuova=81
    820 |    0.0008 |    12.033 | r=12.8 c=0.175 n=125   | tot=2 NUOVI=0 | TRACK accr=1592 coppie=343 nuova=81
    830 |    0.0008 |    12.033 | r=12.2 c=0.155 n=366   | tot=2 NUOVI=0 | TRACK accr=1600 coppie=347 nuova=81
    840 |    0.0019 |    12.033 | r=12.2 c=0.144 n=361   | tot=1 NUOVI=0 | TRACK accr=1605 coppie=350 nuova=81
    850 |    0.0009 |    12.033 | r=12.8 c=0.153 n=127   | tot=2 NUOVI=0 | TRACK accr=1608 coppie=350 nuova=81
    860 |    0.0008 |    12.033 | r=12.8 c=0.151 n=127   | tot=2 NUOVI=0 | TRACK accr=1612 coppie=351 nuova=81
    870 |    0.0008 |    12.033 | r=12.8 c=0.165 n=128   | tot=2 NUOVI=0 | TRACK accr=1617 coppie=352 nuova=81
    880 |    0.0004 |    12.032 | r=12.8 c=0.170 n=130   | tot=2 NUOVI=0 | TRACK accr=1619 coppie=352 nuova=81
    890 |    0.0007 |    12.032 | r=12.8 c=0.192 n=131   | tot=2 NUOVI=0 | TRACK accr=1623 coppie=353 nuova=81
    900 |    0.0004 |    12.032 | r=0.8 c=0.203 n=722    | tot=2 NUOVI=0 | TRACK accr=1625 coppie=357 nuova=81
    910 |    0.0006 |    12.032 | r=12.8 c=0.173 n=137   | tot=2 NUOVI=0 | TRACK accr=1626 coppie=359 nuova=81
    920 |    0.0004 |    12.032 | r=12.8 c=0.155 n=139   | tot=2 NUOVI=0 | TRACK accr=1633 coppie=364 nuova=81
    930 |    0.0003 |    12.032 | r=12.8 c=0.176 n=141   | tot=2 NUOVI=0 | TRACK accr=1640 coppie=365 nuova=81
    940 |    0.0004 |    12.032 | r=12.8 c=0.171 n=142   | tot=2 NUOVI=0 | TRACK accr=1644 coppie=367 nuova=81
    950 |    0.0007 |    12.032 | r=8.2 c=0.152 n=6      | tot=2 NUOVI=0 | TRACK accr=1650 coppie=371 nuova=81
    960 |    0.0008 |    12.032 | r=12.2 c=0.168 n=344   | tot=2 NUOVI=0 | TRACK accr=1653 coppie=374 nuova=81
    970 |    0.0012 |    12.032 | r=12.2 c=0.188 n=350   | tot=2 NUOVI=0 | TRACK accr=1655 coppie=374 nuova=81
    980 |    0.0016 |    12.032 | r=12.8 c=0.175 n=142   | tot=2 NUOVI=0 | TRACK accr=1659 coppie=378 nuova=81
    990 |    0.0010 |    12.032 | r=12.2 c=0.165 n=347   | tot=2 NUOVI=0 | TRACK accr=1664 coppie=380 nuova=81
   1000 |    0.0016 |    12.032 | r=11.2 c=0.144 n=110   | tot=2 NUOVI=0 | TRACK accr=1668 coppie=385 nuova=81
   1010 |    0.0008 |    12.032 | r=11.2 c=0.133 n=112   | tot=2 NUOVI=0 | TRACK accr=1672 coppie=387 nuova=81
   1020 |    0.0014 |    12.032 | r=11.2 c=0.096 n=121   | tot=2 NUOVI=0 | TRACK accr=1678 coppie=389 nuova=81
   1030 |    0.0012 |    12.032 | r=11.2 c=0.091 n=123   | tot=2 NUOVI=0 | TRACK accr=1679 coppie=390 nuova=81
   1040 |    0.0030 |    12.032 | r=11.2 c=0.110 n=128   | tot=2 NUOVI=0 | TRACK accr=1685 coppie=392 nuova=81
   1050 |    0.0021 |    12.031 | r=9.2 c=0.026 n=6      | tot=2 NUOVI=0 | TRACK accr=1690 coppie=394 nuova=81
   1060 |    0.0017 |    12.031 | r=11.2 c=0.130 n=128   | tot=2 NUOVI=0 | TRACK accr=1695 coppie=397 nuova=81
   1070 |    0.0027 |    12.031 | r=0.8 c=0.139 n=786    | tot=2 NUOVI=0 | TRACK accr=1698 coppie=400 nuova=81
   1080 |    0.0031 |    12.031 | r=12.8 c=0.127 n=165   | tot=2 NUOVI=0 | TRACK accr=1705 coppie=400 nuova=81
   1090 |    0.0012 |    12.031 | r=11.2 c=0.143 n=128   | tot=2 NUOVI=0 | TRACK accr=1710 coppie=403 nuova=81
   1100 |    0.0015 |    12.031 | r=11.2 c=0.137 n=128   | tot=2 NUOVI=0 | TRACK accr=1714 coppie=407 nuova=81
   1110 |    0.0029 |    12.031 | r=11.2 c=0.143 n=130   | tot=2 NUOVI=0 | TRACK accr=1715 coppie=409 nuova=81
   1120 |    0.0014 |    12.031 | r=11.2 c=0.159 n=134   | tot=2 NUOVI=0 | TRACK accr=1721 coppie=411 nuova=81
   1130 |    0.0012 |    12.031 | r=11.2 c=0.125 n=136   | tot=2 NUOVI=0 | TRACK accr=1727 coppie=420 nuova=81
   1140 |    0.0018 |    12.031 | r=11.2 c=0.137 n=140   | tot=2 NUOVI=0 | TRACK accr=1732 coppie=422 nuova=81
   1150 |    0.0010 |    12.031 | r=10.8 c=0.141 n=7     | tot=2 NUOVI=0 | TRACK accr=1736 coppie=424 nuova=81
   1160 |    0.0050 |    12.031 | r=10.8 c=0.161 n=7     | tot=1 NUOVI=0 | TRACK accr=1740 coppie=425 nuova=81
   1170 |    0.0068 |    12.031 | r=10.8 c=0.150 n=7     | tot=1 NUOVI=0 | TRACK accr=1747 coppie=432 nuova=81
   1180 |    0.0063 |    12.031 | r=10.8 c=0.160 n=11    | tot=1 NUOVI=0 | TRACK accr=1753 coppie=433 nuova=81
   1190 |    0.0051 |    12.031 | r=0.8 c=0.185 n=686    | tot=1 NUOVI=0 | TRACK accr=1759 coppie=436 nuova=81
   1200 |    0.0028 |    12.031 | r=0.8 c=0.186 n=658    | tot=1 NUOVI=0 | TRACK accr=1763 coppie=440 nuova=81
   1210 |    0.0023 |    12.031 | r=2.2 c=0.171 n=7      | tot=1 NUOVI=0 | TRACK accr=1765 coppie=441 nuova=81
   1220 |    0.0025 |    12.031 | r=10.8 c=0.189 n=18    | tot=1 NUOVI=0 | TRACK accr=1766 coppie=441 nuova=81
   1230 |    0.0030 |    12.031 | r=7.8 c=0.109 n=6      | tot=1 NUOVI=0 | TRACK accr=1772 coppie=444 nuova=81
   1240 |    0.0011 |    12.031 | r=10.2 c=0.206 n=5     | tot=1 NUOVI=0 | TRACK accr=1781 coppie=447 nuova=81
   1250 |    0.0032 |    12.031 | r=10.2 c=0.165 n=4     | tot=1 NUOVI=0 | TRACK accr=1783 coppie=447 nuova=81
   1260 |    0.0031 |    12.031 | r=10.2 c=0.200 n=4     | tot=1 NUOVI=0 | TRACK accr=1787 coppie=452 nuova=81
   1270 |    0.0028 |    12.031 | r=3.8 c=0.150 n=4      | tot=1 NUOVI=0 | TRACK accr=1796 coppie=454 nuova=81
   1280 |    0.0030 |    12.031 | r=10.2 c=0.215 n=5     | tot=1 NUOVI=0 | TRACK accr=1798 coppie=454 nuova=81
   1290 |    0.0036 |    12.030 | r=10.8 c=0.199 n=46    | tot=1 NUOVI=0 | TRACK accr=1800 coppie=454 nuova=81
   1300 |    0.0056 |    12.030 | r=13.8 c=0.201 n=9     | tot=1 NUOVI=0 | TRACK accr=1808 coppie=457 nuova=81
   1310 |    0.0047 |    12.030 | r=10.2 c=0.164 n=5     | tot=1 NUOVI=0 | TRACK accr=1810 coppie=457 nuova=81
   1320 |    0.0058 |    12.030 | r=10.2 c=0.173 n=6     | tot=1 NUOVI=0 | TRACK accr=1816 coppie=459 nuova=81
   1330 |    0.0038 |    12.030 | r=10.2 c=0.183 n=5     | tot=1 NUOVI=0 | TRACK accr=1825 coppie=467 nuova=81
   1340 |    0.0063 |    12.031 | r=10.2 c=0.189 n=8     | tot=1 NUOVI=0 | TRACK accr=1829 coppie=468 nuova=81
   1350 |    0.0061 |    12.031 | r=7.8 c=0.137 n=6      | tot=1 NUOVI=0 | TRACK accr=1837 coppie=470 nuova=81
   1360 |    0.0078 |    12.031 | r=10.2 c=0.160 n=10    | tot=1 NUOVI=0 | TRACK accr=1844 coppie=475 nuova=81
   1370 |    0.0188 |    12.031 | r=10.2 c=0.148 n=16    | tot=1 NUOVI=0 | TRACK accr=1852 coppie=480 nuova=81
   1380 |    0.0177 |    12.031 | r=10.2 c=0.152 n=20    | tot=1 NUOVI=0 | TRACK accr=1859 coppie=482 nuova=81
   1390 |    0.0104 |    12.031 | r=10.2 c=0.137 n=21    | tot=1 NUOVI=0 | TRACK accr=1865 coppie=486 nuova=81
   1400 |    0.0073 |    12.031 | r=4.2 c=0.093 n=4      | tot=1 NUOVI=0 | TRACK accr=1871 coppie=490 nuova=81
   1410 |    0.0071 |    12.031 | r=10.2 c=0.147 n=35    | tot=1 NUOVI=0 | TRACK accr=1879 coppie=492 nuova=81
   1420 |    0.0087 |    12.031 | r=10.2 c=0.152 n=36    | tot=1 NUOVI=0 | TRACK accr=1887 coppie=496 nuova=81
   1430 |    0.0085 |    12.031 | r=7.8 c=0.231 n=6      | tot=1 NUOVI=1 | TRACK accr=1894 coppie=499 nuova=81
   1440 |    0.0075 |    12.031 | r=10.2 c=0.155 n=8     | tot=1 NUOVI=1 | TRACK accr=1897 coppie=502 nuova=81
   1450 |    0.0096 |    12.031 | r=4.8 c=0.161 n=6      | tot=1 NUOVI=1 | TRACK accr=1902 coppie=504 nuova=81
   1460 |    0.0130 |    12.031 | r=10.2 c=0.210 n=46    | tot=1 NUOVI=1 | TRACK accr=1906 coppie=508 nuova=81
   1470 |    0.0224 |    12.031 | r=1.8 c=0.163 n=327    | tot=1 NUOVI=1 | TRACK accr=1909 coppie=510 nuova=81
   1480 |    0.0095 |    12.031 | r=10.2 c=0.172 n=49    | tot=1 NUOVI=1 | TRACK accr=1914 coppie=512 nuova=81
   1490 |    0.0237 |    12.031 | r=14.2 c=0.144 n=7     | tot=1 NUOVI=1 | TRACK accr=1921 coppie=516 nuova=81
   1500 |    0.0078 |    12.031 | r=8.2 c=0.080 n=4      | tot=1 NUOVI=1 | TRACK accr=1923 coppie=518 nuova=81
   1510 |    0.0167 |    12.030 | r=10.2 c=0.156 n=60    | tot=1 NUOVI=1 | TRACK accr=1928 coppie=521 nuova=81
   1520 |    0.0136 |    12.030 | r=7.5 c=0.225 n=97     | tot=1 NUOVI=1 | TRACK accr=1936 coppie=526 nuova=81
   1530 |    0.0262 |    12.030 | r=8.0 c=0.239 n=29     | tot=1 NUOVI=1 | TRACK accr=1944 coppie=529 nuova=81
   1540 |    0.0109 |    12.030 | r=8.0 c=0.237 n=29     | tot=1 NUOVI=1 | TRACK accr=1948 coppie=531 nuova=81
   1550 |    0.0208 |    12.030 | r=8.0 c=0.179 n=27     | tot=1 NUOVI=1 | TRACK accr=1952 coppie=532 nuova=81
   1560 |    0.0212 |    12.030 | r=8.0 c=0.198 n=26     | tot=1 NUOVI=1 | TRACK accr=1958 coppie=535 nuova=81
   1570 |    0.0114 |    12.030 | r=8.5 c=0.153 n=9      | tot=1 NUOVI=1 | TRACK accr=1960 coppie=535 nuova=81
   1580 |    0.0168 |    12.030 | r=8.5 c=0.179 n=7      | tot=1 NUOVI=1 | TRACK accr=1966 coppie=537 nuova=81
   1590 |    0.0425 |    12.030 | r=8.5 c=0.220 n=8      | tot=1 NUOVI=1 | TRACK accr=1973 coppie=542 nuova=81
   1600 |    0.0320 |    12.030 | r=8.5 c=0.243 n=10     | tot=1 NUOVI=1 | TRACK accr=1977 coppie=545 nuova=81
   1610 |    0.0240 |    12.030 | r=8.5 c=0.224 n=12     | tot=1 NUOVI=1 | TRACK accr=1984 coppie=551 nuova=81
   1620 |    0.0187 |    12.029 | r=8.5 c=0.232 n=12     | tot=1 NUOVI=1 | TRACK accr=1991 coppie=553 nuova=81
   1630 |    0.0234 |    12.029 | r=7.5 c=0.189 n=122    | tot=1 NUOVI=1 | TRACK accr=1996 coppie=555 nuova=81
   1640 |    0.0177 |    12.029 | r=7.5 c=0.225 n=127    | tot=1 NUOVI=1 | TRACK accr=1999 coppie=556 nuova=81
   1650 |    0.0192 |    12.029 | r=7.5 c=0.199 n=129    | tot=1 NUOVI=0 | TRACK accr=2007 coppie=561 nuova=81
   1660 |    0.0312 |    12.029 | r=7.5 c=0.168 n=134    | tot=1 NUOVI=0 | TRACK accr=2021 coppie=569 nuova=81
   1670 |    0.0310 |    12.029 | r=7.5 c=0.150 n=137    | tot=1 NUOVI=1 | TRACK accr=2031 coppie=575 nuova=81
   1680 |    0.0276 |    12.029 | r=7.5 c=0.160 n=132    | tot=1 NUOVI=1 | TRACK accr=2037 coppie=579 nuova=81
   1690 |    0.0322 |    12.029 | r=7.5 c=0.139 n=134    | tot=1 NUOVI=1 | TRACK accr=2043 coppie=586 nuova=81
   1700 |    0.0158 |    12.029 | r=7.5 c=0.128 n=129    | tot=1 NUOVI=1 | TRACK accr=2054 coppie=590 nuova=81
   1710 |    0.0269 |    12.029 | r=7.5 c=0.108 n=120    | tot=1 NUOVI=0 | TRACK accr=2061 coppie=594 nuova=81
   1720 |    0.0181 |    12.029 | r=7.5 c=0.128 n=115    | tot=1 NUOVI=0 | TRACK accr=2066 coppie=600 nuova=81
   1730 |    0.0261 |    12.029 | r=7.5 c=0.162 n=114    | tot=1 NUOVI=0 | TRACK accr=2078 coppie=605 nuova=81
   1740 |    0.0227 |    12.028 | r=7.5 c=0.135 n=109    | tot=1 NUOVI=0 | TRACK accr=2086 coppie=607 nuova=81
   1750 |    0.0312 |    12.028 | r=7.5 c=0.138 n=109    | tot=1 NUOVI=0 | TRACK accr=2095 coppie=614 nuova=81
   1760 |    0.0397 |    12.028 | r=7.5 c=0.167 n=104    | tot=1 NUOVI=0 | TRACK accr=2103 coppie=619 nuova=81
   1770 |    0.0750 |    12.028 | r=7.5 c=0.160 n=103    | tot=1 NUOVI=1 | TRACK accr=2109 coppie=623 nuova=81
   1780 |    0.0172 |    12.028 | r=7.5 c=0.178 n=102    | tot=1 NUOVI=1 | TRACK accr=2118 coppie=630 nuova=81
   1790 |    0.0268 |    12.028 | r=7.5 c=0.205 n=94     | tot=2 NUOVI=0 | TRACK accr=2128 coppie=635 nuova=81
   1800 |    0.0222 |    12.028 | r=8.5 c=0.224 n=41     | tot=2 NUOVI=0 | TRACK accr=2136 coppie=637 nuova=81
   1810 |    0.0197 |    12.028 | r=7.5 c=0.231 n=96     | tot=2 NUOVI=0 | TRACK accr=2140 coppie=640 nuova=81
   1820 |    0.0426 |    12.028 | r=8.0 c=0.233 n=58     | tot=2 NUOVI=0 | TRACK accr=2147 coppie=641 nuova=81
   1830 |    0.0201 |    12.028 | r=8.5 c=0.213 n=33     | tot=2 NUOVI=0 | TRACK accr=2150 coppie=644 nuova=81
   1840 |    0.0415 |    12.028 | r=8.0 c=0.219 n=63     | tot=2 NUOVI=0 | TRACK accr=2163 coppie=648 nuova=81
   1850 |    0.0616 |    12.028 | r=8.5 c=0.228 n=29     | tot=2 NUOVI=1 | TRACK accr=2169 coppie=654 nuova=81
   1860 |    0.0443 |    12.028 | r=7.5 c=0.203 n=122    | tot=1 NUOVI=1 | TRACK accr=2183 coppie=664 nuova=81
   1870 |    0.0507 |    12.028 | r=7.5 c=0.167 n=130    | tot=1 NUOVI=1 | TRACK accr=2191 coppie=666 nuova=81
   1880 |    0.0284 |    12.028 | r=7.5 c=0.182 n=140    | tot=1 NUOVI=1 | TRACK accr=2202 coppie=674 nuova=81
   1890 |    0.0255 |    12.028 | r=8.0 c=0.202 n=66     | tot=1 NUOVI=1 | TRACK accr=2206 coppie=678 nuova=81
   1900 |    0.0281 |    12.028 | r=9.5 c=0.158 n=5      | tot=1 NUOVI=1 | TRACK accr=2213 coppie=684 nuova=81
   1910 |    0.0414 |    12.028 | r=9.5 c=0.177 n=6      | tot=1 NUOVI=1 | TRACK accr=2221 coppie=690 nuova=81
   1920 |    0.0558 |    12.028 | r=7.5 c=0.194 n=202    | tot=1 NUOVI=1 | TRACK accr=2226 coppie=692 nuova=81
   1930 |    0.0366 |    12.028 | r=8.0 c=0.161 n=58     | tot=1 NUOVI=0 | TRACK accr=2233 coppie=693 nuova=81
   1940 |    0.0626 |    12.028 | r=7.5 c=0.205 n=216    | tot=1 NUOVI=0 | TRACK accr=2239 coppie=698 nuova=81
   1950 |    0.0353 |    12.028 | r=7.5 c=0.190 n=226    | tot=1 NUOVI=0 | TRACK accr=2245 coppie=699 nuova=81
   1960 |    0.0458 |    12.028 | r=7.5 c=0.165 n=227    | tot=1 NUOVI=0 | TRACK accr=2251 coppie=703 nuova=81
   1970 |    0.0297 |    12.028 | r=7.5 c=0.157 n=227    | tot=2 NUOVI=0 | TRACK accr=2259 coppie=704 nuova=81
   1980 |    0.0484 |    12.028 | r=7.5 c=0.153 n=229    | tot=2 NUOVI=0 | TRACK accr=2270 coppie=710 nuova=81
   1990 |    0.0313 |    12.028 | r=7.5 c=0.142 n=228    | tot=2 NUOVI=0 | TRACK accr=2277 coppie=712 nuova=81
   2000 |    0.0690 |    12.028 | r=7.5 c=0.157 n=224    | tot=2 NUOVI=0 | TRACK accr=2289 coppie=715 nuova=81
[batch] log diagnostico completo salvato in out_sync_spinore\off_s1.csv

[batch] completato in 2792.1s, 2000 passi. CSV salvato in out_sync_spinore\cond_off_s1.csv
[batch] LETTURA condensazione: se dens_centrale e n_centrali CRESCONO e frac_nati resta
        ALTA mentre dist_masse NON crolla -> NUOVA massa dal vuoto (non accrescimento).
[batch] LETTURA picchi_nuovi: se picchi_nuovi passa da 0 a >=1 a un certo passo, quello e'
        il momento in cui una MASSA NUOVA si stacca dal vuoto (materia isolata che si crea).
[batch] LETTURA antiguscio: se compare un anello a coerenza_min BASSA (antifase) e raggio
        stabile oltre le masse, con nodi presenti -> GUSCIO DI ANTIFASE che avvolge i nuclei
        = massa di scala superiore (il guscio del sistema e antifase, non materia).
