[spinore-corretto] MASTER: orologio proprio de Broglie + spinore primario complesso _psi_spinor (evaluate-then-commit, |psi|=1)
[sync-spinore] Kuramoto SU(2) sugli spinori: torque di allineamento omega_sync = forza*(nb x nb_media) in omega_tot
[sync] aggiornamento sincrono attivo: dph legge la fase dallo snapshot t-1 (Jacobi)
[batch] condensazione: seed=2 passi=2000 ogni=10 sep=6.0 nmasse=2
[batch] leggi attive: GRAV_BIFASE=True SPIN_ORBITA(via SPINORE)=True COPPIA_MIT=1.0 lambda=0.800

passo | dens_centr | dist_masse | ANTIGUSCIO(r,c,n) | PICCHI(tot,NUOVI)
[batch] LOG DIAGNOSTICO COMPLETO  -> out_sync_spinore\on_s2.csv
      0 |    0.0000 |    12.029 | r=8.2 c=0.121 n=6      | tot=2 NUOVI=2 | TRACK accr=744 coppie=0 nuova=80
     10 |    0.0000 |    12.029 | r=7.8 c=0.356 n=10     | tot=2 NUOVI=0 | TRACK accr=778 coppie=14 nuova=81
     20 |    0.0000 |    12.029 | r=5.8 c=0.235 n=7      | tot=2 NUOVI=0 | TRACK accr=1022 coppie=94 nuova=81
     30 |    0.0000 |    12.029 | r=10.8 c=0.293 n=4     | tot=2 NUOVI=0 | TRACK accr=1116 coppie=130 nuova=81
     40 |    0.0000 |    12.029 | r=10.8 c=0.217 n=4     | tot=2 NUOVI=0 | TRACK accr=1229 coppie=161 nuova=81
     50 |    0.0000 |    12.029 | r=10.8 c=0.096 n=4     | tot=2 NUOVI=0 | TRACK accr=1303 coppie=187 nuova=81
     60 |    0.0000 |    12.029 | r=0.8 c=0.271 n=480    | tot=2 NUOVI=1 | TRACK accr=1359 coppie=201 nuova=83
     70 |    0.0000 |    12.029 | r=10.8 c=0.100 n=4     | tot=2 NUOVI=1 | TRACK accr=1393 coppie=218 nuova=83
     80 |    0.0000 |    12.029 | r=9.2 c=0.173 n=4      | tot=2 NUOVI=2 | TRACK accr=1426 coppie=228 nuova=83
     90 |    0.0000 |    12.029 | r=10.8 c=0.146 n=4     | tot=2 NUOVI=2 | TRACK accr=1450 coppie=235 nuova=83
    100 |    0.0000 |    12.029 | r=10.8 c=0.164 n=4     | tot=2 NUOVI=2 | TRACK accr=1464 coppie=238 nuova=83
    110 |    0.0000 |    12.029 | r=10.8 c=0.173 n=4     | tot=2 NUOVI=2 | TRACK accr=1473 coppie=241 nuova=83
    120 |    0.0000 |    12.028 | r=0.8 c=0.235 n=446    | tot=2 NUOVI=2 | TRACK accr=1482 coppie=246 nuova=83
    130 |    0.0000 |    12.028 | r=11.2 c=0.215 n=73    | tot=2 NUOVI=2 | TRACK accr=1489 coppie=247 nuova=84
    140 |    0.0000 |    12.028 | r=3.8 c=0.181 n=4      | tot=2 NUOVI=2 | TRACK accr=1494 coppie=250 nuova=84
    150 |    0.0000 |    12.028 | r=0.8 c=0.199 n=426    | tot=2 NUOVI=2 | TRACK accr=1502 coppie=254 nuova=84
    160 |    0.0000 |    12.028 | r=11.2 c=0.188 n=72    | tot=2 NUOVI=2 | TRACK accr=1512 coppie=257 nuova=84
    170 |    0.0000 |    12.027 | r=3.8 c=0.283 n=4      | tot=2 NUOVI=2 | TRACK accr=1519 coppie=260 nuova=84
    180 |    0.0000 |    12.027 | r=11.8 c=0.188 n=476   | tot=2 NUOVI=2 | TRACK accr=1522 coppie=261 nuova=84
    190 |    0.0000 |    12.027 | r=11.8 c=0.189 n=465   | tot=2 NUOVI=2 | TRACK accr=1523 coppie=264 nuova=84
    200 |    0.0000 |    12.027 | r=11.8 c=0.298 n=230   | tot=2 NUOVI=2 | TRACK accr=1529 coppie=265 nuova=84
    210 |    0.0000 |    12.027 | r=11.8 c=0.282 n=236   | tot=2 NUOVI=2 | TRACK accr=1535 coppie=267 nuova=84
    220 |    0.0000 |    12.026 | r=11.8 c=0.147 n=432   | tot=2 NUOVI=2 | TRACK accr=1546 coppie=269 nuova=84
    230 |    0.0000 |    12.026 | r=0.8 c=0.132 n=458    | tot=2 NUOVI=2 | TRACK accr=1550 coppie=270 nuova=84
    240 |    0.0000 |    12.026 | r=0.8 c=0.123 n=455    | tot=2 NUOVI=2 | TRACK accr=1556 coppie=272 nuova=84
    250 |    0.0000 |    12.026 | r=0.8 c=0.114 n=471    | tot=2 NUOVI=2 | TRACK accr=1566 coppie=277 nuova=84
    260 |    0.0000 |    12.026 | r=6.8 c=0.086 n=7      | tot=2 NUOVI=2 | TRACK accr=1578 coppie=280 nuova=84
    270 |    0.0000 |    12.026 | r=9.2 c=0.297 n=4      | tot=2 NUOVI=2 | TRACK accr=1581 coppie=281 nuova=84
    280 |    0.0000 |    12.025 | r=11.8 c=0.146 n=403   | tot=2 NUOVI=2 | TRACK accr=1587 coppie=282 nuova=84
    290 |    0.0000 |    12.025 | r=12.8 c=0.144 n=94    | tot=1 NUOVI=1 | TRACK accr=1588 coppie=282 nuova=84
    300 |    0.0000 |    12.025 | r=6.8 c=0.066 n=7      | tot=1 NUOVI=1 | TRACK accr=1592 coppie=284 nuova=84
    310 |    0.0000 |    12.025 | r=6.8 c=0.327 n=9      | tot=1 NUOVI=1 | TRACK accr=1595 coppie=287 nuova=84
    320 |    0.0000 |    12.025 | r=8.2 c=0.237 n=11     | tot=1 NUOVI=1 | TRACK accr=1599 coppie=290 nuova=84
    330 |    0.0000 |    12.025 | r=8.2 c=0.155 n=10     | tot=1 NUOVI=1 | TRACK accr=1604 coppie=294 nuova=84
    340 |    0.0000 |    12.025 | r=6.8 c=0.204 n=8      | tot=1 NUOVI=1 | TRACK accr=1609 coppie=296 nuova=84
    350 |    0.0000 |    12.024 | r=12.8 c=0.128 n=107   | tot=2 NUOVI=2 | TRACK accr=1613 coppie=298 nuova=84
    360 |    0.0000 |    12.024 | r=12.8 c=0.108 n=108   | tot=2 NUOVI=2 | TRACK accr=1615 coppie=298 nuova=84
    370 |    0.0000 |    12.024 | r=8.2 c=0.177 n=11     | tot=2 NUOVI=1 | TRACK accr=1621 coppie=300 nuova=84
    380 |    0.0000 |    12.024 | r=12.8 c=0.106 n=113   | tot=1 NUOVI=0 | TRACK accr=1628 coppie=305 nuova=84
    390 |    0.0000 |    12.024 | r=8.2 c=0.249 n=11     | tot=2 NUOVI=1 | TRACK accr=1633 coppie=309 nuova=84
    400 |    0.0000 |    12.024 | r=0.8 c=0.173 n=622    | tot=2 NUOVI=1 | TRACK accr=1639 coppie=312 nuova=84
    410 |    0.0000 |    12.024 | r=8.2 c=0.315 n=11     | tot=2 NUOVI=1 | TRACK accr=1648 coppie=314 nuova=84
    420 |    0.0000 |    12.024 | r=12.8 c=0.150 n=111   | tot=2 NUOVI=1 | TRACK accr=1655 coppie=318 nuova=84
    430 |    0.0000 |    12.023 | r=12.8 c=0.158 n=112   | tot=2 NUOVI=0 | TRACK accr=1661 coppie=320 nuova=84
    440 |    0.0000 |    12.023 | r=11.2 c=0.154 n=91    | tot=2 NUOVI=0 | TRACK accr=1662 coppie=322 nuova=84
    450 |    0.0000 |    12.023 | r=11.2 c=0.157 n=93    | tot=2 NUOVI=0 | TRACK accr=1669 coppie=323 nuova=84
    460 |    0.0001 |    12.023 | r=11.2 c=0.140 n=93    | tot=2 NUOVI=0 | TRACK accr=1673 coppie=324 nuova=84
    470 |    0.0000 |    12.023 | r=8.2 c=0.052 n=12     | tot=2 NUOVI=0 | TRACK accr=1676 coppie=328 nuova=84
    480 |    0.0000 |    12.023 | r=11.2 c=0.194 n=91    | tot=1 NUOVI=0 | TRACK accr=1677 coppie=328 nuova=84
    490 |    0.0000 |    12.023 | r=11.8 c=0.208 n=331   | tot=1 NUOVI=0 | TRACK accr=1687 coppie=334 nuova=84
    500 |    0.0001 |    12.023 | r=7.2 c=0.070 n=10     | tot=1 NUOVI=0 | TRACK accr=1692 coppie=334 nuova=84
    510 |    0.0000 |    12.022 | r=7.2 c=0.326 n=10     | tot=1 NUOVI=0 | TRACK accr=1698 coppie=337 nuova=84
    520 |    0.0000 |    12.022 | r=11.8 c=0.206 n=334   | tot=1 NUOVI=0 | TRACK accr=1707 coppie=344 nuova=84
    530 |    0.0001 |    12.022 | r=3.2 c=0.219 n=4      | tot=1 NUOVI=0 | TRACK accr=1713 coppie=347 nuova=84
    540 |    0.0001 |    12.022 | r=6.8 c=0.219 n=8      | tot=1 NUOVI=0 | TRACK accr=1720 coppie=350 nuova=84
    550 |    0.0001 |    12.022 | r=10.8 c=0.206 n=6     | tot=2 NUOVI=1 | TRACK accr=1730 coppie=353 nuova=84
    560 |    0.0001 |    12.022 | r=11.2 c=0.215 n=95    | tot=2 NUOVI=1 | TRACK accr=1738 coppie=354 nuova=84
    570 |    0.0001 |    12.022 | r=3.8 c=0.117 n=4      | tot=2 NUOVI=1 | TRACK accr=1747 coppie=356 nuova=84
    580 |    0.0001 |    12.022 | r=11.2 c=0.186 n=99    | tot=2 NUOVI=1 | TRACK accr=1758 coppie=363 nuova=84
    590 |    0.0002 |    12.021 | r=11.2 c=0.179 n=97    | tot=2 NUOVI=1 | TRACK accr=1765 coppie=366 nuova=84
    600 |    0.0002 |    12.021 | r=11.2 c=0.161 n=99    | tot=2 NUOVI=1 | TRACK accr=1771 coppie=370 nuova=84
    610 |    0.0002 |    12.021 | r=11.2 c=0.192 n=102   | tot=2 NUOVI=1 | TRACK accr=1780 coppie=374 nuova=84
    620 |    0.0001 |    12.021 | r=6.2 c=0.112 n=5      | tot=2 NUOVI=0 | TRACK accr=1789 coppie=377 nuova=84
    630 |    0.0002 |    12.021 | r=7.2 c=0.165 n=7      | tot=2 NUOVI=0 | TRACK accr=1795 coppie=382 nuova=84
    640 |    0.0002 |    12.021 | r=8.2 c=0.130 n=7      | tot=2 NUOVI=0 | TRACK accr=1801 coppie=383 nuova=84
    650 |    0.0001 |    12.021 | r=11.8 c=0.325 n=401   | tot=2 NUOVI=0 | TRACK accr=1806 coppie=386 nuova=84
    660 |    0.0001 |    12.021 | r=10.8 c=0.211 n=13    | tot=2 NUOVI=0 | TRACK accr=1812 coppie=389 nuova=84
    670 |    0.0001 |    12.020 | r=8.8 c=0.031 n=4      | tot=2 NUOVI=0 | TRACK accr=1816 coppie=390 nuova=84
    680 |    0.0001 |    12.020 | r=11.2 c=0.218 n=112   | tot=2 NUOVI=0 | TRACK accr=1819 coppie=395 nuova=84
    690 |    0.0003 |    12.020 | r=11.2 c=0.234 n=113   | tot=2 NUOVI=0 | TRACK accr=1823 coppie=399 nuova=84
    700 |    0.0002 |    12.020 | r=7.8 c=0.231 n=7      | tot=2 NUOVI=0 | TRACK accr=1828 coppie=403 nuova=84
    710 |    0.0003 |    12.020 | r=8.8 c=0.153 n=4      | tot=2 NUOVI=0 | TRACK accr=1832 coppie=405 nuova=84
    720 |    0.0003 |    12.020 | r=11.2 c=0.240 n=112   | tot=2 NUOVI=0 | TRACK accr=1843 coppie=408 nuova=84
    730 |    0.0003 |    12.020 | r=11.2 c=0.225 n=112   | tot=2 NUOVI=0 | TRACK accr=1850 coppie=412 nuova=84
    740 |    0.0002 |    12.019 | r=6.8 c=0.066 n=6      | tot=2 NUOVI=0 | TRACK accr=1858 coppie=417 nuova=84
    750 |    0.0005 |    12.019 | r=6.8 c=0.213 n=7      | tot=2 NUOVI=0 | TRACK accr=1868 coppie=422 nuova=84
    760 |    0.0004 |    12.019 | r=4.8 c=0.052 n=4      | tot=2 NUOVI=0 | TRACK accr=1872 coppie=423 nuova=84
    770 |    0.0003 |    12.019 | r=11.2 c=0.219 n=115   | tot=2 NUOVI=0 | TRACK accr=1878 coppie=426 nuova=84
    780 |    0.0006 |    12.019 | r=10.2 c=0.224 n=4     | tot=2 NUOVI=0 | TRACK accr=1882 coppie=427 nuova=84
    790 |    0.0003 |    12.019 | r=4.8 c=0.230 n=5      | tot=2 NUOVI=0 | TRACK accr=1884 coppie=428 nuova=84
    800 |    0.0004 |    12.019 | r=12.8 c=0.245 n=126   | tot=2 NUOVI=0 | TRACK accr=1888 coppie=430 nuova=84
    810 |    0.0003 |    12.019 | r=0.8 c=0.240 n=1016   | tot=2 NUOVI=0 | TRACK accr=1895 coppie=435 nuova=84
    820 |    0.0004 |    12.018 | r=11.2 c=0.246 n=129   | tot=2 NUOVI=0 | TRACK accr=1903 coppie=437 nuova=84
    830 |    0.0007 |    12.018 | r=11.2 c=0.243 n=129   | tot=2 NUOVI=0 | TRACK accr=1907 coppie=438 nuova=84
    840 |    0.0007 |    12.018 | r=13.2 c=0.250 n=12    | tot=2 NUOVI=0 | TRACK accr=1913 coppie=441 nuova=84
    850 |    0.0004 |    12.018 | r=8.2 c=0.054 n=4      | tot=2 NUOVI=0 | TRACK accr=1921 coppie=448 nuova=84
    860 |    0.0003 |    12.018 | r=8.2 c=0.234 n=10     | tot=2 NUOVI=0 | TRACK accr=1928 coppie=450 nuova=84
    870 |    0.0005 |    12.018 | r=5.8 c=0.089 n=6      | tot=1 NUOVI=0 | TRACK accr=1936 coppie=453 nuova=84
    880 |    0.0004 |    12.018 | r=10.2 c=0.231 n=4     | tot=1 NUOVI=0 | TRACK accr=1944 coppie=458 nuova=84
    890 |    0.0007 |    12.018 | r=12.8 c=0.265 n=145   | tot=1 NUOVI=0 | TRACK accr=1948 coppie=460 nuova=84
    900 |    0.0003 |    12.018 | r=5.8 c=0.153 n=5      | tot=1 NUOVI=0 | TRACK accr=1957 coppie=467 nuova=84
    910 |    0.0006 |    12.017 | r=7.8 c=0.224 n=10     | tot=1 NUOVI=0 | TRACK accr=1963 coppie=470 nuova=84
    920 |    0.0012 |    12.017 | r=10.2 c=0.231 n=6     | tot=1 NUOVI=0 | TRACK accr=1971 coppie=475 nuova=84
    930 |    0.0009 |    12.017 | r=8.2 c=0.205 n=10     | tot=1 NUOVI=0 | TRACK accr=1986 coppie=483 nuova=84
    940 |    0.0008 |    12.017 | r=8.2 c=0.194 n=5      | tot=1 NUOVI=0 | TRACK accr=1997 coppie=486 nuova=84
    950 |    0.0008 |    12.017 | r=6.8 c=0.123 n=7      | tot=1 NUOVI=0 | TRACK accr=2006 coppie=487 nuova=84
    960 |    0.0014 |    12.017 | r=8.2 c=0.079 n=9      | tot=1 NUOVI=0 | TRACK accr=2016 coppie=493 nuova=84
    970 |    0.0013 |    12.017 | r=13.2 c=0.236 n=13    | tot=1 NUOVI=0 | TRACK accr=2025 coppie=496 nuova=84
    980 |    0.0010 |    12.017 | r=10.2 c=0.181 n=9     | tot=1 NUOVI=0 | TRACK accr=2030 coppie=500 nuova=84
    990 |    0.0013 |    12.017 | r=6.8 c=0.206 n=11     | tot=1 NUOVI=0 | TRACK accr=2033 coppie=502 nuova=84
   1000 |    0.0014 |    12.016 | r=4.2 c=0.189 n=9      | tot=1 NUOVI=0 | TRACK accr=2047 coppie=509 nuova=84
   1010 |    0.0014 |    12.016 | r=10.2 c=0.208 n=10    | tot=1 NUOVI=0 | TRACK accr=2052 coppie=512 nuova=84
   1020 |    0.0011 |    12.016 | r=12.8 c=0.232 n=172   | tot=1 NUOVI=0 | TRACK accr=2065 coppie=518 nuova=84
   1030 |    0.0013 |    12.016 | r=10.2 c=0.214 n=10    | tot=1 NUOVI=0 | TRACK accr=2077 coppie=524 nuova=84
   1040 |    0.0014 |    12.016 | r=12.8 c=0.230 n=180   | tot=1 NUOVI=0 | TRACK accr=2089 coppie=527 nuova=84
   1050 |    0.0018 |    12.016 | r=6.8 c=0.169 n=6      | tot=1 NUOVI=0 | TRACK accr=2101 coppie=534 nuova=84
   1060 |    0.0018 |    12.016 | r=8.2 c=0.197 n=9      | tot=1 NUOVI=0 | TRACK accr=2106 coppie=535 nuova=84
   1070 |    0.0021 |    12.016 | r=7.8 c=0.033 n=6      | tot=1 NUOVI=0 | TRACK accr=2119 coppie=540 nuova=84
   1080 |    0.0029 |    12.016 | r=7.8 c=0.181 n=6      | tot=1 NUOVI=0 | TRACK accr=2129 coppie=544 nuova=84
   1090 |    0.0024 |    12.015 | r=2.2 c=0.194 n=6      | tot=1 NUOVI=0 | TRACK accr=2141 coppie=549 nuova=84
   1100 |    0.0020 |    12.015 | r=12.8 c=0.217 n=190   | tot=1 NUOVI=0 | TRACK accr=2152 coppie=551 nuova=84
   1110 |    0.0028 |    12.015 | r=0.8 c=0.230 n=945    | tot=1 NUOVI=0 | TRACK accr=2170 coppie=559 nuova=84
   1120 |    0.0029 |    12.015 | r=12.8 c=0.214 n=198   | tot=1 NUOVI=0 | TRACK accr=2184 coppie=572 nuova=84
   1130 |    0.0038 |    12.015 | r=12.8 c=0.214 n=203   | tot=1 NUOVI=0 | TRACK accr=2196 coppie=576 nuova=84
   1140 |    0.0021 |    12.015 | r=5.2 c=0.252 n=12     | tot=1 NUOVI=0 | TRACK accr=2210 coppie=582 nuova=84
   1150 |    0.0030 |    12.015 | r=13.2 c=0.188 n=21    | tot=1 NUOVI=0 | TRACK accr=2224 coppie=589 nuova=84
   1160 |    0.0020 |    12.015 | r=13.2 c=0.190 n=24    | tot=1 NUOVI=0 | TRACK accr=2234 coppie=595 nuova=84
   1170 |    0.0031 |    12.014 | r=13.2 c=0.194 n=24    | tot=1 NUOVI=0 | TRACK accr=2246 coppie=596 nuova=84
   1180 |    0.0037 |    12.014 | r=0.8 c=0.219 n=994    | tot=1 NUOVI=0 | TRACK accr=2260 coppie=598 nuova=84
   1190 |    0.0021 |    12.014 | r=7.2 c=0.206 n=11     | tot=1 NUOVI=0 | TRACK accr=2276 coppie=601 nuova=84
   1200 |    0.0048 |    12.014 | r=6.8 c=0.196 n=7      | tot=1 NUOVI=0 | TRACK accr=2286 coppie=606 nuova=84
   1210 |    0.0062 |    12.014 | r=2.2 c=0.252 n=22     | tot=1 NUOVI=0 | TRACK accr=2295 coppie=609 nuova=84
   1220 |    0.0050 |    12.014 | r=5.8 c=0.187 n=7      | tot=1 NUOVI=0 | TRACK accr=2307 coppie=612 nuova=84
   1230 |    0.0053 |    12.014 | r=13.8 c=0.210 n=4     | tot=1 NUOVI=0 | TRACK accr=2315 coppie=615 nuova=84
   1240 |    0.0020 |    12.014 | r=13.8 c=0.156 n=4     | tot=1 NUOVI=0 | TRACK accr=2324 coppie=621 nuova=84
   1250 |    0.0027 |    12.014 | r=8.2 c=0.230 n=6      | tot=1 NUOVI=0 | TRACK accr=2331 coppie=625 nuova=84
   1260 |    0.0024 |    12.013 | r=1.8 c=0.220 n=62     | tot=1 NUOVI=0 | TRACK accr=2345 coppie=633 nuova=84
   1270 |    0.0038 |    12.013 | r=10.2 c=0.213 n=27    | tot=1 NUOVI=0 | TRACK accr=2353 coppie=636 nuova=84
   1280 |    0.0034 |    12.013 | r=2.2 c=0.207 n=72     | tot=1 NUOVI=0 | TRACK accr=2360 coppie=641 nuova=84
   1290 |    0.0026 |    12.013 | r=1.8 c=0.207 n=66     | tot=1 NUOVI=0 | TRACK accr=2366 coppie=647 nuova=84
   1300 |    0.0050 |    12.013 | r=12.8 c=0.169 n=252   | tot=1 NUOVI=0 | TRACK accr=2373 coppie=650 nuova=84
   1310 |    0.0040 |    12.013 | r=6.8 c=0.087 n=8      | tot=1 NUOVI=0 | TRACK accr=2389 coppie=658 nuova=84
   1320 |    0.0052 |    12.013 | r=6.8 c=0.126 n=8      | tot=1 NUOVI=0 | TRACK accr=2395 coppie=663 nuova=84
   1330 |    0.0068 |    12.013 | r=10.2 c=0.129 n=4     | tot=1 NUOVI=0 | TRACK accr=2406 coppie=670 nuova=84
   1340 |    0.0049 |    12.013 | r=4.8 c=0.178 n=4      | tot=1 NUOVI=0 | TRACK accr=2419 coppie=678 nuova=84
   1350 |    0.0064 |    12.013 | r=5.8 c=0.124 n=9      | tot=1 NUOVI=0 | TRACK accr=2426 coppie=682 nuova=84
   1360 |    0.0078 |    12.012 | r=2.2 c=0.201 n=132    | tot=1 NUOVI=0 | TRACK accr=2433 coppie=684 nuova=84
   1370 |    0.0067 |    12.012 | r=2.2 c=0.201 n=139    | tot=1 NUOVI=0 | TRACK accr=2446 coppie=690 nuova=84
   1380 |    0.0037 |    12.012 | r=10.2 c=0.180 n=4     | tot=1 NUOVI=0 | TRACK accr=2451 coppie=691 nuova=84
   1390 |    0.0050 |    12.012 | r=7.5 c=0.285 n=164    | tot=1 NUOVI=0 | TRACK accr=2462 coppie=697 nuova=84
   1400 |    0.0042 |    12.012 | r=7.5 c=0.288 n=164    | tot=1 NUOVI=0 | TRACK accr=2478 coppie=706 nuova=84
   1410 |    0.0096 |    12.012 | r=7.5 c=0.276 n=161    | tot=1 NUOVI=0 | TRACK accr=2488 coppie=709 nuova=84
   1420 |    0.0051 |    12.012 | r=10.2 c=0.136 n=6     | tot=1 NUOVI=0 | TRACK accr=2499 coppie=717 nuova=84
   1430 |    0.0068 |    12.012 | r=10.2 c=0.194 n=6     | tot=1 NUOVI=0 | TRACK accr=2507 coppie=721 nuova=84
   1440 |    0.0116 |    12.012 | r=9.8 c=0.180 n=10     | tot=1 NUOVI=0 | TRACK accr=2517 coppie=729 nuova=84
   1450 |    0.0100 |    12.012 | r=2.2 c=0.198 n=170    | tot=1 NUOVI=0 | TRACK accr=2524 coppie=733 nuova=84
   1460 |    0.0126 |    12.012 | r=7.5 c=0.276 n=169    | tot=1 NUOVI=0 | TRACK accr=2532 coppie=738 nuova=84
   1470 |    0.0109 |    12.012 | r=7.5 c=0.285 n=171    | tot=1 NUOVI=0 | TRACK accr=2540 coppie=744 nuova=84
   1480 |    0.0135 |    12.012 | r=7.5 c=0.313 n=174    | tot=1 NUOVI=0 | TRACK accr=2546 coppie=746 nuova=84
   1490 |    0.0141 |    12.012 | r=7.5 c=0.311 n=178    | tot=1 NUOVI=0 | TRACK accr=2557 coppie=751 nuova=84
   1500 |    0.0173 |    12.012 | r=7.5 c=0.250 n=180    | tot=1 NUOVI=0 | TRACK accr=2567 coppie=758 nuova=84
   1510 |    0.0098 |    12.012 | r=7.5 c=0.232 n=184    | tot=1 NUOVI=0 | TRACK accr=2574 coppie=762 nuova=84
   1520 |    0.0096 |    12.012 | r=7.5 c=0.246 n=189    | tot=1 NUOVI=0 | TRACK accr=2581 coppie=765 nuova=84
   1530 |    0.0126 |    12.012 | r=7.5 c=0.229 n=201    | tot=1 NUOVI=0 | TRACK accr=2594 coppie=770 nuova=84
   1540 |    0.0071 |    12.011 | r=7.5 c=0.240 n=202    | tot=1 NUOVI=0 | TRACK accr=2604 coppie=780 nuova=84
   1550 |    0.0167 |    12.011 | r=7.5 c=0.219 n=209    | tot=1 NUOVI=0 | TRACK accr=2614 coppie=785 nuova=84
   1560 |    0.0084 |    12.011 | r=7.5 c=0.229 n=208    | tot=1 NUOVI=0 | TRACK accr=2624 coppie=790 nuova=84
   1570 |    0.0083 |    12.011 | r=7.5 c=0.217 n=211    | tot=1 NUOVI=0 | TRACK accr=2637 coppie=796 nuova=84
   1580 |    0.0107 |    12.011 | r=7.5 c=0.194 n=215    | tot=1 NUOVI=0 | TRACK accr=2645 coppie=802 nuova=84
   1590 |    0.0136 |    12.011 | r=7.5 c=0.238 n=224    | tot=1 NUOVI=0 | TRACK accr=2648 coppie=807 nuova=84
   1600 |    0.0152 |    12.011 | r=7.5 c=0.218 n=222    | tot=1 NUOVI=0 | TRACK accr=2658 coppie=812 nuova=84
   1610 |    0.0159 |    12.011 | r=7.5 c=0.216 n=226    | tot=1 NUOVI=0 | TRACK accr=2668 coppie=819 nuova=84
   1620 |    0.0167 |    12.011 | r=7.5 c=0.189 n=230    | tot=1 NUOVI=0 | TRACK accr=2677 coppie=823 nuova=84
   1630 |    0.0143 |    12.011 | r=7.5 c=0.194 n=233    | tot=1 NUOVI=0 | TRACK accr=2681 coppie=828 nuova=84
   1640 |    0.0145 |    12.011 | r=7.5 c=0.194 n=232    | tot=1 NUOVI=0 | TRACK accr=2689 coppie=833 nuova=84
   1650 |    0.0107 |    12.011 | r=7.5 c=0.180 n=237    | tot=1 NUOVI=0 | TRACK accr=2693 coppie=836 nuova=84
   1660 |    0.0105 |    12.011 | r=7.5 c=0.167 n=238    | tot=1 NUOVI=0 | TRACK accr=2701 coppie=841 nuova=84
   1670 |    0.0247 |    12.011 | r=7.5 c=0.189 n=242    | tot=1 NUOVI=0 | TRACK accr=2708 coppie=846 nuova=84
   1680 |    0.0087 |    12.011 | r=7.5 c=0.178 n=243    | tot=1 NUOVI=0 | TRACK accr=2716 coppie=851 nuova=84
   1690 |    0.0325 |    12.011 | r=7.5 c=0.188 n=259    | tot=1 NUOVI=0 | TRACK accr=2730 coppie=860 nuova=84
   1700 |    0.0207 |    12.011 | r=7.5 c=0.201 n=263    | tot=1 NUOVI=0 | TRACK accr=2736 coppie=865 nuova=84
   1710 |    0.0174 |    12.011 | r=7.5 c=0.224 n=265    | tot=1 NUOVI=0 | TRACK accr=2745 coppie=868 nuova=84
   1720 |    0.0189 |    12.011 | r=7.5 c=0.188 n=276    | tot=1 NUOVI=0 | TRACK accr=2754 coppie=878 nuova=84
   1730 |    0.0169 |    12.011 | r=7.5 c=0.250 n=297    | tot=1 NUOVI=0 | TRACK accr=2767 coppie=887 nuova=84
   1740 |    0.0227 |    12.010 | r=7.5 c=0.259 n=313    | tot=1 NUOVI=0 | TRACK accr=2784 coppie=898 nuova=84
   1750 |    0.0219 |    12.010 | r=7.5 c=0.246 n=329    | tot=1 NUOVI=0 | TRACK accr=2794 coppie=904 nuova=84
   1760 |    0.0100 |    12.010 | r=7.5 c=0.232 n=343    | tot=1 NUOVI=0 | TRACK accr=2809 coppie=914 nuova=84
   1770 |    0.0218 |    12.010 | r=8.0 c=0.239 n=102    | tot=2 NUOVI=0 | TRACK accr=2822 coppie=918 nuova=84
   1780 |    0.0200 |    12.010 | r=8.0 c=0.226 n=103    | tot=2 NUOVI=0 | TRACK accr=2828 coppie=923 nuova=84
   1790 |    0.0272 |    12.010 | r=7.5 c=0.219 n=367    | tot=2 NUOVI=0 | TRACK accr=2833 coppie=928 nuova=84
   1800 |    0.0344 |    12.010 | r=7.5 c=0.214 n=368    | tot=2 NUOVI=0 | TRACK accr=2839 coppie=931 nuova=84
   1810 |    0.0200 |    12.010 | r=7.5 c=0.227 n=371    | tot=2 NUOVI=0 | TRACK accr=2843 coppie=932 nuova=84
   1820 |    0.0316 |    12.010 | r=8.5 c=0.197 n=46     | tot=2 NUOVI=0 | TRACK accr=2850 coppie=933 nuova=84
   1830 |    0.0334 |    12.009 | r=7.5 c=0.214 n=378    | tot=2 NUOVI=0 | TRACK accr=2857 coppie=938 nuova=84
   1840 |    0.0520 |    12.009 | r=7.5 c=0.222 n=373    | tot=2 NUOVI=0 | TRACK accr=2870 coppie=948 nuova=84
   1850 |    0.0293 |    12.009 | r=7.5 c=0.218 n=382    | tot=2 NUOVI=0 | TRACK accr=2874 coppie=949 nuova=84
   1860 |    0.0326 |    12.009 | r=7.5 c=0.205 n=375    | tot=2 NUOVI=0 | TRACK accr=2881 coppie=954 nuova=84
   1870 |    0.0305 |    12.009 | r=7.5 c=0.213 n=382    | tot=2 NUOVI=0 | TRACK accr=2887 coppie=955 nuova=84
   1880 |    0.0319 |    12.008 | r=7.5 c=0.186 n=396    | tot=2 NUOVI=0 | TRACK accr=2895 coppie=957 nuova=84
   1890 |    0.0271 |    12.008 | r=9.0 c=0.186 n=22     | tot=2 NUOVI=0 | TRACK accr=2903 coppie=961 nuova=84
   1900 |    0.0421 |    12.008 | r=8.0 c=0.200 n=233    | tot=2 NUOVI=0 | TRACK accr=2913 coppie=965 nuova=84
   1910 |    0.0332 |    12.008 | r=8.0 c=0.181 n=248    | tot=2 NUOVI=0 | TRACK accr=2921 coppie=968 nuova=84
   1920 |    0.0327 |    12.008 | r=7.5 c=0.172 n=413    | tot=2 NUOVI=0 | TRACK accr=2931 coppie=973 nuova=84
   1930 |    0.0382 |    12.007 | r=7.5 c=0.159 n=413    | tot=2 NUOVI=0 | TRACK accr=2937 coppie=975 nuova=84
   1940 |    0.0266 |    12.007 | r=7.5 c=0.161 n=404    | tot=2 NUOVI=0 | TRACK accr=2952 coppie=979 nuova=84
   1950 |    0.0340 |    12.007 | r=9.0 c=0.147 n=28     | tot=2 NUOVI=0 | TRACK accr=2967 coppie=982 nuova=84
   1960 |    0.0456 |    12.007 | r=7.5 c=0.172 n=416    | tot=2 NUOVI=0 | TRACK accr=2978 coppie=989 nuova=84
   1970 |    0.0352 |    12.006 | r=7.5 c=0.132 n=423    | tot=2 NUOVI=0 | TRACK accr=2987 coppie=992 nuova=84
   1980 |    0.0292 |    12.006 | r=7.5 c=0.134 n=424    | tot=2 NUOVI=0 | TRACK accr=2993 coppie=999 nuova=84
   1990 |    0.0370 |    12.006 | r=7.5 c=0.148 n=425    | tot=2 NUOVI=0 | TRACK accr=3005 coppie=1004 nuova=84
   2000 |    0.0437 |    12.005 | r=8.0 c=0.136 n=328    | tot=2 NUOVI=0 | TRACK accr=3018 coppie=1012 nuova=84
[batch] log diagnostico completo salvato in out_sync_spinore\on_s2.csv

[batch] completato in 2914.7s, 2000 passi. CSV salvato in out_sync_spinore\cond_on_s2.csv
[batch] LETTURA condensazione: se dens_centrale e n_centrali CRESCONO e frac_nati resta
        ALTA mentre dist_masse NON crolla -> NUOVA massa dal vuoto (non accrescimento).
[batch] LETTURA picchi_nuovi: se picchi_nuovi passa da 0 a >=1 a un certo passo, quello e'
        il momento in cui una MASSA NUOVA si stacca dal vuoto (materia isolata che si crea).
[batch] LETTURA antiguscio: se compare un anello a coerenza_min BASSA (antifase) e raggio
        stabile oltre le masse, con nodi presenti -> GUSCIO DI ANTIFASE che avvolge i nuclei
        = massa di scala superiore (il guscio del sistema e antifase, non materia).
