[spinore-corretto] MASTER: orologio proprio de Broglie + spinore primario complesso _psi_spinor (evaluate-then-commit, |psi|=1)
[sync] aggiornamento sincrono attivo: dph legge la fase dallo snapshot t-1 (Jacobi)
[batch] condensazione: seed=3 passi=2000 ogni=10 sep=6.0 nmasse=2
[batch] leggi attive: GRAV_BIFASE=True SPIN_ORBITA(via SPINORE)=True COPPIA_MIT=1.0 lambda=0.800

passo | dens_centr | dist_masse | ANTIGUSCIO(r,c,n) | PICCHI(tot,NUOVI)
[batch] LOG DIAGNOSTICO COMPLETO  -> out_sync_spinore\off_s3.csv
      0 |    0.0000 |    12.055 | r=5.2 c=0.156 n=8      | tot=2 NUOVI=2 | TRACK accr=744 coppie=0 nuova=80
     10 |    0.0000 |    12.055 | r=6.8 c=0.244 n=5      | tot=2 NUOVI=0 | TRACK accr=805 coppie=24 nuova=81
     20 |    0.0000 |    12.055 | r=7.2 c=0.081 n=11     | tot=2 NUOVI=1 | TRACK accr=939 coppie=69 nuova=81
     30 |    0.0000 |    12.055 | r=8.8 c=0.094 n=7      | tot=2 NUOVI=1 | TRACK accr=1014 coppie=88 nuova=81
     40 |    0.0000 |    12.055 | r=9.2 c=0.298 n=5      | tot=2 NUOVI=0 | TRACK accr=1082 coppie=114 nuova=81
     50 |    0.0000 |    12.055 | r=6.8 c=0.168 n=6      | tot=2 NUOVI=0 | TRACK accr=1122 coppie=125 nuova=81
     60 |    0.0000 |    12.055 | r=4.8 c=0.201 n=9      | tot=2 NUOVI=0 | TRACK accr=1152 coppie=135 nuova=81
     70 |    0.0000 |    12.055 | r=11.2 c=0.231 n=44    | tot=2 NUOVI=0 | TRACK accr=1180 coppie=142 nuova=81
     80 |    0.0000 |    12.055 | r=8.2 c=0.151 n=6      | tot=2 NUOVI=0 | TRACK accr=1203 coppie=152 nuova=82
     90 |    0.0000 |    12.054 | r=11.2 c=0.229 n=44    | tot=2 NUOVI=0 | TRACK accr=1227 coppie=156 nuova=82
    100 |    0.0000 |    12.054 | r=11.2 c=0.236 n=46    | tot=2 NUOVI=0 | TRACK accr=1234 coppie=159 nuova=82
    110 |    0.0000 |    12.054 | r=8.8 c=0.079 n=6      | tot=2 NUOVI=0 | TRACK accr=1240 coppie=163 nuova=82
    120 |    0.0000 |    12.054 | r=11.2 c=0.227 n=48    | tot=2 NUOVI=0 | TRACK accr=1247 coppie=164 nuova=82
    130 |    0.0000 |    12.053 | r=8.8 c=0.079 n=6      | tot=2 NUOVI=0 | TRACK accr=1259 coppie=166 nuova=82
    140 |    0.0000 |    12.053 | r=5.2 c=0.394 n=5      | tot=2 NUOVI=0 | TRACK accr=1263 coppie=166 nuova=82
    150 |    0.0000 |    12.053 | r=11.2 c=0.224 n=50    | tot=2 NUOVI=0 | TRACK accr=1264 coppie=166 nuova=82
    160 |    0.0000 |    12.053 | r=11.2 c=0.209 n=50    | tot=2 NUOVI=0 | TRACK accr=1280 coppie=169 nuova=82
    170 |    0.0000 |    12.052 | r=11.2 c=0.207 n=56    | tot=2 NUOVI=0 | TRACK accr=1290 coppie=172 nuova=82
    180 |    0.0000 |    12.052 | r=11.2 c=0.209 n=59    | tot=2 NUOVI=0 | TRACK accr=1294 coppie=174 nuova=82
    190 |    0.0000 |    12.052 | r=10.2 c=0.162 n=4     | tot=2 NUOVI=0 | TRACK accr=1298 coppie=177 nuova=82
    200 |    0.0000 |    12.052 | r=11.2 c=0.174 n=49    | tot=2 NUOVI=0 | TRACK accr=1299 coppie=177 nuova=82
    210 |    0.0000 |    12.051 | r=11.2 c=0.181 n=49    | tot=2 NUOVI=0 | TRACK accr=1304 coppie=177 nuova=82
    220 |    0.0000 |    12.051 | r=11.2 c=0.177 n=49    | tot=2 NUOVI=0 | TRACK accr=1304 coppie=177 nuova=82
    230 |    0.0000 |    12.051 | r=6.8 c=0.136 n=9      | tot=2 NUOVI=0 | TRACK accr=1306 coppie=180 nuova=82
    240 |    0.0000 |    12.051 | r=11.2 c=0.146 n=61    | tot=2 NUOVI=0 | TRACK accr=1312 coppie=183 nuova=82
    250 |    0.0000 |    12.051 | r=5.2 c=0.090 n=7      | tot=1 NUOVI=0 | TRACK accr=1312 coppie=183 nuova=82
    260 |    0.0000 |    12.050 | r=11.2 c=0.101 n=51    | tot=1 NUOVI=0 | TRACK accr=1313 coppie=186 nuova=82
    270 |    0.0000 |    12.050 | r=12.8 c=0.106 n=77    | tot=2 NUOVI=0 | TRACK accr=1313 coppie=186 nuova=82
    280 |    0.0000 |    12.050 | r=11.2 c=0.103 n=62    | tot=1 NUOVI=0 | TRACK accr=1314 coppie=186 nuova=82
    290 |    0.0000 |    12.050 | r=7.8 c=0.399 n=4      | tot=1 NUOVI=0 | TRACK accr=1316 coppie=186 nuova=82
    300 |    0.0000 |    12.050 | r=6.8 c=0.227 n=8      | tot=1 NUOVI=0 | TRACK accr=1320 coppie=188 nuova=82
    310 |    0.0000 |    12.049 | r=1.8 c=0.299 n=4      | tot=1 NUOVI=0 | TRACK accr=1321 coppie=188 nuova=82
    320 |    0.0000 |    12.049 | r=6.8 c=0.194 n=8      | tot=1 NUOVI=0 | TRACK accr=1325 coppie=190 nuova=82
    330 |    0.0000 |    12.049 | r=6.8 c=0.434 n=8      | tot=1 NUOVI=0 | TRACK accr=1329 coppie=192 nuova=82
    340 |    0.0000 |    12.049 | r=0.8 c=0.124 n=469    | tot=1 NUOVI=0 | TRACK accr=1331 coppie=193 nuova=84
    350 |    0.0000 |    12.049 | r=12.8 c=0.062 n=101   | tot=1 NUOVI=0 | TRACK accr=1334 coppie=197 nuova=84
    360 |    0.0000 |    12.049 | r=12.2 c=0.087 n=406   | tot=1 NUOVI=0 | TRACK accr=1342 coppie=200 nuova=84
    370 |    0.0000 |    12.048 | r=0.8 c=0.139 n=511    | tot=1 NUOVI=0 | TRACK accr=1348 coppie=204 nuova=84
    380 |    0.0000 |    12.048 | r=11.8 c=0.165 n=307   | tot=1 NUOVI=0 | TRACK accr=1351 coppie=205 nuova=84
    390 |    0.0000 |    12.048 | r=11.8 c=0.184 n=310   | tot=1 NUOVI=0 | TRACK accr=1359 coppie=207 nuova=84
    400 |    0.0000 |    12.048 | r=11.8 c=0.205 n=305   | tot=2 NUOVI=0 | TRACK accr=1364 coppie=213 nuova=84
    410 |    0.0000 |    12.048 | r=7.2 c=0.099 n=10     | tot=2 NUOVI=0 | TRACK accr=1369 coppie=215 nuova=84
    420 |    0.0000 |    12.048 | r=6.8 c=0.249 n=9      | tot=2 NUOVI=0 | TRACK accr=1374 coppie=219 nuova=84
    430 |    0.0000 |    12.047 | r=8.8 c=0.276 n=6      | tot=2 NUOVI=1 | TRACK accr=1380 coppie=221 nuova=84
    440 |    0.0000 |    12.047 | r=12.2 c=0.305 n=427   | tot=2 NUOVI=0 | TRACK accr=1387 coppie=227 nuova=84
    450 |    0.0000 |    12.047 | r=8.2 c=0.236 n=7      | tot=2 NUOVI=0 | TRACK accr=1392 coppie=229 nuova=84
    460 |    0.0000 |    12.047 | r=0.8 c=0.335 n=605    | tot=2 NUOVI=0 | TRACK accr=1400 coppie=234 nuova=84
    470 |    0.0001 |    12.047 | r=6.8 c=0.205 n=9      | tot=2 NUOVI=0 | TRACK accr=1402 coppie=234 nuova=84
    480 |    0.0000 |    12.047 | r=7.8 c=0.381 n=6      | tot=2 NUOVI=0 | TRACK accr=1403 coppie=235 nuova=84
    490 |    0.0000 |    12.046 | r=7.2 c=0.288 n=8      | tot=2 NUOVI=0 | TRACK accr=1407 coppie=238 nuova=84
    500 |    0.0001 |    12.046 | r=9.2 c=0.231 n=4      | tot=2 NUOVI=0 | TRACK accr=1413 coppie=242 nuova=84
    510 |    0.0001 |    12.046 | r=2.2 c=0.187 n=4      | tot=2 NUOVI=0 | TRACK accr=1425 coppie=248 nuova=84
    520 |    0.0001 |    12.046 | r=8.2 c=0.169 n=5      | tot=2 NUOVI=0 | TRACK accr=1434 coppie=250 nuova=84
    530 |    0.0000 |    12.046 | r=7.8 c=0.288 n=7      | tot=1 NUOVI=0 | TRACK accr=1437 coppie=252 nuova=84
    540 |    0.0001 |    12.046 | r=6.2 c=0.234 n=5      | tot=1 NUOVI=0 | TRACK accr=1444 coppie=255 nuova=84
    550 |    0.0001 |    12.045 | r=5.2 c=0.205 n=6      | tot=1 NUOVI=0 | TRACK accr=1461 coppie=265 nuova=84
    560 |    0.0001 |    12.045 | r=11.2 c=0.154 n=78    | tot=1 NUOVI=0 | TRACK accr=1475 coppie=271 nuova=84
    570 |    0.0002 |    12.045 | r=8.2 c=0.261 n=8      | tot=1 NUOVI=0 | TRACK accr=1487 coppie=277 nuova=84
    580 |    0.0001 |    12.045 | r=7.8 c=0.194 n=7      | tot=1 NUOVI=0 | TRACK accr=1493 coppie=281 nuova=84
    590 |    0.0001 |    12.045 | r=2.2 c=0.214 n=4      | tot=1 NUOVI=0 | TRACK accr=1501 coppie=286 nuova=84
    600 |    0.0001 |    12.044 | r=8.8 c=0.249 n=6      | tot=1 NUOVI=0 | TRACK accr=1512 coppie=293 nuova=84
    610 |    0.0002 |    12.044 | r=8.8 c=0.157 n=7      | tot=1 NUOVI=0 | TRACK accr=1519 coppie=293 nuova=84
    620 |    0.0001 |    12.044 | r=8.8 c=0.123 n=6      | tot=1 NUOVI=0 | TRACK accr=1535 coppie=301 nuova=84
    630 |    0.0003 |    12.044 | r=4.8 c=0.236 n=5      | tot=1 NUOVI=0 | TRACK accr=1548 coppie=305 nuova=84
    640 |    0.0001 |    12.044 | r=8.8 c=0.085 n=6      | tot=2 NUOVI=0 | TRACK accr=1555 coppie=308 nuova=84
    650 |    0.0003 |    12.043 | r=0.8 c=0.168 n=573    | tot=2 NUOVI=0 | TRACK accr=1560 coppie=311 nuova=84
    660 |    0.0002 |    12.043 | r=11.2 c=0.187 n=85    | tot=2 NUOVI=0 | TRACK accr=1570 coppie=315 nuova=84
    670 |    0.0001 |    12.043 | r=11.2 c=0.187 n=85    | tot=2 NUOVI=0 | TRACK accr=1574 coppie=318 nuova=84
    680 |    0.0002 |    12.043 | r=0.8 c=0.221 n=592    | tot=2 NUOVI=0 | TRACK accr=1579 coppie=322 nuova=84
    690 |    0.0001 |    12.043 | r=10.2 c=0.197 n=6     | tot=2 NUOVI=0 | TRACK accr=1591 coppie=324 nuova=84
    700 |    0.0003 |    12.042 | r=11.2 c=0.242 n=88    | tot=1 NUOVI=0 | TRACK accr=1601 coppie=328 nuova=84
    710 |    0.0004 |    12.042 | r=3.2 c=0.221 n=6      | tot=1 NUOVI=0 | TRACK accr=1611 coppie=331 nuova=84
    720 |    0.0002 |    12.042 | r=4.8 c=0.274 n=5      | tot=1 NUOVI=0 | TRACK accr=1618 coppie=333 nuova=84
    730 |    0.0003 |    12.042 | r=2.2 c=0.223 n=5      | tot=1 NUOVI=0 | TRACK accr=1626 coppie=335 nuova=84
    740 |    0.0003 |    12.042 | r=11.2 c=0.256 n=100   | tot=1 NUOVI=1 | TRACK accr=1641 coppie=346 nuova=84
    750 |    0.0003 |    12.042 | r=10.2 c=0.267 n=4     | tot=1 NUOVI=1 | TRACK accr=1647 coppie=347 nuova=84
    760 |    0.0007 |    12.041 | r=12.8 c=0.243 n=169   | tot=1 NUOVI=1 | TRACK accr=1662 coppie=353 nuova=84
    770 |    0.0003 |    12.041 | r=12.8 c=0.239 n=173   | tot=1 NUOVI=1 | TRACK accr=1669 coppie=358 nuova=84
    780 |    0.0006 |    12.041 | r=7.2 c=0.308 n=10     | tot=2 NUOVI=0 | TRACK accr=1679 coppie=361 nuova=84
    790 |    0.0004 |    12.041 | r=6.2 c=0.242 n=6      | tot=2 NUOVI=0 | TRACK accr=1689 coppie=366 nuova=84
    800 |    0.0005 |    12.041 | r=6.2 c=0.098 n=4      | tot=1 NUOVI=0 | TRACK accr=1698 coppie=373 nuova=84
    810 |    0.0005 |    12.041 | r=12.2 c=0.229 n=289   | tot=2 NUOVI=0 | TRACK accr=1704 coppie=376 nuova=84
    820 |    0.0004 |    12.040 | r=2.2 c=0.147 n=5      | tot=2 NUOVI=0 | TRACK accr=1715 coppie=381 nuova=84
    830 |    0.0006 |    12.040 | r=8.2 c=0.103 n=6      | tot=2 NUOVI=0 | TRACK accr=1724 coppie=387 nuova=84
    840 |    0.0007 |    12.040 | r=2.2 c=0.148 n=5      | tot=2 NUOVI=0 | TRACK accr=1732 coppie=393 nuova=84
    850 |    0.0006 |    12.040 | r=2.2 c=0.219 n=5      | tot=2 NUOVI=1 | TRACK accr=1744 coppie=396 nuova=84
    860 |    0.0005 |    12.040 | r=2.2 c=0.229 n=5      | tot=2 NUOVI=1 | TRACK accr=1752 coppie=398 nuova=84
    870 |    0.0009 |    12.040 | r=2.2 c=0.139 n=5      | tot=2 NUOVI=1 | TRACK accr=1759 coppie=403 nuova=84
    880 |    0.0004 |    12.039 | r=2.2 c=0.171 n=5      | tot=2 NUOVI=1 | TRACK accr=1767 coppie=406 nuova=84
    890 |    0.0007 |    12.039 | r=9.8 c=0.196 n=5      | tot=2 NUOVI=1 | TRACK accr=1778 coppie=414 nuova=84
    900 |    0.0016 |    12.039 | r=8.2 c=0.192 n=6      | tot=2 NUOVI=1 | TRACK accr=1797 coppie=422 nuova=84
    910 |    0.0007 |    12.039 | r=3.8 c=0.137 n=7      | tot=2 NUOVI=1 | TRACK accr=1814 coppie=431 nuova=84
    920 |    0.0014 |    12.039 | r=13.2 c=0.201 n=18    | tot=2 NUOVI=1 | TRACK accr=1823 coppie=436 nuova=84
    930 |    0.0009 |    12.039 | r=13.2 c=0.208 n=20    | tot=1 NUOVI=0 | TRACK accr=1841 coppie=442 nuova=84
    940 |    0.0007 |    12.038 | r=10.2 c=0.106 n=4     | tot=1 NUOVI=0 | TRACK accr=1851 coppie=450 nuova=84
    950 |    0.0013 |    12.038 | r=7.8 c=0.054 n=6      | tot=1 NUOVI=0 | TRACK accr=1864 coppie=458 nuova=84
    960 |    0.0016 |    12.038 | r=9.8 c=0.121 n=7      | tot=1 NUOVI=0 | TRACK accr=1873 coppie=460 nuova=84
    970 |    0.0010 |    12.038 | r=2.2 c=0.209 n=14     | tot=1 NUOVI=0 | TRACK accr=1882 coppie=468 nuova=84
    980 |    0.0014 |    12.038 | r=2.2 c=0.187 n=5      | tot=1 NUOVI=0 | TRACK accr=1894 coppie=474 nuova=84
    990 |    0.0021 |    12.038 | r=7.2 c=0.133 n=12     | tot=1 NUOVI=0 | TRACK accr=1900 coppie=477 nuova=84
   1000 |    0.0018 |    12.038 | r=6.2 c=0.165 n=4      | tot=1 NUOVI=0 | TRACK accr=1908 coppie=479 nuova=84
   1010 |    0.0029 |    12.038 | r=10.2 c=0.191 n=4     | tot=1 NUOVI=0 | TRACK accr=1916 coppie=484 nuova=84
   1020 |    0.0023 |    12.037 | r=10.2 c=0.201 n=4     | tot=1 NUOVI=0 | TRACK accr=1935 coppie=489 nuova=84
   1030 |    0.0018 |    12.037 | r=13.8 c=0.240 n=7     | tot=1 NUOVI=0 | TRACK accr=1943 coppie=493 nuova=84
   1040 |    0.0007 |    12.037 | r=11.2 c=0.280 n=191   | tot=1 NUOVI=0 | TRACK accr=1964 coppie=498 nuova=84
   1050 |    0.0021 |    12.037 | r=6.8 c=0.147 n=6      | tot=1 NUOVI=0 | TRACK accr=1975 coppie=502 nuova=84
   1060 |    0.0016 |    12.037 | r=11.2 c=0.298 n=195   | tot=1 NUOVI=0 | TRACK accr=1990 coppie=508 nuova=84
   1070 |    0.0017 |    12.037 | r=13.8 c=0.228 n=18    | tot=1 NUOVI=0 | TRACK accr=2009 coppie=515 nuova=84
   1080 |    0.0027 |    12.037 | r=9.8 c=0.089 n=4      | tot=1 NUOVI=1 | TRACK accr=2025 coppie=524 nuova=84
   1090 |    0.0032 |    12.037 | r=10.2 c=0.227 n=6     | tot=1 NUOVI=1 | TRACK accr=2035 coppie=528 nuova=84
   1100 |    0.0022 |    12.037 | r=10.2 c=0.226 n=6     | tot=1 NUOVI=1 | TRACK accr=2054 coppie=537 nuova=84
   1110 |    0.0041 |    12.036 | r=5.8 c=0.160 n=6      | tot=1 NUOVI=1 | TRACK accr=2068 coppie=544 nuova=84
   1120 |    0.0054 |    12.036 | r=10.2 c=0.280 n=7     | tot=1 NUOVI=1 | TRACK accr=2079 coppie=548 nuova=84
   1130 |    0.0014 |    12.036 | r=7.2 c=0.095 n=9      | tot=1 NUOVI=1 | TRACK accr=2091 coppie=550 nuova=84
   1140 |    0.0042 |    12.036 | r=4.2 c=0.293 n=5      | tot=1 NUOVI=1 | TRACK accr=2103 coppie=556 nuova=84
   1150 |    0.0037 |    12.036 | r=9.8 c=0.261 n=4      | tot=1 NUOVI=1 | TRACK accr=2124 coppie=569 nuova=84
   1160 |    0.0022 |    12.036 | r=10.2 c=0.236 n=7     | tot=1 NUOVI=1 | TRACK accr=2142 coppie=576 nuova=84
   1170 |    0.0035 |    12.036 | r=6.8 c=0.266 n=8      | tot=1 NUOVI=1 | TRACK accr=2161 coppie=590 nuova=84
   1180 |    0.0035 |    12.036 | r=3.8 c=0.177 n=6      | tot=1 NUOVI=1 | TRACK accr=2172 coppie=593 nuova=84
   1190 |    0.0024 |    12.036 | r=10.2 c=0.235 n=12    | tot=1 NUOVI=1 | TRACK accr=2190 coppie=601 nuova=84
   1200 |    0.0035 |    12.035 | r=3.2 c=0.189 n=5      | tot=1 NUOVI=1 | TRACK accr=2205 coppie=608 nuova=84
   1210 |    0.0044 |    12.035 | r=8.5 c=0.236 n=4      | tot=1 NUOVI=1 | TRACK accr=2219 coppie=614 nuova=84
   1220 |    0.0022 |    12.035 | r=7.5 c=0.293 n=146    | tot=1 NUOVI=1 | TRACK accr=2230 coppie=616 nuova=84
   1230 |    0.0044 |    12.035 | r=8.5 c=0.245 n=5      | tot=1 NUOVI=1 | TRACK accr=2244 coppie=625 nuova=84
   1240 |    0.0044 |    12.035 | r=8.0 c=0.251 n=35     | tot=1 NUOVI=1 | TRACK accr=2255 coppie=630 nuova=84
   1250 |    0.0045 |    12.034 | r=7.5 c=0.255 n=164    | tot=1 NUOVI=1 | TRACK accr=2270 coppie=638 nuova=84
   1260 |    0.0049 |    12.034 | r=7.5 c=0.253 n=167    | tot=1 NUOVI=1 | TRACK accr=2283 coppie=644 nuova=84
   1270 |    0.0044 |    12.034 | r=8.5 c=0.261 n=6      | tot=2 NUOVI=1 | TRACK accr=2294 coppie=651 nuova=84
   1280 |    0.0033 |    12.034 | r=8.0 c=0.260 n=39     | tot=2 NUOVI=1 | TRACK accr=2297 coppie=653 nuova=84
   1290 |    0.0033 |    12.033 | r=7.5 c=0.270 n=187    | tot=2 NUOVI=1 | TRACK accr=2304 coppie=655 nuova=84
   1300 |    0.0034 |    12.033 | r=8.0 c=0.244 n=42     | tot=2 NUOVI=1 | TRACK accr=2316 coppie=665 nuova=84
   1310 |    0.0074 |    12.033 | r=8.5 c=0.228 n=8      | tot=2 NUOVI=1 | TRACK accr=2329 coppie=672 nuova=84
   1320 |    0.0046 |    12.033 | r=7.5 c=0.240 n=215    | tot=2 NUOVI=1 | TRACK accr=2336 coppie=675 nuova=84
   1330 |    0.0063 |    12.033 | r=7.5 c=0.234 n=229    | tot=2 NUOVI=1 | TRACK accr=2346 coppie=680 nuova=84
   1340 |    0.0065 |    12.033 | r=7.5 c=0.257 n=227    | tot=2 NUOVI=1 | TRACK accr=2359 coppie=685 nuova=84
   1350 |    0.0036 |    12.032 | r=7.5 c=0.261 n=223    | tot=2 NUOVI=1 | TRACK accr=2372 coppie=689 nuova=84
   1360 |    0.0060 |    12.032 | r=7.5 c=0.248 n=234    | tot=2 NUOVI=1 | TRACK accr=2382 coppie=694 nuova=84
   1370 |    0.0062 |    12.032 | r=7.5 c=0.262 n=235    | tot=2 NUOVI=1 | TRACK accr=2389 coppie=699 nuova=84
   1380 |    0.0047 |    12.032 | r=7.5 c=0.247 n=237    | tot=2 NUOVI=1 | TRACK accr=2398 coppie=702 nuova=84
   1390 |    0.0033 |    12.032 | r=7.5 c=0.226 n=242    | tot=2 NUOVI=1 | TRACK accr=2409 coppie=705 nuova=84
   1400 |    0.0049 |    12.032 | r=7.5 c=0.225 n=242    | tot=2 NUOVI=1 | TRACK accr=2424 coppie=709 nuova=84
   1410 |    0.0044 |    12.031 | r=7.5 c=0.229 n=256    | tot=2 NUOVI=1 | TRACK accr=2431 coppie=712 nuova=84
   1420 |    0.0044 |    12.031 | r=7.5 c=0.259 n=269    | tot=2 NUOVI=1 | TRACK accr=2443 coppie=716 nuova=84
   1430 |    0.0070 |    12.031 | r=7.5 c=0.268 n=276    | tot=2 NUOVI=1 | TRACK accr=2455 coppie=723 nuova=84
   1440 |    0.0068 |    12.031 | r=7.5 c=0.245 n=278    | tot=2 NUOVI=1 | TRACK accr=2466 coppie=727 nuova=84
   1450 |    0.0102 |    12.031 | r=7.5 c=0.257 n=289    | tot=2 NUOVI=1 | TRACK accr=2476 coppie=733 nuova=84
   1460 |    0.0136 |    12.030 | r=7.5 c=0.264 n=301    | tot=2 NUOVI=1 | TRACK accr=2489 coppie=743 nuova=84
   1470 |    0.0069 |    12.030 | r=7.5 c=0.238 n=307    | tot=2 NUOVI=1 | TRACK accr=2499 coppie=749 nuova=84
   1480 |    0.0083 |    12.030 | r=7.5 c=0.225 n=336    | tot=2 NUOVI=1 | TRACK accr=2512 coppie=754 nuova=84
   1490 |    0.0060 |    12.029 | r=7.5 c=0.241 n=355    | tot=2 NUOVI=1 | TRACK accr=2522 coppie=761 nuova=84
   1500 |    0.0071 |    12.029 | r=7.5 c=0.230 n=381    | tot=2 NUOVI=1 | TRACK accr=2534 coppie=765 nuova=84
   1510 |    0.0105 |    12.029 | r=7.5 c=0.193 n=403    | tot=2 NUOVI=1 | TRACK accr=2544 coppie=769 nuova=84
   1520 |    0.0068 |    12.028 | r=7.5 c=0.223 n=420    | tot=2 NUOVI=1 | TRACK accr=2551 coppie=772 nuova=84
   1530 |    0.0088 |    12.028 | r=7.5 c=0.207 n=430    | tot=2 NUOVI=1 | TRACK accr=2560 coppie=777 nuova=84
   1540 |    0.0187 |    12.028 | r=7.5 c=0.216 n=444    | tot=2 NUOVI=1 | TRACK accr=2568 coppie=780 nuova=84
   1550 |    0.0217 |    12.027 | r=7.5 c=0.251 n=458    | tot=2 NUOVI=1 | TRACK accr=2575 coppie=785 nuova=84
   1560 |    0.0103 |    12.027 | r=9.0 c=0.240 n=4      | tot=2 NUOVI=1 | TRACK accr=2585 coppie=787 nuova=84
   1570 |    0.0124 |    12.027 | r=8.0 c=0.235 n=124    | tot=2 NUOVI=1 | TRACK accr=2595 coppie=790 nuova=84
   1580 |    0.0152 |    12.026 | r=8.0 c=0.203 n=133    | tot=2 NUOVI=1 | TRACK accr=2611 coppie=798 nuova=84
   1590 |    0.0097 |    12.026 | r=8.0 c=0.219 n=140    | tot=2 NUOVI=2 | TRACK accr=2617 coppie=801 nuova=84
   1600 |    0.0127 |    12.026 | r=8.0 c=0.199 n=145    | tot=2 NUOVI=2 | TRACK accr=2623 coppie=804 nuova=84
   1610 |    0.0230 |    12.026 | r=7.5 c=0.216 n=538    | tot=2 NUOVI=2 | TRACK accr=2630 coppie=810 nuova=84
   1620 |    0.0183 |    12.025 | r=7.5 c=0.210 n=546    | tot=2 NUOVI=2 | TRACK accr=2638 coppie=817 nuova=84
   1630 |    0.0167 |    12.025 | r=7.5 c=0.206 n=549    | tot=2 NUOVI=2 | TRACK accr=2644 coppie=822 nuova=84
   1640 |    0.0324 |    12.025 | r=8.0 c=0.200 n=188    | tot=2 NUOVI=2 | TRACK accr=2652 coppie=824 nuova=84
   1650 |    0.0185 |    12.025 | r=8.0 c=0.203 n=200    | tot=2 NUOVI=2 | TRACK accr=2660 coppie=831 nuova=84
   1660 |    0.0192 |    12.024 | r=8.0 c=0.177 n=206    | tot=2 NUOVI=2 | TRACK accr=2671 coppie=840 nuova=84
   1670 |    0.0155 |    12.024 | r=8.0 c=0.164 n=217    | tot=2 NUOVI=1 | TRACK accr=2681 coppie=849 nuova=84
   1680 |    0.0128 |    12.024 | r=8.0 c=0.160 n=235    | tot=2 NUOVI=1 | TRACK accr=2686 coppie=851 nuova=84
   1690 |    0.0248 |    12.023 | r=8.0 c=0.161 n=253    | tot=2 NUOVI=1 | TRACK accr=2702 coppie=858 nuova=84
   1700 |    0.0316 |    12.023 | r=7.5 c=0.189 n=610    | tot=2 NUOVI=1 | TRACK accr=2712 coppie=861 nuova=84
   1710 |    0.0256 |    12.023 | r=8.5 c=0.191 n=56     | tot=1 NUOVI=0 | TRACK accr=2717 coppie=862 nuova=84
   1720 |    0.0149 |    12.023 | r=8.5 c=0.211 n=64     | tot=2 NUOVI=1 | TRACK accr=2727 coppie=865 nuova=84
   1730 |    0.0284 |    12.022 | r=8.0 c=0.213 n=325    | tot=2 NUOVI=1 | TRACK accr=2735 coppie=868 nuova=84
   1740 |    0.0195 |    12.022 | r=8.0 c=0.192 n=349    | tot=2 NUOVI=1 | TRACK accr=2750 coppie=875 nuova=84
   1750 |    0.0156 |    12.021 | r=8.0 c=0.188 n=382    | tot=2 NUOVI=1 | TRACK accr=2765 coppie=883 nuova=84
   1760 |    0.0215 |    12.021 | r=7.5 c=0.185 n=614    | tot=2 NUOVI=1 | TRACK accr=2775 coppie=889 nuova=84
   1770 |    0.0194 |    12.020 | r=8.5 c=0.194 n=97     | tot=2 NUOVI=1 | TRACK accr=2785 coppie=896 nuova=84
   1780 |    0.0370 |    12.020 | r=8.5 c=0.183 n=121    | tot=2 NUOVI=1 | TRACK accr=2796 coppie=903 nuova=84
   1790 |    0.0298 |    12.019 | r=8.0 c=0.197 n=422    | tot=2 NUOVI=1 | TRACK accr=2803 coppie=907 nuova=84
   1800 |    0.0298 |    12.019 | r=8.5 c=0.174 n=163    | tot=2 NUOVI=1 | TRACK accr=2816 coppie=916 nuova=84
   1810 |    0.0408 |    12.018 | r=9.0 c=0.163 n=50     | tot=2 NUOVI=1 | TRACK accr=2831 coppie=922 nuova=84
   1820 |    0.0335 |    12.017 | r=8.0 c=0.173 n=458    | tot=2 NUOVI=1 | TRACK accr=2840 coppie=924 nuova=84
   1830 |    0.0308 |    12.016 | r=8.0 c=0.167 n=454    | tot=2 NUOVI=1 | TRACK accr=2846 coppie=929 nuova=84
   1840 |    0.0306 |    12.016 | r=7.5 c=0.188 n=476    | tot=2 NUOVI=1 | TRACK accr=2860 coppie=938 nuova=84
   1850 |    0.0405 |    12.015 | r=7.5 c=0.152 n=462    | tot=2 NUOVI=1 | TRACK accr=2876 coppie=942 nuova=84
   1860 |    0.0260 |    12.014 | r=7.5 c=0.143 n=453    | tot=2 NUOVI=1 | TRACK accr=2892 coppie=946 nuova=84
   1870 |    0.0278 |    12.013 | r=7.5 c=0.133 n=428    | tot=2 NUOVI=1 | TRACK accr=2907 coppie=954 nuova=84
   1880 |    0.0407 |    12.012 | r=7.5 c=0.153 n=407    | tot=2 NUOVI=1 | TRACK accr=2916 coppie=957 nuova=84
   1890 |    0.0343 |    12.011 | r=7.5 c=0.144 n=402    | tot=2 NUOVI=2 | TRACK accr=2927 coppie=962 nuova=84
   1900 |    0.0418 |    12.011 | r=7.5 c=0.126 n=398    | tot=2 NUOVI=2 | TRACK accr=2938 coppie=970 nuova=84
   1910 |    0.0717 |    12.010 | r=7.5 c=0.163 n=406    | tot=2 NUOVI=2 | TRACK accr=2949 coppie=974 nuova=84
   1920 |    0.0284 |    12.009 | r=7.5 c=0.159 n=405    | tot=2 NUOVI=1 | TRACK accr=2956 coppie=978 nuova=84
   1930 |    0.0443 |    12.009 | r=7.5 c=0.136 n=399    | tot=2 NUOVI=1 | TRACK accr=2970 coppie=988 nuova=84
   1940 |    0.0362 |    12.008 | r=7.5 c=0.151 n=423    | tot=2 NUOVI=1 | TRACK accr=2979 coppie=992 nuova=84
   1950 |    0.0459 |    12.008 | r=7.5 c=0.172 n=438    | tot=2 NUOVI=1 | TRACK accr=2989 coppie=996 nuova=84
   1960 |    0.0333 |    12.007 | r=7.5 c=0.162 n=448    | tot=2 NUOVI=1 | TRACK accr=3001 coppie=1004 nuova=84
   1970 |    0.0470 |    12.007 | r=7.5 c=0.146 n=461    | tot=2 NUOVI=1 | TRACK accr=3013 coppie=1010 nuova=84
   1980 |    0.0761 |    12.007 | r=7.5 c=0.166 n=460    | tot=2 NUOVI=1 | TRACK accr=3026 coppie=1013 nuova=84
   1990 |    0.0827 |    12.006 | r=7.5 c=0.147 n=456    | tot=2 NUOVI=1 | TRACK accr=3039 coppie=1015 nuova=84
   2000 |    0.0567 |    12.006 | r=8.0 c=0.173 n=447    | tot=2 NUOVI=1 | TRACK accr=3052 coppie=1017 nuova=84
[batch] log diagnostico completo salvato in out_sync_spinore\off_s3.csv

[batch] completato in 2865.3s, 2000 passi. CSV salvato in out_sync_spinore\cond_off_s3.csv
[batch] LETTURA condensazione: se dens_centrale e n_centrali CRESCONO e frac_nati resta
        ALTA mentre dist_masse NON crolla -> NUOVA massa dal vuoto (non accrescimento).
[batch] LETTURA picchi_nuovi: se picchi_nuovi passa da 0 a >=1 a un certo passo, quello e'
        il momento in cui una MASSA NUOVA si stacca dal vuoto (materia isolata che si crea).
[batch] LETTURA antiguscio: se compare un anello a coerenza_min BASSA (antifase) e raggio
        stabile oltre le masse, con nodi presenti -> GUSCIO DI ANTIFASE che avvolge i nuclei
        = massa di scala superiore (il guscio del sistema e antifase, non materia).
