[spinore-corretto] MASTER: orologio proprio de Broglie + spinore primario complesso _psi_spinor (evaluate-then-commit, |psi|=1)
[sync-spinore] Kuramoto SU(2) sugli spinori: torque di allineamento omega_sync = forza*(nb x nb_media) in omega_tot
[sync] aggiornamento sincrono attivo: dph legge la fase dallo snapshot t-1 (Jacobi)
[batch] condensazione: seed=1 passi=2000 ogni=10 sep=6.0 nmasse=2
[batch] leggi attive: GRAV_BIFASE=True SPIN_ORBITA(via SPINORE)=True COPPIA_MIT=1.0 lambda=0.800

passo | dens_centr | dist_masse | ANTIGUSCIO(r,c,n) | PICCHI(tot,NUOVI)
[batch] LOG DIAGNOSTICO COMPLETO  -> out_sync_spinore\on_s1.csv
      0 |    0.0000 |    12.038 | r=8.2 c=0.338 n=6      | tot=1 NUOVI=1 | TRACK accr=744 coppie=0 nuova=80
     10 |    0.0000 |    12.038 | r=8.2 c=0.361 n=6      | tot=1 NUOVI=0 | TRACK accr=791 coppie=18 nuova=80
     20 |    0.0000 |    12.038 | r=5.2 c=0.248 n=6      | tot=1 NUOVI=0 | TRACK accr=941 coppie=73 nuova=80
     30 |    0.0000 |    12.038 | r=5.8 c=0.263 n=11     | tot=1 NUOVI=0 | TRACK accr=1048 coppie=105 nuova=80
     40 |    0.0000 |    12.038 | r=11.2 c=0.277 n=44    | tot=1 NUOVI=0 | TRACK accr=1111 coppie=126 nuova=80
     50 |    0.0000 |    12.038 | r=11.2 c=0.255 n=48    | tot=1 NUOVI=0 | TRACK accr=1145 coppie=142 nuova=80
     60 |    0.0000 |    12.038 | r=5.2 c=0.241 n=4      | tot=1 NUOVI=0 | TRACK accr=1181 coppie=155 nuova=80
     70 |    0.0000 |    12.038 | r=12.8 c=0.141 n=72    | tot=1 NUOVI=0 | TRACK accr=1211 coppie=164 nuova=80
     80 |    0.0000 |    12.038 | r=12.2 c=0.081 n=243   | tot=1 NUOVI=0 | TRACK accr=1232 coppie=172 nuova=80
     90 |    0.0000 |    12.038 | r=12.2 c=0.105 n=247   | tot=1 NUOVI=0 | TRACK accr=1243 coppie=178 nuova=80
    100 |    0.0000 |    12.038 | r=12.2 c=0.164 n=256   | tot=2 NUOVI=0 | TRACK accr=1259 coppie=184 nuova=80
    110 |    0.0000 |    12.038 | r=12.8 c=0.196 n=89    | tot=2 NUOVI=0 | TRACK accr=1269 coppie=191 nuova=80
    120 |    0.0000 |    12.038 | r=12.8 c=0.173 n=90    | tot=2 NUOVI=0 | TRACK accr=1274 coppie=192 nuova=80
    130 |    0.0000 |    12.038 | r=6.8 c=0.163 n=8      | tot=2 NUOVI=0 | TRACK accr=1279 coppie=196 nuova=80
    140 |    0.0000 |    12.038 | r=0.8 c=0.169 n=385    | tot=2 NUOVI=0 | TRACK accr=1284 coppie=197 nuova=80
    150 |    0.0000 |    12.038 | r=12.8 c=0.142 n=88    | tot=2 NUOVI=0 | TRACK accr=1291 coppie=201 nuova=80
    160 |    0.0000 |    12.038 | r=4.8 c=0.134 n=5      | tot=2 NUOVI=0 | TRACK accr=1293 coppie=201 nuova=80
    170 |    0.0000 |    12.037 | r=12.8 c=0.165 n=90    | tot=2 NUOVI=0 | TRACK accr=1297 coppie=201 nuova=80
    180 |    0.0000 |    12.037 | r=12.8 c=0.189 n=93    | tot=2 NUOVI=0 | TRACK accr=1301 coppie=203 nuova=80
    190 |    0.0000 |    12.037 | r=6.8 c=0.220 n=10     | tot=2 NUOVI=0 | TRACK accr=1305 coppie=204 nuova=80
    200 |    0.0000 |    12.037 | r=6.8 c=0.176 n=10     | tot=2 NUOVI=0 | TRACK accr=1311 coppie=206 nuova=80
    210 |    0.0000 |    12.037 | r=12.8 c=0.299 n=82    | tot=2 NUOVI=0 | TRACK accr=1316 coppie=208 nuova=80
    220 |    0.0000 |    12.037 | r=4.2 c=0.261 n=4      | tot=2 NUOVI=0 | TRACK accr=1318 coppie=209 nuova=80
    230 |    0.0000 |    12.037 | r=6.2 c=0.225 n=8      | tot=2 NUOVI=0 | TRACK accr=1321 coppie=210 nuova=80
    240 |    0.0000 |    12.037 | r=11.2 c=0.336 n=53    | tot=2 NUOVI=0 | TRACK accr=1325 coppie=211 nuova=80
    250 |    0.0000 |    12.037 | r=6.8 c=0.391 n=10     | tot=2 NUOVI=0 | TRACK accr=1328 coppie=213 nuova=80
    260 |    0.0000 |    12.037 | r=6.8 c=0.163 n=10     | tot=2 NUOVI=0 | TRACK accr=1329 coppie=213 nuova=80
    270 |    0.0000 |    12.037 | r=12.8 c=0.182 n=93    | tot=2 NUOVI=0 | TRACK accr=1331 coppie=214 nuova=80
    280 |    0.0000 |    12.037 | r=12.2 c=0.131 n=395   | tot=1 NUOVI=0 | TRACK accr=1332 coppie=215 nuova=80
    290 |    0.0000 |    12.037 | r=6.8 c=0.302 n=10     | tot=1 NUOVI=0 | TRACK accr=1337 coppie=215 nuova=80
    300 |    0.0000 |    12.036 | r=6.8 c=0.065 n=10     | tot=1 NUOVI=0 | TRACK accr=1337 coppie=216 nuova=80
    310 |    0.0000 |    12.036 | r=11.2 c=0.109 n=54    | tot=2 NUOVI=0 | TRACK accr=1343 coppie=220 nuova=80
    320 |    0.0000 |    12.036 | r=11.2 c=0.134 n=56    | tot=2 NUOVI=0 | TRACK accr=1345 coppie=221 nuova=80
    330 |    0.0000 |    12.036 | r=11.2 c=0.162 n=58    | tot=1 NUOVI=0 | TRACK accr=1354 coppie=225 nuova=80
    340 |    0.0000 |    12.036 | r=11.2 c=0.207 n=61    | tot=1 NUOVI=0 | TRACK accr=1363 coppie=229 nuova=80
    350 |    0.0000 |    12.036 | r=6.8 c=0.112 n=8      | tot=1 NUOVI=0 | TRACK accr=1371 coppie=234 nuova=80
    360 |    0.0000 |    12.036 | r=6.8 c=0.207 n=8      | tot=1 NUOVI=0 | TRACK accr=1380 coppie=238 nuova=80
    370 |    0.0000 |    12.036 | r=4.2 c=0.056 n=4      | tot=1 NUOVI=0 | TRACK accr=1387 coppie=240 nuova=80
    380 |    0.0000 |    12.036 | r=12.8 c=0.276 n=97    | tot=1 NUOVI=0 | TRACK accr=1394 coppie=246 nuova=80
    390 |    0.0000 |    12.036 | r=12.8 c=0.274 n=98    | tot=1 NUOVI=0 | TRACK accr=1397 coppie=248 nuova=80
    400 |    0.0000 |    12.036 | r=7.2 c=0.236 n=10     | tot=1 NUOVI=0 | TRACK accr=1407 coppie=251 nuova=80
    410 |    0.0000 |    12.036 | r=7.2 c=0.211 n=9      | tot=1 NUOVI=0 | TRACK accr=1411 coppie=252 nuova=80
    420 |    0.0000 |    12.036 | r=6.8 c=0.049 n=9      | tot=1 NUOVI=0 | TRACK accr=1413 coppie=254 nuova=80
    430 |    0.0000 |    12.035 | r=6.8 c=0.268 n=8      | tot=1 NUOVI=0 | TRACK accr=1417 coppie=259 nuova=80
    440 |    0.0000 |    12.035 | r=6.8 c=0.108 n=9      | tot=1 NUOVI=0 | TRACK accr=1425 coppie=263 nuova=80
    450 |    0.0001 |    12.035 | r=12.8 c=0.264 n=103   | tot=1 NUOVI=0 | TRACK accr=1431 coppie=269 nuova=80
    460 |    0.0000 |    12.035 | r=12.8 c=0.270 n=104   | tot=1 NUOVI=0 | TRACK accr=1435 coppie=270 nuova=80
    470 |    0.0001 |    12.035 | r=12.8 c=0.271 n=104   | tot=1 NUOVI=0 | TRACK accr=1437 coppie=270 nuova=80
    480 |    0.0000 |    12.035 | r=12.8 c=0.253 n=104   | tot=1 NUOVI=0 | TRACK accr=1442 coppie=272 nuova=80
    490 |    0.0001 |    12.035 | r=6.8 c=0.333 n=10     | tot=1 NUOVI=0 | TRACK accr=1444 coppie=273 nuova=80
    500 |    0.0001 |    12.035 | r=4.8 c=0.229 n=6      | tot=1 NUOVI=0 | TRACK accr=1449 coppie=274 nuova=80
    510 |    0.0001 |    12.035 | r=12.8 c=0.200 n=109   | tot=1 NUOVI=0 | TRACK accr=1459 coppie=279 nuova=80
    520 |    0.0003 |    12.035 | r=12.8 c=0.212 n=110   | tot=1 NUOVI=0 | TRACK accr=1465 coppie=282 nuova=80
    530 |    0.0002 |    12.035 | r=12.8 c=0.200 n=112   | tot=2 NUOVI=0 | TRACK accr=1477 coppie=289 nuova=80
    540 |    0.0001 |    12.034 | r=12.8 c=0.207 n=115   | tot=2 NUOVI=0 | TRACK accr=1480 coppie=289 nuova=80
    550 |    0.0002 |    12.034 | r=11.2 c=0.260 n=66    | tot=2 NUOVI=0 | TRACK accr=1487 coppie=291 nuova=80
    560 |    0.0002 |    12.034 | r=11.8 c=0.216 n=297   | tot=2 NUOVI=0 | TRACK accr=1492 coppie=292 nuova=80
    570 |    0.0001 |    12.034 | r=0.8 c=0.202 n=618    | tot=2 NUOVI=0 | TRACK accr=1495 coppie=293 nuova=80
    580 |    0.0002 |    12.034 | r=11.8 c=0.208 n=300   | tot=2 NUOVI=0 | TRACK accr=1500 coppie=295 nuova=80
    590 |    0.0001 |    12.034 | r=6.8 c=0.131 n=8      | tot=2 NUOVI=0 | TRACK accr=1507 coppie=297 nuova=80
    600 |    0.0002 |    12.034 | r=6.2 c=0.143 n=7      | tot=2 NUOVI=0 | TRACK accr=1513 coppie=300 nuova=80
    610 |    0.0003 |    12.034 | r=12.2 c=0.225 n=392   | tot=2 NUOVI=0 | TRACK accr=1518 coppie=302 nuova=80
    620 |    0.0002 |    12.034 | r=6.2 c=0.233 n=7      | tot=2 NUOVI=0 | TRACK accr=1523 coppie=304 nuova=80
    630 |    0.0001 |    12.034 | r=5.8 c=0.184 n=11     | tot=2 NUOVI=0 | TRACK accr=1528 coppie=306 nuova=80
    640 |    0.0001 |    12.034 | r=12.8 c=0.229 n=127   | tot=2 NUOVI=0 | TRACK accr=1531 coppie=308 nuova=80
    650 |    0.0002 |    12.034 | r=4.2 c=0.108 n=10     | tot=2 NUOVI=0 | TRACK accr=1536 coppie=313 nuova=80
    660 |    0.0002 |    12.034 | r=11.2 c=0.242 n=74    | tot=2 NUOVI=0 | TRACK accr=1541 coppie=315 nuova=80
    670 |    0.0002 |    12.033 | r=11.2 c=0.223 n=75    | tot=2 NUOVI=0 | TRACK accr=1550 coppie=321 nuova=80
    680 |    0.0004 |    12.033 | r=12.8 c=0.207 n=138   | tot=2 NUOVI=0 | TRACK accr=1556 coppie=324 nuova=80
    690 |    0.0004 |    12.033 | r=12.8 c=0.206 n=141   | tot=2 NUOVI=0 | TRACK accr=1560 coppie=326 nuova=80
    700 |    0.0002 |    12.033 | r=5.2 c=0.185 n=8      | tot=2 NUOVI=0 | TRACK accr=1561 coppie=327 nuova=80
    710 |    0.0002 |    12.033 | r=12.2 c=0.223 n=416   | tot=2 NUOVI=0 | TRACK accr=1567 coppie=330 nuova=80
    720 |    0.0005 |    12.033 | r=12.8 c=0.238 n=132   | tot=2 NUOVI=0 | TRACK accr=1571 coppie=333 nuova=80
    730 |    0.0004 |    12.033 | r=13.2 c=0.210 n=5     | tot=2 NUOVI=0 | TRACK accr=1577 coppie=336 nuova=80
    740 |    0.0008 |    12.033 | r=4.2 c=0.102 n=10     | tot=2 NUOVI=0 | TRACK accr=1586 coppie=340 nuova=80
    750 |    0.0004 |    12.033 | r=4.2 c=0.086 n=9      | tot=2 NUOVI=0 | TRACK accr=1589 coppie=346 nuova=80
    760 |    0.0005 |    12.033 | r=12.8 c=0.196 n=136   | tot=2 NUOVI=0 | TRACK accr=1598 coppie=351 nuova=80
    770 |    0.0004 |    12.033 | r=12.8 c=0.186 n=139   | tot=1 NUOVI=0 | TRACK accr=1605 coppie=356 nuova=80
    780 |    0.0006 |    12.033 | r=7.8 c=0.197 n=5      | tot=1 NUOVI=0 | TRACK accr=1619 coppie=359 nuova=80
    790 |    0.0010 |    12.033 | r=12.8 c=0.156 n=145   | tot=1 NUOVI=0 | TRACK accr=1622 coppie=363 nuova=80
    800 |    0.0008 |    12.033 | r=12.8 c=0.177 n=149   | tot=1 NUOVI=0 | TRACK accr=1629 coppie=369 nuova=81
    810 |    0.0008 |    12.032 | r=12.8 c=0.164 n=150   | tot=1 NUOVI=0 | TRACK accr=1637 coppie=372 nuova=81
    820 |    0.0008 |    12.032 | r=0.8 c=0.192 n=776    | tot=1 NUOVI=0 | TRACK accr=1643 coppie=375 nuova=81
    830 |    0.0004 |    12.032 | r=12.8 c=0.143 n=151   | tot=1 NUOVI=0 | TRACK accr=1651 coppie=378 nuova=81
    840 |    0.0005 |    12.032 | r=12.8 c=0.113 n=154   | tot=1 NUOVI=0 | TRACK accr=1663 coppie=385 nuova=81
    850 |    0.0019 |    12.032 | r=12.8 c=0.109 n=156   | tot=1 NUOVI=0 | TRACK accr=1674 coppie=388 nuova=81
    860 |    0.0011 |    12.032 | r=12.8 c=0.086 n=159   | tot=1 NUOVI=0 | TRACK accr=1678 coppie=390 nuova=81
    870 |    0.0019 |    12.032 | r=12.8 c=0.089 n=162   | tot=1 NUOVI=0 | TRACK accr=1685 coppie=390 nuova=81
    880 |    0.0008 |    12.032 | r=12.8 c=0.102 n=164   | tot=1 NUOVI=0 | TRACK accr=1694 coppie=395 nuova=81
    890 |    0.0006 |    12.032 | r=7.2 c=0.116 n=8      | tot=1 NUOVI=0 | TRACK accr=1707 coppie=402 nuova=81
    900 |    0.0019 |    12.032 | r=12.8 c=0.119 n=165   | tot=1 NUOVI=0 | TRACK accr=1718 coppie=406 nuova=81
    910 |    0.0035 |    12.032 | r=8.2 c=0.064 n=9      | tot=1 NUOVI=0 | TRACK accr=1725 coppie=409 nuova=81
    920 |    0.0022 |    12.032 | r=12.8 c=0.152 n=166   | tot=1 NUOVI=0 | TRACK accr=1736 coppie=417 nuova=81
    930 |    0.0022 |    12.032 | r=12.8 c=0.159 n=165   | tot=1 NUOVI=0 | TRACK accr=1746 coppie=420 nuova=81
    940 |    0.0024 |    12.032 | r=12.8 c=0.171 n=169   | tot=1 NUOVI=0 | TRACK accr=1755 coppie=425 nuova=81
    950 |    0.0007 |    12.032 | r=12.8 c=0.182 n=169   | tot=2 NUOVI=0 | TRACK accr=1763 coppie=428 nuova=81
    960 |    0.0013 |    12.032 | r=12.8 c=0.185 n=172   | tot=2 NUOVI=0 | TRACK accr=1769 coppie=429 nuova=81
    970 |    0.0013 |    12.032 | r=4.8 c=0.199 n=9      | tot=2 NUOVI=0 | TRACK accr=1784 coppie=433 nuova=81
    980 |    0.0022 |    12.032 | r=12.8 c=0.189 n=178   | tot=2 NUOVI=0 | TRACK accr=1800 coppie=443 nuova=81
    990 |    0.0014 |    12.032 | r=13.2 c=0.205 n=10    | tot=2 NUOVI=0 | TRACK accr=1813 coppie=448 nuova=81
   1000 |    0.0024 |    12.032 | r=6.8 c=0.250 n=9      | tot=2 NUOVI=0 | TRACK accr=1825 coppie=460 nuova=81
   1010 |    0.0015 |    12.032 | r=13.2 c=0.248 n=11    | tot=2 NUOVI=0 | TRACK accr=1844 coppie=468 nuova=81
   1020 |    0.0020 |    12.032 | r=7.8 c=0.265 n=9      | tot=2 NUOVI=0 | TRACK accr=1859 coppie=474 nuova=81
   1030 |    0.0020 |    12.032 | r=7.8 c=0.144 n=10     | tot=2 NUOVI=0 | TRACK accr=1868 coppie=478 nuova=81
   1040 |    0.0006 |    12.032 | r=5.8 c=0.303 n=9      | tot=2 NUOVI=0 | TRACK accr=1879 coppie=479 nuova=81
   1050 |    0.0048 |    12.031 | r=6.2 c=0.253 n=10     | tot=2 NUOVI=0 | TRACK accr=1886 coppie=483 nuova=81
   1060 |    0.0040 |    12.031 | r=4.8 c=0.276 n=10     | tot=2 NUOVI=0 | TRACK accr=1903 coppie=492 nuova=81
   1070 |    0.0074 |    12.031 | r=7.2 c=0.289 n=6      | tot=2 NUOVI=0 | TRACK accr=1917 coppie=502 nuova=81
   1080 |    0.0016 |    12.031 | r=6.2 c=0.303 n=9      | tot=2 NUOVI=0 | TRACK accr=1933 coppie=513 nuova=81
   1090 |    0.0035 |    12.031 | r=10.2 c=0.156 n=4     | tot=2 NUOVI=0 | TRACK accr=1948 coppie=523 nuova=81
   1100 |    0.0039 |    12.031 | r=4.8 c=0.109 n=4      | tot=2 NUOVI=0 | TRACK accr=1960 coppie=526 nuova=81
   1110 |    0.0034 |    12.031 | r=7.2 c=0.157 n=4      | tot=2 NUOVI=0 | TRACK accr=1971 coppie=532 nuova=81
   1120 |    0.0036 |    12.031 | r=5.2 c=0.237 n=7      | tot=2 NUOVI=0 | TRACK accr=1990 coppie=542 nuova=81
   1130 |    0.0058 |    12.031 | r=13.8 c=0.299 n=19    | tot=2 NUOVI=0 | TRACK accr=2003 coppie=550 nuova=81
   1140 |    0.0071 |    12.031 | r=13.8 c=0.295 n=19    | tot=2 NUOVI=0 | TRACK accr=2016 coppie=555 nuova=81
   1150 |    0.0059 |    12.031 | r=2.2 c=0.260 n=6      | tot=2 NUOVI=0 | TRACK accr=2030 coppie=564 nuova=81
   1160 |    0.0080 |    12.031 | r=7.8 c=0.172 n=6      | tot=2 NUOVI=0 | TRACK accr=2042 coppie=572 nuova=81
   1170 |    0.0040 |    12.031 | r=2.2 c=0.232 n=9      | tot=2 NUOVI=0 | TRACK accr=2054 coppie=576 nuova=81
   1180 |    0.0075 |    12.031 | r=10.2 c=0.217 n=6     | tot=2 NUOVI=0 | TRACK accr=2067 coppie=581 nuova=81
   1190 |    0.0058 |    12.030 | r=2.2 c=0.223 n=12     | tot=2 NUOVI=0 | TRACK accr=2074 coppie=583 nuova=81
   1200 |    0.0081 |    12.030 | r=10.2 c=0.265 n=5     | tot=2 NUOVI=0 | TRACK accr=2084 coppie=588 nuova=81
   1210 |    0.0036 |    12.030 | r=4.8 c=0.149 n=6      | tot=2 NUOVI=0 | TRACK accr=2091 coppie=591 nuova=81
   1220 |    0.0048 |    12.030 | r=1.8 c=0.256 n=321    | tot=2 NUOVI=0 | TRACK accr=2108 coppie=598 nuova=81
   1230 |    0.0046 |    12.030 | r=5.2 c=0.269 n=8      | tot=2 NUOVI=0 | TRACK accr=2119 coppie=602 nuova=81
   1240 |    0.0073 |    12.030 | r=7.2 c=0.139 n=7      | tot=2 NUOVI=0 | TRACK accr=2132 coppie=611 nuova=81
   1250 |    0.0084 |    12.030 | r=5.2 c=0.165 n=7      | tot=2 NUOVI=0 | TRACK accr=2143 coppie=617 nuova=81
   1260 |    0.0056 |    12.030 | r=9.8 c=0.147 n=4      | tot=2 NUOVI=0 | TRACK accr=2147 coppie=618 nuova=81
   1270 |    0.0056 |    12.030 | r=2.2 c=0.246 n=49     | tot=2 NUOVI=0 | TRACK accr=2154 coppie=624 nuova=81
   1280 |    0.0051 |    12.030 | r=9.8 c=0.179 n=4      | tot=2 NUOVI=0 | TRACK accr=2165 coppie=627 nuova=81
   1290 |    0.0071 |    12.029 | r=10.2 c=0.127 n=25    | tot=2 NUOVI=0 | TRACK accr=2173 coppie=631 nuova=81
   1300 |    0.0059 |    12.029 | r=7.5 c=0.293 n=205    | tot=2 NUOVI=0 | TRACK accr=2186 coppie=640 nuova=81
   1310 |    0.0056 |    12.029 | r=7.5 c=0.276 n=210    | tot=2 NUOVI=0 | TRACK accr=2200 coppie=650 nuova=81
   1320 |    0.0046 |    12.029 | r=8.0 c=0.236 n=44     | tot=2 NUOVI=0 | TRACK accr=2216 coppie=655 nuova=81
   1330 |    0.0244 |    12.029 | r=8.5 c=0.224 n=5      | tot=2 NUOVI=0 | TRACK accr=2223 coppie=659 nuova=81
   1340 |    0.0080 |    12.029 | r=8.0 c=0.202 n=54     | tot=2 NUOVI=0 | TRACK accr=2237 coppie=662 nuova=81
   1350 |    0.0059 |    12.029 | r=8.0 c=0.200 n=52     | tot=2 NUOVI=0 | TRACK accr=2246 coppie=666 nuova=81
   1360 |    0.0031 |    12.028 | r=8.0 c=0.213 n=52     | tot=2 NUOVI=0 | TRACK accr=2254 coppie=672 nuova=81
   1370 |    0.0101 |    12.028 | r=7.5 c=0.243 n=277    | tot=2 NUOVI=0 | TRACK accr=2259 coppie=677 nuova=81
   1380 |    0.0100 |    12.028 | r=8.5 c=0.174 n=12     | tot=2 NUOVI=0 | TRACK accr=2268 coppie=683 nuova=81
   1390 |    0.0062 |    12.028 | r=8.0 c=0.195 n=54     | tot=2 NUOVI=0 | TRACK accr=2278 coppie=688 nuova=81
   1400 |    0.0068 |    12.028 | r=7.5 c=0.211 n=301    | tot=2 NUOVI=0 | TRACK accr=2287 coppie=694 nuova=81
   1410 |    0.0095 |    12.028 | r=8.0 c=0.197 n=63     | tot=2 NUOVI=0 | TRACK accr=2291 coppie=697 nuova=81
   1420 |    0.0075 |    12.028 | r=7.5 c=0.213 n=296    | tot=2 NUOVI=0 | TRACK accr=2302 coppie=707 nuova=81
   1430 |    0.0107 |    12.028 | r=7.5 c=0.215 n=295    | tot=2 NUOVI=0 | TRACK accr=2308 coppie=711 nuova=81
   1440 |    0.0076 |    12.028 | r=8.0 c=0.194 n=84     | tot=2 NUOVI=0 | TRACK accr=2312 coppie=714 nuova=81
   1450 |    0.0117 |    12.028 | r=8.0 c=0.187 n=85     | tot=2 NUOVI=0 | TRACK accr=2321 coppie=716 nuova=81
   1460 |    0.0065 |    12.028 | r=8.0 c=0.208 n=81     | tot=2 NUOVI=0 | TRACK accr=2327 coppie=722 nuova=81
   1470 |    0.0081 |    12.028 | r=8.5 c=0.163 n=19     | tot=1 NUOVI=0 | TRACK accr=2333 coppie=725 nuova=81
   1480 |    0.0053 |    12.028 | r=7.5 c=0.188 n=293    | tot=1 NUOVI=0 | TRACK accr=2340 coppie=728 nuova=81
   1490 |    0.0078 |    12.028 | r=8.5 c=0.157 n=16     | tot=1 NUOVI=0 | TRACK accr=2346 coppie=729 nuova=81
   1500 |    0.0072 |    12.028 | r=7.5 c=0.171 n=289    | tot=1 NUOVI=0 | TRACK accr=2354 coppie=732 nuova=81
   1510 |    0.0108 |    12.028 | r=8.5 c=0.152 n=17     | tot=1 NUOVI=0 | TRACK accr=2362 coppie=735 nuova=81
   1520 |    0.0106 |    12.028 | r=7.5 c=0.177 n=290    | tot=2 NUOVI=0 | TRACK accr=2369 coppie=735 nuova=81
   1530 |    0.0084 |    12.028 | r=7.5 c=0.182 n=287    | tot=2 NUOVI=0 | TRACK accr=2377 coppie=739 nuova=81
   1540 |    0.0084 |    12.028 | r=8.0 c=0.179 n=83     | tot=2 NUOVI=0 | TRACK accr=2388 coppie=741 nuova=81
   1550 |    0.0140 |    12.028 | r=7.5 c=0.191 n=292    | tot=2 NUOVI=0 | TRACK accr=2401 coppie=750 nuova=81
   1560 |    0.0199 |    12.028 | r=7.5 c=0.190 n=285    | tot=2 NUOVI=0 | TRACK accr=2414 coppie=759 nuova=81
   1570 |    0.0078 |    12.028 | r=8.0 c=0.165 n=106    | tot=2 NUOVI=0 | TRACK accr=2426 coppie=764 nuova=81
   1580 |    0.0112 |    12.028 | r=7.5 c=0.160 n=281    | tot=2 NUOVI=0 | TRACK accr=2436 coppie=768 nuova=81
   1590 |    0.0203 |    12.028 | r=7.5 c=0.153 n=284    | tot=2 NUOVI=0 | TRACK accr=2453 coppie=775 nuova=81
   1600 |    0.0170 |    12.028 | r=7.5 c=0.192 n=283    | tot=2 NUOVI=0 | TRACK accr=2464 coppie=782 nuova=81
   1610 |    0.0410 |    12.028 | r=8.5 c=0.213 n=25     | tot=2 NUOVI=0 | TRACK accr=2471 coppie=788 nuova=81
   1620 |    0.0365 |    12.027 | r=7.5 c=0.216 n=296    | tot=2 NUOVI=0 | TRACK accr=2480 coppie=794 nuova=81
   1630 |    0.0267 |    12.027 | r=7.5 c=0.192 n=300    | tot=2 NUOVI=0 | TRACK accr=2485 coppie=800 nuova=81
   1640 |    0.0144 |    12.027 | r=7.5 c=0.206 n=307    | tot=2 NUOVI=0 | TRACK accr=2493 coppie=804 nuova=81
   1650 |    0.0227 |    12.027 | r=7.5 c=0.195 n=328    | tot=2 NUOVI=0 | TRACK accr=2508 coppie=813 nuova=81
   1660 |    0.0252 |    12.027 | r=9.0 c=0.165 n=4      | tot=2 NUOVI=0 | TRACK accr=2521 coppie=818 nuova=81
   1670 |    0.0408 |    12.027 | r=9.0 c=0.172 n=6      | tot=2 NUOVI=0 | TRACK accr=2527 coppie=821 nuova=81
   1680 |    0.0485 |    12.027 | r=8.0 c=0.203 n=146    | tot=2 NUOVI=1 | TRACK accr=2532 coppie=827 nuova=81
   1690 |    0.0180 |    12.027 | r=8.0 c=0.177 n=160    | tot=2 NUOVI=1 | TRACK accr=2541 coppie=834 nuova=81
   1700 |    0.0244 |    12.026 | r=8.0 c=0.172 n=161    | tot=2 NUOVI=0 | TRACK accr=2552 coppie=841 nuova=81
   1710 |    0.0346 |    12.026 | r=8.5 c=0.184 n=60     | tot=2 NUOVI=0 | TRACK accr=2566 coppie=846 nuova=81
   1720 |    0.0424 |    12.026 | r=8.5 c=0.184 n=64     | tot=2 NUOVI=1 | TRACK accr=2576 coppie=850 nuova=81
   1730 |    0.0223 |    12.026 | r=8.5 c=0.144 n=69     | tot=2 NUOVI=0 | TRACK accr=2580 coppie=853 nuova=81
   1740 |    0.0309 |    12.026 | r=8.5 c=0.172 n=72     | tot=2 NUOVI=0 | TRACK accr=2590 coppie=858 nuova=81
   1750 |    0.0295 |    12.025 | r=8.0 c=0.150 n=173    | tot=2 NUOVI=0 | TRACK accr=2607 coppie=867 nuova=81
   1760 |    0.0500 |    12.025 | r=9.5 c=0.078 n=8      | tot=2 NUOVI=0 | TRACK accr=2630 coppie=875 nuova=81
   1770 |    0.0658 |    12.025 | r=8.5 c=0.158 n=81     | tot=2 NUOVI=0 | TRACK accr=2645 coppie=882 nuova=81
   1780 |    0.0280 |    12.025 | r=7.5 c=0.189 n=378    | tot=2 NUOVI=0 | TRACK accr=2657 coppie=887 nuova=81
   1790 |    0.0252 |    12.024 | r=8.5 c=0.167 n=81     | tot=2 NUOVI=0 | TRACK accr=2671 coppie=896 nuova=81
   1800 |    0.0612 |    12.024 | r=8.0 c=0.170 n=198    | tot=2 NUOVI=0 | TRACK accr=2678 coppie=898 nuova=81
   1810 |    0.0175 |    12.024 | r=8.0 c=0.184 n=212    | tot=2 NUOVI=0 | TRACK accr=2694 coppie=913 nuova=81
   1820 |    0.0573 |    12.023 | r=7.5 c=0.168 n=375    | tot=2 NUOVI=1 | TRACK accr=2705 coppie=917 nuova=81
   1830 |    0.0509 |    12.023 | r=8.0 c=0.170 n=231    | tot=2 NUOVI=0 | TRACK accr=2712 coppie=921 nuova=81
   1840 |    0.0408 |    12.023 | r=7.5 c=0.171 n=372    | tot=2 NUOVI=0 | TRACK accr=2727 coppie=929 nuova=81
   1850 |    0.0834 |    12.022 | r=7.5 c=0.169 n=371    | tot=2 NUOVI=0 | TRACK accr=2737 coppie=932 nuova=81
   1860 |    0.1376 |    12.022 | r=7.5 c=0.163 n=377    | tot=2 NUOVI=0 | TRACK accr=2751 coppie=937 nuova=81
   1870 |    0.0671 |    12.022 | r=7.5 c=0.169 n=394    | tot=2 NUOVI=0 | TRACK accr=2765 coppie=946 nuova=81
   1880 |    0.0458 |    12.022 | r=10.0 c=0.143 n=4     | tot=2 NUOVI=0 | TRACK accr=2777 coppie=950 nuova=81
   1890 |    0.0632 |    12.021 | r=8.0 c=0.156 n=283    | tot=2 NUOVI=0 | TRACK accr=2793 coppie=955 nuova=81
   1900 |    0.0858 |    12.021 | r=8.0 c=0.159 n=288    | tot=2 NUOVI=0 | TRACK accr=2804 coppie=959 nuova=81
   1910 |    0.0770 |    12.021 | r=8.0 c=0.147 n=297    | tot=2 NUOVI=0 | TRACK accr=2821 coppie=969 nuova=81
   1920 |    0.0607 |    12.020 | r=7.5 c=0.156 n=436    | tot=2 NUOVI=0 | TRACK accr=2833 coppie=972 nuova=81
   1930 |    0.0675 |    12.020 | r=8.5 c=0.149 n=163    | tot=2 NUOVI=0 | TRACK accr=2846 coppie=977 nuova=81
   1940 |    0.1215 |    12.019 | r=8.5 c=0.184 n=172    | tot=2 NUOVI=0 | TRACK accr=2863 coppie=983 nuova=81
   1950 |    0.0869 |    12.019 | r=8.5 c=0.175 n=182    | tot=2 NUOVI=0 | TRACK accr=2878 coppie=993 nuova=81
   1960 |    0.0647 |    12.019 | r=8.0 c=0.152 n=321    | tot=2 NUOVI=0 | TRACK accr=2890 coppie=997 nuova=81
   1970 |    0.1195 |    12.018 | r=8.0 c=0.156 n=324    | tot=2 NUOVI=0 | TRACK accr=2897 coppie=1001 nuova=81
   1980 |    0.0594 |    12.018 | r=8.5 c=0.161 n=188    | tot=2 NUOVI=0 | TRACK accr=2911 coppie=1008 nuova=81
   1990 |    0.0719 |    12.017 | r=8.5 c=0.177 n=199    | tot=2 NUOVI=0 | TRACK accr=2926 coppie=1013 nuova=81
   2000 |    0.1314 |    12.017 | r=8.5 c=0.166 n=203    | tot=2 NUOVI=0 | TRACK accr=2934 coppie=1015 nuova=82
[batch] log diagnostico completo salvato in out_sync_spinore\on_s1.csv

[batch] completato in 2995.6s, 2000 passi. CSV salvato in out_sync_spinore\cond_on_s1.csv
[batch] LETTURA condensazione: se dens_centrale e n_centrali CRESCONO e frac_nati resta
        ALTA mentre dist_masse NON crolla -> NUOVA massa dal vuoto (non accrescimento).
[batch] LETTURA picchi_nuovi: se picchi_nuovi passa da 0 a >=1 a un certo passo, quello e'
        il momento in cui una MASSA NUOVA si stacca dal vuoto (materia isolata che si crea).
[batch] LETTURA antiguscio: se compare un anello a coerenza_min BASSA (antifase) e raggio
        stabile oltre le masse, con nodi presenti -> GUSCIO DI ANTIFASE che avvolge i nuclei
        = massa di scala superiore (il guscio del sistema e antifase, non materia).
