[tau] tau_p locale usa d0 (distanza di riposo) invece di d reale: forma piu' stabile
[calore] calcio termico VETTORIALE+chirale attivo: omega_s 3D eccitato, phivel firmato da perc_chi
[verlet] integratore metrico Velocity-Verlet (2 ordine) attivo
[olon-part] la partizione tangenziale usa curl + twist coerente (verso -> conversione)
[polo-maturo] al twist partecipa la chiralita del polo che matura (twn maggiore)
[ls-azim] L.S vettoriale: verso tangenziale da (radiale x spinore), azimutale stabile
[verso-chi] FRAME_DRAG pilotato dal verso CHIRALE stabile (non dal tw oscillante)
[sync] aggiornamento sincrono attivo: dph legge la fase dallo snapshot t-1 (Jacobi)
[pav-com] pavimento comovente attivo: d0 >= median(d0)-MAD(d0) invece di 0.05 assoluto
[zeta-vir] freno anisotropo attivo: beta *= cos2 della viriale (dissipa radiale, libera tangenziale)
[chi-basc] basculamento chirale attivo: perc_chi vira secondo la torsione locale vs PHI_CRIT (2pi)
[chi-core] frame-dragging guidato dalla chiralità emergente del core locale
[cs-dinamico] velocità metrica locale cs_eff(rho) con profilo tanh e CFL dinamico
[batch] condensazione: seed=1 passi=2000 ogni=10 sep=6.0 nmasse=2
[batch] leggi attive: GRAV_BIFASE=True SPIN_ORBITA(via SPINORE)=True COPPIA_MIT=1.0 lambda=0.800

passo | dens_centr | dist_masse | ANTIGUSCIO(r,c,n) | PICCHI(tot,NUOVI)
[batch] LOG DIAGNOSTICO COMPLETO  -> out_tw_spinore\diag_on_s1.csv
      0 |    0.0000 |    12.009 | r=4.2 c=0.313 n=6      | tot=1 NUOVI=1 | TRACK accr=744 coppie=0 nuova=80
     10 |    0.0000 |    12.009 | r=8.2 c=0.413 n=6      | tot=2 NUOVI=0 | TRACK accr=744 coppie=0 nuova=80
     20 |    0.0000 |    12.009 | r=3.8 c=0.443 n=5      | tot=2 NUOVI=0 | TRACK accr=746 coppie=0 nuova=80
     30 |    0.0000 |    12.009 | r=4.8 c=0.176 n=5      | tot=2 NUOVI=0 | TRACK accr=746 coppie=0 nuova=80
     40 |    0.0000 |    12.009 | r=9.2 c=0.219 n=5      | tot=2 NUOVI=0 | TRACK accr=747 coppie=0 nuova=80
     50 |    0.0000 |    12.009 | r=6.8 c=0.256 n=10     | tot=2 NUOVI=0 | TRACK accr=749 coppie=0 nuova=80
     60 |    0.0000 |    12.009 | r=5.2 c=0.263 n=7      | tot=2 NUOVI=0 | TRACK accr=749 coppie=0 nuova=80
     70 |    0.0000 |    12.009 | r=4.8 c=0.446 n=8      | tot=2 NUOVI=0 | TRACK accr=749 coppie=0 nuova=80
     80 |    0.0000 |    12.009 | r=5.2 c=0.308 n=7      | tot=2 NUOVI=0 | TRACK accr=749 coppie=0 nuova=80
     90 |    0.0000 |    12.009 | r=4.8 c=0.477 n=8      | tot=2 NUOVI=0 | TRACK accr=749 coppie=0 nuova=80
    100 |    0.0000 |    12.009 | r=5.2 c=0.221 n=4      | tot=2 NUOVI=0 | TRACK accr=749 coppie=0 nuova=80
    110 |    0.0000 |    12.008 | r=4.2 c=0.111 n=4      | tot=2 NUOVI=0 | TRACK accr=749 coppie=0 nuova=80
    120 |    0.0000 |    12.008 | r=7.8 c=0.570 n=10     | tot=2 NUOVI=0 | TRACK accr=749 coppie=0 nuova=80
    130 |    0.0000 |    12.008 | r=4.8 c=0.405 n=8      | tot=2 NUOVI=0 | TRACK accr=749 coppie=0 nuova=80
    140 |    0.0000 |    12.008 | r=6.2 c=0.381 n=13     | tot=2 NUOVI=0 | TRACK accr=749 coppie=0 nuova=80
    150 |    0.0000 |    12.008 | r=7.2 c=0.254 n=13     | tot=2 NUOVI=0 | TRACK accr=749 coppie=0 nuova=80
    160 |    0.0000 |    12.008 | r=7.8 c=0.284 n=5      | tot=2 NUOVI=0 | TRACK accr=749 coppie=0 nuova=84
    170 |    0.0000 |    12.008 | r=5.8 c=0.258 n=12     | tot=2 NUOVI=0 | TRACK accr=749 coppie=0 nuova=84
    180 |    0.0000 |    12.008 | r=5.8 c=0.312 n=9      | tot=2 NUOVI=0 | TRACK accr=750 coppie=1 nuova=84
    190 |    0.0000 |    12.008 | r=7.8 c=0.140 n=6      | tot=2 NUOVI=0 | TRACK accr=752 coppie=2 nuova=84
    200 |    0.0000 |    12.008 | r=4.8 c=0.295 n=6      | tot=2 NUOVI=0 | TRACK accr=752 coppie=2 nuova=84
    210 |    0.0000 |    12.008 | r=4.8 c=0.403 n=5      | tot=2 NUOVI=0 | TRACK accr=752 coppie=2 nuova=84
    220 |    0.0000 |    12.008 | r=5.2 c=0.326 n=7      | tot=2 NUOVI=0 | TRACK accr=752 coppie=2 nuova=84
    230 |    0.0000 |    12.008 | r=7.8 c=0.103 n=6      | tot=2 NUOVI=0 | TRACK accr=752 coppie=2 nuova=84
    240 |    0.0000 |    12.008 | r=5.8 c=0.184 n=7      | tot=2 NUOVI=0 | TRACK accr=755 coppie=3 nuova=84
    250 |    0.0000 |    12.008 | r=8.8 c=0.401 n=5      | tot=2 NUOVI=0 | TRACK accr=759 coppie=4 nuova=84
    260 |    0.0000 |    12.008 | r=8.8 c=0.369 n=5      | tot=2 NUOVI=0 | TRACK accr=760 coppie=5 nuova=84
    270 |    0.0000 |    12.008 | r=10.8 c=0.291 n=15    | tot=1 NUOVI=0 | TRACK accr=760 coppie=5 nuova=84
    280 |    0.0000 |    12.008 | r=4.8 c=0.222 n=7      | tot=1 NUOVI=0 | TRACK accr=760 coppie=5 nuova=84
    290 |    0.0000 |    12.008 | r=6.8 c=0.208 n=10     | tot=1 NUOVI=0 | TRACK accr=761 coppie=6 nuova=84
    300 |    0.0000 |    12.008 | r=8.2 c=0.167 n=6      | tot=1 NUOVI=0 | TRACK accr=763 coppie=7 nuova=84
    310 |    0.0000 |    12.008 | r=7.2 c=0.122 n=11     | tot=2 NUOVI=0 | TRACK accr=765 coppie=7 nuova=84
    320 |    0.0000 |    12.008 | r=7.2 c=0.257 n=11     | tot=2 NUOVI=0 | TRACK accr=771 coppie=8 nuova=84
    330 |    0.0000 |    12.008 | r=8.2 c=0.299 n=9      | tot=2 NUOVI=0 | TRACK accr=774 coppie=10 nuova=84
    340 |    0.0000 |    12.008 | r=7.2 c=0.373 n=4      | tot=2 NUOVI=0 | TRACK accr=777 coppie=11 nuova=84
    350 |    0.0000 |    12.008 | r=7.8 c=0.216 n=6      | tot=1 NUOVI=0 | TRACK accr=786 coppie=12 nuova=84
    360 |    0.0000 |    12.008 | r=5.8 c=0.374 n=8      | tot=2 NUOVI=0 | TRACK accr=794 coppie=14 nuova=84
    370 |    0.0000 |    12.008 | r=8.2 c=0.358 n=7      | tot=1 NUOVI=0 | TRACK accr=808 coppie=20 nuova=84
    380 |    0.0000 |    12.008 | r=8.2 c=0.297 n=8      | tot=2 NUOVI=0 | TRACK accr=817 coppie=24 nuova=84
    390 |    0.0000 |    12.007 | r=8.2 c=0.195 n=8      | tot=2 NUOVI=0 | TRACK accr=827 coppie=27 nuova=84
    400 |    0.0000 |    12.007 | r=6.2 c=0.371 n=6      | tot=2 NUOVI=0 | TRACK accr=846 coppie=35 nuova=84
    410 |    0.0000 |    12.007 | r=7.8 c=0.138 n=4      | tot=2 NUOVI=0 | TRACK accr=866 coppie=42 nuova=85
    420 |    0.0000 |    12.007 | r=5.2 c=0.461 n=8      | tot=2 NUOVI=0 | TRACK accr=880 coppie=50 nuova=86
    430 |    0.0000 |    12.007 | r=6.2 c=0.315 n=8      | tot=2 NUOVI=0 | TRACK accr=906 coppie=68 nuova=86
    440 |    0.0000 |    12.007 | r=2.2 c=0.279 n=4      | tot=2 NUOVI=0 | TRACK accr=922 coppie=76 nuova=88
    450 |    0.0000 |    12.007 | r=0.8 c=0.322 n=119    | tot=2 NUOVI=0 | TRACK accr=947 coppie=86 nuova=88
    460 |    0.0000 |    12.007 | r=0.8 c=0.293 n=124    | tot=2 NUOVI=0 | TRACK accr=973 coppie=97 nuova=88
    470 |    0.0000 |    12.007 | r=9.8 c=0.092 n=6      | tot=2 NUOVI=0 | TRACK accr=1000 coppie=108 nuova=90
    480 |    0.0000 |    12.007 | r=6.8 c=0.229 n=7      | tot=2 NUOVI=0 | TRACK accr=1022 coppie=115 nuova=90
    490 |    0.0000 |    12.007 | r=5.2 c=0.186 n=4      | tot=2 NUOVI=0 | TRACK accr=1052 coppie=125 nuova=90
    500 |    0.0000 |    12.007 | r=5.2 c=0.059 n=4      | tot=2 NUOVI=0 | TRACK accr=1081 coppie=138 nuova=90
    510 |    0.0000 |    12.007 | r=7.8 c=0.046 n=9      | tot=2 NUOVI=0 | TRACK accr=1110 coppie=150 nuova=91
    520 |    0.0000 |    12.007 | r=7.2 c=0.210 n=7      | tot=2 NUOVI=0 | TRACK accr=1135 coppie=161 nuova=91
    530 |    0.0000 |    12.007 | r=7.2 c=0.151 n=8      | tot=1 NUOVI=0 | TRACK accr=1175 coppie=184 nuova=93
    540 |    0.0000 |    12.007 | r=0.8 c=0.161 n=146    | tot=2 NUOVI=0 | TRACK accr=1203 coppie=197 nuova=93
    550 |    0.0000 |    12.007 | r=0.8 c=0.138 n=154    | tot=2 NUOVI=0 | TRACK accr=1242 coppie=214 nuova=93
    560 |    0.0000 |    12.007 | r=0.8 c=0.136 n=167    | tot=2 NUOVI=0 | TRACK accr=1284 coppie=232 nuova=93
    570 |    0.0000 |    12.007 | r=0.8 c=0.155 n=162    | tot=2 NUOVI=0 | TRACK accr=1313 coppie=243 nuova=94
    580 |    0.0000 |    12.007 | r=0.8 c=0.171 n=174    | tot=2 NUOVI=0 | TRACK accr=1354 coppie=263 nuova=94
    590 |    0.0000 |    12.007 | r=14.2 c=0.155 n=4     | tot=2 NUOVI=0 | TRACK accr=1395 coppie=281 nuova=95
    600 |    0.0000 |    12.007 | r=13.2 c=0.180 n=61    | tot=2 NUOVI=0 | TRACK accr=1439 coppie=308 nuova=95
    610 |    0.0000 |    12.007 | r=7.5 c=0.257 n=63     | tot=2 NUOVI=0 | TRACK accr=1482 coppie=325 nuova=95
    620 |    0.0000 |    12.007 | r=8.0 c=0.212 n=27     | tot=2 NUOVI=0 | TRACK accr=1527 coppie=349 nuova=97
    630 |    0.0000 |    12.007 | r=8.5 c=0.274 n=6      | tot=2 NUOVI=0 | TRACK accr=1562 coppie=366 nuova=97
    640 |    0.0001 |    12.007 | r=8.5 c=0.279 n=8      | tot=2 NUOVI=0 | TRACK accr=1620 coppie=391 nuova=97
    650 |    0.0000 |    12.007 | r=7.5 c=0.267 n=69     | tot=2 NUOVI=0 | TRACK accr=1660 coppie=409 nuova=97
    660 |    0.0001 |    12.007 | r=8.5 c=0.239 n=13     | tot=2 NUOVI=0 | TRACK accr=1706 coppie=428 nuova=97
    670 |    0.0001 |    12.007 | r=7.5 c=0.231 n=91     | tot=2 NUOVI=0 | TRACK accr=1750 coppie=452 nuova=97
    680 |    0.0000 |    12.007 | r=7.5 c=0.231 n=100    | tot=2 NUOVI=0 | TRACK accr=1810 coppie=473 nuova=97
    690 |    0.0000 |    12.007 | r=7.5 c=0.223 n=102    | tot=2 NUOVI=0 | TRACK accr=1865 coppie=499 nuova=98
    700 |    0.0001 |    12.007 | r=7.5 c=0.209 n=114    | tot=2 NUOVI=0 | TRACK accr=1912 coppie=526 nuova=100
    710 |    0.0001 |    12.007 | r=7.5 c=0.197 n=119    | tot=2 NUOVI=0 | TRACK accr=1961 coppie=550 nuova=100
    720 |    0.0003 |    12.007 | r=8.0 c=0.191 n=49     | tot=2 NUOVI=0 | TRACK accr=2001 coppie=573 nuova=100
    730 |    0.0002 |    12.007 | r=7.5 c=0.181 n=135    | tot=2 NUOVI=0 | TRACK accr=2053 coppie=604 nuova=100
    740 |    0.0005 |    12.007 | r=7.5 c=0.248 n=136    | tot=2 NUOVI=0 | TRACK accr=2101 coppie=629 nuova=104
    750 |    0.0001 |    12.007 | r=7.5 c=0.236 n=141    | tot=2 NUOVI=0 | TRACK accr=2148 coppie=652 nuova=105
    760 |    0.0002 |    12.007 | r=7.5 c=0.197 n=152    | tot=2 NUOVI=0 | TRACK accr=2203 coppie=669 nuova=105
    770 |    0.0002 |    12.007 | r=8.0 c=0.208 n=67     | tot=2 NUOVI=0 | TRACK accr=2263 coppie=698 nuova=106
    780 |    0.0001 |    12.007 | r=7.5 c=0.240 n=155    | tot=2 NUOVI=0 | TRACK accr=2322 coppie=719 nuova=108
    790 |    0.0003 |    12.007 | r=7.5 c=0.182 n=155    | tot=2 NUOVI=0 | TRACK accr=2367 coppie=742 nuova=108
    800 |    0.0003 |    12.007 | r=7.5 c=0.208 n=154    | tot=2 NUOVI=0 | TRACK accr=2435 coppie=773 nuova=108
    810 |    0.0002 |    12.007 | r=7.5 c=0.189 n=167    | tot=2 NUOVI=0 | TRACK accr=2505 coppie=805 nuova=110
    820 |    0.0003 |    12.007 | r=7.5 c=0.162 n=176    | tot=2 NUOVI=0 | TRACK accr=2566 coppie=838 nuova=110
    830 |    0.0002 |    12.007 | r=7.5 c=0.172 n=183    | tot=2 NUOVI=0 | TRACK accr=2636 coppie=858 nuova=112
    840 |    0.0002 |    12.007 | r=7.5 c=0.170 n=187    | tot=1 NUOVI=0 | TRACK accr=2717 coppie=890 nuova=112
    850 |    0.0003 |    12.007 | r=7.5 c=0.193 n=188    | tot=1 NUOVI=0 | TRACK accr=2768 coppie=910 nuova=114
    860 |    0.0002 |    12.007 | r=7.5 c=0.189 n=203    | tot=2 NUOVI=0 | TRACK accr=2826 coppie=935 nuova=114
    870 |    0.0005 |    12.007 | r=7.5 c=0.180 n=223    | tot=2 NUOVI=0 | TRACK accr=2899 coppie=965 nuova=114
    880 |    0.0005 |    12.007 | r=9.0 c=0.200 n=21     | tot=2 NUOVI=0 | TRACK accr=2956 coppie=980 nuova=114
    890 |    0.0004 |    12.007 | r=7.5 c=0.210 n=243    | tot=2 NUOVI=0 | TRACK accr=3011 coppie=1003 nuova=114
    900 |    0.0003 |    12.007 | r=7.5 c=0.199 n=262    | tot=2 NUOVI=0 | TRACK accr=3069 coppie=1027 nuova=114
    910 |    0.0005 |    12.007 | r=7.5 c=0.197 n=277    | tot=2 NUOVI=0 | TRACK accr=3122 coppie=1069 nuova=116
    920 |    0.0003 |    12.007 | r=8.5 c=0.188 n=75     | tot=1 NUOVI=0 | TRACK accr=3186 coppie=1102 nuova=119
    930 |    0.0010 |    12.007 | r=8.5 c=0.194 n=79     | tot=2 NUOVI=0 | TRACK accr=3251 coppie=1128 nuova=119
    940 |    0.0006 |    12.007 | r=9.5 c=0.135 n=4      | tot=2 NUOVI=0 | TRACK accr=3310 coppie=1155 nuova=120
    950 |    0.0005 |    12.007 | r=9.0 c=0.186 n=30     | tot=2 NUOVI=0 | TRACK accr=3368 coppie=1181 nuova=122
    960 |    0.0008 |    12.007 | r=8.5 c=0.186 n=91     | tot=1 NUOVI=0 | TRACK accr=3423 coppie=1213 nuova=124
    970 |    0.0004 |    12.007 | r=7.5 c=0.177 n=335    | tot=2 NUOVI=0 | TRACK accr=3489 coppie=1242 nuova=126
    980 |    0.0007 |    12.007 | r=7.5 c=0.166 n=340    | tot=2 NUOVI=0 | TRACK accr=3565 coppie=1289 nuova=126
    990 |    0.0004 |    12.007 | r=7.5 c=0.147 n=354    | tot=1 NUOVI=0 | TRACK accr=3621 coppie=1314 nuova=127
   1000 |    0.0009 |    12.007 | r=7.5 c=0.159 n=373    | tot=1 NUOVI=0 | TRACK accr=3677 coppie=1342 nuova=128
   1010 |    0.0008 |    12.007 | r=7.5 c=0.124 n=390    | tot=1 NUOVI=0 | TRACK accr=3736 coppie=1371 nuova=129
   1020 |    0.0008 |    12.007 | r=7.5 c=0.141 n=417    | tot=1 NUOVI=0 | TRACK accr=3794 coppie=1398 nuova=129
   1030 |    0.0007 |    12.007 | r=7.5 c=0.156 n=427    | tot=1 NUOVI=0 | TRACK accr=3865 coppie=1429 nuova=129
   1040 |    0.0009 |    12.007 | r=7.5 c=0.121 n=428    | tot=1 NUOVI=0 | TRACK accr=3929 coppie=1459 nuova=129
   1050 |    0.0008 |    12.007 | r=7.5 c=0.121 n=440    | tot=1 NUOVI=0 | TRACK accr=4015 coppie=1499 nuova=131
   1060 |    0.0005 |    12.007 | r=7.5 c=0.130 n=455    | tot=1 NUOVI=0 | TRACK accr=4097 coppie=1540 nuova=132
   1070 |    0.0005 |    12.007 | r=7.5 c=0.143 n=467    | tot=1 NUOVI=0 | TRACK accr=4176 coppie=1579 nuova=133
   1080 |    0.0010 |    12.007 | r=8.0 c=0.148 n=293    | tot=1 NUOVI=0 | TRACK accr=4253 coppie=1616 nuova=134
   1090 |    0.0010 |    12.007 | r=7.5 c=0.149 n=492    | tot=1 NUOVI=0 | TRACK accr=4317 coppie=1642 nuova=134
   1100 |    0.0005 |    12.007 | r=7.5 c=0.145 n=505    | tot=1 NUOVI=0 | TRACK accr=4375 coppie=1664 nuova=138
   1110 |    0.0016 |    12.006 | r=7.5 c=0.132 n=529    | tot=1 NUOVI=0 | TRACK accr=4439 coppie=1688 nuova=139
   1120 |    0.0013 |    12.006 | r=7.5 c=0.151 n=565    | tot=1 NUOVI=0 | TRACK accr=4508 coppie=1725 nuova=142
   1130 |    0.0008 |    12.006 | r=7.5 c=0.146 n=585    | tot=1 NUOVI=0 | TRACK accr=4591 coppie=1775 nuova=142
   1140 |    0.0014 |    12.006 | r=7.5 c=0.144 n=599    | tot=1 NUOVI=0 | TRACK accr=4684 coppie=1822 nuova=142
   1150 |    0.0029 |    12.006 | r=7.5 c=0.140 n=608    | tot=1 NUOVI=0 | TRACK accr=4770 coppie=1868 nuova=142
   1160 |    0.0019 |    12.007 | r=8.0 c=0.161 n=396    | tot=1 NUOVI=0 | TRACK accr=4856 coppie=1901 nuova=142
   1170 |    0.0013 |    12.007 | r=7.5 c=0.128 n=627    | tot=1 NUOVI=0 | TRACK accr=4925 coppie=1932 nuova=145
   1180 |    0.0028 |    12.007 | r=7.5 c=0.150 n=639    | tot=1 NUOVI=0 | TRACK accr=5001 coppie=1976 nuova=146
   1190 |    0.0044 |    12.007 | r=7.5 c=0.139 n=659    | tot=1 NUOVI=0 | TRACK accr=5071 coppie=2000 nuova=146
   1200 |    0.0055 |    12.007 | r=7.5 c=0.116 n=655    | tot=1 NUOVI=0 | TRACK accr=5139 coppie=2033 nuova=146
   1210 |    0.0047 |    12.008 | r=7.5 c=0.114 n=646    | tot=1 NUOVI=0 | TRACK accr=5226 coppie=2079 nuova=146
   1220 |    0.0068 |    12.008 | r=7.5 c=0.129 n=643    | tot=1 NUOVI=0 | TRACK accr=5298 coppie=2127 nuova=148
   1230 |    0.0031 |    12.008 | r=7.5 c=0.134 n=623    | tot=1 NUOVI=0 | TRACK accr=5384 coppie=2171 nuova=150
   1240 |    0.0049 |    12.008 | r=7.5 c=0.140 n=634    | tot=1 NUOVI=0 | TRACK accr=5462 coppie=2213 nuova=150
   1250 |    0.0058 |    12.008 | r=8.5 c=0.171 n=303    | tot=1 NUOVI=0 | TRACK accr=5538 coppie=2246 nuova=152
   1260 |    0.0093 |    12.009 | r=7.5 c=0.098 n=661    | tot=1 NUOVI=0 | TRACK accr=5623 coppie=2292 nuova=152
   1270 |    0.0072 |    12.009 | r=7.5 c=0.108 n=682    | tot=1 NUOVI=0 | TRACK accr=5717 coppie=2331 nuova=152
   1280 |    0.0108 |    12.009 | r=7.5 c=0.136 n=664    | tot=1 NUOVI=0 | TRACK accr=5815 coppie=2378 nuova=152
   1290 |    0.0054 |    12.009 | r=7.5 c=0.122 n=676    | tot=1 NUOVI=0 | TRACK accr=5915 coppie=2424 nuova=153
   1300 |    0.0087 |    12.009 | r=7.5 c=0.140 n=682    | tot=1 NUOVI=1 | TRACK accr=6000 coppie=2468 nuova=153
   1310 |    0.0072 |    12.009 | r=9.0 c=0.176 n=254    | tot=1 NUOVI=0 | TRACK accr=6079 coppie=2506 nuova=155
   1320 |    0.0032 |    12.009 | r=7.5 c=0.131 n=697    | tot=1 NUOVI=0 | TRACK accr=6175 coppie=2555 nuova=155
   1330 |    0.0029 |    12.008 | r=7.5 c=0.123 n=711    | tot=1 NUOVI=0 | TRACK accr=6273 coppie=2598 nuova=155
   1340 |    0.0028 |    12.008 | r=7.5 c=0.137 n=722    | tot=1 NUOVI=0 | TRACK accr=6357 coppie=2637 nuova=155
   1350 |    0.0030 |    12.008 | r=7.5 c=0.127 n=761    | tot=1 NUOVI=0 | TRACK accr=6461 coppie=2687 nuova=155
   1360 |    0.0049 |    12.007 | r=7.5 c=0.146 n=762    | tot=1 NUOVI=1 | TRACK accr=6553 coppie=2732 nuova=158
   1370 |    0.0034 |    12.007 | r=7.5 c=0.159 n=788    | tot=1 NUOVI=1 | TRACK accr=6642 coppie=2766 nuova=158
   1380 |    0.0057 |    12.007 | r=7.5 c=0.132 n=774    | tot=1 NUOVI=1 | TRACK accr=6721 coppie=2809 nuova=158
   1390 |    0.0070 |    12.007 | r=15.5 c=0.107 n=14    | tot=1 NUOVI=0 | TRACK accr=6821 coppie=2861 nuova=158
   1400 |    0.0059 |    12.007 | r=15.5 c=0.008 n=15    | tot=1 NUOVI=0 | TRACK accr=6935 coppie=2914 nuova=162
   1410 |    0.0079 |    12.008 | r=15.5 c=0.074 n=15    | tot=1 NUOVI=0 | TRACK accr=7018 coppie=2955 nuova=162
   1420 |    0.0116 |    12.008 | r=7.5 c=0.122 n=844    | tot=1 NUOVI=0 | TRACK accr=7117 coppie=3007 nuova=164
   1430 |    0.0150 |    12.008 | r=7.5 c=0.116 n=853    | tot=1 NUOVI=0 | TRACK accr=7209 coppie=3043 nuova=164
   1440 |    0.0157 |    12.007 | r=8.0 c=0.144 n=638    | tot=1 NUOVI=0 | TRACK accr=7296 coppie=3092 nuova=164
   1450 |    0.0137 |    12.007 | r=15.0 c=0.221 n=24    | tot=1 NUOVI=1 | TRACK accr=7402 coppie=3143 nuova=164
   1460 |    0.0118 |    12.007 | r=8.5 c=0.165 n=464    | tot=1 NUOVI=1 | TRACK accr=7502 coppie=3191 nuova=164
   1470 |    0.0210 |    12.006 | r=15.0 c=0.239 n=21    | tot=1 NUOVI=1 | TRACK accr=7602 coppie=3235 nuova=164
   1480 |    0.0134 |    12.006 | r=9.0 c=0.206 n=353    | tot=1 NUOVI=1 | TRACK accr=7701 coppie=3292 nuova=168
   1490 |    0.0135 |    12.005 | r=7.5 c=0.143 n=960    | tot=2 NUOVI=1 | TRACK accr=7791 coppie=3329 nuova=172
   1500 |    0.0145 |    12.005 | r=9.5 c=0.237 n=275    | tot=2 NUOVI=1 | TRACK accr=7875 coppie=3378 nuova=172
   1510 |    0.0045 |    12.006 | r=17.0 c=0.076 n=12    | tot=1 NUOVI=0 | TRACK accr=7989 coppie=3436 nuova=173
   1520 |    0.0091 |    12.007 | r=15.5 c=0.263 n=24    | tot=1 NUOVI=0 | TRACK accr=8081 coppie=3482 nuova=173
   1530 |    0.0140 |    12.009 | r=15.0 c=0.266 n=20    | tot=1 NUOVI=0 | TRACK accr=8199 coppie=3550 nuova=175
   1540 |    0.0134 |    12.012 | r=8.5 c=0.172 n=649    | tot=1 NUOVI=0 | TRACK accr=8312 coppie=3589 nuova=181
   1550 |    0.0144 |    12.016 | r=8.5 c=0.166 n=653    | tot=1 NUOVI=0 | TRACK accr=8411 coppie=3641 nuova=181
   1560 |    0.0189 |    12.021 | r=7.5 c=0.142 n=937    | tot=1 NUOVI=0 | TRACK accr=8495 coppie=3695 nuova=182
   1570 |    0.0128 |    12.025 | r=8.5 c=0.179 n=665    | tot=1 NUOVI=0 | TRACK accr=8598 coppie=3737 nuova=183
   1580 |    0.0156 |    12.030 | r=7.5 c=0.158 n=935    | tot=1 NUOVI=0 | TRACK accr=8718 coppie=3806 nuova=183
   1590 |    0.0192 |    12.035 | r=8.5 c=0.170 n=682    | tot=1 NUOVI=0 | TRACK accr=8812 coppie=3865 nuova=183
   1600 |    0.0135 |    12.040 | r=7.5 c=0.152 n=992    | tot=1 NUOVI=0 | TRACK accr=8906 coppie=3922 nuova=183
   1610 |    0.0131 |    12.045 | r=15.5 c=0.171 n=20    | tot=1 NUOVI=0 | TRACK accr=9005 coppie=3976 nuova=189
   1620 |    0.0190 |    12.050 | r=15.5 c=0.144 n=23    | tot=1 NUOVI=0 | TRACK accr=9106 coppie=4026 nuova=191
   1630 |    0.0137 |    12.055 | r=7.5 c=0.189 n=1027   | tot=1 NUOVI=0 | TRACK accr=9200 coppie=4087 nuova=191
   1640 |    0.0383 |    12.059 | r=7.5 c=0.158 n=1016   | tot=1 NUOVI=0 | TRACK accr=9296 coppie=4145 nuova=194
   1650 |    0.0625 |    12.063 | r=10.5 c=0.312 n=347   | tot=1 NUOVI=0 | TRACK accr=9406 coppie=4212 nuova=194
   1660 |    0.0897 |    12.066 | r=7.5 c=0.157 n=1064   | tot=1 NUOVI=0 | TRACK accr=9511 coppie=4265 nuova=197
   1670 |    0.1024 |    12.069 | r=9.0 c=0.227 n=633    | tot=1 NUOVI=0 | TRACK accr=9608 coppie=4325 nuova=197
   1680 |    0.1107 |    12.071 | r=17.0 c=0.192 n=25    | tot=1 NUOVI=0 | TRACK accr=9717 coppie=4376 nuova=197
   1690 |    0.0952 |    12.074 | r=9.5 c=0.287 n=592    | tot=1 NUOVI=0 | TRACK accr=9818 coppie=4426 nuova=199
   1700 |    0.1254 |    12.076 | r=7.5 c=0.162 n=1073   | tot=1 NUOVI=0 | TRACK accr=9912 coppie=4483 nuova=201
   1710 |    0.1045 |    12.079 | r=16.0 c=0.245 n=49    | tot=2 NUOVI=1 | TRACK accr=10005 coppie=4523 nuova=202
   1720 |    0.1245 |    12.082 | r=16.0 c=0.245 n=58    | tot=2 NUOVI=1 | TRACK accr=10098 coppie=4566 nuova=204
   1730 |    0.1166 |    12.084 | r=7.5 c=0.163 n=1096   | tot=2 NUOVI=1 | TRACK accr=10184 coppie=4610 nuova=207
   1740 |    0.0196 |    12.086 | r=7.5 c=0.172 n=1129   | tot=2 NUOVI=1 | TRACK accr=10288 coppie=4664 nuova=209
   1750 |    0.0142 |    12.088 | r=7.5 c=0.157 n=1155   | tot=2 NUOVI=1 | TRACK accr=10388 coppie=4716 nuova=209
   1760 |    0.0193 |    12.090 | r=15.5 c=0.233 n=72    | tot=2 NUOVI=2 | TRACK accr=10503 coppie=4766 nuova=213
   1770 |    0.0188 |    12.092 | r=8.0 c=0.189 n=1037   | tot=2 NUOVI=1 | TRACK accr=10618 coppie=4840 nuova=215
   1780 |    0.0286 |    12.093 | r=16.5 c=0.296 n=64    | tot=2 NUOVI=2 | TRACK accr=10716 coppie=4897 nuova=220
   1790 |    0.0166 |    12.094 | r=16.5 c=0.151 n=67    | tot=2 NUOVI=2 | TRACK accr=10811 coppie=4945 nuova=221
   1800 |    0.0131 |    12.095 | r=7.5 c=0.166 n=1193   | tot=2 NUOVI=2 | TRACK accr=10916 coppie=5002 nuova=224
   1810 |    0.0262 |    12.096 | r=13.5 c=0.428 n=188   | tot=2 NUOVI=2 | TRACK accr=11024 coppie=5050 nuova=226
   1820 |    0.0211 |    12.097 | r=10.5 c=0.336 n=473   | tot=2 NUOVI=2 | TRACK accr=11134 coppie=5123 nuova=226
   1830 |    0.0340 |    12.097 | r=17.0 c=0.322 n=65    | tot=1 NUOVI=1 | TRACK accr=11223 coppie=5170 nuova=226
   1840 |    0.0188 |    12.098 | r=17.0 c=0.144 n=83    | tot=1 NUOVI=1 | TRACK accr=11341 coppie=5226 nuova=226
   1850 |    0.0269 |    12.099 | r=17.5 c=0.332 n=66    | tot=1 NUOVI=1 | TRACK accr=11453 coppie=5286 nuova=226
   1860 |    0.0258 |    12.100 | r=18.0 c=0.351 n=62    | tot=1 NUOVI=1 | TRACK accr=11572 coppie=5342 nuova=229
   1870 |    0.0267 |    12.101 | r=17.5 c=0.364 n=57    | tot=1 NUOVI=1 | TRACK accr=11672 coppie=5394 nuova=229
   1880 |    0.0260 |    12.103 | r=17.5 c=0.335 n=60    | tot=1 NUOVI=1 | TRACK accr=11807 coppie=5462 nuova=231
   1890 |    0.0297 |    12.104 | r=13.5 c=0.415 n=214   | tot=1 NUOVI=1 | TRACK accr=11914 coppie=5515 nuova=231
   1900 |    0.0395 |    12.105 | r=18.0 c=0.390 n=60    | tot=1 NUOVI=1 | TRACK accr=12027 coppie=5570 nuova=231
   1910 |    0.0387 |    12.107 | r=19.0 c=0.327 n=55    | tot=1 NUOVI=1 | TRACK accr=12138 coppie=5626 nuova=231
   1920 |    0.0327 |    12.108 | r=18.5 c=0.310 n=67    | tot=1 NUOVI=1 | TRACK accr=12270 coppie=5698 nuova=231
   1930 |    0.0350 |    12.109 | r=15.5 c=0.366 n=145   | tot=1 NUOVI=1 | TRACK accr=12401 coppie=5757 nuova=231
   1940 |    0.0452 |    12.110 | r=16.5 c=0.325 n=115   | tot=1 NUOVI=1 | TRACK accr=12507 coppie=5809 nuova=231
   1950 |    0.0430 |    12.111 | r=20.5 c=0.247 n=40    | tot=1 NUOVI=1 | TRACK accr=12627 coppie=5858 nuova=235
   1960 |    0.0430 |    12.113 | r=20.0 c=0.303 n=44    | tot=1 NUOVI=1 | TRACK accr=12735 coppie=5909 nuova=239
   1970 |    0.0534 |    12.114 | r=18.0 c=0.361 n=74    | tot=1 NUOVI=1 | TRACK accr=12846 coppie=5962 nuova=241
   1980 |    0.0404 |    12.115 | r=17.5 c=0.262 n=82    | tot=1 NUOVI=1 | TRACK accr=12968 coppie=6019 nuova=242
   1990 |    0.0518 |    12.116 | r=17.5 c=0.181 n=100   | tot=1 NUOVI=1 | TRACK accr=13075 coppie=6082 nuova=244
   2000 |    0.0423 |    12.117 | r=19.5 c=0.272 n=59    | tot=1 NUOVI=1 | TRACK accr=13199 coppie=6141 nuova=246
[batch] log diagnostico completo salvato in out_tw_spinore\diag_on_s1.csv

[batch] completato in 4200.7s, 2000 passi. CSV salvato in out_tw_spinore\cond_on_s1.csv
[batch] LETTURA condensazione: se dens_centrale e n_centrali CRESCONO e frac_nati resta
        ALTA mentre dist_masse NON crolla -> NUOVA massa dal vuoto (non accrescimento).
[batch] LETTURA picchi_nuovi: se picchi_nuovi passa da 0 a >=1 a un certo passo, quello e'
        il momento in cui una MASSA NUOVA si stacca dal vuoto (materia isolata che si crea).
[batch] LETTURA antiguscio: se compare un anello a coerenza_min BASSA (antifase) e raggio
        stabile oltre le masse, con nodi presenti -> GUSCIO DI ANTIFASE che avvolge i nuclei
        = massa di scala superiore (il guscio del sistema e antifase, non materia).
