[spinore-corretto] MASTER: orologio proprio de Broglie + spinore primario complesso _psi_spinor (evaluate-then-commit, |psi|=1)
[deparam-orologio] orologio RELAZIONALE: freq = coerenza d'arco intensiva (no |Psi|^2 estensiva, no rho_c globale, no volume)
[sync] aggiornamento sincrono attivo: dph legge la fase dallo snapshot t-1 (Jacobi)
[batch] condensazione: seed=1 passi=600 ogni=50 sep=6.0 nmasse=2
[batch] leggi attive: GRAV_BIFASE=True SPIN_ORBITA(via SPINORE)=True COPPIA_MIT=1.0 lambda=0.800

passo | dens_centr | dist_masse | ANTIGUSCIO(r,c,n) | PICCHI(tot,NUOVI)
      0 |    0.0000 |    12.038 | r=8.2 c=0.338 n=6      | tot=1 NUOVI=1 | TRACK accr=744 coppie=0 nuova=80
     50 |    0.0000 |    12.038 | r=11.2 c=0.326 n=41    | tot=1 NUOVI=0 | TRACK accr=1431 coppie=210 nuova=80
    100 |    0.0000 |    12.038 | r=5.8 c=0.192 n=4      | tot=1 NUOVI=0 | TRACK accr=1573 coppie=256 nuova=80
    150 |    0.0000 |    12.038 | r=12.2 c=0.163 n=599   | tot=2 NUOVI=0 | TRACK accr=1634 coppie=279 nuova=80
    200 |    0.0000 |    12.038 | r=12.8 c=0.069 n=96    | tot=2 NUOVI=0 | TRACK accr=1650 coppie=290 nuova=80
    250 |    0.0000 |    12.037 | r=11.2 c=0.113 n=62    | tot=1 NUOVI=0 | TRACK accr=1687 coppie=309 nuova=80
    300 |    0.0000 |    12.037 | r=12.8 c=0.209 n=113   | tot=2 NUOVI=0 | TRACK accr=1710 coppie=321 nuova=80
    350 |    0.0000 |    12.037 | r=0.8 c=0.122 n=564    | tot=1 NUOVI=0 | TRACK accr=1741 coppie=338 nuova=80
    400 |    0.0000 |    12.036 | r=11.2 c=0.156 n=66    | tot=2 NUOVI=0 | TRACK accr=1788 coppie=355 nuova=80
    450 |    0.0001 |    12.036 | r=5.2 c=0.222 n=9      | tot=2 NUOVI=0 | TRACK accr=1831 coppie=375 nuova=80
    500 |    0.0001 |    12.036 | r=12.8 c=0.261 n=131   | tot=1 NUOVI=0 | TRACK accr=1872 coppie=389 nuova=80
    550 |    0.0002 |    12.035 | r=11.2 c=0.154 n=81    | tot=1 NUOVI=0 | TRACK accr=1894 coppie=395 nuova=80
    600 |    0.0001 |    12.035 | r=11.2 c=0.095 n=85    | tot=1 NUOVI=0 | TRACK accr=1940 coppie=413 nuova=80

[batch] completato in 317.3s, 600 passi. CSV salvato in csv/deparam_probe/fix_o50.csv
[batch] LETTURA condensazione: se dens_centrale e n_centrali CRESCONO e frac_nati resta
        ALTA mentre dist_masse NON crolla -> NUOVA massa dal vuoto (non accrescimento).
[batch] LETTURA picchi_nuovi: se picchi_nuovi passa da 0 a >=1 a un certo passo, quello e'
        il momento in cui una MASSA NUOVA si stacca dal vuoto (materia isolata che si crea).
[batch] LETTURA antiguscio: se compare un anello a coerenza_min BASSA (antifase) e raggio
        stabile oltre le masse, con nodi presenti -> GUSCIO DI ANTIFASE che avvolge i nuclei
        = massa di scala superiore (il guscio del sistema e antifase, non materia).
