[spinore-corretto] MASTER: orologio proprio de Broglie + spinore primario complesso _psi_spinor (evaluate-then-commit, |psi|=1)
[campo-spinoriale] FASI 1-3: campo Psi EMESSO dallo spinore (n,2) in calcola_psi; densita'/gravita' native (rho_spin, nb); FORZE = OVERLAP SPINORIALE <psi_i|psi_j> (coppia in step). Mitosi/coppie = Fase 4, ancora scalari. Riduzione-al-limite: spinore (e^{i phi},0) -> tutto scalare (sigilli 0.000e+00)
[chi-core] frame-dragging guidato dalla chiralità emergente del core locale
[batch] condensazione: seed=2 passi=10000 ogni=50 sep=6.0 nmasse=2
[batch] leggi attive: GRAV_BIFASE=True SPIN_ORBITA(via SPINORE)=True COPPIA_MIT=1.0 lambda=0.800

passo | dens_centr | dist_masse | ANTIGUSCIO(r,c,n) | PICCHI(tot,NUOVI)
[batch] LOG DIAGNOSTICO COMPLETO  -> csv/fase3_cov/diag_on_s2.csv
      0 |    0.0000 |    12.006 | r=8.2 c=0.121 n=6      | tot=2 NUOVI=2 | TRACK accr=744 coppie=0 nuova=80
     50 |    0.0000 |    12.006 | r=11.2 c=0.308 n=57    | tot=1 NUOVI=0 | TRACK accr=1407 coppie=198 nuova=80
    100 |    0.0000 |    12.005 | r=1.2 c=0.294 n=5      | tot=2 NUOVI=0 | TRACK accr=1593 coppie=261 nuova=81
    150 |    0.0000 |    12.004 | r=11.2 c=0.268 n=67    | tot=2 NUOVI=0 | TRACK accr=1699 coppie=295 nuova=81
    200 |    0.0000 |    12.003 | r=11.2 c=0.195 n=73    | tot=2 NUOVI=0 | TRACK accr=1738 coppie=312 nuova=81
    250 |    0.0000 |    12.003 | r=11.2 c=0.127 n=70    | tot=2 NUOVI=0 | TRACK accr=1751 coppie=318 nuova=81
    300 |    0.0000 |    12.002 | r=5.2 c=0.320 n=6      | tot=1 NUOVI=0 | TRACK accr=1766 coppie=327 nuova=81
    350 |    0.0000 |    12.001 | r=6.8 c=0.177 n=8      | tot=2 NUOVI=0 | TRACK accr=1781 coppie=331 nuova=81
    400 |    0.0000 |    12.000 | r=7.2 c=0.125 n=7      | tot=2 NUOVI=0 | TRACK accr=1792 coppie=338 nuova=81
    450 |    0.0000 |    11.999 | r=8.8 c=0.170 n=6      | tot=2 NUOVI=0 | TRACK accr=1802 coppie=346 nuova=81
    500 |    0.0002 |    11.999 | r=8.2 c=0.299 n=9      | tot=2 NUOVI=0 | TRACK accr=1823 coppie=357 nuova=82
    550 |    0.0002 |    11.998 | r=11.8 c=0.134 n=367   | tot=2 NUOVI=0 | TRACK accr=1846 coppie=365 nuova=82
    600 |    0.0001 |    11.998 | r=5.8 c=0.116 n=7      | tot=2 NUOVI=0 | TRACK accr=1890 coppie=381 nuova=82
    650 |    0.0003 |    11.997 | r=11.2 c=0.148 n=105   | tot=1 NUOVI=0 | TRACK accr=1903 coppie=391 nuova=82
    700 |    0.0002 |    11.996 | r=8.8 c=0.184 n=4      | tot=1 NUOVI=0 | TRACK accr=1918 coppie=403 nuova=82
    750 |    0.0006 |    11.995 | r=7.2 c=0.181 n=10     | tot=2 NUOVI=0 | TRACK accr=1943 coppie=411 nuova=82
    800 |    0.0010 |    11.995 | r=11.2 c=0.205 n=139   | tot=2 NUOVI=0 | TRACK accr=1962 coppie=423 nuova=82
    850 |    0.0015 |    11.994 | r=11.2 c=0.175 n=158   | tot=2 NUOVI=0 | TRACK accr=1986 coppie=439 nuova=82
    900 |    0.0009 |    11.993 | r=7.2 c=0.160 n=9      | tot=2 NUOVI=0 | TRACK accr=2013 coppie=450 nuova=82
    950 |    0.0010 |    11.992 | r=12.2 c=0.108 n=368   | tot=1 NUOVI=0 | TRACK accr=2029 coppie=457 nuova=82
   1000 |    0.0034 |    11.990 | r=13.2 c=0.084 n=7     | tot=2 NUOVI=0 | TRACK accr=2053 coppie=465 nuova=82
   1050 |    0.0017 |    11.989 | r=10.8 c=0.129 n=19    | tot=2 NUOVI=0 | TRACK accr=2071 coppie=474 nuova=82
   1100 |    0.0033 |    11.988 | r=12.2 c=0.159 n=384   | tot=2 NUOVI=0 | TRACK accr=2103 coppie=488 nuova=82
   1150 |    0.0056 |    11.988 | r=10.2 c=0.082 n=5     | tot=2 NUOVI=0 | TRACK accr=2146 coppie=508 nuova=82
   1200 |    0.0046 |    11.988 | r=10.2 c=0.137 n=12    | tot=2 NUOVI=0 | TRACK accr=2197 coppie=526 nuova=82
   1250 |    0.0050 |    11.988 | r=3.8 c=0.130 n=4      | tot=2 NUOVI=0 | TRACK accr=2233 coppie=545 nuova=82
   1300 |    0.0067 |    11.987 | r=10.2 c=0.152 n=17    | tot=2 NUOVI=0 | TRACK accr=2268 coppie=564 nuova=82
   1350 |    0.0031 |    11.987 | r=7.9 c=0.181 n=11     | tot=2 NUOVI=0 | TRACK accr=2305 coppie=586 nuova=82
   1400 |    0.0064 |    11.987 | r=7.4 c=0.192 n=105    | tot=2 NUOVI=0 | TRACK accr=2335 coppie=604 nuova=82
   1450 |    0.0242 |    11.987 | r=7.4 c=0.159 n=137    | tot=2 NUOVI=0 | TRACK accr=2359 coppie=619 nuova=82
   1500 |    0.0164 |    11.987 | r=8.4 c=0.168 n=9      | tot=2 NUOVI=0 | TRACK accr=2384 coppie=631 nuova=82
   1550 |    0.0269 |    11.986 | r=7.4 c=0.150 n=170    | tot=2 NUOVI=0 | TRACK accr=2402 coppie=641 nuova=82
   1600 |    0.0241 |    11.986 | r=7.4 c=0.187 n=185    | tot=2 NUOVI=0 | TRACK accr=2429 coppie=650 nuova=82
   1650 |    0.0314 |    11.985 | r=7.9 c=0.167 n=32     | tot=2 NUOVI=0 | TRACK accr=2463 coppie=670 nuova=82
   1700 |    0.0174 |    11.984 | r=7.4 c=0.178 n=185    | tot=2 NUOVI=0 | TRACK accr=2498 coppie=693 nuova=82
   1750 |    0.0287 |    11.984 | r=7.4 c=0.166 n=199    | tot=2 NUOVI=0 | TRACK accr=2532 coppie=712 nuova=82
   1800 |    0.0474 |    11.983 | r=7.4 c=0.173 n=192    | tot=2 NUOVI=0 | TRACK accr=2576 coppie=732 nuova=82
   1850 |    0.0600 |    11.982 | r=7.4 c=0.124 n=190    | tot=2 NUOVI=0 | TRACK accr=2612 coppie=752 nuova=82
   1900 |    0.0512 |    11.982 | r=7.4 c=0.130 n=199    | tot=2 NUOVI=0 | TRACK accr=2653 coppie=775 nuova=82
   1950 |    0.0391 |    11.982 | r=7.4 c=0.114 n=204    | tot=2 NUOVI=0 | TRACK accr=2708 coppie=814 nuova=82
   2000 |    0.0579 |    11.982 | r=7.4 c=0.108 n=218    | tot=1 NUOVI=0 | TRACK accr=2777 coppie=844 nuova=82
   2050 |    0.0455 |    11.981 | r=7.4 c=0.128 n=197    | tot=2 NUOVI=0 | TRACK accr=2847 coppie=884 nuova=82
   2100 |    0.0460 |    11.981 | r=7.4 c=0.176 n=187    | tot=2 NUOVI=0 | TRACK accr=2907 coppie=925 nuova=82
   2150 |    0.0567 |    11.981 | r=7.4 c=0.164 n=180    | tot=2 NUOVI=0 | TRACK accr=2983 coppie=963 nuova=82
   2200 |    0.1093 |    11.981 | r=7.4 c=0.152 n=194    | tot=2 NUOVI=0 | TRACK accr=3036 coppie=997 nuova=82
   2250 |    0.0817 |    11.982 | r=7.4 c=0.120 n=239    | tot=2 NUOVI=0 | TRACK accr=3101 coppie=1039 nuova=82
   2300 |    0.1020 |    11.983 | r=7.4 c=0.135 n=246    | tot=2 NUOVI=0 | TRACK accr=3185 coppie=1082 nuova=82
   2350 |    0.1494 |    11.986 | r=7.4 c=0.197 n=315    | tot=2 NUOVI=0 | TRACK accr=3280 coppie=1129 nuova=82
   2400 |    0.1909 |    11.988 | r=7.9 c=0.171 n=154    | tot=1 NUOVI=0 | TRACK accr=3359 coppie=1166 nuova=82
   2450 |    0.0923 |    11.989 | r=7.4 c=0.170 n=335    | tot=2 NUOVI=0 | TRACK accr=3447 coppie=1214 nuova=82
   2500 |    0.1000 |    11.988 | r=7.4 c=0.169 n=378    | tot=2 NUOVI=0 | TRACK accr=3513 coppie=1245 nuova=82
   2550 |    0.1965 |    11.987 | r=7.4 c=0.198 n=440    | tot=2 NUOVI=0 | TRACK accr=3612 coppie=1299 nuova=82
   2600 |    0.1309 |    11.989 | r=7.4 c=0.185 n=390    | tot=1 NUOVI=0 | TRACK accr=3688 coppie=1335 nuova=82
   2650 |    0.1814 |    11.993 | r=7.4 c=0.189 n=437    | tot=1 NUOVI=0 | TRACK accr=3771 coppie=1381 nuova=82
   2700 |    0.2054 |    11.997 | r=7.4 c=0.141 n=417    | tot=1 NUOVI=0 | TRACK accr=3837 coppie=1422 nuova=82
   2750 |    0.3003 |    12.002 | r=7.5 c=0.169 n=444    | tot=1 NUOVI=0 | TRACK accr=3915 coppie=1461 nuova=82
   2800 |    0.4143 |    12.009 | r=7.5 c=0.169 n=494    | tot=2 NUOVI=0 | TRACK accr=3989 coppie=1498 nuova=82
   2850 |    0.2211 |    12.019 | r=13.0 c=0.149 n=13    | tot=1 NUOVI=0 | TRACK accr=4055 coppie=1528 nuova=84
   2900 |    0.1946 |    12.028 | r=9.0 c=0.264 n=225    | tot=1 NUOVI=0 | TRACK accr=4126 coppie=1571 nuova=86
   2950 |    0.2722 |    12.035 | r=7.5 c=0.150 n=479    | tot=1 NUOVI=1 | TRACK accr=4202 coppie=1601 nuova=86
   3000 |    0.7001 |    12.038 | r=11.0 c=0.334 n=115   | tot=1 NUOVI=0 | TRACK accr=4255 coppie=1629 nuova=86
   3050 |    0.6878 |    12.038 | r=9.0 c=0.243 n=310    | tot=2 NUOVI=0 | TRACK accr=4324 coppie=1662 nuova=86
   3100 |    0.8391 |    12.039 | r=16.0 c=0.245 n=22    | tot=1 NUOVI=1 | TRACK accr=4387 coppie=1691 nuova=86
   3150 |    0.3105 |    12.042 | r=18.0 c=0.202 n=5     | tot=2 NUOVI=1 | TRACK accr=4447 coppie=1721 nuova=86
   3200 |    2.3631 |    12.047 | r=9.0 c=0.226 n=349    | tot=1 NUOVI=0 | TRACK accr=4511 coppie=1756 nuova=87
   3250 |    0.0378 |    12.051 | r=7.5 c=0.226 n=450    | tot=2 NUOVI=0 | TRACK accr=4571 coppie=1790 nuova=87
   3300 |    0.1870 |    12.054 | r=19.5 c=0.268 n=8     | tot=2 NUOVI=2 | TRACK accr=4636 coppie=1825 nuova=87
   3350 |    0.0559 |    12.056 | r=19.0 c=0.239 n=18    | tot=1 NUOVI=1 | TRACK accr=4714 coppie=1863 nuova=87
   3400 |    1.5839 |    12.057 | r=17.5 c=0.296 n=46    | tot=2 NUOVI=2 | TRACK accr=4772 coppie=1890 nuova=87
   3450 |    0.4798 |    12.058 | r=21.5 c=0.349 n=21    | tot=2 NUOVI=2 | TRACK accr=4842 coppie=1915 nuova=87
   3500 |    0.2390 |    12.055 | r=22.0 c=0.107 n=19    | tot=2 NUOVI=2 | TRACK accr=4906 coppie=1959 nuova=87
   3550 |    0.5145 |    12.047 | r=25.5 c=0.162 n=9     | tot=2 NUOVI=2 | TRACK accr=4973 coppie=1997 nuova=87
   3600 |    0.1752 |    12.045 | r=23.0 c=0.085 n=16    | tot=2 NUOVI=2 | TRACK accr=5024 coppie=2027 nuova=87
   3650 |    0.0165 |    12.045 | r=20.5 c=0.239 n=47    | tot=1 NUOVI=1 | TRACK accr=5102 coppie=2061 nuova=87
   3700 |    0.0247 |    12.043 | r=21.0 c=0.333 n=47    | tot=1 NUOVI=1 | TRACK accr=5182 coppie=2100 nuova=87
   3750 |    0.0187 |    12.044 | r=21.0 c=0.218 n=38    | tot=2 NUOVI=2 | TRACK accr=5250 coppie=2130 nuova=87
   3800 |    0.0228 |    12.045 | r=23.5 c=0.181 n=23    | tot=2 NUOVI=2 | TRACK accr=5306 coppie=2157 nuova=88
   3850 |    2.6715 |    12.045 | r=7.5 c=0.285 n=328    | tot=2 NUOVI=2 | TRACK accr=5392 coppie=2197 nuova=88
   3900 |    1.7147 |    12.050 | r=29.0 c=0.207 n=10    | tot=1 NUOVI=1 | TRACK accr=5464 coppie=2225 nuova=89
   3950 |    2.8608 |    12.060 | r=8.5 c=0.263 n=267    | tot=2 NUOVI=2 | TRACK accr=5542 coppie=2263 nuova=89
   4000 |    2.5693 |    12.073 | r=10.0 c=0.345 n=245   | tot=1 NUOVI=1 | TRACK accr=5596 coppie=2297 nuova=89
   4050 |    5.0236 |    12.081 | r=31.5 c=0.325 n=15    | tot=2 NUOVI=2 | TRACK accr=5661 coppie=2327 nuova=89
   4100 |    0.0306 |    12.090 | r=28.5 c=0.202 n=33    | tot=1 NUOVI=1 | TRACK accr=5741 coppie=2366 nuova=89
   4150 |    0.0086 |    12.097 | r=27.0 c=0.356 n=48    | tot=1 NUOVI=1 | TRACK accr=5802 coppie=2397 nuova=89
   4200 |    0.2166 |    12.105 | r=30.0 c=0.196 n=50    | tot=2 NUOVI=2 | TRACK accr=5874 coppie=2442 nuova=89
   4250 |    0.0000 |    12.108 | r=36.5 c=0.290 n=18    | tot=1 NUOVI=1 | TRACK accr=5951 coppie=2493 nuova=89
   4300 |    5.2645 |    12.113 | r=31.0 c=0.361 n=66    | tot=2 NUOVI=2 | TRACK accr=6025 coppie=2528 nuova=89
   4350 |   33.9620 |    12.128 | r=40.0 c=0.086 n=21    | tot=1 NUOVI=1 | TRACK accr=6095 coppie=2566 nuova=89
   4400 |    1.8182 |    12.141 | r=44.5 c=0.120 n=14    | tot=1 NUOVI=1 | TRACK accr=6158 coppie=2605 nuova=89
   4450 |    0.0033 |    12.145 | r=46.0 c=0.249 n=21    | tot=1 NUOVI=1 | TRACK accr=6225 coppie=2641 nuova=89
